2026-01-07T13:52:12.7922307Z Current runner version: '2.330.0'
2026-01-07T13:52:12.7948238Z ##[group]Runner Image Provisioner
2026-01-07T13:52:12.7949127Z Hosted Compute Agent
2026-01-07T13:52:12.7949704Z Version: 20251211.462
2026-01-07T13:52:12.7950404Z Commit: 6cbad8c2bb55d58165063d031ccabf57e2d2db61
2026-01-07T13:52:12.7951128Z Build Date: 2025-12-11T16:28:49Z
2026-01-07T13:52:12.7951785Z Worker ID: {5ac7ab4b-5cf3-403b-a107-791b1ce943a3}
2026-01-07T13:52:12.7952514Z ##[endgroup]
2026-01-07T13:52:12.7953041Z ##[group]Operating System
2026-01-07T13:52:12.7953581Z Ubuntu
2026-01-07T13:52:12.7954086Z 24.04.3
2026-01-07T13:52:12.7954594Z LTS
2026-01-07T13:52:12.7955056Z ##[endgroup]
2026-01-07T13:52:12.7955592Z ##[group]Runner Image
2026-01-07T13:52:12.7956387Z Image: ubuntu-24.04
2026-01-07T13:52:12.7956924Z Version: 20251215.174.1
2026-01-07T13:52:12.7958099Z Included Software: https://github.com/actions/runner-images/blob/ubuntu24/20251215.174/images/ubuntu/Ubuntu2404-Readme.md
2026-01-07T13:52:12.7959779Z Image Release: https://github.com/actions/runner-images/releases/tag/ubuntu24%2F20251215.174
2026-01-07T13:52:12.7960858Z ##[endgroup]
2026-01-07T13:52:12.7961926Z ##[group]GITHUB_TOKEN Permissions
2026-01-07T13:52:12.7963927Z Contents: read
2026-01-07T13:52:12.7964502Z Metadata: read
2026-01-07T13:52:12.7965101Z Packages: read
2026-01-07T13:52:12.7965606Z ##[endgroup]
2026-01-07T13:52:12.7968174Z Secret source: Actions
2026-01-07T13:52:12.7968998Z Prepare workflow directory
2026-01-07T13:52:12.8324601Z Prepare all required actions
2026-01-07T13:52:12.8364685Z Getting action download info
2026-01-07T13:52:13.2536544Z Download action repository 'actions/checkout@v4' (SHA:34e114876b0b11c390a56381ad16ebd13914f8d5)
2026-01-07T13:52:13.3744358Z Download action repository 'actions/setup-java@v4' (SHA:c1e323688fd81a25caa38c78aa6df2d33d3e20d9)
2026-01-07T13:52:14.0861261Z Download action repository 'actions/upload-artifact@v4' (SHA:ea165f8d65b6e75b540449e92b4886f43607fa02)
2026-01-07T13:52:14.3078528Z Complete job name: build
2026-01-07T13:52:14.3813777Z ##[group]Run actions/checkout@v4
2026-01-07T13:52:14.3814659Z with:
2026-01-07T13:52:14.3815083Z   repository: xyraofficial/GenAIAgent
2026-01-07T13:52:14.3815844Z   token: ***
2026-01-07T13:52:14.3816478Z   ssh-strict: true
2026-01-07T13:52:14.3816893Z   ssh-user: git
2026-01-07T13:52:14.3817293Z   persist-credentials: true
2026-01-07T13:52:14.3817751Z   clean: true
2026-01-07T13:52:14.3818166Z   sparse-checkout-cone-mode: true
2026-01-07T13:52:14.3818661Z   fetch-depth: 1
2026-01-07T13:52:14.3819055Z   fetch-tags: false
2026-01-07T13:52:14.3819462Z   show-progress: true
2026-01-07T13:52:14.3819891Z   lfs: false
2026-01-07T13:52:14.3820276Z   submodules: false
2026-01-07T13:52:14.3820688Z   set-safe-directory: true
2026-01-07T13:52:14.3821408Z ##[endgroup]
2026-01-07T13:52:14.4974697Z Syncing repository: xyraofficial/GenAIAgent
2026-01-07T13:52:14.4977211Z ##[group]Getting Git version info
2026-01-07T13:52:14.4978156Z Working directory is '/home/runner/work/GenAIAgent/GenAIAgent'
2026-01-07T13:52:14.4979406Z [command]/usr/bin/git version
2026-01-07T13:52:14.5041358Z git version 2.52.0
2026-01-07T13:52:14.5069457Z ##[endgroup]
2026-01-07T13:52:14.5084916Z Temporarily overriding HOME='/home/runner/work/_temp/274a0866-0ccf-4721-8e8c-0039f99675fe' before making global git config changes
2026-01-07T13:52:14.5087225Z Adding repository directory to the temporary git global config as a safe directory
2026-01-07T13:52:14.5090880Z [command]/usr/bin/git config --global --add safe.directory /home/runner/work/GenAIAgent/GenAIAgent
2026-01-07T13:52:14.5131689Z Deleting the contents of '/home/runner/work/GenAIAgent/GenAIAgent'
2026-01-07T13:52:14.5135610Z ##[group]Initializing the repository
2026-01-07T13:52:14.5140021Z [command]/usr/bin/git init /home/runner/work/GenAIAgent/GenAIAgent
2026-01-07T13:52:14.5234860Z hint: Using 'master' as the name for the initial branch. This default branch name
2026-01-07T13:52:14.5236700Z hint: will change to "main" in Git 3.0. To configure the initial branch name
2026-01-07T13:52:14.5238227Z hint: to use in all of your new repositories, which will suppress this warning,
2026-01-07T13:52:14.5238958Z hint: call:
2026-01-07T13:52:14.5239337Z hint:
2026-01-07T13:52:14.5240146Z hint: 	git config --global init.defaultBranch <name>
2026-01-07T13:52:14.5241191Z hint:
2026-01-07T13:52:14.5242045Z hint: Names commonly chosen instead of 'master' are 'main', 'trunk' and
2026-01-07T13:52:14.5242988Z hint: 'development'. The just-created branch can be renamed via this command:
2026-01-07T13:52:14.5243724Z hint:
2026-01-07T13:52:14.5244134Z hint: 	git branch -m <name>
2026-01-07T13:52:14.5244606Z hint:
2026-01-07T13:52:14.5245220Z hint: Disable this message with "git config set advice.defaultBranchName false"
2026-01-07T13:52:14.5246506Z Initialized empty Git repository in /home/runner/work/GenAIAgent/GenAIAgent/.git/
2026-01-07T13:52:14.5255233Z [command]/usr/bin/git remote add origin https://github.com/xyraofficial/GenAIAgent
2026-01-07T13:52:14.5291234Z ##[endgroup]
2026-01-07T13:52:14.5292500Z ##[group]Disabling automatic garbage collection
2026-01-07T13:52:14.5296452Z [command]/usr/bin/git config --local gc.auto 0
2026-01-07T13:52:14.5327278Z ##[endgroup]
2026-01-07T13:52:14.5328569Z ##[group]Setting up auth
2026-01-07T13:52:14.5335440Z [command]/usr/bin/git config --local --name-only --get-regexp core\.sshCommand
2026-01-07T13:52:14.5368953Z [command]/usr/bin/git submodule foreach --recursive sh -c "git config --local --name-only --get-regexp 'core\.sshCommand' && git config --local --unset-all 'core.sshCommand' || :"
2026-01-07T13:52:14.5695501Z [command]/usr/bin/git config --local --name-only --get-regexp http\.https\:\/\/github\.com\/\.extraheader
2026-01-07T13:52:14.5731061Z [command]/usr/bin/git submodule foreach --recursive sh -c "git config --local --name-only --get-regexp 'http\.https\:\/\/github\.com\/\.extraheader' && git config --local --unset-all 'http.https://github.com/.extraheader' || :"
2026-01-07T13:52:14.5970363Z [command]/usr/bin/git config --local --name-only --get-regexp ^includeIf\.gitdir:
2026-01-07T13:52:14.6005129Z [command]/usr/bin/git submodule foreach --recursive git config --local --show-origin --name-only --get-regexp remote.origin.url
2026-01-07T13:52:14.6240286Z [command]/usr/bin/git config --local http.https://github.com/.extraheader AUTHORIZATION: basic ***
2026-01-07T13:52:14.6278140Z ##[endgroup]
2026-01-07T13:52:14.6279318Z ##[group]Fetching the repository
2026-01-07T13:52:14.6287051Z [command]/usr/bin/git -c protocol.version=2 fetch --no-tags --prune --no-recurse-submodules --depth=1 origin +5fc0b220f710268faac836156c37625039f1735c:refs/remotes/origin/main
2026-01-07T13:52:15.0915484Z From https://github.com/xyraofficial/GenAIAgent
2026-01-07T13:52:15.0916772Z  * [new ref]         5fc0b220f710268faac836156c37625039f1735c -> origin/main
2026-01-07T13:52:15.0948248Z ##[endgroup]
2026-01-07T13:52:15.0949123Z ##[group]Determining the checkout info
2026-01-07T13:52:15.0950582Z ##[endgroup]
2026-01-07T13:52:15.0955775Z [command]/usr/bin/git sparse-checkout disable
2026-01-07T13:52:15.0996046Z [command]/usr/bin/git config --local --unset-all extensions.worktreeConfig
2026-01-07T13:52:15.1024412Z ##[group]Checking out the ref
2026-01-07T13:52:15.1028535Z [command]/usr/bin/git checkout --progress --force -B main refs/remotes/origin/main
2026-01-07T13:52:15.1137543Z Switched to a new branch 'main'
2026-01-07T13:52:15.1140322Z branch 'main' set up to track 'origin/main'.
2026-01-07T13:52:15.1149190Z ##[endgroup]
2026-01-07T13:52:15.1195383Z [command]/usr/bin/git log -1 --format=%H
2026-01-07T13:52:15.1222807Z 5fc0b220f710268faac836156c37625039f1735c
2026-01-07T13:52:15.1529029Z ##[group]Run actions/setup-java@v4
2026-01-07T13:52:15.1529784Z with:
2026-01-07T13:52:15.1530273Z   java-version: 17
2026-01-07T13:52:15.1530736Z   distribution: temurin
2026-01-07T13:52:15.1531287Z   cache: gradle
2026-01-07T13:52:15.1531796Z   java-package: jdk
2026-01-07T13:52:15.1532334Z   check-latest: false
2026-01-07T13:52:15.1532834Z   server-id: github
2026-01-07T13:52:15.1533357Z   server-username: GITHUB_ACTOR
2026-01-07T13:52:15.1534189Z   server-password: GITHUB_TOKEN
2026-01-07T13:52:15.1534825Z   overwrite-settings: true
2026-01-07T13:52:15.1535412Z   job-status: success
2026-01-07T13:52:15.1536289Z   token: ***
2026-01-07T13:52:15.1536858Z ##[endgroup]
2026-01-07T13:52:15.3616070Z ##[group]Installed distributions
2026-01-07T13:52:15.3675681Z Resolved Java 17.0.17+10 from tool-cache
2026-01-07T13:52:15.3676942Z Setting Java 17.0.17+10 as the default
2026-01-07T13:52:15.3689811Z Creating toolchains.xml for JDK version 17 from temurin
2026-01-07T13:52:15.3767495Z Writing to /home/runner/.m2/toolchains.xml
2026-01-07T13:52:15.3768248Z 
2026-01-07T13:52:15.3768593Z Java configuration:
2026-01-07T13:52:15.3769537Z   Distribution: temurin
2026-01-07T13:52:15.3770410Z   Version: 17.0.17+10
2026-01-07T13:52:15.3771574Z   Path: /opt/hostedtoolcache/Java_Temurin-Hotspot_jdk/17.0.17-10/x64
2026-01-07T13:52:15.3772532Z 
2026-01-07T13:52:15.3773432Z ##[endgroup]
2026-01-07T13:52:15.3792221Z Creating settings.xml with server-id: github
2026-01-07T13:52:15.3798205Z Writing to /home/runner/.m2/settings.xml
2026-01-07T13:52:15.6565801Z Cache hit for: setup-java-Linux-x64-gradle-2e14734e25957f6a3c838beb40d58a9f9e2c761f9b14ee549753200bac25dca4
2026-01-07T13:52:16.8692674Z Received 50331648 of 413608090 (12.2%), 48.0 MBs/sec
2026-01-07T13:52:17.8718416Z Received 205520896 of 413608090 (49.7%), 98.0 MBs/sec
2026-01-07T13:52:18.8696473Z Received 369098752 of 413608090 (89.2%), 117.3 MBs/sec
2026-01-07T13:52:19.2776738Z Received 413608090 of 413608090 (100.0%), 115.7 MBs/sec
2026-01-07T13:52:19.2777684Z Cache Size: ~394 MB (413608090 B)
2026-01-07T13:52:19.2925284Z [command]/usr/bin/tar -xf /home/runner/work/_temp/59b3a318-b485-436b-8e10-ed0561b036ec/cache.tzst -P -C /home/runner/work/GenAIAgent/GenAIAgent --use-compress-program unzstd
2026-01-07T13:52:20.7897285Z Cache restored successfully
2026-01-07T13:52:20.8700509Z Cache restored from key: setup-java-Linux-x64-gradle-2e14734e25957f6a3c838beb40d58a9f9e2c761f9b14ee549753200bac25dca4
2026-01-07T13:52:20.8873320Z ##[group]Run chmod +x gradlew
2026-01-07T13:52:20.8873670Z [36;1mchmod +x gradlew[0m
2026-01-07T13:52:20.8913654Z shell: /usr/bin/bash -e {0}
2026-01-07T13:52:20.8913932Z env:
2026-01-07T13:52:20.8914237Z   JAVA_HOME: /opt/hostedtoolcache/Java_Temurin-Hotspot_jdk/17.0.17-10/x64
2026-01-07T13:52:20.8914735Z   JAVA_HOME_17_X64: /opt/hostedtoolcache/Java_Temurin-Hotspot_jdk/17.0.17-10/x64
2026-01-07T13:52:20.8915113Z ##[endgroup]
2026-01-07T13:52:20.9049666Z ##[group]Run ./gradlew assembleDebug --stacktrace
2026-01-07T13:52:20.9050111Z [36;1m./gradlew assembleDebug --stacktrace[0m
2026-01-07T13:52:20.9084462Z shell: /usr/bin/bash -e {0}
2026-01-07T13:52:20.9084715Z env:
2026-01-07T13:52:20.9085024Z   JAVA_HOME: /opt/hostedtoolcache/Java_Temurin-Hotspot_jdk/17.0.17-10/x64
2026-01-07T13:52:20.9085531Z   JAVA_HOME_17_X64: /opt/hostedtoolcache/Java_Temurin-Hotspot_jdk/17.0.17-10/x64
2026-01-07T13:52:20.9086716Z   SUPABASE_URL: ***
2026-01-07T13:52:20.9088096Z   SUPABASE_ANON_KEY: ***
2026-01-07T13:52:20.9089130Z   OPENAI_API_KEY: ***
2026-01-07T13:52:20.9089373Z ##[endgroup]
2026-01-07T13:52:21.4908447Z 
2026-01-07T13:52:21.4910362Z Welcome to Gradle 8.0!
2026-01-07T13:52:21.4914774Z 
2026-01-07T13:52:21.4919605Z For more details see https://docs.gradle.org/8.0/release-notes.html
2026-01-07T13:52:21.4922598Z 
2026-01-07T13:52:21.5899528Z Starting a Gradle Daemon (subsequent builds will be faster)
2026-01-07T13:52:32.1860529Z Checking the license for package Android SDK Build-Tools 30.0.3 in /usr/local/lib/android/sdk/licenses
2026-01-07T13:52:32.1868408Z License for package Android SDK Build-Tools 30.0.3 accepted.
2026-01-07T13:52:32.1881116Z Preparing "Install Android SDK Build-Tools 30.0.3 (revision: 30.0.3)".
2026-01-07T13:52:34.1857998Z "Install Android SDK Build-Tools 30.0.3 (revision: 30.0.3)" ready.
2026-01-07T13:52:34.1860081Z Installing Android SDK Build-Tools 30.0.3 in /usr/local/lib/android/sdk/build-tools/30.0.3
2026-01-07T13:52:34.1862353Z "Install Android SDK Build-Tools 30.0.3 (revision: 30.0.3)" complete.
2026-01-07T13:52:34.4857323Z "Install Android SDK Build-Tools 30.0.3 (revision: 30.0.3)" finished.
2026-01-07T13:52:34.4859840Z Checking the license for package Android SDK Platform 33 in /usr/local/lib/android/sdk/licenses
2026-01-07T13:52:34.4862870Z License for package Android SDK Platform 33 accepted.
2026-01-07T13:52:34.4863492Z Preparing "Install Android SDK Platform 33 (revision: 3)".
2026-01-07T13:52:37.4856552Z "Install Android SDK Platform 33 (revision: 3)" ready.
2026-01-07T13:52:37.4859477Z Installing Android SDK Platform 33 in /usr/local/lib/android/sdk/platforms/android-33
2026-01-07T13:52:37.4860300Z "Install Android SDK Platform 33 (revision: 3)" complete.
2026-01-07T13:52:37.4860881Z "Install Android SDK Platform 33 (revision: 3)" finished.
2026-01-07T13:52:37.8871814Z > Task :app:preBuild UP-TO-DATE
2026-01-07T13:52:37.8927780Z > Task :app:preDebugBuild UP-TO-DATE
2026-01-07T13:52:37.9870036Z > Task :app:mergeDebugNativeDebugMetadata NO-SOURCE
2026-01-07T13:52:37.9891623Z > Task :app:generateDebugBuildConfig
2026-01-07T13:52:38.4871474Z > Task :app:generateDebugResValues
2026-01-07T13:52:38.4877352Z > Task :app:checkDebugAarMetadata
2026-01-07T13:52:38.5860284Z > Task :app:mapDebugSourceSetPaths
2026-01-07T13:52:38.5886832Z > Task :app:generateDebugResources
2026-01-07T13:52:39.9856828Z > Task :app:packageDebugResources
2026-01-07T13:52:40.6858920Z > Task :app:createDebugCompatibleScreenManifests
2026-01-07T13:52:40.6860142Z > Task :app:extractDeepLinksDebug
2026-01-07T13:52:40.8857361Z > Task :app:parseDebugLocalResources
2026-01-07T13:52:41.0856492Z > Task :app:processDebugMainManifest
2026-01-07T13:52:41.1859652Z > Task :app:mergeDebugResources
2026-01-07T13:52:41.1868139Z > Task :app:processDebugManifest
2026-01-07T13:52:41.2859150Z > Task :app:javaPreCompileDebug
2026-01-07T13:52:41.2868576Z > Task :app:mergeDebugShaders
2026-01-07T13:52:41.2869822Z > Task :app:compileDebugShaders NO-SOURCE
2026-01-07T13:52:41.2870730Z > Task :app:generateDebugAssets UP-TO-DATE
2026-01-07T13:52:41.2880509Z > Task :app:mergeDebugAssets
2026-01-07T13:52:41.3859964Z > Task :app:compressDebugAssets
2026-01-07T13:52:41.3861661Z > Task :app:desugarDebugFileDependencies
2026-01-07T13:52:41.3864193Z > Task :app:processDebugJavaRes NO-SOURCE
2026-01-07T13:52:41.4862439Z > Task :app:mergeDebugJniLibFolders
2026-01-07T13:52:41.4869801Z > Task :app:checkDebugDuplicateClasses
2026-01-07T13:52:41.4870896Z > Task :app:processDebugManifestForPackage
2026-01-07T13:52:41.9888591Z > Task :app:mergeLibDexDebug
2026-01-07T13:52:41.9889127Z > Task :app:mergeDebugNativeLibs NO-SOURCE
2026-01-07T13:52:41.9889665Z > Task :app:stripDebugDebugSymbols NO-SOURCE
2026-01-07T13:52:42.5857108Z > Task :app:processDebugResources FAILED
2026-01-07T13:52:43.1862164Z > Task :app:validateSigningDebug
2026-01-07T13:52:46.9874141Z > Task :app:mergeExtDexDebug
2026-01-07T13:52:47.0860076Z 
2026-01-07T13:52:47.0864200Z FAILURE: Build failed with an exception.
2026-01-07T13:52:47.0922227Z 
2026-01-07T13:52:47.0927461Z * What went wrong:
2026-01-07T13:52:47.0928075Z Execution failed for task ':app:processDebugResources'.
2026-01-07T13:52:47.0929245Z > A failure occurred while executing com.android.build.gradle.internal.res.LinkApplicationAndroidResourcesTask$TaskAction
2026-01-07T13:52:47.0930265Z    > Android resource linking failed
2026-01-07T13:52:47.0931648Z      ERROR: /home/runner/work/GenAIAgent/GenAIAgent/app/src/main/res/layout/activity_login.xml:60: AAPT: error: attribute indeterminate (aka com.genai.app:indeterminate) not found.
2026-01-07T13:52:47.0932958Z          
2026-01-07T13:52:47.0934252Z      ERROR: /home/runner/work/GenAIAgent/GenAIAgent/app/src/main/res/layout/activity_register.xml:60: AAPT: error: attribute indeterminate (aka com.genai.app:indeterminate) not found.
2026-01-07T13:52:47.0935582Z          
2026-01-07T13:52:47.0935769Z 
2026-01-07T13:52:47.0935896Z * Try:
2026-01-07T13:52:47.0936625Z > Run with --info or --debug option to get more log output.
2026-01-07T13:52:47.0937215Z > Run with --scan to get full insights.
2026-01-07T13:52:47.0938037Z 
2026-01-07T13:52:47.0938184Z * Exception is:
2026-01-07T13:52:47.0967538Z org.gradle.api.tasks.TaskExecutionException: Execution failed for task ':app:processDebugResources'.
2026-01-07T13:52:47.0969428Z 	at org.gradle.api.internal.tasks.execution.ExecuteActionsTaskExecuter.lambda$executeIfValid$1(ExecuteActionsTaskExecuter.java:149)
2026-01-07T13:52:47.0970759Z 	at org.gradle.internal.Try$Failure.ifSuccessfulOrElse(Try.java:282)
2026-01-07T13:52:47.0971994Z 	at org.gradle.api.internal.tasks.execution.ExecuteActionsTaskExecuter.executeIfValid(ExecuteActionsTaskExecuter.java:147)
2026-01-07T13:52:47.0973601Z 	at org.gradle.api.internal.tasks.execution.ExecuteActionsTaskExecuter.execute(ExecuteActionsTaskExecuter.java:135)
2026-01-07T13:52:47.0975218Z 	at org.gradle.api.internal.tasks.execution.FinalizePropertiesTaskExecuter.execute(FinalizePropertiesTaskExecuter.java:46)
2026-01-07T13:52:47.0977070Z 	at org.gradle.api.internal.tasks.execution.ResolveTaskExecutionModeExecuter.execute(ResolveTaskExecutionModeExecuter.java:51)
2026-01-07T13:52:47.0978597Z 	at org.gradle.api.internal.tasks.execution.SkipTaskWithNoActionsExecuter.execute(SkipTaskWithNoActionsExecuter.java:57)
2026-01-07T13:52:47.0979942Z 	at org.gradle.api.internal.tasks.execution.SkipOnlyIfTaskExecuter.execute(SkipOnlyIfTaskExecuter.java:74)
2026-01-07T13:52:47.0981278Z 	at org.gradle.api.internal.tasks.execution.CatchExceptionTaskExecuter.execute(CatchExceptionTaskExecuter.java:36)
2026-01-07T13:52:47.0982605Z 	at org.gradle.api.internal.tasks.execution.EventFiringTaskExecuter$1.executeTask(EventFiringTaskExecuter.java:77)
2026-01-07T13:52:47.0983865Z 	at org.gradle.api.internal.tasks.execution.EventFiringTaskExecuter$1.call(EventFiringTaskExecuter.java:55)
2026-01-07T13:52:47.0985065Z 	at org.gradle.api.internal.tasks.execution.EventFiringTaskExecuter$1.call(EventFiringTaskExecuter.java:52)
2026-01-07T13:52:47.1067796Z 	at org.gradle.internal.operations.DefaultBuildOperationRunner$CallableBuildOperationWorker.execute(DefaultBuildOperationRunner.java:204)
2026-01-07T13:52:47.1069810Z 	at org.gradle.internal.operations.DefaultBuildOperationRunner$CallableBuildOperationWorker.execute(DefaultBuildOperationRunner.java:199)
2026-01-07T13:52:47.1071456Z 	at org.gradle.internal.operations.DefaultBuildOperationRunner$2.execute(DefaultBuildOperationRunner.java:66)
2026-01-07T13:52:47.1073354Z 	at org.gradle.internal.operations.DefaultBuildOperationRunner$2.execute(DefaultBuildOperationRunner.java:59)
2026-01-07T13:52:47.1074838Z 	at org.gradle.internal.operations.DefaultBuildOperationRunner.execute(DefaultBuildOperationRunner.java:157)
2026-01-07T13:52:47.1093922Z 	at org.gradle.internal.operations.DefaultBuildOperationRunner.execute(DefaultBuildOperationRunner.java:59)
2026-01-07T13:52:47.1095454Z 	at org.gradle.internal.operations.DefaultBuildOperationRunner.call(DefaultBuildOperationRunner.java:53)
2026-01-07T13:52:47.1097030Z 	at org.gradle.internal.operations.DefaultBuildOperationExecutor.call(DefaultBuildOperationExecutor.java:73)
2026-01-07T13:52:47.1098435Z 	at org.gradle.api.internal.tasks.execution.EventFiringTaskExecuter.execute(EventFiringTaskExecuter.java:52)
2026-01-07T13:52:47.1099678Z 	at org.gradle.execution.plan.LocalTaskNodeExecutor.execute(LocalTaskNodeExecutor.java:42)
2026-01-07T13:52:47.1101033Z 	at org.gradle.execution.taskgraph.DefaultTaskExecutionGraph$InvokeNodeExecutorsAction.execute(DefaultTaskExecutionGraph.java:338)
2026-01-07T13:52:47.1102676Z 	at org.gradle.execution.taskgraph.DefaultTaskExecutionGraph$InvokeNodeExecutorsAction.execute(DefaultTaskExecutionGraph.java:325)
2026-01-07T13:52:47.1104369Z 	at org.gradle.execution.taskgraph.DefaultTaskExecutionGraph$BuildOperationAwareExecutionAction.execute(DefaultTaskExecutionGraph.java:318)
2026-01-07T13:52:47.1127058Z 	at org.gradle.execution.taskgraph.DefaultTaskExecutionGraph$BuildOperationAwareExecutionAction.execute(DefaultTaskExecutionGraph.java:304)
2026-01-07T13:52:47.1129105Z 	at org.gradle.execution.plan.DefaultPlanExecutor$ExecutorWorker.execute(DefaultPlanExecutor.java:463)
2026-01-07T13:52:47.1130752Z 	at org.gradle.execution.plan.DefaultPlanExecutor$ExecutorWorker.run(DefaultPlanExecutor.java:380)
2026-01-07T13:52:47.1131998Z 	at org.gradle.internal.concurrent.ExecutorPolicy$CatchAndRecordFailures.onExecute(ExecutorPolicy.java:64)
2026-01-07T13:52:47.1133229Z 	at org.gradle.internal.concurrent.ManagedExecutorImpl$1.run(ManagedExecutorImpl.java:49)
2026-01-07T13:52:47.1135132Z Caused by: org.gradle.workers.internal.DefaultWorkerExecutor$WorkExecutionException: A failure occurred while executing com.android.build.gradle.internal.res.LinkApplicationAndroidResourcesTask$TaskAction
2026-01-07T13:52:47.1137401Z 	at org.gradle.workers.internal.DefaultWorkerExecutor$WorkItemExecution.waitForCompletion(DefaultWorkerExecutor.java:283)
2026-01-07T13:52:47.1138958Z 	at org.gradle.internal.work.DefaultAsyncWorkTracker.lambda$waitForItemsAndGatherFailures$2(DefaultAsyncWorkTracker.java:130)
2026-01-07T13:52:47.1140106Z 	at org.gradle.internal.Factories$1.create(Factories.java:31)
2026-01-07T13:52:47.1141130Z 	at org.gradle.internal.work.DefaultWorkerLeaseService.withoutLocks(DefaultWorkerLeaseService.java:321)
2026-01-07T13:52:47.1142440Z 	at org.gradle.internal.work.DefaultWorkerLeaseService.withoutLocks(DefaultWorkerLeaseService.java:304)
2026-01-07T13:52:47.1143751Z 	at org.gradle.internal.work.DefaultWorkerLeaseService.withoutLock(DefaultWorkerLeaseService.java:309)
2026-01-07T13:52:47.1145181Z 	at org.gradle.internal.work.DefaultAsyncWorkTracker.waitForItemsAndGatherFailures(DefaultAsyncWorkTracker.java:126)
2026-01-07T13:52:47.1147044Z 	at org.gradle.internal.work.DefaultAsyncWorkTracker.waitForItemsAndGatherFailures(DefaultAsyncWorkTracker.java:92)
2026-01-07T13:52:47.1148434Z 	at org.gradle.internal.work.DefaultAsyncWorkTracker.waitForAll(DefaultAsyncWorkTracker.java:78)
2026-01-07T13:52:47.1149676Z 	at org.gradle.internal.work.DefaultAsyncWorkTracker.waitForCompletion(DefaultAsyncWorkTracker.java:66)
2026-01-07T13:52:47.1150832Z 	at org.gradle.api.internal.tasks.execution.TaskExecution$3.run(TaskExecution.java:250)
2026-01-07T13:52:47.1151977Z 	at org.gradle.internal.operations.DefaultBuildOperationRunner$1.execute(DefaultBuildOperationRunner.java:29)
2026-01-07T13:52:47.1153335Z 	at org.gradle.internal.operations.DefaultBuildOperationRunner$1.execute(DefaultBuildOperationRunner.java:26)
2026-01-07T13:52:47.1155024Z 	at org.gradle.internal.operations.DefaultBuildOperationRunner$2.execute(DefaultBuildOperationRunner.java:66)
2026-01-07T13:52:47.1156612Z 	at org.gradle.internal.operations.DefaultBuildOperationRunner$2.execute(DefaultBuildOperationRunner.java:59)
2026-01-07T13:52:47.1157952Z 	at org.gradle.internal.operations.DefaultBuildOperationRunner.execute(DefaultBuildOperationRunner.java:157)
2026-01-07T13:52:47.1159338Z 	at org.gradle.internal.operations.DefaultBuildOperationRunner.execute(DefaultBuildOperationRunner.java:59)
2026-01-07T13:52:47.1160699Z 	at org.gradle.internal.operations.DefaultBuildOperationRunner.run(DefaultBuildOperationRunner.java:47)
2026-01-07T13:52:47.1162066Z 	at org.gradle.internal.operations.DefaultBuildOperationExecutor.run(DefaultBuildOperationExecutor.java:68)
2026-01-07T13:52:47.1163577Z 	at org.gradle.api.internal.tasks.execution.TaskExecution.executeAction(TaskExecution.java:227)
2026-01-07T13:52:47.1164881Z 	at org.gradle.api.internal.tasks.execution.TaskExecution.executeActions(TaskExecution.java:210)
2026-01-07T13:52:47.1166446Z 	at org.gradle.api.internal.tasks.execution.TaskExecution.executeWithPreviousOutputFiles(TaskExecution.java:193)
2026-01-07T13:52:47.1167741Z 	at org.gradle.api.internal.tasks.execution.TaskExecution.execute(TaskExecution.java:166)
2026-01-07T13:52:47.1168842Z 	at org.gradle.internal.execution.steps.ExecuteStep.executeInternal(ExecuteStep.java:93)
2026-01-07T13:52:47.1169915Z 	at org.gradle.internal.execution.steps.ExecuteStep.access$000(ExecuteStep.java:44)
2026-01-07T13:52:47.1170919Z 	at org.gradle.internal.execution.steps.ExecuteStep$1.call(ExecuteStep.java:57)
2026-01-07T13:52:47.1172221Z 	at org.gradle.internal.execution.steps.ExecuteStep$1.call(ExecuteStep.java:54)
2026-01-07T13:52:47.1173630Z 	at org.gradle.internal.operations.DefaultBuildOperationRunner$CallableBuildOperationWorker.execute(DefaultBuildOperationRunner.java:204)
2026-01-07T13:52:47.1175439Z 	at org.gradle.internal.operations.DefaultBuildOperationRunner$CallableBuildOperationWorker.execute(DefaultBuildOperationRunner.java:199)
2026-01-07T13:52:47.1177241Z 	at org.gradle.internal.operations.DefaultBuildOperationRunner$2.execute(DefaultBuildOperationRunner.java:66)
2026-01-07T13:52:47.1178553Z 	at org.gradle.internal.operations.DefaultBuildOperationRunner$2.execute(DefaultBuildOperationRunner.java:59)
2026-01-07T13:52:47.1179929Z 	at org.gradle.internal.operations.DefaultBuildOperationRunner.execute(DefaultBuildOperationRunner.java:157)
2026-01-07T13:52:47.1181321Z 	at org.gradle.internal.operations.DefaultBuildOperationRunner.execute(DefaultBuildOperationRunner.java:59)
2026-01-07T13:52:47.1182682Z 	at org.gradle.internal.operations.DefaultBuildOperationRunner.call(DefaultBuildOperationRunner.java:53)
2026-01-07T13:52:47.1184257Z 	at org.gradle.internal.operations.DefaultBuildOperationExecutor.call(DefaultBuildOperationExecutor.java:73)
2026-01-07T13:52:47.1185442Z 	at org.gradle.internal.execution.steps.ExecuteStep.execute(ExecuteStep.java:54)
2026-01-07T13:52:47.1186581Z 	at org.gradle.internal.execution.steps.ExecuteStep.execute(ExecuteStep.java:44)
2026-01-07T13:52:47.1187770Z 	at org.gradle.internal.execution.steps.RemovePreviousOutputsStep.execute(RemovePreviousOutputsStep.java:67)
2026-01-07T13:52:47.1189135Z 	at org.gradle.internal.execution.steps.RemovePreviousOutputsStep.execute(RemovePreviousOutputsStep.java:37)
2026-01-07T13:52:47.1190411Z 	at org.gradle.internal.execution.steps.CancelExecutionStep.execute(CancelExecutionStep.java:41)
2026-01-07T13:52:47.1191589Z 	at org.gradle.internal.execution.steps.TimeoutStep.executeWithoutTimeout(TimeoutStep.java:74)
2026-01-07T13:52:47.1192637Z 	at org.gradle.internal.execution.steps.TimeoutStep.execute(TimeoutStep.java:55)
2026-01-07T13:52:47.1193704Z 	at org.gradle.internal.execution.steps.CreateOutputsStep.execute(CreateOutputsStep.java:50)
2026-01-07T13:52:47.1194828Z 	at org.gradle.internal.execution.steps.CreateOutputsStep.execute(CreateOutputsStep.java:28)
2026-01-07T13:52:47.1196983Z 	at org.gradle.internal.execution.steps.CaptureStateAfterExecutionStep.executeDelegateBroadcastingChanges(CaptureStateAfterExecutionStep.java:100)
2026-01-07T13:52:47.1198843Z 	at org.gradle.internal.execution.steps.CaptureStateAfterExecutionStep.execute(CaptureStateAfterExecutionStep.java:72)
2026-01-07T13:52:47.1200408Z 	at org.gradle.internal.execution.steps.CaptureStateAfterExecutionStep.execute(CaptureStateAfterExecutionStep.java:50)
2026-01-07T13:52:47.1201863Z 	at org.gradle.internal.execution.steps.ResolveInputChangesStep.execute(ResolveInputChangesStep.java:40)
2026-01-07T13:52:47.1203190Z 	at org.gradle.internal.execution.steps.ResolveInputChangesStep.execute(ResolveInputChangesStep.java:29)
2026-01-07T13:52:47.1204488Z 	at org.gradle.internal.execution.steps.BuildCacheStep.executeWithoutCache(BuildCacheStep.java:166)
2026-01-07T13:52:47.1205705Z 	at org.gradle.internal.execution.steps.BuildCacheStep.lambda$execute$1(BuildCacheStep.java:70)
2026-01-07T13:52:47.1211351Z 	at org.gradle.internal.Either$Right.fold(Either.java:175)
2026-01-07T13:52:47.1212204Z 	at org.gradle.internal.execution.caching.CachingState.fold(CachingState.java:59)
2026-01-07T13:52:47.1213220Z 	at org.gradle.internal.execution.steps.BuildCacheStep.execute(BuildCacheStep.java:68)
2026-01-07T13:52:47.1214253Z 	at org.gradle.internal.execution.steps.BuildCacheStep.execute(BuildCacheStep.java:46)
2026-01-07T13:52:47.1215411Z 	at org.gradle.internal.execution.steps.StoreExecutionStateStep.execute(StoreExecutionStateStep.java:36)
2026-01-07T13:52:47.1216944Z 	at org.gradle.internal.execution.steps.StoreExecutionStateStep.execute(StoreExecutionStateStep.java:25)
2026-01-07T13:52:47.1218103Z 	at org.gradle.internal.execution.steps.RecordOutputsStep.execute(RecordOutputsStep.java:36)
2026-01-07T13:52:47.1219610Z 	at org.gradle.internal.execution.steps.RecordOutputsStep.execute(RecordOutputsStep.java:22)
2026-01-07T13:52:47.1220787Z 	at org.gradle.internal.execution.steps.SkipUpToDateStep.executeBecause(SkipUpToDateStep.java:91)
2026-01-07T13:52:47.1222001Z 	at org.gradle.internal.execution.steps.SkipUpToDateStep.lambda$execute$2(SkipUpToDateStep.java:55)
2026-01-07T13:52:47.1223172Z 	at org.gradle.internal.execution.steps.SkipUpToDateStep.execute(SkipUpToDateStep.java:55)
2026-01-07T13:52:47.1224215Z 	at org.gradle.internal.execution.steps.SkipUpToDateStep.execute(SkipUpToDateStep.java:37)
2026-01-07T13:52:47.1224966Z 	at org.gradle.internal.execution.steps.ResolveChangesStep.execute(ResolveChangesStep.java:65)
2026-01-07T13:52:47.1225626Z 	at org.gradle.internal.execution.steps.ResolveChangesStep.execute(ResolveChangesStep.java:36)
2026-01-07T13:52:47.1226757Z 	at org.gradle.internal.execution.steps.legacy.MarkSnapshottingInputsFinishedStep.execute(MarkSnapshottingInputsFinishedStep.java:37)
2026-01-07T13:52:47.1227786Z 	at org.gradle.internal.execution.steps.legacy.MarkSnapshottingInputsFinishedStep.execute(MarkSnapshottingInputsFinishedStep.java:27)
2026-01-07T13:52:47.1228650Z 	at org.gradle.internal.execution.steps.ResolveCachingStateStep.execute(ResolveCachingStateStep.java:76)
2026-01-07T13:52:47.1229404Z 	at org.gradle.internal.execution.steps.ResolveCachingStateStep.execute(ResolveCachingStateStep.java:37)
2026-01-07T13:52:47.1230040Z 	at org.gradle.internal.execution.steps.ValidateStep.execute(ValidateStep.java:94)
2026-01-07T13:52:47.1230580Z 	at org.gradle.internal.execution.steps.ValidateStep.execute(ValidateStep.java:49)
2026-01-07T13:52:47.1231286Z 	at org.gradle.internal.execution.steps.CaptureStateBeforeExecutionStep.execute(CaptureStateBeforeExecutionStep.java:71)
2026-01-07T13:52:47.1232152Z 	at org.gradle.internal.execution.steps.CaptureStateBeforeExecutionStep.execute(CaptureStateBeforeExecutionStep.java:45)
2026-01-07T13:52:47.1233006Z 	at org.gradle.internal.execution.steps.SkipEmptyWorkStep.executeWithNonEmptySources(SkipEmptyWorkStep.java:177)
2026-01-07T13:52:47.1233723Z 	at org.gradle.internal.execution.steps.SkipEmptyWorkStep.execute(SkipEmptyWorkStep.java:81)
2026-01-07T13:52:47.1234403Z 	at org.gradle.internal.execution.steps.SkipEmptyWorkStep.execute(SkipEmptyWorkStep.java:53)
2026-01-07T13:52:47.1235397Z 	at org.gradle.internal.execution.steps.RemoveUntrackedExecutionStateStep.execute(RemoveUntrackedExecutionStateStep.java:32)
2026-01-07T13:52:47.1236469Z 	at org.gradle.internal.execution.steps.RemoveUntrackedExecutionStateStep.execute(RemoveUntrackedExecutionStateStep.java:21)
2026-01-07T13:52:47.1237407Z 	at org.gradle.internal.execution.steps.legacy.MarkSnapshottingInputsStartedStep.execute(MarkSnapshottingInputsStartedStep.java:38)
2026-01-07T13:52:47.1238318Z 	at org.gradle.internal.execution.steps.LoadPreviousExecutionStateStep.execute(LoadPreviousExecutionStateStep.java:36)
2026-01-07T13:52:47.1239176Z 	at org.gradle.internal.execution.steps.LoadPreviousExecutionStateStep.execute(LoadPreviousExecutionStateStep.java:23)
2026-01-07T13:52:47.1239965Z 	at org.gradle.internal.execution.steps.CleanupStaleOutputsStep.execute(CleanupStaleOutputsStep.java:75)
2026-01-07T13:52:47.1240694Z 	at org.gradle.internal.execution.steps.CleanupStaleOutputsStep.execute(CleanupStaleOutputsStep.java:41)
2026-01-07T13:52:47.1241413Z 	at org.gradle.internal.execution.steps.AssignWorkspaceStep.lambda$execute$0(AssignWorkspaceStep.java:32)
2026-01-07T13:52:47.1242089Z 	at org.gradle.api.internal.tasks.execution.TaskExecution$4.withWorkspace(TaskExecution.java:287)
2026-01-07T13:52:47.1242747Z 	at org.gradle.internal.execution.steps.AssignWorkspaceStep.execute(AssignWorkspaceStep.java:30)
2026-01-07T13:52:47.1243399Z 	at org.gradle.internal.execution.steps.AssignWorkspaceStep.execute(AssignWorkspaceStep.java:21)
2026-01-07T13:52:47.1244036Z 	at org.gradle.internal.execution.steps.IdentityCacheStep.execute(IdentityCacheStep.java:37)
2026-01-07T13:52:47.1244795Z 	at org.gradle.internal.execution.steps.IdentityCacheStep.execute(IdentityCacheStep.java:27)
2026-01-07T13:52:47.1245379Z 	at org.gradle.internal.execution.steps.IdentifyStep.execute(IdentifyStep.java:42)
2026-01-07T13:52:47.1245920Z 	at org.gradle.internal.execution.steps.IdentifyStep.execute(IdentifyStep.java:31)
2026-01-07T13:52:47.1246655Z 	at org.gradle.internal.execution.impl.DefaultExecutionEngine$1.execute(DefaultExecutionEngine.java:64)
2026-01-07T13:52:47.1247451Z 	at org.gradle.api.internal.tasks.execution.ExecuteActionsTaskExecuter.executeIfValid(ExecuteActionsTaskExecuter.java:146)
2026-01-07T13:52:47.1248296Z 	at org.gradle.api.internal.tasks.execution.ExecuteActionsTaskExecuter.execute(ExecuteActionsTaskExecuter.java:135)
2026-01-07T13:52:47.1249146Z 	at org.gradle.api.internal.tasks.execution.FinalizePropertiesTaskExecuter.execute(FinalizePropertiesTaskExecuter.java:46)
2026-01-07T13:52:47.1250034Z 	at org.gradle.api.internal.tasks.execution.ResolveTaskExecutionModeExecuter.execute(ResolveTaskExecutionModeExecuter.java:51)
2026-01-07T13:52:47.1250922Z 	at org.gradle.api.internal.tasks.execution.SkipTaskWithNoActionsExecuter.execute(SkipTaskWithNoActionsExecuter.java:57)
2026-01-07T13:52:47.1251724Z 	at org.gradle.api.internal.tasks.execution.SkipOnlyIfTaskExecuter.execute(SkipOnlyIfTaskExecuter.java:74)
2026-01-07T13:52:47.1252506Z 	at org.gradle.api.internal.tasks.execution.CatchExceptionTaskExecuter.execute(CatchExceptionTaskExecuter.java:36)
2026-01-07T13:52:47.1253290Z 	at org.gradle.api.internal.tasks.execution.EventFiringTaskExecuter$1.executeTask(EventFiringTaskExecuter.java:77)
2026-01-07T13:52:47.1254039Z 	at org.gradle.api.internal.tasks.execution.EventFiringTaskExecuter$1.call(EventFiringTaskExecuter.java:55)
2026-01-07T13:52:47.1254767Z 	at org.gradle.api.internal.tasks.execution.EventFiringTaskExecuter$1.call(EventFiringTaskExecuter.java:52)
2026-01-07T13:52:47.1255631Z 	at org.gradle.internal.operations.DefaultBuildOperationRunner$CallableBuildOperationWorker.execute(DefaultBuildOperationRunner.java:204)
2026-01-07T13:52:47.1256715Z 	at org.gradle.internal.operations.DefaultBuildOperationRunner$CallableBuildOperationWorker.execute(DefaultBuildOperationRunner.java:199)
2026-01-07T13:52:47.1257592Z 	at org.gradle.internal.operations.DefaultBuildOperationRunner$2.execute(DefaultBuildOperationRunner.java:66)
2026-01-07T13:52:47.1258461Z 	at org.gradle.internal.operations.DefaultBuildOperationRunner$2.execute(DefaultBuildOperationRunner.java:59)
2026-01-07T13:52:47.1259225Z 	at org.gradle.internal.operations.DefaultBuildOperationRunner.execute(DefaultBuildOperationRunner.java:157)
2026-01-07T13:52:47.1259981Z 	at org.gradle.internal.operations.DefaultBuildOperationRunner.execute(DefaultBuildOperationRunner.java:59)
2026-01-07T13:52:47.1260731Z 	at org.gradle.internal.operations.DefaultBuildOperationRunner.call(DefaultBuildOperationRunner.java:53)
2026-01-07T13:52:47.1261476Z 	at org.gradle.internal.operations.DefaultBuildOperationExecutor.call(DefaultBuildOperationExecutor.java:73)
2026-01-07T13:52:47.1262234Z 	at org.gradle.api.internal.tasks.execution.EventFiringTaskExecuter.execute(EventFiringTaskExecuter.java:52)
2026-01-07T13:52:47.1262919Z 	at org.gradle.execution.plan.LocalTaskNodeExecutor.execute(LocalTaskNodeExecutor.java:42)
2026-01-07T13:52:47.1263684Z 	at org.gradle.execution.taskgraph.DefaultTaskExecutionGraph$InvokeNodeExecutorsAction.execute(DefaultTaskExecutionGraph.java:338)
2026-01-07T13:52:47.1264608Z 	at org.gradle.execution.taskgraph.DefaultTaskExecutionGraph$InvokeNodeExecutorsAction.execute(DefaultTaskExecutionGraph.java:325)
2026-01-07T13:52:47.1265564Z 	at org.gradle.execution.taskgraph.DefaultTaskExecutionGraph$BuildOperationAwareExecutionAction.execute(DefaultTaskExecutionGraph.java:318)
2026-01-07T13:52:47.1267153Z 	at org.gradle.execution.taskgraph.DefaultTaskExecutionGraph$BuildOperationAwareExecutionAction.execute(DefaultTaskExecutionGraph.java:304)
2026-01-07T13:52:47.1268723Z 	at org.gradle.execution.plan.DefaultPlanExecutor$ExecutorWorker.execute(DefaultPlanExecutor.java:463)
2026-01-07T13:52:47.1270336Z 	at org.gradle.execution.plan.DefaultPlanExecutor$ExecutorWorker.run(DefaultPlanExecutor.java:380)
2026-01-07T13:52:47.1271634Z 	at org.gradle.internal.concurrent.ExecutorPolicy$CatchAndRecordFailures.onExecute(ExecutorPolicy.java:64)
2026-01-07T13:52:47.1272882Z 	at org.gradle.internal.concurrent.ManagedExecutorImpl$1.run(ManagedExecutorImpl.java:49)
2026-01-07T13:52:47.1274045Z Caused by: com.android.builder.internal.aapt.v2.Aapt2Exception: Android resource linking failed
2026-01-07T13:52:47.1275708Z ERROR: /home/runner/work/GenAIAgent/GenAIAgent/app/src/main/res/layout/activity_login.xml:60: AAPT: error: attribute indeterminate (aka com.genai.app:indeterminate) not found.
2026-01-07T13:52:47.1277228Z     
2026-01-07T13:52:47.1278413Z ERROR: /home/runner/work/GenAIAgent/GenAIAgent/app/src/main/res/layout/activity_register.xml:60: AAPT: error: attribute indeterminate (aka com.genai.app:indeterminate) not found.
2026-01-07T13:52:47.1279765Z     
2026-01-07T13:52:47.1280434Z 	at com.android.builder.internal.aapt.v2.Aapt2Exception$Companion.create(Aapt2Exception.kt:45)
2026-01-07T13:52:47.1281601Z 	at com.android.builder.internal.aapt.v2.Aapt2Exception$Companion.create$default(Aapt2Exception.kt:33)
2026-01-07T13:52:47.1282858Z 	at com.android.build.gradle.internal.res.Aapt2ErrorUtils.rewriteException(Aapt2ErrorUtils.kt:260)
2026-01-07T13:52:47.1284202Z 	at com.android.build.gradle.internal.res.Aapt2ErrorUtils.rewriteLinkException(Aapt2ErrorUtils.kt:133)
2026-01-07T13:52:47.1285687Z 	at com.android.build.gradle.internal.res.Aapt2ProcessResourcesRunnableKt.processResources(Aapt2ProcessResourcesRunnable.kt:76)
2026-01-07T13:52:47.1287763Z 	at com.android.build.gradle.internal.res.LinkApplicationAndroidResourcesTask$Companion.invokeAaptForSplit(LinkApplicationAndroidResourcesTask.kt:941)
2026-01-07T13:52:47.1289900Z 	at com.android.build.gradle.internal.res.LinkApplicationAndroidResourcesTask$Companion.access$invokeAaptForSplit(LinkApplicationAndroidResourcesTask.kt:791)
2026-01-07T13:52:47.1291854Z 	at com.android.build.gradle.internal.res.LinkApplicationAndroidResourcesTask$TaskAction.run(LinkApplicationAndroidResourcesTask.kt:422)
2026-01-07T13:52:47.1293439Z 	at com.android.build.gradle.internal.profile.ProfileAwareWorkAction.execute(ProfileAwareWorkAction.kt:74)
2026-01-07T13:52:47.1294591Z 	at org.gradle.workers.internal.DefaultWorkerServer.execute(DefaultWorkerServer.java:63)
2026-01-07T13:52:47.1296378Z 	at org.gradle.workers.internal.NoIsolationWorkerFactory$1$1.create(NoIsolationWorkerFactory.java:66)
2026-01-07T13:52:47.1297754Z 	at org.gradle.workers.internal.NoIsolationWorkerFactory$1$1.create(NoIsolationWorkerFactory.java:62)
2026-01-07T13:52:47.1299090Z 	at org.gradle.internal.classloader.ClassLoaderUtils.executeInClassloader(ClassLoaderUtils.java:100)
2026-01-07T13:52:47.1300315Z 	at org.gradle.workers.internal.NoIsolationWorkerFactory$1.lambda$execute$0(NoIsolationWorkerFactory.java:62)
2026-01-07T13:52:47.1301398Z 	at org.gradle.workers.internal.AbstractWorker$1.call(AbstractWorker.java:44)
2026-01-07T13:52:47.1302323Z 	at org.gradle.workers.internal.AbstractWorker$1.call(AbstractWorker.java:41)
2026-01-07T13:52:47.1303677Z 	at org.gradle.internal.operations.DefaultBuildOperationRunner$CallableBuildOperationWorker.execute(DefaultBuildOperationRunner.java:204)
2026-01-07T13:52:47.1305523Z 	at org.gradle.internal.operations.DefaultBuildOperationRunner$CallableBuildOperationWorker.execute(DefaultBuildOperationRunner.java:199)
2026-01-07T13:52:47.1307611Z 	at org.gradle.internal.operations.DefaultBuildOperationRunner$2.execute(DefaultBuildOperationRunner.java:66)
2026-01-07T13:52:47.1309055Z 	at org.gradle.internal.operations.DefaultBuildOperationRunner$2.execute(DefaultBuildOperationRunner.java:59)
2026-01-07T13:52:47.1310426Z 	at org.gradle.internal.operations.DefaultBuildOperationRunner.execute(DefaultBuildOperationRunner.java:157)
2026-01-07T13:52:47.1311860Z 	at org.gradle.internal.operations.DefaultBuildOperationRunner.execute(DefaultBuildOperationRunner.java:59)
2026-01-07T13:52:47.1313701Z 	at org.gradle.internal.operations.DefaultBuildOperationRunner.call(DefaultBuildOperationRunner.java:53)
2026-01-07T13:52:47.1315123Z 	at org.gradle.internal.operations.DefaultBuildOperationExecutor.call(DefaultBuildOperationExecutor.java:73)
2026-01-07T13:52:47.1316758Z 	at org.gradle.workers.internal.AbstractWorker.executeWrappedInBuildOperation(AbstractWorker.java:41)
2026-01-07T13:52:47.1318118Z 	at org.gradle.workers.internal.NoIsolationWorkerFactory$1.execute(NoIsolationWorkerFactory.java:59)
2026-01-07T13:52:47.1319431Z 	at org.gradle.workers.internal.DefaultWorkerExecutor.lambda$submitWork$0(DefaultWorkerExecutor.java:169)
2026-01-07T13:52:47.1321010Z 	at org.gradle.internal.work.DefaultConditionalExecutionQueue$ExecutionRunner.runExecution(DefaultConditionalExecutionQueue.java:187)
2026-01-07T13:52:47.1322774Z 	at org.gradle.internal.work.DefaultConditionalExecutionQueue$ExecutionRunner.access$700(DefaultConditionalExecutionQueue.java:120)
2026-01-07T13:52:47.1324444Z 	at org.gradle.internal.work.DefaultConditionalExecutionQueue$ExecutionRunner$1.run(DefaultConditionalExecutionQueue.java:162)
2026-01-07T13:52:47.1325616Z 	at org.gradle.internal.Factories$1.create(Factories.java:31)
2026-01-07T13:52:47.1330517Z 	at org.gradle.internal.work.DefaultWorkerLeaseService.withLocks(DefaultWorkerLeaseService.java:249)
2026-01-07T13:52:47.1331927Z 	at org.gradle.internal.work.DefaultWorkerLeaseService.runAsWorkerThread(DefaultWorkerLeaseService.java:109)
2026-01-07T13:52:47.1333387Z 	at org.gradle.internal.work.DefaultWorkerLeaseService.runAsWorkerThread(DefaultWorkerLeaseService.java:114)
2026-01-07T13:52:47.1335057Z 	at org.gradle.internal.work.DefaultConditionalExecutionQueue$ExecutionRunner.runBatch(DefaultConditionalExecutionQueue.java:157)
2026-01-07T13:52:47.1337033Z 	at org.gradle.internal.work.DefaultConditionalExecutionQueue$ExecutionRunner.run(DefaultConditionalExecutionQueue.java:126)
2026-01-07T13:52:47.1338058Z 	... 2 more
2026-01-07T13:52:47.1338250Z 
2026-01-07T13:52:47.1338258Z 
2026-01-07T13:52:47.1338481Z * Get more help at https://help.gradle.org
2026-01-07T13:52:47.1338801Z 
2026-01-07T13:52:47.1338955Z BUILD FAILED in 26s
2026-01-07T13:52:47.1339324Z 23 actionable tasks: 23 executed
2026-01-07T13:52:47.5295394Z ##[error]Process completed with exit code 1.
2026-01-07T13:52:47.5403666Z Post job cleanup.
2026-01-07T13:52:47.7281067Z Post job cleanup.
2026-01-07T13:52:47.8261264Z [command]/usr/bin/git version
2026-01-07T13:52:47.8301902Z git version 2.52.0
2026-01-07T13:52:47.8349559Z Temporarily overriding HOME='/home/runner/work/_temp/8df6e6ce-bafe-437c-8627-665e60c90d50' before making global git config changes
2026-01-07T13:52:47.8350409Z Adding repository directory to the temporary git global config as a safe directory
2026-01-07T13:52:47.8364026Z [command]/usr/bin/git config --global --add safe.directory /home/runner/work/GenAIAgent/GenAIAgent
2026-01-07T13:52:47.8405116Z [command]/usr/bin/git config --local --name-only --get-regexp core\.sshCommand
2026-01-07T13:52:47.8445102Z [command]/usr/bin/git submodule foreach --recursive sh -c "git config --local --name-only --get-regexp 'core\.sshCommand' && git config --local --unset-all 'core.sshCommand' || :"
2026-01-07T13:52:47.8690857Z [command]/usr/bin/git config --local --name-only --get-regexp http\.https\:\/\/github\.com\/\.extraheader
2026-01-07T13:52:47.8716334Z http.https://github.com/.extraheader
2026-01-07T13:52:47.8730060Z [command]/usr/bin/git config --local --unset-all http.https://github.com/.extraheader
2026-01-07T13:52:47.8765143Z [command]/usr/bin/git submodule foreach --recursive sh -c "git config --local --name-only --get-regexp 'http\.https\:\/\/github\.com\/\.extraheader' && git config --local --unset-all 'http.https://github.com/.extraheader' || :"
2026-01-07T13:52:47.9005220Z [command]/usr/bin/git config --local --name-only --get-regexp ^includeIf\.gitdir:
2026-01-07T13:52:47.9042220Z [command]/usr/bin/git submodule foreach --recursive git config --local --show-origin --name-only --get-regexp remote.origin.url
2026-01-07T13:52:47.9398648Z Cleaning up orphan processes
2026-01-07T13:52:47.9679781Z Terminate orphan process: pid (2158) (java)
