2026-01-07T13:56:24.9898129Z Current runner version: '2.330.0'
2026-01-07T13:56:24.9931952Z ##[group]Runner Image Provisioner
2026-01-07T13:56:24.9933282Z Hosted Compute Agent
2026-01-07T13:56:24.9934231Z Version: 20251211.462
2026-01-07T13:56:24.9935335Z Commit: 6cbad8c2bb55d58165063d031ccabf57e2d2db61
2026-01-07T13:56:24.9936424Z Build Date: 2025-12-11T16:28:49Z
2026-01-07T13:56:24.9937693Z Worker ID: {5441a650-f7cc-4386-b168-8ed6d5562a8f}
2026-01-07T13:56:24.9938999Z ##[endgroup]
2026-01-07T13:56:24.9939944Z ##[group]Operating System
2026-01-07T13:56:24.9940917Z Ubuntu
2026-01-07T13:56:24.9941825Z 24.04.3
2026-01-07T13:56:24.9942604Z LTS
2026-01-07T13:56:24.9943406Z ##[endgroup]
2026-01-07T13:56:24.9944383Z ##[group]Runner Image
2026-01-07T13:56:24.9945356Z Image: ubuntu-24.04
2026-01-07T13:56:24.9946307Z Version: 20251215.174.1
2026-01-07T13:56:24.9948587Z Included Software: https://github.com/actions/runner-images/blob/ubuntu24/20251215.174/images/ubuntu/Ubuntu2404-Readme.md
2026-01-07T13:56:24.9951367Z Image Release: https://github.com/actions/runner-images/releases/tag/ubuntu24%2F20251215.174
2026-01-07T13:56:24.9953129Z ##[endgroup]
2026-01-07T13:56:24.9954925Z ##[group]GITHUB_TOKEN Permissions
2026-01-07T13:56:24.9958103Z Contents: read
2026-01-07T13:56:24.9959094Z Metadata: read
2026-01-07T13:56:24.9960146Z Packages: read
2026-01-07T13:56:24.9961059Z ##[endgroup]
2026-01-07T13:56:24.9963874Z Secret source: Actions
2026-01-07T13:56:24.9965705Z Prepare workflow directory
2026-01-07T13:56:25.0346718Z Prepare all required actions
2026-01-07T13:56:25.0401671Z Getting action download info
2026-01-07T13:56:25.4116930Z Download action repository 'actions/checkout@v4' (SHA:34e114876b0b11c390a56381ad16ebd13914f8d5)
2026-01-07T13:56:25.5170921Z Download action repository 'actions/setup-java@v4' (SHA:c1e323688fd81a25caa38c78aa6df2d33d3e20d9)
2026-01-07T13:56:26.1865605Z Download action repository 'actions/upload-artifact@v4' (SHA:ea165f8d65b6e75b540449e92b4886f43607fa02)
2026-01-07T13:56:26.4259572Z Complete job name: build
2026-01-07T13:56:26.5072829Z ##[group]Run actions/checkout@v4
2026-01-07T13:56:26.5074140Z with:
2026-01-07T13:56:26.5074944Z   repository: xyraofficial/GenAIAgent
2026-01-07T13:56:26.5076250Z   token: ***
2026-01-07T13:56:26.5076997Z   ssh-strict: true
2026-01-07T13:56:26.5077935Z   ssh-user: git
2026-01-07T13:56:26.5078740Z   persist-credentials: true
2026-01-07T13:56:26.5079633Z   clean: true
2026-01-07T13:56:26.5080448Z   sparse-checkout-cone-mode: true
2026-01-07T13:56:26.5081403Z   fetch-depth: 1
2026-01-07T13:56:26.5082172Z   fetch-tags: false
2026-01-07T13:56:26.5082984Z   show-progress: true
2026-01-07T13:56:26.5083785Z   lfs: false
2026-01-07T13:56:26.5084528Z   submodules: false
2026-01-07T13:56:26.5085383Z   set-safe-directory: true
2026-01-07T13:56:26.5086516Z ##[endgroup]
2026-01-07T13:56:26.6186763Z Syncing repository: xyraofficial/GenAIAgent
2026-01-07T13:56:26.6189713Z ##[group]Getting Git version info
2026-01-07T13:56:26.6191212Z Working directory is '/home/runner/work/GenAIAgent/GenAIAgent'
2026-01-07T13:56:26.6193172Z [command]/usr/bin/git version
2026-01-07T13:56:26.6272801Z git version 2.52.0
2026-01-07T13:56:26.6300002Z ##[endgroup]
2026-01-07T13:56:26.6321477Z Temporarily overriding HOME='/home/runner/work/_temp/1de75654-e79a-4aab-9832-6b73da0b1923' before making global git config changes
2026-01-07T13:56:26.6324400Z Adding repository directory to the temporary git global config as a safe directory
2026-01-07T13:56:26.6327010Z [command]/usr/bin/git config --global --add safe.directory /home/runner/work/GenAIAgent/GenAIAgent
2026-01-07T13:56:26.6367213Z Deleting the contents of '/home/runner/work/GenAIAgent/GenAIAgent'
2026-01-07T13:56:26.6371037Z ##[group]Initializing the repository
2026-01-07T13:56:26.6375965Z [command]/usr/bin/git init /home/runner/work/GenAIAgent/GenAIAgent
2026-01-07T13:56:26.6516152Z hint: Using 'master' as the name for the initial branch. This default branch name
2026-01-07T13:56:26.6518359Z hint: will change to "main" in Git 3.0. To configure the initial branch name
2026-01-07T13:56:26.6521013Z hint: to use in all of your new repositories, which will suppress this warning,
2026-01-07T13:56:26.6523024Z hint: call:
2026-01-07T13:56:26.6524282Z hint:
2026-01-07T13:56:26.6526194Z hint: 	git config --global init.defaultBranch <name>
2026-01-07T13:56:26.6528406Z hint:
2026-01-07T13:56:26.6530196Z hint: Names commonly chosen instead of 'master' are 'main', 'trunk' and
2026-01-07T13:56:26.6533314Z hint: 'development'. The just-created branch can be renamed via this command:
2026-01-07T13:56:26.6535821Z hint:
2026-01-07T13:56:26.6537039Z hint: 	git branch -m <name>
2026-01-07T13:56:26.6538658Z hint:
2026-01-07T13:56:26.6540517Z hint: Disable this message with "git config set advice.defaultBranchName false"
2026-01-07T13:56:26.6542541Z Initialized empty Git repository in /home/runner/work/GenAIAgent/GenAIAgent/.git/
2026-01-07T13:56:26.6545854Z [command]/usr/bin/git remote add origin https://github.com/xyraofficial/GenAIAgent
2026-01-07T13:56:26.6571151Z ##[endgroup]
2026-01-07T13:56:26.6573583Z ##[group]Disabling automatic garbage collection
2026-01-07T13:56:26.6575751Z [command]/usr/bin/git config --local gc.auto 0
2026-01-07T13:56:26.6605303Z ##[endgroup]
2026-01-07T13:56:26.6607738Z ##[group]Setting up auth
2026-01-07T13:56:26.6612763Z [command]/usr/bin/git config --local --name-only --get-regexp core\.sshCommand
2026-01-07T13:56:26.6645439Z [command]/usr/bin/git submodule foreach --recursive sh -c "git config --local --name-only --get-regexp 'core\.sshCommand' && git config --local --unset-all 'core.sshCommand' || :"
2026-01-07T13:56:26.7007801Z [command]/usr/bin/git config --local --name-only --get-regexp http\.https\:\/\/github\.com\/\.extraheader
2026-01-07T13:56:26.7036846Z [command]/usr/bin/git submodule foreach --recursive sh -c "git config --local --name-only --get-regexp 'http\.https\:\/\/github\.com\/\.extraheader' && git config --local --unset-all 'http.https://github.com/.extraheader' || :"
2026-01-07T13:56:26.7257942Z [command]/usr/bin/git config --local --name-only --get-regexp ^includeIf\.gitdir:
2026-01-07T13:56:26.7290077Z [command]/usr/bin/git submodule foreach --recursive git config --local --show-origin --name-only --get-regexp remote.origin.url
2026-01-07T13:56:26.7514993Z [command]/usr/bin/git config --local http.https://github.com/.extraheader AUTHORIZATION: basic ***
2026-01-07T13:56:26.7549402Z ##[endgroup]
2026-01-07T13:56:26.7550745Z ##[group]Fetching the repository
2026-01-07T13:56:26.7558210Z [command]/usr/bin/git -c protocol.version=2 fetch --no-tags --prune --no-recurse-submodules --depth=1 origin +a8b7b01dc4fbd9e39345a4736aeaa2d707fa7e62:refs/remotes/origin/main
2026-01-07T13:56:27.0709776Z From https://github.com/xyraofficial/GenAIAgent
2026-01-07T13:56:27.0712345Z  * [new ref]         a8b7b01dc4fbd9e39345a4736aeaa2d707fa7e62 -> origin/main
2026-01-07T13:56:27.0746430Z ##[endgroup]
2026-01-07T13:56:27.0748369Z ##[group]Determining the checkout info
2026-01-07T13:56:27.0749938Z ##[endgroup]
2026-01-07T13:56:27.0752977Z [command]/usr/bin/git sparse-checkout disable
2026-01-07T13:56:27.0795606Z [command]/usr/bin/git config --local --unset-all extensions.worktreeConfig
2026-01-07T13:56:27.0822212Z ##[group]Checking out the ref
2026-01-07T13:56:27.0825938Z [command]/usr/bin/git checkout --progress --force -B main refs/remotes/origin/main
2026-01-07T13:56:27.0947000Z Switched to a new branch 'main'
2026-01-07T13:56:27.0949701Z branch 'main' set up to track 'origin/main'.
2026-01-07T13:56:27.0956667Z ##[endgroup]
2026-01-07T13:56:27.0990590Z [command]/usr/bin/git log -1 --format=%H
2026-01-07T13:56:27.1013883Z a8b7b01dc4fbd9e39345a4736aeaa2d707fa7e62
2026-01-07T13:56:27.1347707Z ##[group]Run actions/setup-java@v4
2026-01-07T13:56:27.1348696Z with:
2026-01-07T13:56:27.1349381Z   java-version: 17
2026-01-07T13:56:27.1350141Z   distribution: temurin
2026-01-07T13:56:27.1350935Z   cache: gradle
2026-01-07T13:56:27.1351662Z   java-package: jdk
2026-01-07T13:56:27.1352424Z   check-latest: false
2026-01-07T13:56:27.1353217Z   server-id: github
2026-01-07T13:56:27.1354001Z   server-username: GITHUB_ACTOR
2026-01-07T13:56:27.1355127Z   server-password: GITHUB_TOKEN
2026-01-07T13:56:27.1356027Z   overwrite-settings: true
2026-01-07T13:56:27.1356875Z   job-status: success
2026-01-07T13:56:27.1358054Z   token: ***
2026-01-07T13:56:27.1358763Z ##[endgroup]
2026-01-07T13:56:27.3405325Z ##[group]Installed distributions
2026-01-07T13:56:27.3475866Z Resolved Java 17.0.17+10 from tool-cache
2026-01-07T13:56:27.3477070Z Setting Java 17.0.17+10 as the default
2026-01-07T13:56:27.3489442Z Creating toolchains.xml for JDK version 17 from temurin
2026-01-07T13:56:27.3565919Z Writing to /home/runner/.m2/toolchains.xml
2026-01-07T13:56:27.3566874Z 
2026-01-07T13:56:27.3567769Z Java configuration:
2026-01-07T13:56:27.3569153Z   Distribution: temurin
2026-01-07T13:56:27.3570356Z   Version: 17.0.17+10
2026-01-07T13:56:27.3571785Z   Path: /opt/hostedtoolcache/Java_Temurin-Hotspot_jdk/17.0.17-10/x64
2026-01-07T13:56:27.3573053Z 
2026-01-07T13:56:27.3574114Z ##[endgroup]
2026-01-07T13:56:27.3588953Z Creating settings.xml with server-id: github
2026-01-07T13:56:27.3590591Z Writing to /home/runner/.m2/settings.xml
2026-01-07T13:56:27.5716021Z Cache hit for: setup-java-Linux-x64-gradle-2e14734e25957f6a3c838beb40d58a9f9e2c761f9b14ee549753200bac25dca4
2026-01-07T13:56:28.7768480Z Received 134217728 of 413608090 (32.5%), 118.8 MBs/sec
2026-01-07T13:56:29.7778879Z Received 310378496 of 413608090 (75.0%), 142.4 MBs/sec
2026-01-07T13:56:30.4901003Z Received 413608090 of 413608090 (100.0%), 141.3 MBs/sec
2026-01-07T13:56:30.4903001Z Cache Size: ~394 MB (413608090 B)
2026-01-07T13:56:30.5038212Z [command]/usr/bin/tar -xf /home/runner/work/_temp/e45e3ea2-5cf3-445f-a096-765c0d3c3839/cache.tzst -P -C /home/runner/work/GenAIAgent/GenAIAgent --use-compress-program unzstd
2026-01-07T13:56:31.9418256Z Cache restored successfully
2026-01-07T13:56:32.0263535Z Cache restored from key: setup-java-Linux-x64-gradle-2e14734e25957f6a3c838beb40d58a9f9e2c761f9b14ee549753200bac25dca4
2026-01-07T13:56:32.0430722Z ##[group]Run chmod +x gradlew
2026-01-07T13:56:32.0431094Z [36;1mchmod +x gradlew[0m
2026-01-07T13:56:32.0469878Z shell: /usr/bin/bash -e {0}
2026-01-07T13:56:32.0470158Z env:
2026-01-07T13:56:32.0470483Z   JAVA_HOME: /opt/hostedtoolcache/Java_Temurin-Hotspot_jdk/17.0.17-10/x64
2026-01-07T13:56:32.0471007Z   JAVA_HOME_17_X64: /opt/hostedtoolcache/Java_Temurin-Hotspot_jdk/17.0.17-10/x64
2026-01-07T13:56:32.0471378Z ##[endgroup]
2026-01-07T13:56:32.0595041Z ##[group]Run ./gradlew assembleDebug --stacktrace
2026-01-07T13:56:32.0595478Z [36;1m./gradlew assembleDebug --stacktrace[0m
2026-01-07T13:56:32.0626491Z shell: /usr/bin/bash -e {0}
2026-01-07T13:56:32.0626746Z env:
2026-01-07T13:56:32.0627050Z   JAVA_HOME: /opt/hostedtoolcache/Java_Temurin-Hotspot_jdk/17.0.17-10/x64
2026-01-07T13:56:32.0627776Z   JAVA_HOME_17_X64: /opt/hostedtoolcache/Java_Temurin-Hotspot_jdk/17.0.17-10/x64
2026-01-07T13:56:32.0628397Z   SUPABASE_URL: ***
2026-01-07T13:56:32.0629596Z   SUPABASE_ANON_KEY: ***
2026-01-07T13:56:32.0630490Z   OPENAI_API_KEY: ***
2026-01-07T13:56:32.0630726Z ##[endgroup]
2026-01-07T13:56:32.7165978Z 
2026-01-07T13:56:32.7168429Z Welcome to Gradle 8.0!
2026-01-07T13:56:32.7168884Z 
2026-01-07T13:56:32.7175621Z For more details see https://docs.gradle.org/8.0/release-notes.html
2026-01-07T13:56:32.7175960Z 
2026-01-07T13:56:32.8170025Z Starting a Gradle Daemon (subsequent builds will be faster)
2026-01-07T13:56:43.4160457Z Checking the license for package Android SDK Build-Tools 30.0.3 in /usr/local/lib/android/sdk/licenses
2026-01-07T13:56:43.4161991Z License for package Android SDK Build-Tools 30.0.3 accepted.
2026-01-07T13:56:43.4183090Z Preparing "Install Android SDK Build-Tools 30.0.3 (revision: 30.0.3)".
2026-01-07T13:56:44.8159659Z "Install Android SDK Build-Tools 30.0.3 (revision: 30.0.3)" ready.
2026-01-07T13:56:44.8161581Z Installing Android SDK Build-Tools 30.0.3 in /usr/local/lib/android/sdk/build-tools/30.0.3
2026-01-07T13:56:44.9189691Z "Install Android SDK Build-Tools 30.0.3 (revision: 30.0.3)" complete.
2026-01-07T13:56:45.0152485Z "Install Android SDK Build-Tools 30.0.3 (revision: 30.0.3)" finished.
2026-01-07T13:56:45.0158681Z Checking the license for package Android SDK Platform 33 in /usr/local/lib/android/sdk/licenses
2026-01-07T13:56:45.0163740Z License for package Android SDK Platform 33 accepted.
2026-01-07T13:56:45.0168814Z Preparing "Install Android SDK Platform 33 (revision: 3)".
2026-01-07T13:56:47.9184373Z "Install Android SDK Platform 33 (revision: 3)" ready.
2026-01-07T13:56:47.9185271Z Installing Android SDK Platform 33 in /usr/local/lib/android/sdk/platforms/android-33
2026-01-07T13:56:47.9186115Z "Install Android SDK Platform 33 (revision: 3)" complete.
2026-01-07T13:56:47.9186794Z "Install Android SDK Platform 33 (revision: 3)" finished.
2026-01-07T13:56:48.2175830Z > Task :app:preBuild UP-TO-DATE
2026-01-07T13:56:48.2178670Z > Task :app:preDebugBuild UP-TO-DATE
2026-01-07T13:56:48.2179357Z > Task :app:mergeDebugNativeDebugMetadata NO-SOURCE
2026-01-07T13:56:48.3154511Z > Task :app:generateDebugBuildConfig
2026-01-07T13:56:48.7198372Z > Task :app:generateDebugResValues
2026-01-07T13:56:48.8159835Z > Task :app:checkDebugAarMetadata
2026-01-07T13:56:48.8160458Z > Task :app:mapDebugSourceSetPaths
2026-01-07T13:56:48.8160947Z > Task :app:generateDebugResources
2026-01-07T13:56:50.2152381Z > Task :app:packageDebugResources
2026-01-07T13:56:50.3154543Z > Task :app:createDebugCompatibleScreenManifests
2026-01-07T13:56:50.3159316Z > Task :app:extractDeepLinksDebug
2026-01-07T13:56:51.1157264Z > Task :app:parseDebugLocalResources
2026-01-07T13:56:51.2151331Z > Task :app:processDebugMainManifest
2026-01-07T13:56:51.4158167Z > Task :app:processDebugManifest
2026-01-07T13:56:51.4163432Z > Task :app:javaPreCompileDebug
2026-01-07T13:56:51.4169727Z > Task :app:mergeDebugShaders
2026-01-07T13:56:51.4172408Z > Task :app:mergeDebugResources
2026-01-07T13:56:51.5161413Z > Task :app:compileDebugShaders NO-SOURCE
2026-01-07T13:56:51.5192191Z > Task :app:generateDebugAssets UP-TO-DATE
2026-01-07T13:56:51.5192994Z > Task :app:mergeDebugAssets
2026-01-07T13:56:51.5193775Z > Task :app:compressDebugAssets
2026-01-07T13:56:51.5194406Z > Task :app:desugarDebugFileDependencies
2026-01-07T13:56:51.5195089Z > Task :app:processDebugJavaRes NO-SOURCE
2026-01-07T13:56:51.7152052Z > Task :app:mergeDebugJniLibFolders
2026-01-07T13:56:51.7158358Z > Task :app:checkDebugDuplicateClasses
2026-01-07T13:56:51.7165798Z > Task :app:mergeDebugNativeLibs NO-SOURCE
2026-01-07T13:56:51.8171650Z > Task :app:processDebugManifestForPackage
2026-01-07T13:56:52.2158170Z > Task :app:stripDebugDebugSymbols NO-SOURCE
2026-01-07T13:56:52.2162362Z > Task :app:mergeLibDexDebug
2026-01-07T13:56:53.5153801Z > Task :app:validateSigningDebug
2026-01-07T13:56:53.5157864Z > Task :app:writeDebugAppMetadata
2026-01-07T13:56:53.6180236Z > Task :app:writeDebugSigningConfigVersions
2026-01-07T13:56:53.7151682Z > Task :app:processDebugResources
2026-01-07T13:56:58.4168761Z > Task :app:mergeExtDexDebug
2026-01-07T13:57:03.3156491Z 
2026-01-07T13:57:03.3157034Z > Task :app:compileDebugKotlin FAILED
2026-01-07T13:57:03.3201034Z e: file:///home/runner/work/GenAIAgent/GenAIAgent/app/src/main/java/com/genai/app/MainActivity.kt:2:19 Conflicting import, imported name 'Bundle' is ambiguous
2026-01-07T13:57:03.3238720Z e: file:///home/runner/work/GenAIAgent/GenAIAgent/app/src/main/java/com/genai/app/MainActivity.kt:3:21 Conflicting import, imported name 'MenuItem' is ambiguous
2026-01-07T13:57:03.3249079Z e: file:///home/runner/work/GenAIAgent/GenAIAgent/app/src/main/java/com/genai/app/MainActivity.kt:4:23 Conflicting import, imported name 'EditText' is ambiguous
2026-01-07T13:57:03.3251323Z e: file:///home/runner/work/GenAIAgent/GenAIAgent/app/src/main/java/com/genai/app/MainActivity.kt:5:23 Conflicting import, imported name 'ImageView' is ambiguous
2026-01-07T13:57:03.3253439Z e: file:///home/runner/work/GenAIAgent/GenAIAgent/app/src/main/java/com/genai/app/MainActivity.kt:6:23 Conflicting import, imported name 'TextView' is ambiguous
2026-01-07T13:57:03.3255543Z e: file:///home/runner/work/GenAIAgent/GenAIAgent/app/src/main/java/com/genai/app/MainActivity.kt:7:23 Conflicting import, imported name 'Toast' is ambiguous
2026-01-07T13:57:03.3258373Z e: file:///home/runner/work/GenAIAgent/GenAIAgent/app/src/main/java/com/genai/app/MainActivity.kt:8:31 Conflicting import, imported name 'ActionBarDrawerToggle' is ambiguous
2026-01-07T13:57:03.3260695Z e: file:///home/runner/work/GenAIAgent/GenAIAgent/app/src/main/java/com/genai/app/MainActivity.kt:9:31 Conflicting import, imported name 'AppCompatActivity' is ambiguous
2026-01-07T13:57:03.3262967Z e: file:///home/runner/work/GenAIAgent/GenAIAgent/app/src/main/java/com/genai/app/MainActivity.kt:10:27 Conflicting import, imported name 'GravityCompat' is ambiguous
2026-01-07T13:57:03.3265207Z e: file:///home/runner/work/GenAIAgent/GenAIAgent/app/src/main/java/com/genai/app/MainActivity.kt:11:37 Conflicting import, imported name 'DrawerLayout' is ambiguous
2026-01-07T13:57:03.3267674Z e: file:///home/runner/work/GenAIAgent/GenAIAgent/app/src/main/java/com/genai/app/MainActivity.kt:12:37 Conflicting import, imported name 'LinearLayoutManager' is ambiguous
2026-01-07T13:57:03.3269981Z e: file:///home/runner/work/GenAIAgent/GenAIAgent/app/src/main/java/com/genai/app/MainActivity.kt:13:37 Conflicting import, imported name 'RecyclerView' is ambiguous
2026-01-07T13:57:03.3272205Z e: file:///home/runner/work/GenAIAgent/GenAIAgent/app/src/main/java/com/genai/app/MainActivity.kt:14:27 Conflicting import, imported name 'Message' is ambiguous
2026-01-07T13:57:03.3274396Z e: file:///home/runner/work/GenAIAgent/GenAIAgent/app/src/main/java/com/genai/app/MainActivity.kt:15:27 Conflicting import, imported name 'OpenAIClient' is ambiguous
2026-01-07T13:57:03.3276726Z e: file:///home/runner/work/GenAIAgent/GenAIAgent/app/src/main/java/com/genai/app/MainActivity.kt:16:57 Conflicting import, imported name 'FloatingActionButton' is ambiguous
2026-01-07T13:57:03.3278988Z e: file:///home/runner/work/GenAIAgent/GenAIAgent/app/src/main/java/com/genai/app/MainActivity.kt:17:47 Conflicting import, imported name 'NavigationView' is ambiguous
2026-01-07T13:57:03.3281147Z e: file:///home/runner/work/GenAIAgent/GenAIAgent/app/src/main/java/com/genai/app/MainActivity.kt:18:27 Conflicting import, imported name 'CoroutineScope' is ambiguous
2026-01-07T13:57:03.3283566Z e: file:///home/runner/work/GenAIAgent/GenAIAgent/app/src/main/java/com/genai/app/MainActivity.kt:19:27 Conflicting import, imported name 'Dispatchers' is ambiguous
2026-01-07T13:57:03.3285695Z e: file:///home/runner/work/GenAIAgent/GenAIAgent/app/src/main/java/com/genai/app/MainActivity.kt:23:16 Conflicting import, imported name 'OkHttpClient' is ambiguous
2026-01-07T13:57:03.3287951Z e: file:///home/runner/work/GenAIAgent/GenAIAgent/app/src/main/java/com/genai/app/MainActivity.kt:24:16 Conflicting import, imported name 'Request' is ambiguous
2026-01-07T13:57:03.3290007Z e: file:///home/runner/work/GenAIAgent/GenAIAgent/app/src/main/java/com/genai/app/MainActivity.kt:26:17 Conflicting import, imported name 'JSONArray' is ambiguous
2026-01-07T13:57:03.3292100Z e: file:///home/runner/work/GenAIAgent/GenAIAgent/app/src/main/java/com/genai/app/MainActivity.kt:27:17 Conflicting import, imported name 'JSONObject' is ambiguous
2026-01-07T13:57:03.3294150Z e: file:///home/runner/work/GenAIAgent/GenAIAgent/app/src/main/java/com/genai/app/MainActivity.kt:31:19 Conflicting import, imported name 'Bundle' is ambiguous
2026-01-07T13:57:03.3296237Z e: file:///home/runner/work/GenAIAgent/GenAIAgent/app/src/main/java/com/genai/app/MainActivity.kt:33:21 Conflicting import, imported name 'MenuItem' is ambiguous
2026-01-07T13:57:03.3298496Z e: file:///home/runner/work/GenAIAgent/GenAIAgent/app/src/main/java/com/genai/app/MainActivity.kt:34:23 Conflicting import, imported name 'EditText' is ambiguous
2026-01-07T13:57:03.3300483Z e: file:///home/runner/work/GenAIAgent/GenAIAgent/app/src/main/java/com/genai/app/MainActivity.kt:35:23 Conflicting import, imported name 'ImageView' is ambiguous
2026-01-07T13:57:03.3302480Z e: file:///home/runner/work/GenAIAgent/GenAIAgent/app/src/main/java/com/genai/app/MainActivity.kt:36:23 Conflicting import, imported name 'TextView' is ambiguous
2026-01-07T13:57:03.3304702Z e: file:///home/runner/work/GenAIAgent/GenAIAgent/app/src/main/java/com/genai/app/MainActivity.kt:37:23 Conflicting import, imported name 'Toast' is ambiguous
2026-01-07T13:57:03.3306802Z e: file:///home/runner/work/GenAIAgent/GenAIAgent/app/src/main/java/com/genai/app/MainActivity.kt:38:31 Conflicting import, imported name 'ActionBarDrawerToggle' is ambiguous
2026-01-07T13:57:03.3309228Z e: file:///home/runner/work/GenAIAgent/GenAIAgent/app/src/main/java/com/genai/app/MainActivity.kt:39:31 Conflicting import, imported name 'AppCompatActivity' is ambiguous
2026-01-07T13:57:03.3311341Z e: file:///home/runner/work/GenAIAgent/GenAIAgent/app/src/main/java/com/genai/app/MainActivity.kt:40:27 Conflicting import, imported name 'GravityCompat' is ambiguous
2026-01-07T13:57:03.3313390Z e: file:///home/runner/work/GenAIAgent/GenAIAgent/app/src/main/java/com/genai/app/MainActivity.kt:41:37 Conflicting import, imported name 'DrawerLayout' is ambiguous
2026-01-07T13:57:03.3315514Z e: file:///home/runner/work/GenAIAgent/GenAIAgent/app/src/main/java/com/genai/app/MainActivity.kt:42:37 Conflicting import, imported name 'LinearLayoutManager' is ambiguous
2026-01-07T13:57:03.3317806Z e: file:///home/runner/work/GenAIAgent/GenAIAgent/app/src/main/java/com/genai/app/MainActivity.kt:43:37 Conflicting import, imported name 'RecyclerView' is ambiguous
2026-01-07T13:57:03.3319828Z e: file:///home/runner/work/GenAIAgent/GenAIAgent/app/src/main/java/com/genai/app/MainActivity.kt:44:27 Conflicting import, imported name 'Message' is ambiguous
2026-01-07T13:57:03.3321925Z e: file:///home/runner/work/GenAIAgent/GenAIAgent/app/src/main/java/com/genai/app/MainActivity.kt:45:27 Conflicting import, imported name 'OpenAIClient' is ambiguous
2026-01-07T13:57:03.3324031Z e: file:///home/runner/work/GenAIAgent/GenAIAgent/app/src/main/java/com/genai/app/MainActivity.kt:46:57 Conflicting import, imported name 'FloatingActionButton' is ambiguous
2026-01-07T13:57:03.3326210Z e: file:///home/runner/work/GenAIAgent/GenAIAgent/app/src/main/java/com/genai/app/MainActivity.kt:47:47 Conflicting import, imported name 'NavigationView' is ambiguous
2026-01-07T13:57:03.3328721Z e: file:///home/runner/work/GenAIAgent/GenAIAgent/app/src/main/java/com/genai/app/MainActivity.kt:48:27 Conflicting import, imported name 'CoroutineScope' is ambiguous
2026-01-07T13:57:03.3330885Z e: file:///home/runner/work/GenAIAgent/GenAIAgent/app/src/main/java/com/genai/app/MainActivity.kt:49:27 Conflicting import, imported name 'Dispatchers' is ambiguous
2026-01-07T13:57:03.3332939Z e: file:///home/runner/work/GenAIAgent/GenAIAgent/app/src/main/java/com/genai/app/MainActivity.kt:53:16 Conflicting import, imported name 'OkHttpClient' is ambiguous
2026-01-07T13:57:03.3335008Z e: file:///home/runner/work/GenAIAgent/GenAIAgent/app/src/main/java/com/genai/app/MainActivity.kt:54:16 Conflicting import, imported name 'Request' is ambiguous
2026-01-07T13:57:03.3337031Z e: file:///home/runner/work/GenAIAgent/GenAIAgent/app/src/main/java/com/genai/app/MainActivity.kt:56:17 Conflicting import, imported name 'JSONArray' is ambiguous
2026-01-07T13:57:03.3339217Z e: file:///home/runner/work/GenAIAgent/GenAIAgent/app/src/main/java/com/genai/app/MainActivity.kt:57:17 Conflicting import, imported name 'JSONObject' is ambiguous
2026-01-07T13:57:03.3341091Z e: file:///home/runner/work/GenAIAgent/GenAIAgent/app/src/main/java/com/genai/app/MainActivity.kt:210:32 Unresolved reference: prefs
2026-01-07T13:57:03.3342759Z e: file:///home/runner/work/GenAIAgent/GenAIAgent/app/src/main/java/com/genai/app/MainActivity.kt:211:17 Unresolved reference: prefs
2026-01-07T13:57:03.3344460Z e: file:///home/runner/work/GenAIAgent/GenAIAgent/app/src/main/java/com/genai/app/MainActivity.kt:216:34 Unresolved reference: prefs
2026-01-07T13:57:03.3346141Z e: file:///home/runner/work/GenAIAgent/GenAIAgent/app/src/main/java/com/genai/app/MainActivity.kt:217:17 Unresolved reference: prefs
2026-01-07T13:57:03.3348283Z e: file:///home/runner/work/GenAIAgent/GenAIAgent/app/src/main/java/com/genai/app/MainActivity.kt:300:58 Overload resolution ambiguity: 
2026-01-07T13:57:03.3349650Z public final fun String.toMediaType(): MediaType defined in okhttp3.MediaType.Companion
2026-01-07T13:57:03.3350653Z public final fun String.toMediaType(): MediaType defined in okhttp3.MediaType.Companion
2026-01-07T13:57:03.3352020Z e: file:///home/runner/work/GenAIAgent/GenAIAgent/app/src/main/java/com/genai/app/SettingsActivity.kt:41:21 Unresolved reference: prefs
2026-01-07T13:57:03.3353771Z e: file:///home/runner/work/GenAIAgent/GenAIAgent/app/src/main/java/com/genai/app/SettingsActivity.kt:48:78 Unresolved reference: prefs
2026-01-07T13:57:03.3355513Z e: file:///home/runner/work/GenAIAgent/GenAIAgent/app/src/main/java/com/genai/app/SettingsActivity.kt:52:38 Unresolved reference: prefs
2026-01-07T13:57:03.3357239Z e: file:///home/runner/work/GenAIAgent/GenAIAgent/app/src/main/java/com/genai/app/SettingsActivity.kt:54:13 Unresolved reference: prefs
2026-01-07T13:57:03.3359141Z e: file:///home/runner/work/GenAIAgent/GenAIAgent/app/src/main/java/com/genai/app/SettingsActivity.kt:71:21 Unresolved reference: prefs
2026-01-07T13:57:03.3360881Z e: file:///home/runner/work/GenAIAgent/GenAIAgent/app/src/main/java/com/genai/app/SettingsActivity.kt:78:29 Unresolved reference: prefs
2026-01-07T13:57:03.3362641Z e: file:///home/runner/work/GenAIAgent/GenAIAgent/app/src/main/java/com/genai/app/SettingsActivity.kt:79:13 Unresolved reference: prefs
2026-01-07T13:57:03.3363592Z 
2026-01-07T13:57:03.3363781Z FAILURE: Build failed with an exception.
2026-01-07T13:57:03.3364089Z 
2026-01-07T13:57:03.3364237Z * What went wrong:
2026-01-07T13:57:03.3364662Z Execution failed for task ':app:compileDebugKotlin'.
2026-01-07T13:57:03.3365869Z > A failure occurred while executing org.jetbrains.kotlin.compilerRunner.GradleCompilerRunnerWithWorkers$GradleKotlinCompilerWorkAction
2026-01-07T13:57:03.3366976Z    > Compilation error. See log for more details
2026-01-07T13:57:03.3367325Z 
2026-01-07T13:57:03.3367598Z * Try:
2026-01-07T13:57:03.3368019Z > Run with --info or --debug option to get more log output.
2026-01-07T13:57:03.3368569Z > Run with --scan to get full insights.
2026-01-07T13:57:03.3369036Z 
2026-01-07T13:57:03.3369171Z * Exception is:
2026-01-07T13:57:03.3370121Z org.gradle.api.tasks.TaskExecutionException: Execution failed for task ':app:compileDebugKotlin'.
2026-01-07T13:57:03.3371572Z 	at org.gradle.api.internal.tasks.execution.ExecuteActionsTaskExecuter.lambda$executeIfValid$1(ExecuteActionsTaskExecuter.java:149)
2026-01-07T13:57:03.3372788Z 	at org.gradle.internal.Try$Failure.ifSuccessfulOrElse(Try.java:282)
2026-01-07T13:57:03.3373973Z 	at org.gradle.api.internal.tasks.execution.ExecuteActionsTaskExecuter.executeIfValid(ExecuteActionsTaskExecuter.java:147)
2026-01-07T13:57:03.3375536Z 	at org.gradle.api.internal.tasks.execution.ExecuteActionsTaskExecuter.execute(ExecuteActionsTaskExecuter.java:135)
2026-01-07T13:57:03.3377076Z 	at org.gradle.api.internal.tasks.execution.FinalizePropertiesTaskExecuter.execute(FinalizePropertiesTaskExecuter.java:46)
2026-01-07T13:57:03.3378959Z 	at org.gradle.api.internal.tasks.execution.ResolveTaskExecutionModeExecuter.execute(ResolveTaskExecutionModeExecuter.java:51)
2026-01-07T13:57:03.3380712Z 	at org.gradle.api.internal.tasks.execution.SkipTaskWithNoActionsExecuter.execute(SkipTaskWithNoActionsExecuter.java:57)
2026-01-07T13:57:03.3382272Z 	at org.gradle.api.internal.tasks.execution.SkipOnlyIfTaskExecuter.execute(SkipOnlyIfTaskExecuter.java:74)
2026-01-07T13:57:03.3383812Z 	at org.gradle.api.internal.tasks.execution.CatchExceptionTaskExecuter.execute(CatchExceptionTaskExecuter.java:36)
2026-01-07T13:57:03.3385370Z 	at org.gradle.api.internal.tasks.execution.EventFiringTaskExecuter$1.executeTask(EventFiringTaskExecuter.java:77)
2026-01-07T13:57:03.3386774Z 	at org.gradle.api.internal.tasks.execution.EventFiringTaskExecuter$1.call(EventFiringTaskExecuter.java:55)
2026-01-07T13:57:03.3388353Z 	at org.gradle.api.internal.tasks.execution.EventFiringTaskExecuter$1.call(EventFiringTaskExecuter.java:52)
2026-01-07T13:57:03.3390286Z 	at org.gradle.internal.operations.DefaultBuildOperationRunner$CallableBuildOperationWorker.execute(DefaultBuildOperationRunner.java:204)
2026-01-07T13:57:03.3392191Z 	at org.gradle.internal.operations.DefaultBuildOperationRunner$CallableBuildOperationWorker.execute(DefaultBuildOperationRunner.java:199)
2026-01-07T13:57:03.3393795Z 	at org.gradle.internal.operations.DefaultBuildOperationRunner$2.execute(DefaultBuildOperationRunner.java:66)
2026-01-07T13:57:03.3395194Z 	at org.gradle.internal.operations.DefaultBuildOperationRunner$2.execute(DefaultBuildOperationRunner.java:59)
2026-01-07T13:57:03.3396614Z 	at org.gradle.internal.operations.DefaultBuildOperationRunner.execute(DefaultBuildOperationRunner.java:157)
2026-01-07T13:57:03.3398242Z 	at org.gradle.internal.operations.DefaultBuildOperationRunner.execute(DefaultBuildOperationRunner.java:59)
2026-01-07T13:57:03.3399619Z 	at org.gradle.internal.operations.DefaultBuildOperationRunner.call(DefaultBuildOperationRunner.java:53)
2026-01-07T13:57:03.3401023Z 	at org.gradle.internal.operations.DefaultBuildOperationExecutor.call(DefaultBuildOperationExecutor.java:73)
2026-01-07T13:57:03.3402404Z 	at org.gradle.api.internal.tasks.execution.EventFiringTaskExecuter.execute(EventFiringTaskExecuter.java:52)
2026-01-07T13:57:03.3403653Z 	at org.gradle.execution.plan.LocalTaskNodeExecutor.execute(LocalTaskNodeExecutor.java:42)
2026-01-07T13:57:03.3405056Z 	at org.gradle.execution.taskgraph.DefaultTaskExecutionGraph$InvokeNodeExecutorsAction.execute(DefaultTaskExecutionGraph.java:338)
2026-01-07T13:57:03.3406763Z 	at org.gradle.execution.taskgraph.DefaultTaskExecutionGraph$InvokeNodeExecutorsAction.execute(DefaultTaskExecutionGraph.java:325)
2026-01-07T13:57:03.3408696Z 	at org.gradle.execution.taskgraph.DefaultTaskExecutionGraph$BuildOperationAwareExecutionAction.execute(DefaultTaskExecutionGraph.java:318)
2026-01-07T13:57:03.3410540Z 	at org.gradle.execution.taskgraph.DefaultTaskExecutionGraph$BuildOperationAwareExecutionAction.execute(DefaultTaskExecutionGraph.java:304)
2026-01-07T13:57:03.3412111Z 	at org.gradle.execution.plan.DefaultPlanExecutor$ExecutorWorker.execute(DefaultPlanExecutor.java:463)
2026-01-07T13:57:03.3413334Z 	at org.gradle.execution.plan.DefaultPlanExecutor$ExecutorWorker.run(DefaultPlanExecutor.java:380)
2026-01-07T13:57:03.3414840Z 	at org.gradle.internal.concurrent.ExecutorPolicy$CatchAndRecordFailures.onExecute(ExecutorPolicy.java:64)
2026-01-07T13:57:03.3416081Z 	at org.gradle.internal.concurrent.ManagedExecutorImpl$1.run(ManagedExecutorImpl.java:49)
2026-01-07T13:57:03.3418203Z Caused by: org.gradle.workers.internal.DefaultWorkerExecutor$WorkExecutionException: A failure occurred while executing org.jetbrains.kotlin.compilerRunner.GradleCompilerRunnerWithWorkers$GradleKotlinCompilerWorkAction
2026-01-07T13:57:03.3420389Z 	at org.gradle.workers.internal.DefaultWorkerExecutor$WorkItemExecution.waitForCompletion(DefaultWorkerExecutor.java:283)
2026-01-07T13:57:03.3421979Z 	at org.gradle.internal.work.DefaultAsyncWorkTracker.lambda$waitForItemsAndGatherFailures$2(DefaultAsyncWorkTracker.java:130)
2026-01-07T13:57:03.3423129Z 	at org.gradle.internal.Factories$1.create(Factories.java:31)
2026-01-07T13:57:03.3424131Z 	at org.gradle.internal.work.DefaultWorkerLeaseService.withoutLocks(DefaultWorkerLeaseService.java:321)
2026-01-07T13:57:03.3425456Z 	at org.gradle.internal.work.DefaultWorkerLeaseService.withoutLocks(DefaultWorkerLeaseService.java:304)
2026-01-07T13:57:03.3426799Z 	at org.gradle.internal.work.DefaultWorkerLeaseService.withoutLock(DefaultWorkerLeaseService.java:309)
2026-01-07T13:57:03.3428403Z 	at org.gradle.internal.work.DefaultAsyncWorkTracker.waitForItemsAndGatherFailures(DefaultAsyncWorkTracker.java:126)
2026-01-07T13:57:03.3429966Z 	at org.gradle.internal.work.DefaultAsyncWorkTracker.waitForItemsAndGatherFailures(DefaultAsyncWorkTracker.java:92)
2026-01-07T13:57:03.3431347Z 	at org.gradle.internal.work.DefaultAsyncWorkTracker.waitForAll(DefaultAsyncWorkTracker.java:78)
2026-01-07T13:57:03.3432907Z 	at org.gradle.internal.work.DefaultAsyncWorkTracker.waitForCompletion(DefaultAsyncWorkTracker.java:66)
2026-01-07T13:57:03.3434110Z 	at org.gradle.api.internal.tasks.execution.TaskExecution$3.run(TaskExecution.java:250)
2026-01-07T13:57:03.3435372Z 	at org.gradle.internal.operations.DefaultBuildOperationRunner$1.execute(DefaultBuildOperationRunner.java:29)
2026-01-07T13:57:03.3436788Z 	at org.gradle.internal.operations.DefaultBuildOperationRunner$1.execute(DefaultBuildOperationRunner.java:26)
2026-01-07T13:57:03.3438451Z 	at org.gradle.internal.operations.DefaultBuildOperationRunner$2.execute(DefaultBuildOperationRunner.java:66)
2026-01-07T13:57:03.3439809Z 	at org.gradle.internal.operations.DefaultBuildOperationRunner$2.execute(DefaultBuildOperationRunner.java:59)
2026-01-07T13:57:03.3441226Z 	at org.gradle.internal.operations.DefaultBuildOperationRunner.execute(DefaultBuildOperationRunner.java:157)
2026-01-07T13:57:03.3442643Z 	at org.gradle.internal.operations.DefaultBuildOperationRunner.execute(DefaultBuildOperationRunner.java:59)
2026-01-07T13:57:03.3444017Z 	at org.gradle.internal.operations.DefaultBuildOperationRunner.run(DefaultBuildOperationRunner.java:47)
2026-01-07T13:57:03.3445394Z 	at org.gradle.internal.operations.DefaultBuildOperationExecutor.run(DefaultBuildOperationExecutor.java:68)
2026-01-07T13:57:03.3446699Z 	at org.gradle.api.internal.tasks.execution.TaskExecution.executeAction(TaskExecution.java:227)
2026-01-07T13:57:03.3448124Z 	at org.gradle.api.internal.tasks.execution.TaskExecution.executeActions(TaskExecution.java:210)
2026-01-07T13:57:03.3449469Z 	at org.gradle.api.internal.tasks.execution.TaskExecution.executeWithPreviousOutputFiles(TaskExecution.java:193)
2026-01-07T13:57:03.3450781Z 	at org.gradle.api.internal.tasks.execution.TaskExecution.execute(TaskExecution.java:166)
2026-01-07T13:57:03.3451887Z 	at org.gradle.internal.execution.steps.ExecuteStep.executeInternal(ExecuteStep.java:93)
2026-01-07T13:57:03.3452952Z 	at org.gradle.internal.execution.steps.ExecuteStep.access$000(ExecuteStep.java:44)
2026-01-07T13:57:03.3453922Z 	at org.gradle.internal.execution.steps.ExecuteStep$1.call(ExecuteStep.java:57)
2026-01-07T13:57:03.3454844Z 	at org.gradle.internal.execution.steps.ExecuteStep$1.call(ExecuteStep.java:54)
2026-01-07T13:57:03.3456481Z 	at org.gradle.internal.operations.DefaultBuildOperationRunner$CallableBuildOperationWorker.execute(DefaultBuildOperationRunner.java:204)
2026-01-07T13:57:03.3458458Z 	at org.gradle.internal.operations.DefaultBuildOperationRunner$CallableBuildOperationWorker.execute(DefaultBuildOperationRunner.java:199)
2026-01-07T13:57:03.3460047Z 	at org.gradle.internal.operations.DefaultBuildOperationRunner$2.execute(DefaultBuildOperationRunner.java:66)
2026-01-07T13:57:03.3461416Z 	at org.gradle.internal.operations.DefaultBuildOperationRunner$2.execute(DefaultBuildOperationRunner.java:59)
2026-01-07T13:57:03.3462748Z 	at org.gradle.internal.operations.DefaultBuildOperationRunner.execute(DefaultBuildOperationRunner.java:157)
2026-01-07T13:57:03.3464158Z 	at org.gradle.internal.operations.DefaultBuildOperationRunner.execute(DefaultBuildOperationRunner.java:59)
2026-01-07T13:57:03.3465539Z 	at org.gradle.internal.operations.DefaultBuildOperationRunner.call(DefaultBuildOperationRunner.java:53)
2026-01-07T13:57:03.3466938Z 	at org.gradle.internal.operations.DefaultBuildOperationExecutor.call(DefaultBuildOperationExecutor.java:73)
2026-01-07T13:57:03.3468340Z 	at org.gradle.internal.execution.steps.ExecuteStep.execute(ExecuteStep.java:54)
2026-01-07T13:57:03.3469314Z 	at org.gradle.internal.execution.steps.ExecuteStep.execute(ExecuteStep.java:44)
2026-01-07T13:57:03.3470505Z 	at org.gradle.internal.execution.steps.RemovePreviousOutputsStep.execute(RemovePreviousOutputsStep.java:67)
2026-01-07T13:57:03.3471891Z 	at org.gradle.internal.execution.steps.RemovePreviousOutputsStep.execute(RemovePreviousOutputsStep.java:37)
2026-01-07T13:57:03.3473196Z 	at org.gradle.internal.execution.steps.CancelExecutionStep.execute(CancelExecutionStep.java:41)
2026-01-07T13:57:03.3474636Z 	at org.gradle.internal.execution.steps.TimeoutStep.executeWithoutTimeout(TimeoutStep.java:74)
2026-01-07T13:57:03.3475725Z 	at org.gradle.internal.execution.steps.TimeoutStep.execute(TimeoutStep.java:55)
2026-01-07T13:57:03.3476766Z 	at org.gradle.internal.execution.steps.CreateOutputsStep.execute(CreateOutputsStep.java:50)
2026-01-07T13:57:03.3503103Z 	at org.gradle.internal.execution.steps.CreateOutputsStep.execute(CreateOutputsStep.java:28)
2026-01-07T13:57:03.3504761Z 	at org.gradle.internal.execution.steps.CaptureStateAfterExecutionStep.executeDelegateBroadcastingChanges(CaptureStateAfterExecutionStep.java:100)
2026-01-07T13:57:03.3506573Z 	at org.gradle.internal.execution.steps.CaptureStateAfterExecutionStep.execute(CaptureStateAfterExecutionStep.java:72)
2026-01-07T13:57:03.3508338Z 	at org.gradle.internal.execution.steps.CaptureStateAfterExecutionStep.execute(CaptureStateAfterExecutionStep.java:50)
2026-01-07T13:57:03.3509789Z 	at org.gradle.internal.execution.steps.ResolveInputChangesStep.execute(ResolveInputChangesStep.java:40)
2026-01-07T13:57:03.3510698Z 26 actionable tasks: 26 executed
2026-01-07T13:57:03.3514976Z 	at org.gradle.internal.execution.steps.ResolveInputChangesStep.execute(ResolveInputChangesStep.java:29)
2026-01-07T13:57:03.3517639Z 	at org.gradle.internal.execution.steps.BuildCacheStep.executeWithoutCache(BuildCacheStep.java:166)
2026-01-07T13:57:03.3518906Z 	at org.gradle.internal.execution.steps.BuildCacheStep.lambda$execute$1(BuildCacheStep.java:70)
2026-01-07T13:57:03.3519847Z 	at org.gradle.internal.Either$Right.fold(Either.java:175)
2026-01-07T13:57:03.3520670Z 	at org.gradle.internal.execution.caching.CachingState.fold(CachingState.java:59)
2026-01-07T13:57:03.3521691Z 	at org.gradle.internal.execution.steps.BuildCacheStep.execute(BuildCacheStep.java:68)
2026-01-07T13:57:03.3522730Z 	at org.gradle.internal.execution.steps.BuildCacheStep.execute(BuildCacheStep.java:46)
2026-01-07T13:57:03.3523918Z 	at org.gradle.internal.execution.steps.StoreExecutionStateStep.execute(StoreExecutionStateStep.java:36)
2026-01-07T13:57:03.3525258Z 	at org.gradle.internal.execution.steps.StoreExecutionStateStep.execute(StoreExecutionStateStep.java:25)
2026-01-07T13:57:03.3526490Z 	at org.gradle.internal.execution.steps.RecordOutputsStep.execute(RecordOutputsStep.java:36)
2026-01-07T13:57:03.3528134Z 	at org.gradle.internal.execution.steps.RecordOutputsStep.execute(RecordOutputsStep.java:22)
2026-01-07T13:57:03.3529327Z 	at org.gradle.internal.execution.steps.SkipUpToDateStep.executeBecause(SkipUpToDateStep.java:91)
2026-01-07T13:57:03.3530557Z 	at org.gradle.internal.execution.steps.SkipUpToDateStep.lambda$execute$2(SkipUpToDateStep.java:55)
2026-01-07T13:57:03.3531685Z 	at org.gradle.internal.execution.steps.SkipUpToDateStep.execute(SkipUpToDateStep.java:55)
2026-01-07T13:57:03.3532731Z 	at org.gradle.internal.execution.steps.SkipUpToDateStep.execute(SkipUpToDateStep.java:37)
2026-01-07T13:57:03.3533808Z 	at org.gradle.internal.execution.steps.ResolveChangesStep.execute(ResolveChangesStep.java:65)
2026-01-07T13:57:03.3534888Z 	at org.gradle.internal.execution.steps.ResolveChangesStep.execute(ResolveChangesStep.java:36)
2026-01-07T13:57:03.3536204Z 	at org.gradle.internal.execution.steps.legacy.MarkSnapshottingInputsFinishedStep.execute(MarkSnapshottingInputsFinishedStep.java:37)
2026-01-07T13:57:03.3538072Z 	at org.gradle.internal.execution.steps.legacy.MarkSnapshottingInputsFinishedStep.execute(MarkSnapshottingInputsFinishedStep.java:27)
2026-01-07T13:57:03.3539494Z 	at org.gradle.internal.execution.steps.ResolveCachingStateStep.execute(ResolveCachingStateStep.java:76)
2026-01-07T13:57:03.3540688Z 	at org.gradle.internal.execution.steps.ResolveCachingStateStep.execute(ResolveCachingStateStep.java:37)
2026-01-07T13:57:03.3541810Z 	at org.gradle.internal.execution.steps.ValidateStep.execute(ValidateStep.java:94)
2026-01-07T13:57:03.3542825Z 	at org.gradle.internal.execution.steps.ValidateStep.execute(ValidateStep.java:49)
2026-01-07T13:57:03.3546785Z 	at org.gradle.internal.execution.steps.CaptureStateBeforeExecutionStep.execute(CaptureStateBeforeExecutionStep.java:71)
2026-01-07T13:57:03.3548686Z 	at org.gradle.internal.execution.steps.CaptureStateBeforeExecutionStep.execute(CaptureStateBeforeExecutionStep.java:45)
2026-01-07T13:57:03.3550203Z 	at org.gradle.internal.execution.steps.SkipEmptyWorkStep.executeWithNonEmptySources(SkipEmptyWorkStep.java:177)
2026-01-07T13:57:03.3551455Z 	at org.gradle.internal.execution.steps.SkipEmptyWorkStep.execute(SkipEmptyWorkStep.java:86)
2026-01-07T13:57:03.3552577Z 	at org.gradle.internal.execution.steps.SkipEmptyWorkStep.execute(SkipEmptyWorkStep.java:53)
2026-01-07T13:57:03.3553875Z 	at org.gradle.internal.execution.steps.RemoveUntrackedExecutionStateStep.execute(RemoveUntrackedExecutionStateStep.java:32)
2026-01-07T13:57:03.3554838Z 	at org.gradle.internal.execution.steps.RemoveUntrackedExecutionStateStep.execute(RemoveUntrackedExecutionStateStep.java:21)
2026-01-07T13:57:03.3555794Z 	at org.gradle.internal.execution.steps.legacy.MarkSnapshottingInputsStartedStep.execute(MarkSnapshottingInputsStartedStep.java:38)
2026-01-07T13:57:03.3556715Z 	at org.gradle.internal.execution.steps.LoadPreviousExecutionStateStep.execute(LoadPreviousExecutionStateStep.java:36)
2026-01-07T13:57:03.3558311Z 	at org.gradle.internal.execution.steps.LoadPreviousExecutionStateStep.execute(LoadPreviousExecutionStateStep.java:23)
2026-01-07T13:57:03.3559184Z 	at org.gradle.internal.execution.steps.CleanupStaleOutputsStep.execute(CleanupStaleOutputsStep.java:75)
2026-01-07T13:57:03.3559935Z 	at org.gradle.internal.execution.steps.CleanupStaleOutputsStep.execute(CleanupStaleOutputsStep.java:41)
2026-01-07T13:57:03.3560670Z 	at org.gradle.internal.execution.steps.AssignWorkspaceStep.lambda$execute$0(AssignWorkspaceStep.java:32)
2026-01-07T13:57:03.3561357Z 	at org.gradle.api.internal.tasks.execution.TaskExecution$4.withWorkspace(TaskExecution.java:287)
2026-01-07T13:57:03.3562018Z 	at org.gradle.internal.execution.steps.AssignWorkspaceStep.execute(AssignWorkspaceStep.java:30)
2026-01-07T13:57:03.3562691Z 	at org.gradle.internal.execution.steps.AssignWorkspaceStep.execute(AssignWorkspaceStep.java:21)
2026-01-07T13:57:03.3563338Z 	at org.gradle.internal.execution.steps.IdentityCacheStep.execute(IdentityCacheStep.java:37)
2026-01-07T13:57:03.3564449Z 	at org.gradle.internal.execution.steps.IdentityCacheStep.execute(IdentityCacheStep.java:27)
2026-01-07T13:57:03.3565092Z 	at org.gradle.internal.execution.steps.IdentifyStep.execute(IdentifyStep.java:42)
2026-01-07T13:57:03.3565650Z 	at org.gradle.internal.execution.steps.IdentifyStep.execute(IdentifyStep.java:31)
2026-01-07T13:57:03.3566279Z 	at org.gradle.internal.execution.impl.DefaultExecutionEngine$1.execute(DefaultExecutionEngine.java:64)
2026-01-07T13:57:03.3567085Z 	at org.gradle.api.internal.tasks.execution.ExecuteActionsTaskExecuter.executeIfValid(ExecuteActionsTaskExecuter.java:146)
2026-01-07T13:57:03.3568233Z 	at org.gradle.api.internal.tasks.execution.ExecuteActionsTaskExecuter.execute(ExecuteActionsTaskExecuter.java:135)
2026-01-07T13:57:03.3569182Z 	at org.gradle.api.internal.tasks.execution.FinalizePropertiesTaskExecuter.execute(FinalizePropertiesTaskExecuter.java:46)
2026-01-07T13:57:03.3570085Z 	at org.gradle.api.internal.tasks.execution.ResolveTaskExecutionModeExecuter.execute(ResolveTaskExecutionModeExecuter.java:51)
2026-01-07T13:57:03.3570977Z 	at org.gradle.api.internal.tasks.execution.SkipTaskWithNoActionsExecuter.execute(SkipTaskWithNoActionsExecuter.java:57)
2026-01-07T13:57:03.3571780Z 	at org.gradle.api.internal.tasks.execution.SkipOnlyIfTaskExecuter.execute(SkipOnlyIfTaskExecuter.java:74)
2026-01-07T13:57:03.3572551Z 	at org.gradle.api.internal.tasks.execution.CatchExceptionTaskExecuter.execute(CatchExceptionTaskExecuter.java:36)
2026-01-07T13:57:03.3573339Z 	at org.gradle.api.internal.tasks.execution.EventFiringTaskExecuter$1.executeTask(EventFiringTaskExecuter.java:77)
2026-01-07T13:57:03.3574094Z 	at org.gradle.api.internal.tasks.execution.EventFiringTaskExecuter$1.call(EventFiringTaskExecuter.java:55)
2026-01-07T13:57:03.3574987Z 	at org.gradle.api.internal.tasks.execution.EventFiringTaskExecuter$1.call(EventFiringTaskExecuter.java:52)
2026-01-07T13:57:03.3575853Z 	at org.gradle.internal.operations.DefaultBuildOperationRunner$CallableBuildOperationWorker.execute(DefaultBuildOperationRunner.java:204)
2026-01-07T13:57:03.3576842Z 	at org.gradle.internal.operations.DefaultBuildOperationRunner$CallableBuildOperationWorker.execute(DefaultBuildOperationRunner.java:199)
2026-01-07T13:57:03.3578340Z 	at org.gradle.internal.operations.DefaultBuildOperationRunner$2.execute(DefaultBuildOperationRunner.java:66)
2026-01-07T13:57:03.3579144Z 	at org.gradle.internal.operations.DefaultBuildOperationRunner$2.execute(DefaultBuildOperationRunner.java:59)
2026-01-07T13:57:03.3579926Z 	at org.gradle.internal.operations.DefaultBuildOperationRunner.execute(DefaultBuildOperationRunner.java:157)
2026-01-07T13:57:03.3580708Z 	at org.gradle.internal.operations.DefaultBuildOperationRunner.execute(DefaultBuildOperationRunner.java:59)
2026-01-07T13:57:03.3581469Z 	at org.gradle.internal.operations.DefaultBuildOperationRunner.call(DefaultBuildOperationRunner.java:53)
2026-01-07T13:57:03.3582216Z 	at org.gradle.internal.operations.DefaultBuildOperationExecutor.call(DefaultBuildOperationExecutor.java:73)
2026-01-07T13:57:03.3582981Z 	at org.gradle.api.internal.tasks.execution.EventFiringTaskExecuter.execute(EventFiringTaskExecuter.java:52)
2026-01-07T13:57:03.3583682Z 	at org.gradle.execution.plan.LocalTaskNodeExecutor.execute(LocalTaskNodeExecutor.java:42)
2026-01-07T13:57:03.3584465Z 	at org.gradle.execution.taskgraph.DefaultTaskExecutionGraph$InvokeNodeExecutorsAction.execute(DefaultTaskExecutionGraph.java:338)
2026-01-07T13:57:03.3585383Z 	at org.gradle.execution.taskgraph.DefaultTaskExecutionGraph$InvokeNodeExecutorsAction.execute(DefaultTaskExecutionGraph.java:325)
2026-01-07T13:57:03.3586341Z 	at org.gradle.execution.taskgraph.DefaultTaskExecutionGraph$BuildOperationAwareExecutionAction.execute(DefaultTaskExecutionGraph.java:318)
2026-01-07T13:57:03.3587344Z 	at org.gradle.execution.taskgraph.DefaultTaskExecutionGraph$BuildOperationAwareExecutionAction.execute(DefaultTaskExecutionGraph.java:304)
2026-01-07T13:57:03.3588411Z 	at org.gradle.execution.plan.DefaultPlanExecutor$ExecutorWorker.execute(DefaultPlanExecutor.java:463)
2026-01-07T13:57:03.3589251Z 	at org.gradle.execution.plan.DefaultPlanExecutor$ExecutorWorker.run(DefaultPlanExecutor.java:380)
2026-01-07T13:57:03.3589945Z 	at org.gradle.internal.concurrent.ExecutorPolicy$CatchAndRecordFailures.onExecute(ExecutorPolicy.java:64)
2026-01-07T13:57:03.3590595Z 	at org.gradle.internal.concurrent.ManagedExecutorImpl$1.run(ManagedExecutorImpl.java:49)
2026-01-07T13:57:03.3591303Z Caused by: org.jetbrains.kotlin.gradle.tasks.CompilationErrorException: Compilation error. See log for more details
2026-01-07T13:57:03.3592059Z 	at org.jetbrains.kotlin.gradle.tasks.TasksUtilsKt.throwExceptionIfCompilationFailed(tasksUtils.kt:22)
2026-01-07T13:57:03.3592782Z 	at org.jetbrains.kotlin.compilerRunner.GradleKotlinCompilerWork.run(GradleKotlinCompilerWork.kt:138)
2026-01-07T13:57:03.3593697Z 	at org.jetbrains.kotlin.compilerRunner.GradleCompilerRunnerWithWorkers$GradleKotlinCompilerWorkAction.execute(GradleCompilerRunnerWithWorkers.kt:76)
2026-01-07T13:57:03.3594553Z 	at org.gradle.workers.internal.DefaultWorkerServer.execute(DefaultWorkerServer.java:63)
2026-01-07T13:57:03.3595202Z 	at org.gradle.workers.internal.NoIsolationWorkerFactory$1$1.create(NoIsolationWorkerFactory.java:66)
2026-01-07T13:57:03.3595882Z 	at org.gradle.workers.internal.NoIsolationWorkerFactory$1$1.create(NoIsolationWorkerFactory.java:62)
2026-01-07T13:57:03.3596570Z 	at org.gradle.internal.classloader.ClassLoaderUtils.executeInClassloader(ClassLoaderUtils.java:100)
2026-01-07T13:57:03.3597283Z 	at org.gradle.workers.internal.NoIsolationWorkerFactory$1.lambda$execute$0(NoIsolationWorkerFactory.java:62)
2026-01-07T13:57:03.3598111Z 	at org.gradle.workers.internal.AbstractWorker$1.call(AbstractWorker.java:44)
2026-01-07T13:57:03.3598751Z 	at org.gradle.workers.internal.AbstractWorker$1.call(AbstractWorker.java:41)
2026-01-07T13:57:03.3599489Z 	at org.gradle.internal.operations.DefaultBuildOperationRunner$CallableBuildOperationWorker.execute(DefaultBuildOperationRunner.java:204)
2026-01-07T13:57:03.3600478Z 	at org.gradle.internal.operations.DefaultBuildOperationRunner$CallableBuildOperationWorker.execute(DefaultBuildOperationRunner.java:199)
2026-01-07T13:57:03.3601341Z 	at org.gradle.internal.operations.DefaultBuildOperationRunner$2.execute(DefaultBuildOperationRunner.java:66)
2026-01-07T13:57:03.3602085Z 	at org.gradle.internal.operations.DefaultBuildOperationRunner$2.execute(DefaultBuildOperationRunner.java:59)
2026-01-07T13:57:03.3602837Z 	at org.gradle.internal.operations.DefaultBuildOperationRunner.execute(DefaultBuildOperationRunner.java:157)
2026-01-07T13:57:03.3603602Z 	at org.gradle.internal.operations.DefaultBuildOperationRunner.execute(DefaultBuildOperationRunner.java:59)
2026-01-07T13:57:03.3604365Z 	at org.gradle.internal.operations.DefaultBuildOperationRunner.call(DefaultBuildOperationRunner.java:53)
2026-01-07T13:57:03.3605114Z 	at org.gradle.internal.operations.DefaultBuildOperationExecutor.call(DefaultBuildOperationExecutor.java:73)
2026-01-07T13:57:03.3605846Z 	at org.gradle.workers.internal.AbstractWorker.executeWrappedInBuildOperation(AbstractWorker.java:41)
2026-01-07T13:57:03.3606542Z 	at org.gradle.workers.internal.NoIsolationWorkerFactory$1.execute(NoIsolationWorkerFactory.java:59)
2026-01-07T13:57:03.3607236Z 	at org.gradle.workers.internal.DefaultWorkerExecutor.lambda$submitWork$0(DefaultWorkerExecutor.java:169)
2026-01-07T13:57:03.3608198Z 	at org.gradle.internal.work.DefaultConditionalExecutionQueue$ExecutionRunner.runExecution(DefaultConditionalExecutionQueue.java:187)
2026-01-07T13:57:03.3609124Z 	at org.gradle.internal.work.DefaultConditionalExecutionQueue$ExecutionRunner.access$700(DefaultConditionalExecutionQueue.java:120)
2026-01-07T13:57:03.3610014Z 	at org.gradle.internal.work.DefaultConditionalExecutionQueue$ExecutionRunner$1.run(DefaultConditionalExecutionQueue.java:162)
2026-01-07T13:57:03.3610665Z 	at org.gradle.internal.Factories$1.create(Factories.java:31)
2026-01-07T13:57:03.3611206Z 	at org.gradle.internal.work.DefaultWorkerLeaseService.withLocks(DefaultWorkerLeaseService.java:249)
2026-01-07T13:57:03.3612071Z 	at org.gradle.internal.work.DefaultWorkerLeaseService.runAsWorkerThread(DefaultWorkerLeaseService.java:109)
2026-01-07T13:57:03.3612842Z 	at org.gradle.internal.work.DefaultWorkerLeaseService.runAsWorkerThread(DefaultWorkerLeaseService.java:114)
2026-01-07T13:57:03.3613666Z 	at org.gradle.internal.work.DefaultConditionalExecutionQueue$ExecutionRunner.runBatch(DefaultConditionalExecutionQueue.java:157)
2026-01-07T13:57:03.3614566Z 	at org.gradle.internal.work.DefaultConditionalExecutionQueue$ExecutionRunner.run(DefaultConditionalExecutionQueue.java:126)
2026-01-07T13:57:03.3615125Z 	... 2 more
2026-01-07T13:57:03.3615240Z 
2026-01-07T13:57:03.3615244Z 
2026-01-07T13:57:03.3615383Z * Get more help at https://help.gradle.org
2026-01-07T13:57:03.3615591Z 
2026-01-07T13:57:03.3615674Z BUILD FAILED in 31s
2026-01-07T13:57:03.7553015Z ##[error]Process completed with exit code 1.
2026-01-07T13:57:03.7664012Z Post job cleanup.
2026-01-07T13:57:03.9427309Z Post job cleanup.
2026-01-07T13:57:04.0444837Z [command]/usr/bin/git version
2026-01-07T13:57:04.0487354Z git version 2.52.0
2026-01-07T13:57:04.0533047Z Temporarily overriding HOME='/home/runner/work/_temp/3005fa87-91b3-4547-996b-195cbedfd666' before making global git config changes
2026-01-07T13:57:04.0534436Z Adding repository directory to the temporary git global config as a safe directory
2026-01-07T13:57:04.0547841Z [command]/usr/bin/git config --global --add safe.directory /home/runner/work/GenAIAgent/GenAIAgent
2026-01-07T13:57:04.0583877Z [command]/usr/bin/git config --local --name-only --get-regexp core\.sshCommand
2026-01-07T13:57:04.0619311Z [command]/usr/bin/git submodule foreach --recursive sh -c "git config --local --name-only --get-regexp 'core\.sshCommand' && git config --local --unset-all 'core.sshCommand' || :"
2026-01-07T13:57:04.0861698Z [command]/usr/bin/git config --local --name-only --get-regexp http\.https\:\/\/github\.com\/\.extraheader
2026-01-07T13:57:04.0883520Z http.https://github.com/.extraheader
2026-01-07T13:57:04.0895952Z [command]/usr/bin/git config --local --unset-all http.https://github.com/.extraheader
2026-01-07T13:57:04.0927677Z [command]/usr/bin/git submodule foreach --recursive sh -c "git config --local --name-only --get-regexp 'http\.https\:\/\/github\.com\/\.extraheader' && git config --local --unset-all 'http.https://github.com/.extraheader' || :"
2026-01-07T13:57:04.1148189Z [command]/usr/bin/git config --local --name-only --get-regexp ^includeIf\.gitdir:
2026-01-07T13:57:04.1180651Z [command]/usr/bin/git submodule foreach --recursive git config --local --show-origin --name-only --get-regexp remote.origin.url
2026-01-07T13:57:04.1509408Z Cleaning up orphan processes
2026-01-07T13:57:04.1819250Z Terminate orphan process: pid (2174) (java)
2026-01-07T13:57:04.1841764Z Terminate orphan process: pid (2340) (java)
