2026-01-07T12:20:32.3020970Z Current runner version: '2.330.0'
2026-01-07T12:20:32.3053316Z ##[group]Runner Image Provisioner
2026-01-07T12:20:32.3054604Z Hosted Compute Agent
2026-01-07T12:20:32.3055499Z Version: 20251211.462
2026-01-07T12:20:32.3056606Z Commit: 6cbad8c2bb55d58165063d031ccabf57e2d2db61
2026-01-07T12:20:32.3057721Z Build Date: 2025-12-11T16:28:49Z
2026-01-07T12:20:32.3058974Z Worker ID: {c37ad233-ed48-431c-83b9-ad633f6f00df}
2026-01-07T12:20:32.3060205Z ##[endgroup]
2026-01-07T12:20:32.3061079Z ##[group]Operating System
2026-01-07T12:20:32.3062039Z Ubuntu
2026-01-07T12:20:32.3062808Z 24.04.3
2026-01-07T12:20:32.3063599Z LTS
2026-01-07T12:20:32.3064442Z ##[endgroup]
2026-01-07T12:20:32.3065213Z ##[group]Runner Image
2026-01-07T12:20:32.3066103Z Image: ubuntu-24.04
2026-01-07T12:20:32.3067074Z Version: 20251215.174.1
2026-01-07T12:20:32.3069088Z Included Software: https://github.com/actions/runner-images/blob/ubuntu24/20251215.174/images/ubuntu/Ubuntu2404-Readme.md
2026-01-07T12:20:32.3071784Z Image Release: https://github.com/actions/runner-images/releases/tag/ubuntu24%2F20251215.174
2026-01-07T12:20:32.3073519Z ##[endgroup]
2026-01-07T12:20:32.3075442Z ##[group]GITHUB_TOKEN Permissions
2026-01-07T12:20:32.3077941Z Contents: read
2026-01-07T12:20:32.3079007Z Metadata: read
2026-01-07T12:20:32.3080005Z Packages: read
2026-01-07T12:20:32.3080788Z ##[endgroup]
2026-01-07T12:20:32.3084162Z Secret source: Actions
2026-01-07T12:20:32.3085705Z Prepare workflow directory
2026-01-07T12:20:32.3549792Z Prepare all required actions
2026-01-07T12:20:32.3606232Z Getting action download info
2026-01-07T12:20:32.6420333Z Download action repository 'actions/checkout@v4' (SHA:34e114876b0b11c390a56381ad16ebd13914f8d5)
2026-01-07T12:20:32.7781558Z Download action repository 'actions/setup-java@v4' (SHA:c1e323688fd81a25caa38c78aa6df2d33d3e20d9)
2026-01-07T12:20:33.0895765Z Download action repository 'actions/upload-artifact@v4' (SHA:ea165f8d65b6e75b540449e92b4886f43607fa02)
2026-01-07T12:20:33.3132046Z Complete job name: build
2026-01-07T12:20:33.3841669Z ##[group]Run actions/checkout@v4
2026-01-07T12:20:33.3842580Z with:
2026-01-07T12:20:33.3843045Z   repository: xyraofficial/GenAIAgent
2026-01-07T12:20:33.3843861Z   token: ***
2026-01-07T12:20:33.3844278Z   ssh-strict: true
2026-01-07T12:20:33.3844708Z   ssh-user: git
2026-01-07T12:20:33.3845148Z   persist-credentials: true
2026-01-07T12:20:33.3845622Z   clean: true
2026-01-07T12:20:33.3846054Z   sparse-checkout-cone-mode: true
2026-01-07T12:20:33.3846566Z   fetch-depth: 1
2026-01-07T12:20:33.3846990Z   fetch-tags: false
2026-01-07T12:20:33.3847452Z   show-progress: true
2026-01-07T12:20:33.3847920Z   lfs: false
2026-01-07T12:20:33.3848351Z   submodules: false
2026-01-07T12:20:33.3849071Z   set-safe-directory: true
2026-01-07T12:20:33.3849826Z ##[endgroup]
2026-01-07T12:20:33.4953955Z Syncing repository: xyraofficial/GenAIAgent
2026-01-07T12:20:33.4956869Z ##[group]Getting Git version info
2026-01-07T12:20:33.4958249Z Working directory is '/home/runner/work/GenAIAgent/GenAIAgent'
2026-01-07T12:20:33.4959825Z [command]/usr/bin/git version
2026-01-07T12:20:33.5041338Z git version 2.52.0
2026-01-07T12:20:33.5067548Z ##[endgroup]
2026-01-07T12:20:33.5089301Z Temporarily overriding HOME='/home/runner/work/_temp/17438f1c-dde5-40f8-bd70-4f3f533a1e66' before making global git config changes
2026-01-07T12:20:33.5091757Z Adding repository directory to the temporary git global config as a safe directory
2026-01-07T12:20:33.5095640Z [command]/usr/bin/git config --global --add safe.directory /home/runner/work/GenAIAgent/GenAIAgent
2026-01-07T12:20:33.5134111Z Deleting the contents of '/home/runner/work/GenAIAgent/GenAIAgent'
2026-01-07T12:20:33.5137781Z ##[group]Initializing the repository
2026-01-07T12:20:33.5142595Z [command]/usr/bin/git init /home/runner/work/GenAIAgent/GenAIAgent
2026-01-07T12:20:33.5271217Z hint: Using 'master' as the name for the initial branch. This default branch name
2026-01-07T12:20:33.5272717Z hint: will change to "main" in Git 3.0. To configure the initial branch name
2026-01-07T12:20:33.5273955Z hint: to use in all of your new repositories, which will suppress this warning,
2026-01-07T12:20:33.5275013Z hint: call:
2026-01-07T12:20:33.5275763Z hint:
2026-01-07T12:20:33.5276298Z hint: 	git config --global init.defaultBranch <name>
2026-01-07T12:20:33.5277265Z hint:
2026-01-07T12:20:33.5278316Z hint: Names commonly chosen instead of 'master' are 'main', 'trunk' and
2026-01-07T12:20:33.5280186Z hint: 'development'. The just-created branch can be renamed via this command:
2026-01-07T12:20:33.5281538Z hint:
2026-01-07T12:20:33.5282321Z hint: 	git branch -m <name>
2026-01-07T12:20:33.5283167Z hint:
2026-01-07T12:20:33.5284194Z hint: Disable this message with "git config set advice.defaultBranchName false"
2026-01-07T12:20:33.5285991Z Initialized empty Git repository in /home/runner/work/GenAIAgent/GenAIAgent/.git/
2026-01-07T12:20:33.5289324Z [command]/usr/bin/git remote add origin https://github.com/xyraofficial/GenAIAgent
2026-01-07T12:20:33.5324034Z ##[endgroup]
2026-01-07T12:20:33.5325319Z ##[group]Disabling automatic garbage collection
2026-01-07T12:20:33.5328892Z [command]/usr/bin/git config --local gc.auto 0
2026-01-07T12:20:33.5356740Z ##[endgroup]
2026-01-07T12:20:33.5358023Z ##[group]Setting up auth
2026-01-07T12:20:33.5364176Z [command]/usr/bin/git config --local --name-only --get-regexp core\.sshCommand
2026-01-07T12:20:33.5394138Z [command]/usr/bin/git submodule foreach --recursive sh -c "git config --local --name-only --get-regexp 'core\.sshCommand' && git config --local --unset-all 'core.sshCommand' || :"
2026-01-07T12:20:33.5782577Z [command]/usr/bin/git config --local --name-only --get-regexp http\.https\:\/\/github\.com\/\.extraheader
2026-01-07T12:20:33.5811004Z [command]/usr/bin/git submodule foreach --recursive sh -c "git config --local --name-only --get-regexp 'http\.https\:\/\/github\.com\/\.extraheader' && git config --local --unset-all 'http.https://github.com/.extraheader' || :"
2026-01-07T12:20:33.6024236Z [command]/usr/bin/git config --local --name-only --get-regexp ^includeIf\.gitdir:
2026-01-07T12:20:33.6052221Z [command]/usr/bin/git submodule foreach --recursive git config --local --show-origin --name-only --get-regexp remote.origin.url
2026-01-07T12:20:33.6300468Z [command]/usr/bin/git config --local http.https://github.com/.extraheader AUTHORIZATION: basic ***
2026-01-07T12:20:33.6337769Z ##[endgroup]
2026-01-07T12:20:33.6339108Z ##[group]Fetching the repository
2026-01-07T12:20:33.6346994Z [command]/usr/bin/git -c protocol.version=2 fetch --no-tags --prune --no-recurse-submodules --depth=1 origin +1dcae587bcb61767cdfb5c447680bbaffb485426:refs/remotes/origin/main
2026-01-07T12:20:33.8966552Z From https://github.com/xyraofficial/GenAIAgent
2026-01-07T12:20:33.8968794Z  * [new ref]         1dcae587bcb61767cdfb5c447680bbaffb485426 -> origin/main
2026-01-07T12:20:33.8999418Z ##[endgroup]
2026-01-07T12:20:33.9001293Z ##[group]Determining the checkout info
2026-01-07T12:20:33.9003369Z ##[endgroup]
2026-01-07T12:20:33.9006114Z [command]/usr/bin/git sparse-checkout disable
2026-01-07T12:20:33.9046911Z [command]/usr/bin/git config --local --unset-all extensions.worktreeConfig
2026-01-07T12:20:33.9072147Z ##[group]Checking out the ref
2026-01-07T12:20:33.9074391Z [command]/usr/bin/git checkout --progress --force -B main refs/remotes/origin/main
2026-01-07T12:20:33.9274120Z Switched to a new branch 'main'
2026-01-07T12:20:33.9276987Z branch 'main' set up to track 'origin/main'.
2026-01-07T12:20:33.9285478Z ##[endgroup]
2026-01-07T12:20:33.9317764Z [command]/usr/bin/git log -1 --format=%H
2026-01-07T12:20:33.9339559Z 1dcae587bcb61767cdfb5c447680bbaffb485426
2026-01-07T12:20:33.9701320Z ##[group]Run actions/setup-java@v4
2026-01-07T12:20:33.9702517Z with:
2026-01-07T12:20:33.9703320Z   java-version: 17
2026-01-07T12:20:33.9704229Z   distribution: temurin
2026-01-07T12:20:33.9705210Z   cache: gradle
2026-01-07T12:20:33.9706096Z   java-package: jdk
2026-01-07T12:20:33.9707000Z   check-latest: false
2026-01-07T12:20:33.9707942Z   server-id: github
2026-01-07T12:20:33.9709002Z   server-username: GITHUB_ACTOR
2026-01-07T12:20:33.9710326Z   server-password: GITHUB_TOKEN
2026-01-07T12:20:33.9711401Z   overwrite-settings: true
2026-01-07T12:20:33.9712401Z   job-status: success
2026-01-07T12:20:33.9713608Z   token: ***
2026-01-07T12:20:33.9714418Z ##[endgroup]
2026-01-07T12:20:34.1668520Z ##[group]Installed distributions
2026-01-07T12:20:34.1927809Z Resolved Java 17.0.17+10 from tool-cache
2026-01-07T12:20:34.1930116Z Setting Java 17.0.17+10 as the default
2026-01-07T12:20:34.1942846Z Creating toolchains.xml for JDK version 17 from temurin
2026-01-07T12:20:34.2018257Z Writing to /home/runner/.m2/toolchains.xml
2026-01-07T12:20:34.2019889Z 
2026-01-07T12:20:34.2020526Z Java configuration:
2026-01-07T12:20:34.2022026Z   Distribution: temurin
2026-01-07T12:20:34.2023585Z   Version: 17.0.17+10
2026-01-07T12:20:34.2025790Z   Path: /opt/hostedtoolcache/Java_Temurin-Hotspot_jdk/17.0.17-10/x64
2026-01-07T12:20:34.2027641Z 
2026-01-07T12:20:34.2029386Z ##[endgroup]
2026-01-07T12:20:34.2047206Z Creating settings.xml with server-id: github
2026-01-07T12:20:34.2049637Z Writing to /home/runner/.m2/settings.xml
2026-01-07T12:20:34.3559305Z gradle cache is not found
2026-01-07T12:20:34.3655866Z ##[group]Run chmod +x gradlew
2026-01-07T12:20:34.3656908Z [36;1mchmod +x gradlew[0m
2026-01-07T12:20:34.3698494Z shell: /usr/bin/bash -e {0}
2026-01-07T12:20:34.3699661Z env:
2026-01-07T12:20:34.3700805Z   JAVA_HOME: /opt/hostedtoolcache/Java_Temurin-Hotspot_jdk/17.0.17-10/x64
2026-01-07T12:20:34.3702744Z   JAVA_HOME_17_X64: /opt/hostedtoolcache/Java_Temurin-Hotspot_jdk/17.0.17-10/x64
2026-01-07T12:20:34.3704223Z ##[endgroup]
2026-01-07T12:20:34.3891499Z ##[group]Run ./gradlew assembleDebug --stacktrace
2026-01-07T12:20:34.3892833Z [36;1m./gradlew assembleDebug --stacktrace[0m
2026-01-07T12:20:34.3926944Z shell: /usr/bin/bash -e {0}
2026-01-07T12:20:34.3927846Z env:
2026-01-07T12:20:34.3929174Z   JAVA_HOME: /opt/hostedtoolcache/Java_Temurin-Hotspot_jdk/17.0.17-10/x64
2026-01-07T12:20:34.3931065Z   JAVA_HOME_17_X64: /opt/hostedtoolcache/Java_Temurin-Hotspot_jdk/17.0.17-10/x64
2026-01-07T12:20:34.3932902Z   SUPABASE_URL: ***
2026-01-07T12:20:34.3937542Z   SUPABASE_ANON_KEY: ***
2026-01-07T12:20:34.3941165Z   OPENAI_API_KEY: ***
2026-01-07T12:20:34.3942005Z ##[endgroup]
2026-01-07T12:20:35.6101580Z Downloading https://services.gradle.org/distributions/gradle-8.0-bin.zip
2026-01-07T12:20:37.9198408Z ...........10%............20%............30%............40%............50%............60%...........70%............80%............90%............100%
2026-01-07T12:20:39.0343110Z 
2026-01-07T12:20:39.0344841Z Welcome to Gradle 8.0!
2026-01-07T12:20:39.0345668Z 
2026-01-07T12:20:39.0347844Z For more details see https://docs.gradle.org/8.0/release-notes.html
2026-01-07T12:20:39.0348387Z 
2026-01-07T12:20:39.2283104Z Starting a Gradle Daemon (subsequent builds will be faster)
2026-01-07T12:21:59.2287833Z Checking the license for package Android SDK Build-Tools 30.0.3 in /usr/local/lib/android/sdk/licenses
2026-01-07T12:21:59.2291238Z License for package Android SDK Build-Tools 30.0.3 accepted.
2026-01-07T12:21:59.2292042Z Preparing "Install Android SDK Build-Tools 30.0.3 (revision: 30.0.3)".
2026-01-07T12:22:00.4282663Z "Install Android SDK Build-Tools 30.0.3 (revision: 30.0.3)" ready.
2026-01-07T12:22:00.4283876Z Installing Android SDK Build-Tools 30.0.3 in /usr/local/lib/android/sdk/build-tools/30.0.3
2026-01-07T12:22:00.4285010Z "Install Android SDK Build-Tools 30.0.3 (revision: 30.0.3)" complete.
2026-01-07T12:22:00.6284177Z "Install Android SDK Build-Tools 30.0.3 (revision: 30.0.3)" finished.
2026-01-07T12:22:00.6285923Z Checking the license for package Android SDK Platform 33 in /usr/local/lib/android/sdk/licenses
2026-01-07T12:22:00.6286727Z License for package Android SDK Platform 33 accepted.
2026-01-07T12:22:00.6287319Z Preparing "Install Android SDK Platform 33 (revision: 3)".
2026-01-07T12:22:03.3283274Z "Install Android SDK Platform 33 (revision: 3)" ready.
2026-01-07T12:22:03.3286170Z Installing Android SDK Platform 33 in /usr/local/lib/android/sdk/platforms/android-33
2026-01-07T12:22:03.3290836Z "Install Android SDK Platform 33 (revision: 3)" complete.
2026-01-07T12:22:03.3291525Z "Install Android SDK Platform 33 (revision: 3)" finished.
2026-01-07T12:22:03.6330621Z > Task :app:preBuild UP-TO-DATE
2026-01-07T12:22:03.6331838Z > Task :app:preDebugBuild UP-TO-DATE
2026-01-07T12:22:03.6347397Z > Task :app:mergeDebugNativeDebugMetadata NO-SOURCE
2026-01-07T12:22:03.7282775Z > Task :app:generateDebugBuildConfig
2026-01-07T12:22:33.7282762Z > Task :app:checkDebugAarMetadata
2026-01-07T12:22:43.3335156Z > Task :app:generateDebugResValues
2026-01-07T12:22:43.3335848Z > Task :app:mapDebugSourceSetPaths
2026-01-07T12:22:43.3336378Z > Task :app:generateDebugResources
2026-01-07T12:22:44.7301727Z > Task :app:packageDebugResources
2026-01-07T12:22:45.4311771Z > Task :app:createDebugCompatibleScreenManifests
2026-01-07T12:22:45.5309864Z > Task :app:extractDeepLinksDebug
2026-01-07T12:22:45.7283365Z > Task :app:parseDebugLocalResources
2026-01-07T12:22:45.9282374Z > Task :app:processDebugMainManifest
2026-01-07T12:22:46.0282404Z > Task :app:mergeDebugResources
2026-01-07T12:22:46.1282612Z > Task :app:processDebugManifest
2026-01-07T12:22:46.1290177Z > Task :app:javaPreCompileDebug
2026-01-07T12:22:46.1290670Z > Task :app:mergeDebugShaders
2026-01-07T12:22:46.1291119Z > Task :app:compileDebugShaders NO-SOURCE
2026-01-07T12:22:46.1317880Z > Task :app:generateDebugAssets UP-TO-DATE
2026-01-07T12:22:46.2283864Z > Task :app:mergeDebugAssets
2026-01-07T12:22:46.2284698Z > Task :app:compressDebugAssets
2026-01-07T12:22:46.2285599Z > Task :app:desugarDebugFileDependencies
2026-01-07T12:22:46.2286118Z > Task :app:processDebugJavaRes NO-SOURCE
2026-01-07T12:22:47.9285694Z > Task :app:mergeDebugJniLibFolders
2026-01-07T12:22:48.0294128Z > Task :app:checkDebugDuplicateClasses
2026-01-07T12:22:48.0296161Z > Task :app:mergeDebugNativeLibs NO-SOURCE
2026-01-07T12:23:09.0283720Z > Task :app:processDebugManifestForPackage
2026-01-07T12:23:09.0285476Z > Task :app:mergeLibDexDebug
2026-01-07T12:23:11.4282392Z > Task :app:mergeExtDexDebug
2026-01-07T12:23:12.1282440Z > Task :app:stripDebugDebugSymbols NO-SOURCE
2026-01-07T12:23:13.0282819Z > Task :app:validateSigningDebug
2026-01-07T12:23:13.0284686Z > Task :app:writeDebugAppMetadata
2026-01-07T12:23:13.0286308Z > Task :app:writeDebugSigningConfigVersions
2026-01-07T12:23:13.1303774Z > Task :app:processDebugResources
2026-01-07T12:23:22.3284377Z 
2026-01-07T12:23:22.3287831Z e: file:///home/runner/work/GenAIAgent/GenAIAgent/app/src/main/java/com/genai/app/MainActivity.kt:56:52 Unresolved reference: TextView
2026-01-07T12:23:22.3289183Z > Task :app:compileDebugKotlin FAILED
2026-01-07T12:23:22.3291158Z e: file:///home/runner/work/GenAIAgent/GenAIAgent/app/src/main/java/com/genai/app/MainActivity.kt:60:22 Variable expected
2026-01-07T12:23:22.3293569Z e: file:///home/runner/work/GenAIAgent/GenAIAgent/app/src/main/java/com/genai/app/MainActivity.kt:74:37 Unresolved reference: ImageView
2026-01-07T12:23:22.3295208Z e: file:///home/runner/work/GenAIAgent/GenAIAgent/app/src/main/java/com/genai/app/MainActivity.kt:75:38 Unresolved reference: ImageView
2026-01-07T12:23:22.4281846Z 
2026-01-07T12:23:22.4286735Z FAILURE: Build failed with an exception.
2026-01-07T12:23:22.4289030Z 
2026-01-07T12:23:22.4289196Z * What went wrong:
2026-01-07T12:23:22.4289637Z Execution failed for task ':app:compileDebugKotlin'.
2026-01-07T12:23:22.4317050Z > A failure occurred while executing org.jetbrains.kotlin.compilerRunner.GradleCompilerRunnerWithWorkers$GradleKotlinCompilerWorkAction
2026-01-07T12:23:22.4318264Z    > Compilation error. See log for more details
2026-01-07T12:23:22.4320704Z 
2026-01-07T12:23:22.4320847Z * Try:
2026-01-07T12:23:22.4321294Z > Run with --info or --debug option to get more log output.
2026-01-07T12:23:22.4321848Z > Run with --scan to get full insights.
2026-01-07T12:23:22.4322154Z 
2026-01-07T12:23:22.4322273Z * Exception is:
2026-01-07T12:23:22.4322973Z org.gradle.api.tasks.TaskExecutionException: Execution failed for task ':app:compileDebugKotlin'.
2026-01-07T12:23:22.4325036Z 	at org.gradle.api.internal.tasks.execution.ExecuteActionsTaskExecuter.lambda$executeIfValid$1(ExecuteActionsTaskExecuter.java:149)
2026-01-07T12:23:22.4326281Z 	at org.gradle.internal.Try$Failure.ifSuccessfulOrElse(Try.java:282)
2026-01-07T12:23:22.4327476Z 	at org.gradle.api.internal.tasks.execution.ExecuteActionsTaskExecuter.executeIfValid(ExecuteActionsTaskExecuter.java:147)
2026-01-07T12:23:22.4329289Z 	at org.gradle.api.internal.tasks.execution.ExecuteActionsTaskExecuter.execute(ExecuteActionsTaskExecuter.java:135)
2026-01-07T12:23:22.4330896Z 	at org.gradle.api.internal.tasks.execution.FinalizePropertiesTaskExecuter.execute(FinalizePropertiesTaskExecuter.java:46)
2026-01-07T12:23:22.4332617Z 	at org.gradle.api.internal.tasks.execution.ResolveTaskExecutionModeExecuter.execute(ResolveTaskExecutionModeExecuter.java:51)
2026-01-07T12:23:22.4334344Z 	at org.gradle.api.internal.tasks.execution.SkipTaskWithNoActionsExecuter.execute(SkipTaskWithNoActionsExecuter.java:57)
2026-01-07T12:23:22.4335904Z 	at org.gradle.api.internal.tasks.execution.SkipOnlyIfTaskExecuter.execute(SkipOnlyIfTaskExecuter.java:74)
2026-01-07T12:23:22.4337384Z 	at org.gradle.api.internal.tasks.execution.CatchExceptionTaskExecuter.execute(CatchExceptionTaskExecuter.java:36)
2026-01-07T12:23:22.4339051Z 	at org.gradle.api.internal.tasks.execution.EventFiringTaskExecuter$1.executeTask(EventFiringTaskExecuter.java:77)
2026-01-07T12:23:22.4340480Z 	at org.gradle.api.internal.tasks.execution.EventFiringTaskExecuter$1.call(EventFiringTaskExecuter.java:55)
2026-01-07T12:23:22.4342127Z 	at org.gradle.api.internal.tasks.execution.EventFiringTaskExecuter$1.call(EventFiringTaskExecuter.java:52)
2026-01-07T12:23:22.4343727Z 	at org.gradle.internal.operations.DefaultBuildOperationRunner$CallableBuildOperationWorker.execute(DefaultBuildOperationRunner.java:204)
2026-01-07T12:23:22.4345548Z 	at org.gradle.internal.operations.DefaultBuildOperationRunner$CallableBuildOperationWorker.execute(DefaultBuildOperationRunner.java:199)
2026-01-07T12:23:22.4347194Z 	at org.gradle.internal.operations.DefaultBuildOperationRunner$2.execute(DefaultBuildOperationRunner.java:66)
2026-01-07T12:23:22.4349447Z 	at org.gradle.internal.operations.DefaultBuildOperationRunner$2.execute(DefaultBuildOperationRunner.java:59)
2026-01-07T12:23:22.4350934Z 	at org.gradle.internal.operations.DefaultBuildOperationRunner.execute(DefaultBuildOperationRunner.java:157)
2026-01-07T12:23:22.4355077Z 	at org.gradle.internal.operations.DefaultBuildOperationRunner.execute(DefaultBuildOperationRunner.java:59)
2026-01-07T12:23:22.4356533Z 	at org.gradle.internal.operations.DefaultBuildOperationRunner.call(DefaultBuildOperationRunner.java:53)
2026-01-07T12:23:22.4357966Z 	at org.gradle.internal.operations.DefaultBuildOperationExecutor.call(DefaultBuildOperationExecutor.java:73)
2026-01-07T12:23:22.4359591Z 	at org.gradle.api.internal.tasks.execution.EventFiringTaskExecuter.execute(EventFiringTaskExecuter.java:52)
2026-01-07T12:23:22.4360885Z 	at org.gradle.execution.plan.LocalTaskNodeExecutor.execute(LocalTaskNodeExecutor.java:42)
2026-01-07T12:23:22.4362320Z 	at org.gradle.execution.taskgraph.DefaultTaskExecutionGraph$InvokeNodeExecutorsAction.execute(DefaultTaskExecutionGraph.java:338)
2026-01-07T12:23:22.4364076Z 	at org.gradle.execution.taskgraph.DefaultTaskExecutionGraph$InvokeNodeExecutorsAction.execute(DefaultTaskExecutionGraph.java:325)
2026-01-07T12:23:22.4365946Z 	at org.gradle.execution.taskgraph.DefaultTaskExecutionGraph$BuildOperationAwareExecutionAction.execute(DefaultTaskExecutionGraph.java:318)
2026-01-07T12:23:22.4367902Z 	at org.gradle.execution.taskgraph.DefaultTaskExecutionGraph$BuildOperationAwareExecutionAction.execute(DefaultTaskExecutionGraph.java:304)
2026-01-07T12:23:22.4369744Z 	at org.gradle.execution.plan.DefaultPlanExecutor$ExecutorWorker.execute(DefaultPlanExecutor.java:463)
2026-01-07T12:23:22.4371029Z 	at org.gradle.execution.plan.DefaultPlanExecutor$ExecutorWorker.run(DefaultPlanExecutor.java:380)
2026-01-07T12:23:22.4372550Z 	at org.gradle.internal.concurrent.ExecutorPolicy$CatchAndRecordFailures.onExecute(ExecutorPolicy.java:64)
2026-01-07T12:23:22.4373771Z 	at org.gradle.internal.concurrent.ManagedExecutorImpl$1.run(ManagedExecutorImpl.java:49)
2026-01-07T12:23:22.4375764Z Caused by: org.gradle.workers.internal.DefaultWorkerExecutor$WorkExecutionException: A failure occurred while executing org.jetbrains.kotlin.compilerRunner.GradleCompilerRunnerWithWorkers$GradleKotlinCompilerWorkAction
2026-01-07T12:23:22.4378000Z 	at org.gradle.workers.internal.DefaultWorkerExecutor$WorkItemExecution.waitForCompletion(DefaultWorkerExecutor.java:283)
2026-01-07T12:23:22.4409968Z 	at org.gradle.internal.work.DefaultAsyncWorkTracker.lambda$waitForItemsAndGatherFailures$2(DefaultAsyncWorkTracker.java:130)
2026-01-07T12:23:22.4411180Z 	at org.gradle.internal.Factories$1.create(Factories.java:31)
2026-01-07T12:23:22.4412197Z 	at org.gradle.internal.work.DefaultWorkerLeaseService.withoutLocks(DefaultWorkerLeaseService.java:321)
2026-01-07T12:23:22.4413561Z 	at org.gradle.internal.work.DefaultWorkerLeaseService.withoutLocks(DefaultWorkerLeaseService.java:304)
2026-01-07T12:23:22.4414963Z 	at org.gradle.internal.work.DefaultWorkerLeaseService.withoutLock(DefaultWorkerLeaseService.java:309)
2026-01-07T12:23:22.4416420Z 	at org.gradle.internal.work.DefaultAsyncWorkTracker.waitForItemsAndGatherFailures(DefaultAsyncWorkTracker.java:126)
2026-01-07T12:23:22.4420597Z 	at org.gradle.internal.work.DefaultAsyncWorkTracker.waitForItemsAndGatherFailures(DefaultAsyncWorkTracker.java:92)
2026-01-07T12:23:22.4422332Z 	at org.gradle.internal.work.DefaultAsyncWorkTracker.waitForAll(DefaultAsyncWorkTracker.java:78)
2026-01-07T12:23:22.4423646Z 	at org.gradle.internal.work.DefaultAsyncWorkTracker.waitForCompletion(DefaultAsyncWorkTracker.java:66)
2026-01-07T12:23:22.4424796Z 	at org.gradle.api.internal.tasks.execution.TaskExecution$3.run(TaskExecution.java:250)
2026-01-07T12:23:22.4436908Z 	at org.gradle.internal.operations.DefaultBuildOperationRunner$1.execute(DefaultBuildOperationRunner.java:29)
2026-01-07T12:23:22.4438261Z 	at org.gradle.internal.operations.DefaultBuildOperationRunner$1.execute(DefaultBuildOperationRunner.java:26)
2026-01-07T12:23:22.4439798Z 	at org.gradle.internal.operations.DefaultBuildOperationRunner$2.execute(DefaultBuildOperationRunner.java:66)
2026-01-07T12:23:22.4441205Z 	at org.gradle.internal.operations.DefaultBuildOperationRunner$2.execute(DefaultBuildOperationRunner.java:59)
2026-01-07T12:23:22.4442679Z 	at org.gradle.internal.operations.DefaultBuildOperationRunner.execute(DefaultBuildOperationRunner.java:157)
2026-01-07T12:23:22.4444218Z 	at org.gradle.internal.operations.DefaultBuildOperationRunner.execute(DefaultBuildOperationRunner.java:59)
2026-01-07T12:23:22.4445686Z 	at org.gradle.internal.operations.DefaultBuildOperationRunner.run(DefaultBuildOperationRunner.java:47)
2026-01-07T12:23:22.4447137Z 	at org.gradle.internal.operations.DefaultBuildOperationExecutor.run(DefaultBuildOperationExecutor.java:68)
2026-01-07T12:23:22.4448593Z 	at org.gradle.api.internal.tasks.execution.TaskExecution.executeAction(TaskExecution.java:227)
2026-01-07T12:23:22.4450121Z 	at org.gradle.api.internal.tasks.execution.TaskExecution.executeActions(TaskExecution.java:210)
2026-01-07T12:23:22.4451571Z 	at org.gradle.api.internal.tasks.execution.TaskExecution.executeWithPreviousOutputFiles(TaskExecution.java:193)
2026-01-07T12:23:22.4452974Z 	at org.gradle.api.internal.tasks.execution.TaskExecution.execute(TaskExecution.java:166)
2026-01-07T12:23:22.4454140Z 	at org.gradle.internal.execution.steps.ExecuteStep.executeInternal(ExecuteStep.java:93)
2026-01-07T12:23:22.4455705Z 	at org.gradle.internal.execution.steps.ExecuteStep.access$000(ExecuteStep.java:44)
2026-01-07T12:23:22.4456952Z 	at org.gradle.internal.execution.steps.ExecuteStep$1.call(ExecuteStep.java:57)
2026-01-07T12:23:22.4457900Z 	at org.gradle.internal.execution.steps.ExecuteStep$1.call(ExecuteStep.java:54)
2026-01-07T12:23:22.4459435Z 	at org.gradle.internal.operations.DefaultBuildOperationRunner$CallableBuildOperationWorker.execute(DefaultBuildOperationRunner.java:204)
2026-01-07T12:23:22.4461679Z 	at org.gradle.internal.operations.DefaultBuildOperationRunner$CallableBuildOperationWorker.execute(DefaultBuildOperationRunner.java:199)
2026-01-07T12:23:22.4463715Z 	at org.gradle.internal.operations.DefaultBuildOperationRunner$2.execute(DefaultBuildOperationRunner.java:66)
2026-01-07T12:23:22.4465231Z 	at org.gradle.internal.operations.DefaultBuildOperationRunner$2.execute(DefaultBuildOperationRunner.java:59)
2026-01-07T12:23:22.4466668Z 	at org.gradle.internal.operations.DefaultBuildOperationRunner.execute(DefaultBuildOperationRunner.java:157)
2026-01-07T12:23:22.4468121Z 	at org.gradle.internal.operations.DefaultBuildOperationRunner.execute(DefaultBuildOperationRunner.java:59)
2026-01-07T12:23:22.4469702Z 	at org.gradle.internal.operations.DefaultBuildOperationRunner.call(DefaultBuildOperationRunner.java:53)
2026-01-07T12:23:22.4471123Z 	at org.gradle.internal.operations.DefaultBuildOperationExecutor.call(DefaultBuildOperationExecutor.java:73)
2026-01-07T12:23:22.4472348Z 	at org.gradle.internal.execution.steps.ExecuteStep.execute(ExecuteStep.java:54)
2026-01-07T12:23:22.4473346Z 	at org.gradle.internal.execution.steps.ExecuteStep.execute(ExecuteStep.java:44)
2026-01-07T12:23:22.4474567Z 	at org.gradle.internal.execution.steps.RemovePreviousOutputsStep.execute(RemovePreviousOutputsStep.java:67)
2026-01-07T12:23:22.4475992Z 	at org.gradle.internal.execution.steps.RemovePreviousOutputsStep.execute(RemovePreviousOutputsStep.java:37)
2026-01-07T12:23:22.4477509Z 	at org.gradle.internal.execution.steps.CancelExecutionStep.execute(CancelExecutionStep.java:41)
2026-01-07T12:23:22.4478872Z 	at org.gradle.internal.execution.steps.TimeoutStep.executeWithoutTimeout(TimeoutStep.java:74)
2026-01-07T12:23:22.4479973Z 	at org.gradle.internal.execution.steps.TimeoutStep.execute(TimeoutStep.java:55)
2026-01-07T12:23:22.4481037Z 	at org.gradle.internal.execution.steps.CreateOutputsStep.execute(CreateOutputsStep.java:50)
2026-01-07T12:23:22.4482229Z 	at org.gradle.internal.execution.steps.CreateOutputsStep.execute(CreateOutputsStep.java:28)
2026-01-07T12:23:22.4483912Z 	at org.gradle.internal.execution.steps.CaptureStateAfterExecutionStep.executeDelegateBroadcastingChanges(CaptureStateAfterExecutionStep.java:100)
2026-01-07T12:23:22.4485797Z 	at org.gradle.internal.execution.steps.CaptureStateAfterExecutionStep.execute(CaptureStateAfterExecutionStep.java:72)
2026-01-07T12:23:22.4487530Z 	at org.gradle.internal.execution.steps.CaptureStateAfterExecutionStep.execute(CaptureStateAfterExecutionStep.java:50)
2026-01-07T12:23:22.4489284Z 	at org.gradle.internal.execution.steps.ResolveInputChangesStep.execute(ResolveInputChangesStep.java:40)
2026-01-07T12:23:22.4490660Z 	at org.gradle.internal.execution.steps.ResolveInputChangesStep.execute(ResolveInputChangesStep.java:29)
2026-01-07T12:23:22.4492019Z 	at org.gradle.internal.execution.steps.BuildCacheStep.executeWithoutCache(BuildCacheStep.java:166)
2026-01-07T12:23:22.4493259Z 	at org.gradle.internal.execution.steps.BuildCacheStep.lambda$execute$1(BuildCacheStep.java:70)
2026-01-07T12:23:22.4494177Z 	at org.gradle.internal.Either$Right.fold(Either.java:175)
2026-01-07T12:23:22.4494978Z 	at org.gradle.internal.execution.caching.CachingState.fold(CachingState.java:59)
2026-01-07T12:23:22.4496007Z 	at org.gradle.internal.execution.steps.BuildCacheStep.execute(BuildCacheStep.java:68)
2026-01-07T12:23:22.4497084Z 	at org.gradle.internal.execution.steps.BuildCacheStep.execute(BuildCacheStep.java:46)
2026-01-07T12:23:22.4498297Z 	at org.gradle.internal.execution.steps.StoreExecutionStateStep.execute(StoreExecutionStateStep.java:36)
2026-01-07T12:23:22.4500986Z 	at org.gradle.internal.execution.steps.StoreExecutionStateStep.execute(StoreExecutionStateStep.java:25)
2026-01-07T12:23:22.4502268Z 	at org.gradle.internal.execution.steps.RecordOutputsStep.execute(RecordOutputsStep.java:36)
2026-01-07T12:23:22.4503434Z 	at org.gradle.internal.execution.steps.RecordOutputsStep.execute(RecordOutputsStep.java:22)
2026-01-07T12:23:22.4504916Z 	at org.gradle.internal.execution.steps.SkipUpToDateStep.executeBecause(SkipUpToDateStep.java:91)
2026-01-07T12:23:22.4506152Z 	at org.gradle.internal.execution.steps.SkipUpToDateStep.lambda$execute$2(SkipUpToDateStep.java:55)
2026-01-07T12:23:22.4507347Z 	at org.gradle.internal.execution.steps.SkipUpToDateStep.execute(SkipUpToDateStep.java:55)
2026-01-07T12:23:22.4508468Z 	at org.gradle.internal.execution.steps.SkipUpToDateStep.execute(SkipUpToDateStep.java:37)
2026-01-07T12:23:22.4509846Z 	at org.gradle.internal.execution.steps.ResolveChangesStep.execute(ResolveChangesStep.java:65)
2026-01-07T12:23:22.4511028Z 	at org.gradle.internal.execution.steps.ResolveChangesStep.execute(ResolveChangesStep.java:36)
2026-01-07T12:23:22.4512544Z 	at org.gradle.internal.execution.steps.legacy.MarkSnapshottingInputsFinishedStep.execute(MarkSnapshottingInputsFinishedStep.java:37)
2026-01-07T12:23:22.4514447Z 	at org.gradle.internal.execution.steps.legacy.MarkSnapshottingInputsFinishedStep.execute(MarkSnapshottingInputsFinishedStep.java:27)
2026-01-07T12:23:22.4516096Z 	at org.gradle.internal.execution.steps.ResolveCachingStateStep.execute(ResolveCachingStateStep.java:76)
2026-01-07T12:23:22.4517520Z 	at org.gradle.internal.execution.steps.ResolveCachingStateStep.execute(ResolveCachingStateStep.java:37)
2026-01-07T12:23:22.4518864Z 	at org.gradle.internal.execution.steps.ValidateStep.execute(ValidateStep.java:94)
2026-01-07T12:23:22.4519859Z 	at org.gradle.internal.execution.steps.ValidateStep.execute(ValidateStep.java:49)
2026-01-07T12:23:22.4521379Z 	at org.gradle.internal.execution.steps.CaptureStateBeforeExecutionStep.execute(CaptureStateBeforeExecutionStep.java:71)
2026-01-07T12:23:22.4523012Z 	at org.gradle.internal.execution.steps.CaptureStateBeforeExecutionStep.execute(CaptureStateBeforeExecutionStep.java:45)
2026-01-07T12:23:22.4524600Z 	at org.gradle.internal.execution.steps.SkipEmptyWorkStep.executeWithNonEmptySources(SkipEmptyWorkStep.java:177)
2026-01-07T12:23:22.4525945Z 	at org.gradle.internal.execution.steps.SkipEmptyWorkStep.execute(SkipEmptyWorkStep.java:86)
2026-01-07T12:23:22.4527103Z 	at org.gradle.internal.execution.steps.SkipEmptyWorkStep.execute(SkipEmptyWorkStep.java:53)
2026-01-07T12:23:22.4528550Z 	at org.gradle.internal.execution.steps.RemoveUntrackedExecutionStateStep.execute(RemoveUntrackedExecutionStateStep.java:32)
2026-01-07T12:23:22.4530443Z 	at org.gradle.internal.execution.steps.RemoveUntrackedExecutionStateStep.execute(RemoveUntrackedExecutionStateStep.java:21)
2026-01-07T12:23:22.4532277Z 	at org.gradle.internal.execution.steps.legacy.MarkSnapshottingInputsStartedStep.execute(MarkSnapshottingInputsStartedStep.java:38)
2026-01-07T12:23:22.4534009Z 	at org.gradle.internal.execution.steps.LoadPreviousExecutionStateStep.execute(LoadPreviousExecutionStateStep.java:36)
2026-01-07T12:23:22.4535608Z 	at org.gradle.internal.execution.steps.LoadPreviousExecutionStateStep.execute(LoadPreviousExecutionStateStep.java:23)
2026-01-07T12:23:22.4537110Z 	at org.gradle.internal.execution.steps.CleanupStaleOutputsStep.execute(CleanupStaleOutputsStep.java:75)
2026-01-07T12:23:22.4538479Z 	at org.gradle.internal.execution.steps.CleanupStaleOutputsStep.execute(CleanupStaleOutputsStep.java:41)
2026-01-07T12:23:22.4539991Z 	at org.gradle.internal.execution.steps.AssignWorkspaceStep.lambda$execute$0(AssignWorkspaceStep.java:32)
2026-01-07T12:23:22.4541243Z 	at org.gradle.api.internal.tasks.execution.TaskExecution$4.withWorkspace(TaskExecution.java:287)
2026-01-07T12:23:22.4542457Z 	at org.gradle.internal.execution.steps.AssignWorkspaceStep.execute(AssignWorkspaceStep.java:30)
2026-01-07T12:23:22.4543708Z 	at org.gradle.internal.execution.steps.AssignWorkspaceStep.execute(AssignWorkspaceStep.java:21)
2026-01-07T12:23:22.4544885Z 	at org.gradle.internal.execution.steps.IdentityCacheStep.execute(IdentityCacheStep.java:37)
2026-01-07T12:23:22.4546027Z 	at org.gradle.internal.execution.steps.IdentityCacheStep.execute(IdentityCacheStep.java:27)
2026-01-07T12:23:22.4547117Z 	at org.gradle.internal.execution.steps.IdentifyStep.execute(IdentifyStep.java:42)
2026-01-07T12:23:22.4548427Z 	at org.gradle.internal.execution.steps.IdentifyStep.execute(IdentifyStep.java:31)
2026-01-07T12:23:22.4549748Z 	at org.gradle.internal.execution.impl.DefaultExecutionEngine$1.execute(DefaultExecutionEngine.java:64)
2026-01-07T12:23:22.4551223Z 	at org.gradle.api.internal.tasks.execution.ExecuteActionsTaskExecuter.executeIfValid(ExecuteActionsTaskExecuter.java:146)
2026-01-07T12:23:22.4552838Z 	at org.gradle.api.internal.tasks.execution.ExecuteActionsTaskExecuter.execute(ExecuteActionsTaskExecuter.java:135)
2026-01-07T12:23:22.4554481Z 	at org.gradle.api.internal.tasks.execution.FinalizePropertiesTaskExecuter.execute(FinalizePropertiesTaskExecuter.java:46)
2026-01-07T12:23:22.4556206Z 	at org.gradle.api.internal.tasks.execution.ResolveTaskExecutionModeExecuter.execute(ResolveTaskExecutionModeExecuter.java:51)
2026-01-07T12:23:22.4557870Z 	at org.gradle.api.internal.tasks.execution.SkipTaskWithNoActionsExecuter.execute(SkipTaskWithNoActionsExecuter.java:57)
2026-01-07T12:23:22.4559844Z 	at org.gradle.api.internal.tasks.execution.SkipOnlyIfTaskExecuter.execute(SkipOnlyIfTaskExecuter.java:74)
2026-01-07T12:23:22.4561292Z 	at org.gradle.api.internal.tasks.execution.CatchExceptionTaskExecuter.execute(CatchExceptionTaskExecuter.java:36)
2026-01-07T12:23:22.4562763Z 	at org.gradle.api.internal.tasks.execution.EventFiringTaskExecuter$1.executeTask(EventFiringTaskExecuter.java:77)
2026-01-07T12:23:22.4564136Z 	at org.gradle.api.internal.tasks.execution.EventFiringTaskExecuter$1.call(EventFiringTaskExecuter.java:55)
2026-01-07T12:23:22.4565690Z 	at org.gradle.api.internal.tasks.execution.EventFiringTaskExecuter$1.call(EventFiringTaskExecuter.java:52)
2026-01-07T12:23:22.4567296Z 	at org.gradle.internal.operations.DefaultBuildOperationRunner$CallableBuildOperationWorker.execute(DefaultBuildOperationRunner.java:204)
2026-01-07T12:23:22.4569307Z 	at org.gradle.internal.operations.DefaultBuildOperationRunner$CallableBuildOperationWorker.execute(DefaultBuildOperationRunner.java:199)
2026-01-07T12:23:22.4570920Z 	at org.gradle.internal.operations.DefaultBuildOperationRunner$2.execute(DefaultBuildOperationRunner.java:66)
2026-01-07T12:23:22.4572312Z 	at org.gradle.internal.operations.DefaultBuildOperationRunner$2.execute(DefaultBuildOperationRunner.java:59)
2026-01-07T12:23:22.4573727Z 	at org.gradle.internal.operations.DefaultBuildOperationRunner.execute(DefaultBuildOperationRunner.java:157)
2026-01-07T12:23:22.4575134Z 	at org.gradle.internal.operations.DefaultBuildOperationRunner.execute(DefaultBuildOperationRunner.java:59)
2026-01-07T12:23:22.4576533Z 	at org.gradle.internal.operations.DefaultBuildOperationRunner.call(DefaultBuildOperationRunner.java:53)
2026-01-07T12:23:22.4577898Z 	at org.gradle.internal.operations.DefaultBuildOperationExecutor.call(DefaultBuildOperationExecutor.java:73)
2026-01-07T12:23:22.4579486Z 	at org.gradle.api.internal.tasks.execution.EventFiringTaskExecuter.execute(EventFiringTaskExecuter.java:52)
2026-01-07T12:23:22.4580750Z 	at org.gradle.execution.plan.LocalTaskNodeExecutor.execute(LocalTaskNodeExecutor.java:42)
2026-01-07T12:23:22.4582168Z 	at org.gradle.execution.taskgraph.DefaultTaskExecutionGraph$InvokeNodeExecutorsAction.execute(DefaultTaskExecutionGraph.java:338)
2026-01-07T12:23:22.4583861Z 	at org.gradle.execution.taskgraph.DefaultTaskExecutionGraph$InvokeNodeExecutorsAction.execute(DefaultTaskExecutionGraph.java:325)
2026-01-07T12:23:22.4585648Z 	at org.gradle.execution.taskgraph.DefaultTaskExecutionGraph$BuildOperationAwareExecutionAction.execute(DefaultTaskExecutionGraph.java:318)
2026-01-07T12:23:22.4587535Z 	at org.gradle.execution.taskgraph.DefaultTaskExecutionGraph$BuildOperationAwareExecutionAction.execute(DefaultTaskExecutionGraph.java:304)
2026-01-07T12:23:22.4589244Z 	at org.gradle.execution.plan.DefaultPlanExecutor$ExecutorWorker.execute(DefaultPlanExecutor.java:463)
2026-01-07T12:23:22.4590474Z 	at org.gradle.execution.plan.DefaultPlanExecutor$ExecutorWorker.run(DefaultPlanExecutor.java:380)
2026-01-07T12:23:22.4591953Z 	at org.gradle.internal.concurrent.ExecutorPolicy$CatchAndRecordFailures.onExecute(ExecutorPolicy.java:64)
2026-01-07T12:23:22.4593117Z 	at org.gradle.internal.concurrent.ManagedExecutorImpl$1.run(ManagedExecutorImpl.java:49)
2026-01-07T12:23:22.4594350Z Caused by: org.jetbrains.kotlin.gradle.tasks.CompilationErrorException: Compilation error. See log for more details
2026-01-07T12:23:22.4595726Z 	at org.jetbrains.kotlin.gradle.tasks.TasksUtilsKt.throwExceptionIfCompilationFailed(tasksUtils.kt:22)
2026-01-07T12:23:22.4597071Z 	at org.jetbrains.kotlin.compilerRunner.GradleKotlinCompilerWork.run(GradleKotlinCompilerWork.kt:138)
2026-01-07T12:23:22.4598889Z 	at org.jetbrains.kotlin.compilerRunner.GradleCompilerRunnerWithWorkers$GradleKotlinCompilerWorkAction.execute(GradleCompilerRunnerWithWorkers.kt:76)
2026-01-07T12:23:22.4600447Z 	at org.gradle.workers.internal.DefaultWorkerServer.execute(DefaultWorkerServer.java:63)
2026-01-07T12:23:22.4601597Z 	at org.gradle.workers.internal.NoIsolationWorkerFactory$1$1.create(NoIsolationWorkerFactory.java:66)
2026-01-07T12:23:22.4602852Z 	at org.gradle.workers.internal.NoIsolationWorkerFactory$1$1.create(NoIsolationWorkerFactory.java:62)
2026-01-07T12:23:22.4604119Z 	at org.gradle.internal.classloader.ClassLoaderUtils.executeInClassloader(ClassLoaderUtils.java:100)
2026-01-07T12:23:22.4605441Z 	at org.gradle.workers.internal.NoIsolationWorkerFactory$1.lambda$execute$0(NoIsolationWorkerFactory.java:62)
2026-01-07T12:23:22.4606554Z 	at org.gradle.workers.internal.AbstractWorker$1.call(AbstractWorker.java:44)
2026-01-07T12:23:22.4607605Z 	at org.gradle.workers.internal.AbstractWorker$1.call(AbstractWorker.java:41)
2026-01-07T12:23:22.4609098Z 	at org.gradle.internal.operations.DefaultBuildOperationRunner$CallableBuildOperationWorker.execute(DefaultBuildOperationRunner.java:204)
2026-01-07T12:23:22.4610894Z 	at org.gradle.internal.operations.DefaultBuildOperationRunner$CallableBuildOperationWorker.execute(DefaultBuildOperationRunner.java:199)
2026-01-07T12:23:22.4612575Z 	at org.gradle.internal.operations.DefaultBuildOperationRunner$2.execute(DefaultBuildOperationRunner.java:66)
2026-01-07T12:23:22.4613978Z 	at org.gradle.internal.operations.DefaultBuildOperationRunner$2.execute(DefaultBuildOperationRunner.java:59)
2026-01-07T12:23:22.4615439Z 	at org.gradle.internal.operations.DefaultBuildOperationRunner.execute(DefaultBuildOperationRunner.java:157)
2026-01-07T12:23:22.4616866Z 	at org.gradle.internal.operations.DefaultBuildOperationRunner.execute(DefaultBuildOperationRunner.java:59)
2026-01-07T12:23:22.4618238Z 	at org.gradle.internal.operations.DefaultBuildOperationRunner.call(DefaultBuildOperationRunner.java:53)
2026-01-07T12:23:22.4619752Z 	at org.gradle.internal.operations.DefaultBuildOperationExecutor.call(DefaultBuildOperationExecutor.java:73)
2026-01-07T12:23:22.4621177Z 	at org.gradle.workers.internal.AbstractWorker.executeWrappedInBuildOperation(AbstractWorker.java:41)
2026-01-07T12:23:22.4622464Z 	at org.gradle.workers.internal.NoIsolationWorkerFactory$1.execute(NoIsolationWorkerFactory.java:59)
2026-01-07T12:23:22.4623736Z 	at org.gradle.workers.internal.DefaultWorkerExecutor.lambda$submitWork$0(DefaultWorkerExecutor.java:169)
2026-01-07T12:23:22.4625266Z 	at org.gradle.internal.work.DefaultConditionalExecutionQueue$ExecutionRunner.runExecution(DefaultConditionalExecutionQueue.java:187)
2026-01-07T12:23:22.4626983Z 	at org.gradle.internal.work.DefaultConditionalExecutionQueue$ExecutionRunner.access$700(DefaultConditionalExecutionQueue.java:120)
2026-01-07T12:23:22.4628774Z 	at org.gradle.internal.work.DefaultConditionalExecutionQueue$ExecutionRunner$1.run(DefaultConditionalExecutionQueue.java:162)
2026-01-07T12:23:22.4629934Z 	at org.gradle.internal.Factories$1.create(Factories.java:31)
2026-01-07T12:23:22.4630904Z 	at org.gradle.internal.work.DefaultWorkerLeaseService.withLocks(DefaultWorkerLeaseService.java:249)
2026-01-07T12:23:22.4632254Z 	at org.gradle.internal.work.DefaultWorkerLeaseService.runAsWorkerThread(DefaultWorkerLeaseService.java:109)
2026-01-07T12:23:22.4633870Z 	at org.gradle.internal.work.DefaultWorkerLeaseService.runAsWorkerThread(DefaultWorkerLeaseService.java:114)
2026-01-07T12:23:22.4635452Z 	at org.gradle.internal.work.DefaultConditionalExecutionQueue$ExecutionRunner.runBatch(DefaultConditionalExecutionQueue.java:157)
2026-01-07T12:23:22.4637121Z 	at org.gradle.internal.work.DefaultConditionalExecutionQueue$ExecutionRunner.run(DefaultConditionalExecutionQueue.java:126)
2026-01-07T12:23:22.4638123Z 	... 2 more
2026-01-07T12:23:22.4638293Z 
2026-01-07T12:23:22.4638300Z 
2026-01-07T12:23:22.4638510Z * Get more help at https://help.gradle.org
2026-01-07T12:23:22.4638992Z 
2026-01-07T12:23:22.4639117Z BUILD FAILED in 2m 47s
2026-01-07T12:23:22.4639469Z 26 actionable tasks: 26 executed
2026-01-07T12:23:22.8800901Z ##[error]Process completed with exit code 1.
2026-01-07T12:23:22.8908410Z Post job cleanup.
2026-01-07T12:23:23.0704761Z Post job cleanup.
2026-01-07T12:23:23.1636614Z [command]/usr/bin/git version
2026-01-07T12:23:23.1672738Z git version 2.52.0
2026-01-07T12:23:23.1716193Z Temporarily overriding HOME='/home/runner/work/_temp/1d1bce15-3378-4545-b397-e1687c8422de' before making global git config changes
2026-01-07T12:23:23.1717451Z Adding repository directory to the temporary git global config as a safe directory
2026-01-07T12:23:23.1722723Z [command]/usr/bin/git config --global --add safe.directory /home/runner/work/GenAIAgent/GenAIAgent
2026-01-07T12:23:23.1757755Z [command]/usr/bin/git config --local --name-only --get-regexp core\.sshCommand
2026-01-07T12:23:23.1789676Z [command]/usr/bin/git submodule foreach --recursive sh -c "git config --local --name-only --get-regexp 'core\.sshCommand' && git config --local --unset-all 'core.sshCommand' || :"
2026-01-07T12:23:23.2042913Z [command]/usr/bin/git config --local --name-only --get-regexp http\.https\:\/\/github\.com\/\.extraheader
2026-01-07T12:23:23.2066470Z http.https://github.com/.extraheader
2026-01-07T12:23:23.2079815Z [command]/usr/bin/git config --local --unset-all http.https://github.com/.extraheader
2026-01-07T12:23:23.2112095Z [command]/usr/bin/git submodule foreach --recursive sh -c "git config --local --name-only --get-regexp 'http\.https\:\/\/github\.com\/\.extraheader' && git config --local --unset-all 'http.https://github.com/.extraheader' || :"
2026-01-07T12:23:23.2350738Z [command]/usr/bin/git config --local --name-only --get-regexp ^includeIf\.gitdir:
2026-01-07T12:23:23.2383977Z [command]/usr/bin/git submodule foreach --recursive git config --local --show-origin --name-only --get-regexp remote.origin.url
2026-01-07T12:23:23.2737854Z Cleaning up orphan processes
2026-01-07T12:23:23.3019756Z Terminate orphan process: pid (2195) (java)
2026-01-07T12:23:23.3042842Z Terminate orphan process: pid (2419) (java)