2026-01-07T08:45:47.2034982Z Current runner version: '2.330.0'
2026-01-07T08:45:47.2057558Z ##[group]Runner Image Provisioner
2026-01-07T08:45:47.2058488Z Hosted Compute Agent
2026-01-07T08:45:47.2059145Z Version: 20251211.462
2026-01-07T08:45:47.2059761Z Commit: 6cbad8c2bb55d58165063d031ccabf57e2d2db61
2026-01-07T08:45:47.2060518Z Build Date: 2025-12-11T16:28:49Z
2026-01-07T08:45:47.2061186Z Worker ID: {07729c63-8598-4785-8e85-a936f66b633e}
2026-01-07T08:45:47.2061881Z ##[endgroup]
2026-01-07T08:45:47.2062452Z ##[group]Operating System
2026-01-07T08:45:47.2063158Z Ubuntu
2026-01-07T08:45:47.2063688Z 24.04.3
2026-01-07T08:45:47.2064406Z LTS
2026-01-07T08:45:47.2064969Z ##[endgroup]
2026-01-07T08:45:47.2065492Z ##[group]Runner Image
2026-01-07T08:45:47.2066122Z Image: ubuntu-24.04
2026-01-07T08:45:47.2066656Z Version: 20251215.174.1
2026-01-07T08:45:47.2067647Z Included Software: https://github.com/actions/runner-images/blob/ubuntu24/20251215.174/images/ubuntu/Ubuntu2404-Readme.md
2026-01-07T08:45:47.2069266Z Image Release: https://github.com/actions/runner-images/releases/tag/ubuntu24%2F20251215.174
2026-01-07T08:45:47.2070315Z ##[endgroup]
2026-01-07T08:45:47.2071402Z ##[group]GITHUB_TOKEN Permissions
2026-01-07T08:45:47.2073209Z Contents: read
2026-01-07T08:45:47.2073948Z Metadata: read
2026-01-07T08:45:47.2074832Z Packages: read
2026-01-07T08:45:47.2075419Z ##[endgroup]
2026-01-07T08:45:47.2077575Z Secret source: Actions
2026-01-07T08:45:47.2078303Z Prepare workflow directory
2026-01-07T08:45:47.2408881Z Prepare all required actions
2026-01-07T08:45:47.2446458Z Getting action download info
2026-01-07T08:45:47.7061053Z Download action repository 'actions/checkout@v4' (SHA:34e114876b0b11c390a56381ad16ebd13914f8d5)
2026-01-07T08:45:47.8206496Z Download action repository 'actions/setup-java@v4' (SHA:c1e323688fd81a25caa38c78aa6df2d33d3e20d9)
2026-01-07T08:45:48.9960333Z Download action repository 'actions/upload-artifact@v4' (SHA:ea165f8d65b6e75b540449e92b4886f43607fa02)
2026-01-07T08:45:49.2129564Z Complete job name: build
2026-01-07T08:45:49.2851721Z ##[group]Run actions/checkout@v4
2026-01-07T08:45:49.2852690Z with:
2026-01-07T08:45:49.2853208Z   repository: xyraofficial/GenAIAgent
2026-01-07T08:45:49.2854003Z   token: ***
2026-01-07T08:45:49.2854735Z   ssh-strict: true
2026-01-07T08:45:49.2855221Z   ssh-user: git
2026-01-07T08:45:49.2855714Z   persist-credentials: true
2026-01-07T08:45:49.2856250Z   clean: true
2026-01-07T08:45:49.2856743Z   sparse-checkout-cone-mode: true
2026-01-07T08:45:49.2857312Z   fetch-depth: 1
2026-01-07T08:45:49.2857785Z   fetch-tags: false
2026-01-07T08:45:49.2858264Z   show-progress: true
2026-01-07T08:45:49.2858765Z   lfs: false
2026-01-07T08:45:49.2859226Z   submodules: false
2026-01-07T08:45:49.2859703Z   set-safe-directory: true
2026-01-07T08:45:49.2860530Z ##[endgroup]
2026-01-07T08:45:49.3954646Z Syncing repository: xyraofficial/GenAIAgent
2026-01-07T08:45:49.3957219Z ##[group]Getting Git version info
2026-01-07T08:45:49.3958665Z Working directory is '/home/runner/work/GenAIAgent/GenAIAgent'
2026-01-07T08:45:49.3959863Z [command]/usr/bin/git version
2026-01-07T08:45:49.4031282Z git version 2.52.0
2026-01-07T08:45:49.4057191Z ##[endgroup]
2026-01-07T08:45:49.4071000Z Temporarily overriding HOME='/home/runner/work/_temp/8720ded6-bae9-44aa-bace-de5628294aa1' before making global git config changes
2026-01-07T08:45:49.4073338Z Adding repository directory to the temporary git global config as a safe directory
2026-01-07T08:45:49.4083097Z [command]/usr/bin/git config --global --add safe.directory /home/runner/work/GenAIAgent/GenAIAgent
2026-01-07T08:45:49.4120163Z Deleting the contents of '/home/runner/work/GenAIAgent/GenAIAgent'
2026-01-07T08:45:49.4123265Z ##[group]Initializing the repository
2026-01-07T08:45:49.4127648Z [command]/usr/bin/git init /home/runner/work/GenAIAgent/GenAIAgent
2026-01-07T08:45:49.4239290Z hint: Using 'master' as the name for the initial branch. This default branch name
2026-01-07T08:45:49.4241207Z hint: will change to "main" in Git 3.0. To configure the initial branch name
2026-01-07T08:45:49.4243197Z hint: to use in all of your new repositories, which will suppress this warning,
2026-01-07T08:45:49.4244832Z hint: call:
2026-01-07T08:45:49.4245743Z hint:
2026-01-07T08:45:49.4247026Z hint: 	git config --global init.defaultBranch <name>
2026-01-07T08:45:49.4248392Z hint:
2026-01-07T08:45:49.4249658Z hint: Names commonly chosen instead of 'master' are 'main', 'trunk' and
2026-01-07T08:45:49.4251748Z hint: 'development'. The just-created branch can be renamed via this command:
2026-01-07T08:45:49.4253276Z hint:
2026-01-07T08:45:49.4254190Z hint: 	git branch -m <name>
2026-01-07T08:45:49.4255461Z hint:
2026-01-07T08:45:49.4256807Z hint: Disable this message with "git config set advice.defaultBranchName false"
2026-01-07T08:45:49.4258975Z Initialized empty Git repository in /home/runner/work/GenAIAgent/GenAIAgent/.git/
2026-01-07T08:45:49.4262045Z [command]/usr/bin/git remote add origin https://github.com/xyraofficial/GenAIAgent
2026-01-07T08:45:49.4292272Z ##[endgroup]
2026-01-07T08:45:49.4293779Z ##[group]Disabling automatic garbage collection
2026-01-07T08:45:49.4297177Z [command]/usr/bin/git config --local gc.auto 0
2026-01-07T08:45:49.4325965Z ##[endgroup]
2026-01-07T08:45:49.4327527Z ##[group]Setting up auth
2026-01-07T08:45:49.4333537Z [command]/usr/bin/git config --local --name-only --get-regexp core\.sshCommand
2026-01-07T08:45:49.4364841Z [command]/usr/bin/git submodule foreach --recursive sh -c "git config --local --name-only --get-regexp 'core\.sshCommand' && git config --local --unset-all 'core.sshCommand' || :"
2026-01-07T08:45:49.4708968Z [command]/usr/bin/git config --local --name-only --get-regexp http\.https\:\/\/github\.com\/\.extraheader
2026-01-07T08:45:49.4737293Z [command]/usr/bin/git submodule foreach --recursive sh -c "git config --local --name-only --get-regexp 'http\.https\:\/\/github\.com\/\.extraheader' && git config --local --unset-all 'http.https://github.com/.extraheader' || :"
2026-01-07T08:45:49.4952669Z [command]/usr/bin/git config --local --name-only --get-regexp ^includeIf\.gitdir:
2026-01-07T08:45:49.4982747Z [command]/usr/bin/git submodule foreach --recursive git config --local --show-origin --name-only --get-regexp remote.origin.url
2026-01-07T08:45:49.5212818Z [command]/usr/bin/git config --local http.https://github.com/.extraheader AUTHORIZATION: basic ***
2026-01-07T08:45:49.5246839Z ##[endgroup]
2026-01-07T08:45:49.5248398Z ##[group]Fetching the repository
2026-01-07T08:45:49.5256113Z [command]/usr/bin/git -c protocol.version=2 fetch --no-tags --prune --no-recurse-submodules --depth=1 origin +b78818b608c7926631c4a30054e99b2d49369af1:refs/remotes/origin/main
2026-01-07T08:45:50.0506699Z From https://github.com/xyraofficial/GenAIAgent
2026-01-07T08:45:50.0508431Z  * [new ref]         b78818b608c7926631c4a30054e99b2d49369af1 -> origin/main
2026-01-07T08:45:50.0540511Z ##[endgroup]
2026-01-07T08:45:50.0541488Z ##[group]Determining the checkout info
2026-01-07T08:45:50.0543010Z ##[endgroup]
2026-01-07T08:45:50.0548208Z [command]/usr/bin/git sparse-checkout disable
2026-01-07T08:45:50.0592818Z [command]/usr/bin/git config --local --unset-all extensions.worktreeConfig
2026-01-07T08:45:50.0618308Z ##[group]Checking out the ref
2026-01-07T08:45:50.0621660Z [command]/usr/bin/git checkout --progress --force -B main refs/remotes/origin/main
2026-01-07T08:45:50.0717359Z Switched to a new branch 'main'
2026-01-07T08:45:50.0720280Z branch 'main' set up to track 'origin/main'.
2026-01-07T08:45:50.0727340Z ##[endgroup]
2026-01-07T08:45:50.0758805Z [command]/usr/bin/git log -1 --format=%H
2026-01-07T08:45:50.0779625Z b78818b608c7926631c4a30054e99b2d49369af1
2026-01-07T08:45:50.1124581Z ##[group]Run actions/setup-java@v4
2026-01-07T08:45:50.1125704Z with:
2026-01-07T08:45:50.1126418Z   java-version: 17
2026-01-07T08:45:50.1127215Z   distribution: temurin
2026-01-07T08:45:50.1128042Z   cache: gradle
2026-01-07T08:45:50.1128798Z   java-package: jdk
2026-01-07T08:45:50.1129592Z   check-latest: false
2026-01-07T08:45:50.1130398Z   server-id: github
2026-01-07T08:45:50.1131211Z   server-username: GITHUB_ACTOR
2026-01-07T08:45:50.1132404Z   server-password: GITHUB_TOKEN
2026-01-07T08:45:50.1133378Z   overwrite-settings: true
2026-01-07T08:45:50.1134399Z   job-status: success
2026-01-07T08:45:50.1135476Z   token: ***
2026-01-07T08:45:50.1136178Z ##[endgroup]
2026-01-07T08:45:50.3248050Z ##[group]Installed distributions
2026-01-07T08:45:50.3319985Z Resolved Java 17.0.17+10 from tool-cache
2026-01-07T08:45:50.3321318Z Setting Java 17.0.17+10 as the default
2026-01-07T08:45:50.3335221Z Creating toolchains.xml for JDK version 17 from temurin
2026-01-07T08:45:50.3410591Z Writing to /home/runner/.m2/toolchains.xml
2026-01-07T08:45:50.3411951Z 
2026-01-07T08:45:50.3412501Z Java configuration:
2026-01-07T08:45:50.3413880Z   Distribution: temurin
2026-01-07T08:45:50.3415529Z   Version: 17.0.17+10
2026-01-07T08:45:50.3417538Z   Path: /opt/hostedtoolcache/Java_Temurin-Hotspot_jdk/17.0.17-10/x64
2026-01-07T08:45:50.3419375Z 
2026-01-07T08:45:50.3420867Z ##[endgroup]
2026-01-07T08:45:50.3438764Z Creating settings.xml with server-id: github
2026-01-07T08:45:50.3440859Z Writing to /home/runner/.m2/settings.xml
2026-01-07T08:45:50.6409252Z Cache hit for: setup-java-Linux-x64-gradle-f2b9dd28860bc9efe4ee58bba63c1c24c9ba41f5f0d5234e2c8b3e318b9ee80b
2026-01-07T08:45:51.8688264Z Received 41943040 of 412149208 (10.2%), 40.0 MBs/sec
2026-01-07T08:45:52.8690271Z Received 201326592 of 412149208 (48.8%), 96.0 MBs/sec
2026-01-07T08:45:53.8700148Z Received 352321536 of 412149208 (85.5%), 111.9 MBs/sec
2026-01-07T08:45:54.5413058Z Received 412149208 of 412149208 (100.0%), 107.0 MBs/sec
2026-01-07T08:45:54.5414552Z Cache Size: ~393 MB (412149208 B)
2026-01-07T08:45:54.5452563Z [command]/usr/bin/tar -xf /home/runner/work/_temp/389961f4-bfc4-41e4-9389-5432fdb475c8/cache.tzst -P -C /home/runner/work/GenAIAgent/GenAIAgent --use-compress-program unzstd
2026-01-07T08:45:55.9067604Z Cache restored successfully
2026-01-07T08:45:55.9835741Z Cache restored from key: setup-java-Linux-x64-gradle-f2b9dd28860bc9efe4ee58bba63c1c24c9ba41f5f0d5234e2c8b3e318b9ee80b
2026-01-07T08:45:56.0033840Z ##[group]Run chmod +x gradlew
2026-01-07T08:45:56.0034181Z [36;1mchmod +x gradlew[0m
2026-01-07T08:45:56.0073901Z shell: /usr/bin/bash -e {0}
2026-01-07T08:45:56.0074160Z env:
2026-01-07T08:45:56.0074688Z   JAVA_HOME: /opt/hostedtoolcache/Java_Temurin-Hotspot_jdk/17.0.17-10/x64
2026-01-07T08:45:56.0075197Z   JAVA_HOME_17_X64: /opt/hostedtoolcache/Java_Temurin-Hotspot_jdk/17.0.17-10/x64
2026-01-07T08:45:56.0075586Z ##[endgroup]
2026-01-07T08:45:56.0199091Z ##[group]Run ./gradlew assembleDebug --stacktrace
2026-01-07T08:45:56.0199490Z [36;1m./gradlew assembleDebug --stacktrace[0m
2026-01-07T08:45:56.0231740Z shell: /usr/bin/bash -e {0}
2026-01-07T08:45:56.0232014Z env:
2026-01-07T08:45:56.0232314Z   JAVA_HOME: /opt/hostedtoolcache/Java_Temurin-Hotspot_jdk/17.0.17-10/x64
2026-01-07T08:45:56.0232812Z   JAVA_HOME_17_X64: /opt/hostedtoolcache/Java_Temurin-Hotspot_jdk/17.0.17-10/x64
2026-01-07T08:45:56.0233340Z   SUPABASE_URL: ***
2026-01-07T08:45:56.0234774Z   SUPABASE_ANON_KEY: ***
2026-01-07T08:45:56.0235728Z   OPENAI_API_KEY: ***
2026-01-07T08:45:56.0235942Z ##[endgroup]
2026-01-07T08:45:57.7910184Z 
2026-01-07T08:45:57.7910869Z Welcome to Gradle 8.0!
2026-01-07T08:45:57.7911424Z 
2026-01-07T08:45:57.7913152Z For more details see https://docs.gradle.org/8.0/release-notes.html
2026-01-07T08:45:57.7914006Z 
2026-01-07T08:45:58.0860855Z Starting a Gradle Daemon (subsequent builds will be faster)
2026-01-07T08:46:08.6866469Z Checking the license for package Android SDK Build-Tools 30.0.3 in /usr/local/lib/android/sdk/licenses
2026-01-07T08:46:08.6874676Z License for package Android SDK Build-Tools 30.0.3 accepted.
2026-01-07T08:46:08.6890440Z Preparing "Install Android SDK Build-Tools 30.0.3 (revision: 30.0.3)".
2026-01-07T08:46:10.2860940Z "Install Android SDK Build-Tools 30.0.3 (revision: 30.0.3)" ready.
2026-01-07T08:46:10.2862304Z Installing Android SDK Build-Tools 30.0.3 in /usr/local/lib/android/sdk/build-tools/30.0.3
2026-01-07T08:46:10.2863513Z "Install Android SDK Build-Tools 30.0.3 (revision: 30.0.3)" complete.
2026-01-07T08:46:10.5863873Z "Install Android SDK Build-Tools 30.0.3 (revision: 30.0.3)" finished.
2026-01-07T08:46:10.5865391Z Checking the license for package Android SDK Platform 33 in /usr/local/lib/android/sdk/licenses
2026-01-07T08:46:10.5866203Z License for package Android SDK Platform 33 accepted.
2026-01-07T08:46:10.5866883Z Preparing "Install Android SDK Platform 33 (revision: 3)".
2026-01-07T08:46:14.8866182Z "Install Android SDK Platform 33 (revision: 3)" ready.
2026-01-07T08:46:14.8867612Z Installing Android SDK Platform 33 in /usr/local/lib/android/sdk/platforms/android-33
2026-01-07T08:46:14.8876249Z "Install Android SDK Platform 33 (revision: 3)" complete.
2026-01-07T08:46:14.8878291Z "Install Android SDK Platform 33 (revision: 3)" finished.
2026-01-07T08:46:15.2874085Z > Task :app:preBuild UP-TO-DATE
2026-01-07T08:46:15.2906605Z > Task :app:preDebugBuild UP-TO-DATE
2026-01-07T08:46:15.2909352Z > Task :app:mergeDebugNativeDebugMetadata NO-SOURCE
2026-01-07T08:46:15.3867295Z > Task :app:generateDebugBuildConfig
2026-01-07T08:46:15.7861232Z > Task :app:generateDebugResValues
2026-01-07T08:46:15.7862273Z > Task :app:checkDebugAarMetadata
2026-01-07T08:46:15.8863567Z > Task :app:mapDebugSourceSetPaths
2026-01-07T08:46:15.8876321Z > Task :app:generateDebugResources
2026-01-07T08:46:17.1878133Z > Task :app:packageDebugResources
2026-01-07T08:46:17.8859906Z > Task :app:createDebugCompatibleScreenManifests
2026-01-07T08:46:17.8863568Z > Task :app:extractDeepLinksDebug
2026-01-07T08:46:17.9860805Z > Task :app:parseDebugLocalResources
2026-01-07T08:46:18.1860671Z > Task :app:processDebugMainManifest
2026-01-07T08:46:18.2879481Z > Task :app:processDebugManifest
2026-01-07T08:46:18.3860280Z > Task :app:javaPreCompileDebug
2026-01-07T08:46:18.3860894Z > Task :app:mergeDebugResources
2026-01-07T08:46:18.3871473Z > Task :app:mergeDebugShaders
2026-01-07T08:46:18.3872112Z > Task :app:compileDebugShaders NO-SOURCE
2026-01-07T08:46:18.3872761Z > Task :app:generateDebugAssets UP-TO-DATE
2026-01-07T08:46:18.4866209Z > Task :app:mergeDebugAssets
2026-01-07T08:46:18.4869381Z > Task :app:compressDebugAssets
2026-01-07T08:46:18.4897868Z > Task :app:desugarDebugFileDependencies
2026-01-07T08:46:18.4903627Z > Task :app:processDebugJavaRes NO-SOURCE
2026-01-07T08:46:18.5869021Z > Task :app:mergeDebugJniLibFolders
2026-01-07T08:46:18.5869924Z > Task :app:checkDebugDuplicateClasses
2026-01-07T08:46:18.5872133Z > Task :app:mergeDebugNativeLibs NO-SOURCE
2026-01-07T08:46:18.6876252Z > Task :app:processDebugManifestForPackage
2026-01-07T08:46:19.0860028Z > Task :app:stripDebugDebugSymbols NO-SOURCE
2026-01-07T08:46:19.0860659Z > Task :app:mergeLibDexDebug
2026-01-07T08:46:19.9860587Z > Task :app:processDebugResources FAILED
2026-01-07T08:46:20.6860695Z > Task :app:validateSigningDebug
2026-01-07T08:46:23.2876290Z > Task :app:mergeExtDexDebug
2026-01-07T08:46:23.3885645Z 
2026-01-07T08:46:23.3888779Z FAILURE: Build failed with an exception.
2026-01-07T08:46:23.3892821Z 
2026-01-07T08:46:23.3893051Z * What went wrong:
2026-01-07T08:46:23.3893794Z Execution failed for task ':app:processDebugResources'.
2026-01-07T08:46:23.3895258Z > A failure occurred while executing com.android.build.gradle.internal.res.LinkApplicationAndroidResourcesTask$TaskAction
2026-01-07T08:46:23.3896290Z    > Android resource linking failed
2026-01-07T08:46:23.3897285Z      com.genai.app-mergeDebugResources-26:/values/values.xml:6258: error: style attribute 'android:attr/windowCornerRadius' not found.
2026-01-07T08:46:23.3898599Z      error: resource style/Widget.Material3.CardView (aka com.genai.app:style/Widget.Material3.CardView) not found.
2026-01-07T08:46:23.3899451Z      error: failed linking references.
2026-01-07T08:46:23.3899748Z 
2026-01-07T08:46:23.3899763Z 
2026-01-07T08:46:23.3899877Z * Try:
2026-01-07T08:46:23.3900276Z > Run with --info or --debug option to get more log output.
2026-01-07T08:46:23.3900832Z > Run with --scan to get full insights.
2026-01-07T08:46:23.3901145Z 
2026-01-07T08:46:23.3901628Z * Exception is:
2026-01-07T08:46:23.3902347Z org.gradle.api.tasks.TaskExecutionException: Execution failed for task ':app:processDebugResources'.
2026-01-07T08:46:23.3903970Z 	at org.gradle.api.internal.tasks.execution.ExecuteActionsTaskExecuter.lambda$executeIfValid$1(ExecuteActionsTaskExecuter.java:149)
2026-01-07T08:46:23.3905368Z 	at org.gradle.internal.Try$Failure.ifSuccessfulOrElse(Try.java:282)
2026-01-07T08:46:23.3906547Z 	at org.gradle.api.internal.tasks.execution.ExecuteActionsTaskExecuter.executeIfValid(ExecuteActionsTaskExecuter.java:147)
2026-01-07T08:46:23.3908089Z 	at org.gradle.api.internal.tasks.execution.ExecuteActionsTaskExecuter.execute(ExecuteActionsTaskExecuter.java:135)
2026-01-07T08:46:23.3909626Z 	at org.gradle.api.internal.tasks.execution.FinalizePropertiesTaskExecuter.execute(FinalizePropertiesTaskExecuter.java:46)
2026-01-07T08:46:23.3911269Z 	at org.gradle.api.internal.tasks.execution.ResolveTaskExecutionModeExecuter.execute(ResolveTaskExecutionModeExecuter.java:51)
2026-01-07T08:46:23.3912876Z 	at org.gradle.api.internal.tasks.execution.SkipTaskWithNoActionsExecuter.execute(SkipTaskWithNoActionsExecuter.java:57)
2026-01-07T08:46:23.3914453Z 	at org.gradle.api.internal.tasks.execution.SkipOnlyIfTaskExecuter.execute(SkipOnlyIfTaskExecuter.java:74)
2026-01-07T08:46:23.3915850Z 	at org.gradle.api.internal.tasks.execution.CatchExceptionTaskExecuter.execute(CatchExceptionTaskExecuter.java:36)
2026-01-07T08:46:23.3917275Z 	at org.gradle.api.internal.tasks.execution.EventFiringTaskExecuter$1.executeTask(EventFiringTaskExecuter.java:77)
2026-01-07T08:46:23.3918654Z 	at org.gradle.api.internal.tasks.execution.EventFiringTaskExecuter$1.call(EventFiringTaskExecuter.java:55)
2026-01-07T08:46:23.3919972Z 	at org.gradle.api.internal.tasks.execution.EventFiringTaskExecuter$1.call(EventFiringTaskExecuter.java:52)
2026-01-07T08:46:23.3921546Z 	at org.gradle.internal.operations.DefaultBuildOperationRunner$CallableBuildOperationWorker.execute(DefaultBuildOperationRunner.java:204)
2026-01-07T08:46:23.3923350Z 	at org.gradle.internal.operations.DefaultBuildOperationRunner$CallableBuildOperationWorker.execute(DefaultBuildOperationRunner.java:199)
2026-01-07T08:46:23.3925098Z 	at org.gradle.internal.operations.DefaultBuildOperationRunner$2.execute(DefaultBuildOperationRunner.java:66)
2026-01-07T08:46:23.3926451Z 	at org.gradle.internal.operations.DefaultBuildOperationRunner$2.execute(DefaultBuildOperationRunner.java:59)
2026-01-07T08:46:23.3927959Z 	at org.gradle.internal.operations.DefaultBuildOperationRunner.execute(DefaultBuildOperationRunner.java:157)
2026-01-07T08:46:23.3929245Z 	at org.gradle.internal.operations.DefaultBuildOperationRunner.execute(DefaultBuildOperationRunner.java:59)
2026-01-07T08:46:23.3930488Z 	at org.gradle.internal.operations.DefaultBuildOperationRunner.call(DefaultBuildOperationRunner.java:53)
2026-01-07T08:46:23.3931737Z 	at org.gradle.internal.operations.DefaultBuildOperationExecutor.call(DefaultBuildOperationExecutor.java:73)
2026-01-07T08:46:23.3933011Z 	at org.gradle.api.internal.tasks.execution.EventFiringTaskExecuter.execute(EventFiringTaskExecuter.java:52)
2026-01-07T08:46:23.3934164Z 	at org.gradle.execution.plan.LocalTaskNodeExecutor.execute(LocalTaskNodeExecutor.java:42)
2026-01-07T08:46:23.3935599Z 	at org.gradle.execution.taskgraph.DefaultTaskExecutionGraph$InvokeNodeExecutorsAction.execute(DefaultTaskExecutionGraph.java:338)
2026-01-07T08:46:23.3937218Z 	at org.gradle.execution.taskgraph.DefaultTaskExecutionGraph$InvokeNodeExecutorsAction.execute(DefaultTaskExecutionGraph.java:325)
2026-01-07T08:46:23.3938899Z 	at org.gradle.execution.taskgraph.DefaultTaskExecutionGraph$BuildOperationAwareExecutionAction.execute(DefaultTaskExecutionGraph.java:318)
2026-01-07T08:46:23.3940669Z 	at org.gradle.execution.taskgraph.DefaultTaskExecutionGraph$BuildOperationAwareExecutionAction.execute(DefaultTaskExecutionGraph.java:304)
2026-01-07T08:46:23.3942165Z 	at org.gradle.execution.plan.DefaultPlanExecutor$ExecutorWorker.execute(DefaultPlanExecutor.java:463)
2026-01-07T08:46:23.3989097Z 	at org.gradle.execution.plan.DefaultPlanExecutor$ExecutorWorker.run(DefaultPlanExecutor.java:380)
2026-01-07T08:46:23.4020564Z 	at org.gradle.internal.concurrent.ExecutorPolicy$CatchAndRecordFailures.onExecute(ExecutorPolicy.java:64)
2026-01-07T08:46:23.4030102Z 	at org.gradle.internal.concurrent.ManagedExecutorImpl$1.run(ManagedExecutorImpl.java:49)
2026-01-07T08:46:23.4083219Z Caused by: org.gradle.workers.internal.DefaultWorkerExecutor$WorkExecutionException: A failure occurred while executing com.android.build.gradle.internal.res.LinkApplicationAndroidResourcesTask$TaskAction
2026-01-07T08:46:23.4085546Z 	at org.gradle.workers.internal.DefaultWorkerExecutor$WorkItemExecution.waitForCompletion(DefaultWorkerExecutor.java:283)
2026-01-07T08:46:23.4106534Z 	at org.gradle.internal.work.DefaultAsyncWorkTracker.lambda$waitForItemsAndGatherFailures$2(DefaultAsyncWorkTracker.java:130)
2026-01-07T08:46:23.4107746Z 	at org.gradle.internal.Factories$1.create(Factories.java:31)
2026-01-07T08:46:23.4108790Z 	at org.gradle.internal.work.DefaultWorkerLeaseService.withoutLocks(DefaultWorkerLeaseService.java:321)
2026-01-07T08:46:23.4110181Z 	at org.gradle.internal.work.DefaultWorkerLeaseService.withoutLocks(DefaultWorkerLeaseService.java:304)
2026-01-07T08:46:23.4111529Z 	at org.gradle.internal.work.DefaultWorkerLeaseService.withoutLock(DefaultWorkerLeaseService.java:309)
2026-01-07T08:46:23.4113007Z 	at org.gradle.internal.work.DefaultAsyncWorkTracker.waitForItemsAndGatherFailures(DefaultAsyncWorkTracker.java:126)
2026-01-07T08:46:23.4126925Z 	at org.gradle.internal.work.DefaultAsyncWorkTracker.waitForItemsAndGatherFailures(DefaultAsyncWorkTracker.java:92)
2026-01-07T08:46:23.4128424Z 	at org.gradle.internal.work.DefaultAsyncWorkTracker.waitForAll(DefaultAsyncWorkTracker.java:78)
2026-01-07T08:46:23.4129769Z 	at org.gradle.internal.work.DefaultAsyncWorkTracker.waitForCompletion(DefaultAsyncWorkTracker.java:66)
2026-01-07T08:46:23.4131011Z 	at org.gradle.api.internal.tasks.execution.TaskExecution$3.run(TaskExecution.java:250)
2026-01-07T08:46:23.4132306Z 	at org.gradle.internal.operations.DefaultBuildOperationRunner$1.execute(DefaultBuildOperationRunner.java:29)
2026-01-07T08:46:23.4133780Z 	at org.gradle.internal.operations.DefaultBuildOperationRunner$1.execute(DefaultBuildOperationRunner.java:26)
2026-01-07T08:46:23.4135458Z 	at org.gradle.internal.operations.DefaultBuildOperationRunner$2.execute(DefaultBuildOperationRunner.java:66)
2026-01-07T08:46:23.4137273Z 	at org.gradle.internal.operations.DefaultBuildOperationRunner$2.execute(DefaultBuildOperationRunner.java:59)
2026-01-07T08:46:23.4138790Z 	at org.gradle.internal.operations.DefaultBuildOperationRunner.execute(DefaultBuildOperationRunner.java:157)
2026-01-07T08:46:23.4140307Z 	at org.gradle.internal.operations.DefaultBuildOperationRunner.execute(DefaultBuildOperationRunner.java:59)
2026-01-07T08:46:23.4141745Z 	at org.gradle.internal.operations.DefaultBuildOperationRunner.run(DefaultBuildOperationRunner.java:47)
2026-01-07T08:46:23.4143142Z 	at org.gradle.internal.operations.DefaultBuildOperationExecutor.run(DefaultBuildOperationExecutor.java:68)
2026-01-07T08:46:23.4180229Z 	at org.gradle.api.internal.tasks.execution.TaskExecution.executeAction(TaskExecution.java:227)
2026-01-07T08:46:23.4181487Z 	at org.gradle.api.internal.tasks.execution.TaskExecution.executeActions(TaskExecution.java:210)
2026-01-07T08:46:23.4182936Z 	at org.gradle.api.internal.tasks.execution.TaskExecution.executeWithPreviousOutputFiles(TaskExecution.java:193)
2026-01-07T08:46:23.4184493Z 	at org.gradle.api.internal.tasks.execution.TaskExecution.execute(TaskExecution.java:166)
2026-01-07T08:46:23.4185565Z 	at org.gradle.internal.execution.steps.ExecuteStep.executeInternal(ExecuteStep.java:93)
2026-01-07T08:46:23.4186667Z 	at org.gradle.internal.execution.steps.ExecuteStep.access$000(ExecuteStep.java:44)
2026-01-07T08:46:23.4187624Z 	at org.gradle.internal.execution.steps.ExecuteStep$1.call(ExecuteStep.java:57)
2026-01-07T08:46:23.4188455Z 	at org.gradle.internal.execution.steps.ExecuteStep$1.call(ExecuteStep.java:54)
2026-01-07T08:46:23.4190113Z 	at org.gradle.internal.operations.DefaultBuildOperationRunner$CallableBuildOperationWorker.execute(DefaultBuildOperationRunner.java:204)
2026-01-07T08:46:23.4192144Z 	at org.gradle.internal.operations.DefaultBuildOperationRunner$CallableBuildOperationWorker.execute(DefaultBuildOperationRunner.java:199)
2026-01-07T08:46:23.4193745Z 	at org.gradle.internal.operations.DefaultBuildOperationRunner$2.execute(DefaultBuildOperationRunner.java:66)
2026-01-07T08:46:23.4195297Z 	at org.gradle.internal.operations.DefaultBuildOperationRunner$2.execute(DefaultBuildOperationRunner.java:59)
2026-01-07T08:46:23.4196700Z 	at org.gradle.internal.operations.DefaultBuildOperationRunner.execute(DefaultBuildOperationRunner.java:157)
2026-01-07T08:46:23.4198158Z 	at org.gradle.internal.operations.DefaultBuildOperationRunner.execute(DefaultBuildOperationRunner.java:59)
2026-01-07T08:46:23.4199618Z 	at org.gradle.internal.operations.DefaultBuildOperationRunner.call(DefaultBuildOperationRunner.java:53)
2026-01-07T08:46:23.4201051Z 	at org.gradle.internal.operations.DefaultBuildOperationExecutor.call(DefaultBuildOperationExecutor.java:73)
2026-01-07T08:46:23.4202299Z 	at org.gradle.internal.execution.steps.ExecuteStep.execute(ExecuteStep.java:54)
2026-01-07T08:46:23.4203411Z 	at org.gradle.internal.execution.steps.ExecuteStep.execute(ExecuteStep.java:44)
2026-01-07T08:46:23.4204831Z 	at org.gradle.internal.execution.steps.RemovePreviousOutputsStep.execute(RemovePreviousOutputsStep.java:67)
2026-01-07T08:46:23.4206302Z 	at org.gradle.internal.execution.steps.RemovePreviousOutputsStep.execute(RemovePreviousOutputsStep.java:37)
2026-01-07T08:46:23.4207665Z 	at org.gradle.internal.execution.steps.CancelExecutionStep.execute(CancelExecutionStep.java:41)
2026-01-07T08:46:23.4208906Z 	at org.gradle.internal.execution.steps.TimeoutStep.executeWithoutTimeout(TimeoutStep.java:74)
2026-01-07T08:46:23.4210021Z 	at org.gradle.internal.execution.steps.TimeoutStep.execute(TimeoutStep.java:55)
2026-01-07T08:46:23.4211109Z 	at org.gradle.internal.execution.steps.CreateOutputsStep.execute(CreateOutputsStep.java:50)
2026-01-07T08:46:23.4212277Z 	at org.gradle.internal.execution.steps.CreateOutputsStep.execute(CreateOutputsStep.java:28)
2026-01-07T08:46:23.4213965Z 	at org.gradle.internal.execution.steps.CaptureStateAfterExecutionStep.executeDelegateBroadcastingChanges(CaptureStateAfterExecutionStep.java:100)
2026-01-07T08:46:23.4235185Z 	at org.gradle.internal.execution.steps.CaptureStateAfterExecutionStep.execute(CaptureStateAfterExecutionStep.java:72)
2026-01-07T08:46:23.4236817Z 	at org.gradle.internal.execution.steps.CaptureStateAfterExecutionStep.execute(CaptureStateAfterExecutionStep.java:50)
2026-01-07T08:46:23.4238310Z 	at org.gradle.internal.execution.steps.ResolveInputChangesStep.execute(ResolveInputChangesStep.java:40)
2026-01-07T08:46:23.4239662Z 	at org.gradle.internal.execution.steps.ResolveInputChangesStep.execute(ResolveInputChangesStep.java:29)
2026-01-07T08:46:23.4241035Z 	at org.gradle.internal.execution.steps.BuildCacheStep.executeWithoutCache(BuildCacheStep.java:166)
2026-01-07T08:46:23.4242308Z 	at org.gradle.internal.execution.steps.BuildCacheStep.lambda$execute$1(BuildCacheStep.java:70)
2026-01-07T08:46:23.4243245Z 	at org.gradle.internal.Either$Right.fold(Either.java:175)
2026-01-07T08:46:23.4244090Z 	at org.gradle.internal.execution.caching.CachingState.fold(CachingState.java:59)
2026-01-07T08:46:23.4245374Z 	at org.gradle.internal.execution.steps.BuildCacheStep.execute(BuildCacheStep.java:68)
2026-01-07T08:46:23.4246466Z 	at org.gradle.internal.execution.steps.BuildCacheStep.execute(BuildCacheStep.java:46)
2026-01-07T08:46:23.4247709Z 	at org.gradle.internal.execution.steps.StoreExecutionStateStep.execute(StoreExecutionStateStep.java:36)
2026-01-07T08:46:23.4249120Z 	at org.gradle.internal.execution.steps.StoreExecutionStateStep.execute(StoreExecutionStateStep.java:25)
2026-01-07T08:46:23.4250432Z 	at org.gradle.internal.execution.steps.RecordOutputsStep.execute(RecordOutputsStep.java:36)
2026-01-07T08:46:23.4251884Z 	at org.gradle.internal.execution.steps.RecordOutputsStep.execute(RecordOutputsStep.java:22)
2026-01-07T08:46:23.4253111Z 	at org.gradle.internal.execution.steps.SkipUpToDateStep.executeBecause(SkipUpToDateStep.java:91)
2026-01-07T08:46:23.4254575Z 	at org.gradle.internal.execution.steps.SkipUpToDateStep.lambda$execute$2(SkipUpToDateStep.java:55)
2026-01-07T08:46:23.4255813Z 	at org.gradle.internal.execution.steps.SkipUpToDateStep.execute(SkipUpToDateStep.java:55)
2026-01-07T08:46:23.4256971Z 	at org.gradle.internal.execution.steps.SkipUpToDateStep.execute(SkipUpToDateStep.java:37)
2026-01-07T08:46:23.4258169Z 	at org.gradle.internal.execution.steps.ResolveChangesStep.execute(ResolveChangesStep.java:65)
2026-01-07T08:46:23.4259387Z 	at org.gradle.internal.execution.steps.ResolveChangesStep.execute(ResolveChangesStep.java:36)
2026-01-07T08:46:23.4260964Z 	at org.gradle.internal.execution.steps.legacy.MarkSnapshottingInputsFinishedStep.execute(MarkSnapshottingInputsFinishedStep.java:37)
2026-01-07T08:46:23.4262896Z 	at org.gradle.internal.execution.steps.legacy.MarkSnapshottingInputsFinishedStep.execute(MarkSnapshottingInputsFinishedStep.java:27)
2026-01-07T08:46:23.4264936Z 	at org.gradle.internal.execution.steps.ResolveCachingStateStep.execute(ResolveCachingStateStep.java:76)
2026-01-07T08:46:23.4266345Z 	at org.gradle.internal.execution.steps.ResolveCachingStateStep.execute(ResolveCachingStateStep.java:37)
2026-01-07T08:46:23.4267577Z 	at org.gradle.internal.execution.steps.ValidateStep.execute(ValidateStep.java:94)
2026-01-07T08:46:23.4268617Z 	at org.gradle.internal.execution.steps.ValidateStep.execute(ValidateStep.java:49)
2026-01-07T08:46:23.4269962Z 	at org.gradle.internal.execution.steps.CaptureStateBeforeExecutionStep.execute(CaptureStateBeforeExecutionStep.java:71)
2026-01-07T08:46:23.4271545Z 	at org.gradle.internal.execution.steps.CaptureStateBeforeExecutionStep.execute(CaptureStateBeforeExecutionStep.java:45)
2026-01-07T08:46:23.4273170Z 	at org.gradle.internal.execution.steps.SkipEmptyWorkStep.executeWithNonEmptySources(SkipEmptyWorkStep.java:177)
2026-01-07T08:46:23.4274768Z 	at org.gradle.internal.execution.steps.SkipEmptyWorkStep.execute(SkipEmptyWorkStep.java:81)
2026-01-07T08:46:23.4275950Z 	at org.gradle.internal.execution.steps.SkipEmptyWorkStep.execute(SkipEmptyWorkStep.java:53)
2026-01-07T08:46:23.4277413Z 	at org.gradle.internal.execution.steps.RemoveUntrackedExecutionStateStep.execute(RemoveUntrackedExecutionStateStep.java:32)
2026-01-07T08:46:23.4279357Z 	at org.gradle.internal.execution.steps.RemoveUntrackedExecutionStateStep.execute(RemoveUntrackedExecutionStateStep.java:21)
2026-01-07T08:46:23.4281199Z 	at org.gradle.internal.execution.steps.legacy.MarkSnapshottingInputsStartedStep.execute(MarkSnapshottingInputsStartedStep.java:38)
2026-01-07T08:46:23.4282883Z 	at org.gradle.internal.execution.steps.LoadPreviousExecutionStateStep.execute(LoadPreviousExecutionStateStep.java:36)
2026-01-07T08:46:23.4284416Z 	at org.gradle.internal.execution.steps.LoadPreviousExecutionStateStep.execute(LoadPreviousExecutionStateStep.java:23)
2026-01-07T08:46:23.4285919Z 	at org.gradle.internal.execution.steps.CleanupStaleOutputsStep.execute(CleanupStaleOutputsStep.java:75)
2026-01-07T08:46:23.4287315Z 	at org.gradle.internal.execution.steps.CleanupStaleOutputsStep.execute(CleanupStaleOutputsStep.java:41)
2026-01-07T08:46:23.4288667Z 	at org.gradle.internal.execution.steps.AssignWorkspaceStep.lambda$execute$0(AssignWorkspaceStep.java:32)
2026-01-07T08:46:23.4289953Z 	at org.gradle.api.internal.tasks.execution.TaskExecution$4.withWorkspace(TaskExecution.java:287)
2026-01-07T08:46:23.4291158Z 	at org.gradle.internal.execution.steps.AssignWorkspaceStep.execute(AssignWorkspaceStep.java:30)
2026-01-07T08:46:23.4292404Z 	at org.gradle.internal.execution.steps.AssignWorkspaceStep.execute(AssignWorkspaceStep.java:21)
2026-01-07T08:46:23.4293595Z 	at org.gradle.internal.execution.steps.IdentityCacheStep.execute(IdentityCacheStep.java:37)
2026-01-07T08:46:23.4294910Z 	at org.gradle.internal.execution.steps.IdentityCacheStep.execute(IdentityCacheStep.java:27)
2026-01-07T08:46:23.4296199Z 	at org.gradle.internal.execution.steps.IdentifyStep.execute(IdentifyStep.java:42)
2026-01-07T08:46:23.4297205Z 	at org.gradle.internal.execution.steps.IdentifyStep.execute(IdentifyStep.java:31)
2026-01-07T08:46:23.4298361Z 	at org.gradle.internal.execution.impl.DefaultExecutionEngine$1.execute(DefaultExecutionEngine.java:64)
2026-01-07T08:46:23.4300267Z 	at org.gradle.api.internal.tasks.execution.ExecuteActionsTaskExecuter.executeIfValid(ExecuteActionsTaskExecuter.java:146)
2026-01-07T08:46:23.4301858Z 	at org.gradle.api.internal.tasks.execution.ExecuteActionsTaskExecuter.execute(ExecuteActionsTaskExecuter.java:135)
2026-01-07T08:46:23.4303456Z 	at org.gradle.api.internal.tasks.execution.FinalizePropertiesTaskExecuter.execute(FinalizePropertiesTaskExecuter.java:46)
2026-01-07T08:46:23.4305335Z 	at org.gradle.api.internal.tasks.execution.ResolveTaskExecutionModeExecuter.execute(ResolveTaskExecutionModeExecuter.java:51)
2026-01-07T08:46:23.4307014Z 	at org.gradle.api.internal.tasks.execution.SkipTaskWithNoActionsExecuter.execute(SkipTaskWithNoActionsExecuter.java:57)
2026-01-07T08:46:23.4308502Z 	at org.gradle.api.internal.tasks.execution.SkipOnlyIfTaskExecuter.execute(SkipOnlyIfTaskExecuter.java:74)
2026-01-07T08:46:23.4309922Z 	at org.gradle.api.internal.tasks.execution.CatchExceptionTaskExecuter.execute(CatchExceptionTaskExecuter.java:36)
2026-01-07T08:46:23.4311365Z 	at org.gradle.api.internal.tasks.execution.EventFiringTaskExecuter$1.executeTask(EventFiringTaskExecuter.java:77)
2026-01-07T08:46:23.4312737Z 	at org.gradle.api.internal.tasks.execution.EventFiringTaskExecuter$1.call(EventFiringTaskExecuter.java:55)
2026-01-07T08:46:23.4314090Z 	at org.gradle.api.internal.tasks.execution.EventFiringTaskExecuter$1.call(EventFiringTaskExecuter.java:52)
2026-01-07T08:46:23.4315872Z 	at org.gradle.internal.operations.DefaultBuildOperationRunner$CallableBuildOperationWorker.execute(DefaultBuildOperationRunner.java:204)
2026-01-07T08:46:23.4317722Z 	at org.gradle.internal.operations.DefaultBuildOperationRunner$CallableBuildOperationWorker.execute(DefaultBuildOperationRunner.java:199)
2026-01-07T08:46:23.4319360Z 	at org.gradle.internal.operations.DefaultBuildOperationRunner$2.execute(DefaultBuildOperationRunner.java:66)
2026-01-07T08:46:23.4320766Z 	at org.gradle.internal.operations.DefaultBuildOperationRunner$2.execute(DefaultBuildOperationRunner.java:59)
2026-01-07T08:46:23.4322294Z 	at org.gradle.internal.operations.DefaultBuildOperationRunner.execute(DefaultBuildOperationRunner.java:157)
2026-01-07T08:46:23.4323801Z 	at org.gradle.internal.operations.DefaultBuildOperationRunner.execute(DefaultBuildOperationRunner.java:59)
2026-01-07T08:46:23.4325435Z 	at org.gradle.internal.operations.DefaultBuildOperationRunner.call(DefaultBuildOperationRunner.java:53)
2026-01-07T08:46:23.4326855Z 	at org.gradle.internal.operations.DefaultBuildOperationExecutor.call(DefaultBuildOperationExecutor.java:73)
2026-01-07T08:46:23.4328180Z 	at org.gradle.api.internal.tasks.execution.EventFiringTaskExecuter.execute(EventFiringTaskExecuter.java:52)
2026-01-07T08:46:23.4329463Z 	at org.gradle.execution.plan.LocalTaskNodeExecutor.execute(LocalTaskNodeExecutor.java:42)
2026-01-07T08:46:23.4330880Z 	at org.gradle.execution.taskgraph.DefaultTaskExecutionGraph$InvokeNodeExecutorsAction.execute(DefaultTaskExecutionGraph.java:338)
2026-01-07T08:46:23.4332617Z 	at org.gradle.execution.taskgraph.DefaultTaskExecutionGraph$InvokeNodeExecutorsAction.execute(DefaultTaskExecutionGraph.java:325)
2026-01-07T08:46:23.4334555Z 	at org.gradle.execution.taskgraph.DefaultTaskExecutionGraph$BuildOperationAwareExecutionAction.execute(DefaultTaskExecutionGraph.java:318)
2026-01-07T08:46:23.4336460Z 	at org.gradle.execution.taskgraph.DefaultTaskExecutionGraph$BuildOperationAwareExecutionAction.execute(DefaultTaskExecutionGraph.java:304)
2026-01-07T08:46:23.4338043Z 	at org.gradle.execution.plan.DefaultPlanExecutor$ExecutorWorker.execute(DefaultPlanExecutor.java:463)
2026-01-07T08:46:23.4339562Z 	at org.gradle.execution.plan.DefaultPlanExecutor$ExecutorWorker.run(DefaultPlanExecutor.java:380)
2026-01-07T08:46:23.4340842Z 	at org.gradle.internal.concurrent.ExecutorPolicy$CatchAndRecordFailures.onExecute(ExecutorPolicy.java:64)
2026-01-07T08:46:23.4342053Z 	at org.gradle.internal.concurrent.ManagedExecutorImpl$1.run(ManagedExecutorImpl.java:49)
2026-01-07T08:46:23.4343203Z Caused by: com.android.builder.internal.aapt.v2.Aapt2Exception: Android resource linking failed
2026-01-07T08:46:23.4344722Z com.genai.app-mergeDebugResources-26:/values/values.xml:6258: error: style attribute 'android:attr/windowCornerRadius' not found.
2026-01-07T08:46:23.4346039Z error: resource style/Widget.Material3.CardView (aka com.genai.app:style/Widget.Material3.CardView) not found.
2026-01-07T08:46:23.4346549Z error: failed linking references.
2026-01-07T08:46:23.4346723Z 
2026-01-07T08:46:23.4347007Z 	at com.android.builder.internal.aapt.v2.Aapt2Exception$Companion.create(Aapt2Exception.kt:45)
2026-01-07T08:46:23.4347675Z 	at com.android.builder.internal.aapt.v2.Aapt2Exception$Companion.create$default(Aapt2Exception.kt:33)
2026-01-07T08:46:23.4348332Z 	at com.android.builder.internal.aapt.v2.Aapt2DaemonImpl.doLink(Aapt2DaemonImpl.kt:188)
2026-01-07T08:46:23.4348914Z 	at com.android.builder.internal.aapt.v2.Aapt2Daemon.link(Aapt2Daemon.kt:124)
2026-01-07T08:46:23.4349537Z 	at com.android.builder.internal.aapt.v2.Aapt2DaemonManager$LeasedAaptDaemon.link(Aapt2DaemonManager.kt:176)
2026-01-07T08:46:23.4350281Z 	at com.android.builder.internal.aapt.v2.Aapt2DaemonManager$leasingAapt2Daemon$1.link(Aapt2DaemonManager.kt:199)
2026-01-07T08:46:23.4351136Z 	at com.android.build.gradle.internal.services.PartialInProcessResourceProcessor.link(PartialInProcessResourceProcessor.kt:51)
2026-01-07T08:46:23.4352095Z 	at com.android.build.gradle.internal.res.Aapt2ProcessResourcesRunnableKt.processResources(Aapt2ProcessResourcesRunnable.kt:74)
2026-01-07T08:46:23.4353115Z 	at com.android.build.gradle.internal.res.LinkApplicationAndroidResourcesTask$Companion.invokeAaptForSplit(LinkApplicationAndroidResourcesTask.kt:941)
2026-01-07T08:46:23.4354446Z 	at com.android.build.gradle.internal.res.LinkApplicationAndroidResourcesTask$Companion.access$invokeAaptForSplit(LinkApplicationAndroidResourcesTask.kt:791)
2026-01-07T08:46:23.4356411Z 	at com.android.build.gradle.internal.res.LinkApplicationAndroidResourcesTask$TaskAction.run(LinkApplicationAndroidResourcesTask.kt:422)
2026-01-07T08:46:23.4358286Z 	at com.android.build.gradle.internal.profile.ProfileAwareWorkAction.execute(ProfileAwareWorkAction.kt:74)
2026-01-07T08:46:23.4359563Z 	at org.gradle.workers.internal.DefaultWorkerServer.execute(DefaultWorkerServer.java:63)
2026-01-07T08:46:23.4360741Z 	at org.gradle.workers.internal.NoIsolationWorkerFactory$1$1.create(NoIsolationWorkerFactory.java:66)
2026-01-07T08:46:23.4362031Z 	at org.gradle.workers.internal.NoIsolationWorkerFactory$1$1.create(NoIsolationWorkerFactory.java:62)
2026-01-07T08:46:23.4363337Z 	at org.gradle.internal.classloader.ClassLoaderUtils.executeInClassloader(ClassLoaderUtils.java:100)
2026-01-07T08:46:23.4364895Z 	at org.gradle.workers.internal.NoIsolationWorkerFactory$1.lambda$execute$0(NoIsolationWorkerFactory.java:62)
2026-01-07T08:46:23.4366029Z 	at org.gradle.workers.internal.AbstractWorker$1.call(AbstractWorker.java:44)
2026-01-07T08:46:23.4366938Z 	at org.gradle.workers.internal.AbstractWorker$1.call(AbstractWorker.java:41)
2026-01-07T08:46:23.4368325Z 	at org.gradle.internal.operations.DefaultBuildOperationRunner$CallableBuildOperationWorker.execute(DefaultBuildOperationRunner.java:204)
2026-01-07T08:46:23.4370164Z 	at org.gradle.internal.operations.DefaultBuildOperationRunner$CallableBuildOperationWorker.execute(DefaultBuildOperationRunner.java:199)
2026-01-07T08:46:23.4371849Z 	at org.gradle.internal.operations.DefaultBuildOperationRunner$2.execute(DefaultBuildOperationRunner.java:66)
2026-01-07T08:46:23.4373314Z 	at org.gradle.internal.operations.DefaultBuildOperationRunner$2.execute(DefaultBuildOperationRunner.java:59)
2026-01-07T08:46:23.4375318Z 	at org.gradle.internal.operations.DefaultBuildOperationRunner.execute(DefaultBuildOperationRunner.java:157)
2026-01-07T08:46:23.4376762Z 	at org.gradle.internal.operations.DefaultBuildOperationRunner.execute(DefaultBuildOperationRunner.java:59)
2026-01-07T08:46:23.4378213Z 	at org.gradle.internal.operations.DefaultBuildOperationRunner.call(DefaultBuildOperationRunner.java:53)
2026-01-07T08:46:23.4379620Z 	at org.gradle.internal.operations.DefaultBuildOperationExecutor.call(DefaultBuildOperationExecutor.java:73)
2026-01-07T08:46:23.4381012Z 	at org.gradle.workers.internal.AbstractWorker.executeWrappedInBuildOperation(AbstractWorker.java:41)
2026-01-07T08:46:23.4382295Z 	at org.gradle.workers.internal.NoIsolationWorkerFactory$1.execute(NoIsolationWorkerFactory.java:59)
2026-01-07T08:46:23.4383595Z 	at org.gradle.workers.internal.DefaultWorkerExecutor.lambda$submitWork$0(DefaultWorkerExecutor.java:169)
2026-01-07T08:46:23.4387295Z 	at org.gradle.internal.work.DefaultConditionalExecutionQueue$ExecutionRunner.runExecution(DefaultConditionalExecutionQueue.java:187)
2026-01-07T08:46:23.4389077Z 	at org.gradle.internal.work.DefaultConditionalExecutionQueue$ExecutionRunner.access$700(DefaultConditionalExecutionQueue.java:120)
2026-01-07T08:46:23.4390773Z 	at org.gradle.internal.work.DefaultConditionalExecutionQueue$ExecutionRunner$1.run(DefaultConditionalExecutionQueue.java:162)
2026-01-07T08:46:23.4391953Z 	at org.gradle.internal.Factories$1.create(Factories.java:31)
2026-01-07T08:46:23.4392958Z 	at org.gradle.internal.work.DefaultWorkerLeaseService.withLocks(DefaultWorkerLeaseService.java:249)
2026-01-07T08:46:23.4424635Z 	at org.gradle.internal.work.DefaultWorkerLeaseService.runAsWorkerThread(DefaultWorkerLeaseService.java:109)
2026-01-07T08:46:23.4426206Z 	at org.gradle.internal.work.DefaultWorkerLeaseService.runAsWorkerThread(DefaultWorkerLeaseService.java:114)
2026-01-07T08:46:23.4427799Z 	at org.gradle.internal.work.DefaultConditionalExecutionQueue$ExecutionRunner.runBatch(DefaultConditionalExecutionQueue.java:157)
2026-01-07T08:46:23.4429477Z 	at org.gradle.internal.work.DefaultConditionalExecutionQueue$ExecutionRunner.run(DefaultConditionalExecutionQueue.java:126)
2026-01-07T08:46:23.4430480Z 	... 2 more
2026-01-07T08:46:23.4431367Z 	Suppressed: java.util.NoSuchElementException: Unable to get absolute path from com.genai.app-mergeDebugResources-26:/values/values.xml
2026-01-07T08:46:23.4433021Z                        because com.genai.app-mergeDebugResources-26 is not key in sourceSetPathMap.
2026-01-07T08:46:23.4434561Z 		at com.android.ide.common.resources.RelativeResourceUtils$relativeResourcePathToAbsolutePath$1.invoke(RelativeResourceUtils.kt:91)
2026-01-07T08:46:23.4436254Z 		at com.android.ide.common.resources.RelativeResourceUtils$relativeResourcePathToAbsolutePath$1.invoke(RelativeResourceUtils.kt:68)
2026-01-07T08:46:23.4437951Z 		at com.android.ide.common.resources.RelativeResourceUtils.relativeResourcePathToAbsolutePath(RelativeResourceUtils.kt:61)
2026-01-07T08:46:23.4439469Z 		at com.android.ide.common.blame.parser.aapt.Aapt2ErrorParser$MessageParser.parse(Aapt2ErrorParser.kt:124)
2026-01-07T08:46:23.4440687Z 		at com.android.ide.common.blame.parser.aapt.Aapt2ErrorParser.parse(Aapt2ErrorParser.kt:99)
2026-01-07T08:46:23.4441900Z 		at com.android.ide.common.blame.parser.aapt.Aapt2OutputParser.parse(Aapt2OutputParser.java:56)
2026-01-07T08:46:23.4443197Z 		at com.android.ide.common.blame.parser.ToolOutputParser.parseToolOutput(ToolOutputParser.java:84)
2026-01-07T08:46:23.4444764Z 		at com.android.build.gradle.internal.res.Aapt2ErrorUtils.rewriteException(Aapt2ErrorUtils.kt:217)
2026-01-07T08:46:23.4446078Z 		at com.android.build.gradle.internal.res.Aapt2ErrorUtils.rewriteLinkException(Aapt2ErrorUtils.kt:133)
2026-01-07T08:46:23.4447632Z 		at com.android.build.gradle.internal.res.Aapt2ProcessResourcesRunnableKt.processResources(Aapt2ProcessResourcesRunnable.kt:76)
2026-01-07T08:46:23.4449517Z 		at com.android.build.gradle.internal.res.LinkApplicationAndroidResourcesTask$Companion.invokeAaptForSplit(LinkApplicationAndroidResourcesTask.kt:941)
2026-01-07T08:46:23.4451787Z 		at com.android.build.gradle.internal.res.LinkApplicationAndroidResourcesTask$Companion.access$invokeAaptForSplit(LinkApplicationAndroidResourcesTask.kt:791)
2026-01-07T08:46:23.4453784Z 		at com.android.build.gradle.internal.res.LinkApplicationAndroidResourcesTask$TaskAction.run(LinkApplicationAndroidResourcesTask.kt:422)
2026-01-07T08:46:23.4455596Z 		at com.android.build.gradle.internal.profile.ProfileAwareWorkAction.execute(ProfileAwareWorkAction.kt:74)
2026-01-07T08:46:23.4456850Z 		at org.gradle.workers.internal.DefaultWorkerServer.execute(DefaultWorkerServer.java:63)
2026-01-07T08:46:23.4458018Z 		at org.gradle.workers.internal.NoIsolationWorkerFactory$1$1.create(NoIsolationWorkerFactory.java:66)
2026-01-07T08:46:23.4459304Z 		at org.gradle.workers.internal.NoIsolationWorkerFactory$1$1.create(NoIsolationWorkerFactory.java:62)
2026-01-07T08:46:23.4460601Z 		at org.gradle.internal.classloader.ClassLoaderUtils.executeInClassloader(ClassLoaderUtils.java:100)
2026-01-07T08:46:23.4461925Z 		at org.gradle.workers.internal.NoIsolationWorkerFactory$1.lambda$execute$0(NoIsolationWorkerFactory.java:62)
2026-01-07T08:46:23.4463019Z 		at org.gradle.workers.internal.AbstractWorker$1.call(AbstractWorker.java:44)
2026-01-07T08:46:23.4464006Z 		at org.gradle.workers.internal.AbstractWorker$1.call(AbstractWorker.java:41)
2026-01-07T08:46:23.4465527Z 		at org.gradle.internal.operations.DefaultBuildOperationRunner$CallableBuildOperationWorker.execute(DefaultBuildOperationRunner.java:204)
2026-01-07T08:46:23.4467339Z 		at org.gradle.internal.operations.DefaultBuildOperationRunner$CallableBuildOperationWorker.execute(DefaultBuildOperationRunner.java:199)
2026-01-07T08:46:23.4468926Z 		at org.gradle.internal.operations.DefaultBuildOperationRunner$2.execute(DefaultBuildOperationRunner.java:66)
2026-01-07T08:46:23.4470317Z 		at org.gradle.internal.operations.DefaultBuildOperationRunner$2.execute(DefaultBuildOperationRunner.java:59)
2026-01-07T08:46:23.4471716Z 		at org.gradle.internal.operations.DefaultBuildOperationRunner.execute(DefaultBuildOperationRunner.java:157)
2026-01-07T08:46:23.4473117Z 		at org.gradle.internal.operations.DefaultBuildOperationRunner.execute(DefaultBuildOperationRunner.java:59)
2026-01-07T08:46:23.4474629Z 		at org.gradle.internal.operations.DefaultBuildOperationRunner.call(DefaultBuildOperationRunner.java:53)
2026-01-07T08:46:23.4476175Z 		at org.gradle.internal.operations.DefaultBuildOperationExecutor.call(DefaultBuildOperationExecutor.java:73)
2026-01-07T08:46:23.4477517Z 		at org.gradle.workers.internal.AbstractWorker.executeWrappedInBuildOperation(AbstractWorker.java:41)
2026-01-07T08:46:23.4478762Z 		at org.gradle.workers.internal.NoIsolationWorkerFactory$1.execute(NoIsolationWorkerFactory.java:59)
2026-01-07T08:46:23.4480113Z 		at org.gradle.workers.internal.DefaultWorkerExecutor.lambda$submitWork$0(DefaultWorkerExecutor.java:169)
2026-01-07T08:46:23.4481162Z 		at java.base/java.util.concurrent.FutureTask.run(FutureTask.java:264)
2026-01-07T08:46:23.4482409Z 		at org.gradle.internal.work.DefaultConditionalExecutionQueue$ExecutionRunner.runExecution(DefaultConditionalExecutionQueue.java:187)
2026-01-07T08:46:23.4484067Z 		at org.gradle.internal.work.DefaultConditionalExecutionQueue$ExecutionRunner.access$700(DefaultConditionalExecutionQueue.java:120)
2026-01-07T08:46:23.4486007Z 		at org.gradle.internal.work.DefaultConditionalExecutionQueue$ExecutionRunner$1.run(DefaultConditionalExecutionQueue.java:162)
2026-01-07T08:46:23.4487221Z 		at org.gradle.internal.Factories$1.create(Factories.java:31)
2026-01-07T08:46:23.4488261Z 		at org.gradle.internal.work.DefaultWorkerLeaseService.withLocks(DefaultWorkerLeaseService.java:249)
2026-01-07T08:46:23.4489665Z 		at org.gradle.internal.work.DefaultWorkerLeaseService.runAsWorkerThread(DefaultWorkerLeaseService.java:109)
2026-01-07T08:46:23.4491143Z 		at org.gradle.internal.work.DefaultWorkerLeaseService.runAsWorkerThread(DefaultWorkerLeaseService.java:114)
2026-01-07T08:46:23.4493014Z 		at org.gradle.internal.work.DefaultConditionalExecutionQueue$ExecutionRunner.runBatch(DefaultConditionalExecutionQueue.java:157)
2026-01-07T08:46:23.4494905Z 		at org.gradle.internal.work.DefaultConditionalExecutionQueue$ExecutionRunner.run(DefaultConditionalExecutionQueue.java:126)
2026-01-07T08:46:23.4496246Z 		at java.base/java.util.concurrent.Executors$RunnableAdapter.call(Executors.java:539)
2026-01-07T08:46:23.4497186Z 		at java.base/java.util.concurrent.FutureTask.run(FutureTask.java:264)
2026-01-07T08:46:23.4498282Z 		at org.gradle.internal.concurrent.ExecutorPolicy$CatchAndRecordFailures.onExecute(ExecutorPolicy.java:64)
2026-01-07T08:46:23.4499480Z 		at org.gradle.internal.concurrent.ManagedExecutorImpl$1.run(ManagedExecutorImpl.java:49)
2026-01-07T08:46:23.4500628Z 		at java.base/java.util.concurrent.ThreadPoolExecutor.runWorker(ThreadPoolExecutor.java:1136)
2026-01-07T08:46:23.4501760Z 		at java.base/java.util.concurrent.ThreadPoolExecutor$Worker.run(ThreadPoolExecutor.java:635)
2026-01-07T08:46:23.4502633Z 		at java.base/java.lang.Thread.run(Thread.java:840)
2026-01-07T08:46:23.4503018Z 
2026-01-07T08:46:23.4503026Z 
2026-01-07T08:46:23.4503243Z * Get more help at https://help.gradle.org
2026-01-07T08:46:23.4503590Z 
2026-01-07T08:46:23.4503727Z BUILD FAILED in 26s
2026-01-07T08:46:23.4504104Z 23 actionable tasks: 23 executed
2026-01-07T08:46:23.8178256Z ##[error]Process completed with exit code 1.
2026-01-07T08:46:23.8286223Z Post job cleanup.
2026-01-07T08:46:24.0054898Z Post job cleanup.
2026-01-07T08:46:24.0990598Z [command]/usr/bin/git version
2026-01-07T08:46:24.1030288Z git version 2.52.0
2026-01-07T08:46:24.1073721Z Temporarily overriding HOME='/home/runner/work/_temp/a0562e05-acc8-4300-ac5b-71e32a74a677' before making global git config changes
2026-01-07T08:46:24.1075538Z Adding repository directory to the temporary git global config as a safe directory
2026-01-07T08:46:24.1079738Z [command]/usr/bin/git config --global --add safe.directory /home/runner/work/GenAIAgent/GenAIAgent
2026-01-07T08:46:24.1119157Z [command]/usr/bin/git config --local --name-only --get-regexp core\.sshCommand
2026-01-07T08:46:24.1151719Z [command]/usr/bin/git submodule foreach --recursive sh -c "git config --local --name-only --get-regexp 'core\.sshCommand' && git config --local --unset-all 'core.sshCommand' || :"
2026-01-07T08:46:24.1386808Z [command]/usr/bin/git config --local --name-only --get-regexp http\.https\:\/\/github\.com\/\.extraheader
2026-01-07T08:46:24.1406891Z http.https://github.com/.extraheader
2026-01-07T08:46:24.1419134Z [command]/usr/bin/git config --local --unset-all http.https://github.com/.extraheader
2026-01-07T08:46:24.1453577Z [command]/usr/bin/git submodule foreach --recursive sh -c "git config --local --name-only --get-regexp 'http\.https\:\/\/github\.com\/\.extraheader' && git config --local --unset-all 'http.https://github.com/.extraheader' || :"
2026-01-07T08:46:24.1669343Z [command]/usr/bin/git config --local --name-only --get-regexp ^includeIf\.gitdir:
2026-01-07T08:46:24.1699380Z [command]/usr/bin/git submodule foreach --recursive git config --local --show-origin --name-only --get-regexp remote.origin.url
2026-01-07T08:46:24.2017499Z Cleaning up orphan processes
2026-01-07T08:46:24.2270320Z Terminate orphan process: pid (2307) (java)