2026-01-07T10:36:13.8690281Z Current runner version: '2.330.0'
2026-01-07T10:36:13.8722341Z ##[group]Runner Image Provisioner
2026-01-07T10:36:13.8723647Z Hosted Compute Agent
2026-01-07T10:36:13.8724586Z Version: 20251211.462
2026-01-07T10:36:13.8725699Z Commit: 6cbad8c2bb55d58165063d031ccabf57e2d2db61
2026-01-07T10:36:13.8726780Z Build Date: 2025-12-11T16:28:49Z
2026-01-07T10:36:13.8727828Z Worker ID: {be742f14-ea04-4272-892d-363e319ad8df}
2026-01-07T10:36:13.8729196Z ##[endgroup]
2026-01-07T10:36:13.8730028Z ##[group]Operating System
2026-01-07T10:36:13.8730893Z Ubuntu
2026-01-07T10:36:13.8731826Z 24.04.3
2026-01-07T10:36:13.8732544Z LTS
2026-01-07T10:36:13.8733371Z ##[endgroup]
2026-01-07T10:36:13.8734208Z ##[group]Runner Image
2026-01-07T10:36:13.8735101Z Image: ubuntu-24.04
2026-01-07T10:36:13.8735976Z Version: 20251215.174.1
2026-01-07T10:36:13.8737807Z Included Software: https://github.com/actions/runner-images/blob/ubuntu24/20251215.174/images/ubuntu/Ubuntu2404-Readme.md
2026-01-07T10:36:13.8740822Z Image Release: https://github.com/actions/runner-images/releases/tag/ubuntu24%2F20251215.174
2026-01-07T10:36:13.8742448Z ##[endgroup]
2026-01-07T10:36:13.8744404Z ##[group]GITHUB_TOKEN Permissions
2026-01-07T10:36:13.8746952Z Contents: read
2026-01-07T10:36:13.8747888Z Metadata: read
2026-01-07T10:36:13.8748929Z Packages: read
2026-01-07T10:36:13.8749743Z ##[endgroup]
2026-01-07T10:36:13.8753091Z Secret source: Actions
2026-01-07T10:36:13.8754701Z Prepare workflow directory
2026-01-07T10:36:13.9207178Z Prepare all required actions
2026-01-07T10:36:13.9263267Z Getting action download info
2026-01-07T10:36:14.2021278Z Download action repository 'actions/checkout@v4' (SHA:34e114876b0b11c390a56381ad16ebd13914f8d5)
2026-01-07T10:36:14.3171941Z Download action repository 'actions/setup-java@v4' (SHA:c1e323688fd81a25caa38c78aa6df2d33d3e20d9)
2026-01-07T10:36:14.6182105Z Download action repository 'actions/upload-artifact@v4' (SHA:ea165f8d65b6e75b540449e92b4886f43607fa02)
2026-01-07T10:36:14.8498795Z Complete job name: build
2026-01-07T10:36:14.9307861Z ##[group]Run actions/checkout@v4
2026-01-07T10:36:14.9309435Z with:
2026-01-07T10:36:14.9310248Z   repository: xyraofficial/GenAIAgent
2026-01-07T10:36:14.9311523Z   token: ***
2026-01-07T10:36:14.9312263Z   ssh-strict: true
2026-01-07T10:36:14.9313038Z   ssh-user: git
2026-01-07T10:36:14.9313827Z   persist-credentials: true
2026-01-07T10:36:14.9314724Z   clean: true
2026-01-07T10:36:14.9315548Z   sparse-checkout-cone-mode: true
2026-01-07T10:36:14.9316528Z   fetch-depth: 1
2026-01-07T10:36:14.9317309Z   fetch-tags: false
2026-01-07T10:36:14.9318112Z   show-progress: true
2026-01-07T10:36:14.9319274Z   lfs: false
2026-01-07T10:36:14.9320022Z   submodules: false
2026-01-07T10:36:14.9320885Z   set-safe-directory: true
2026-01-07T10:36:14.9322072Z ##[endgroup]
2026-01-07T10:36:15.0397952Z Syncing repository: xyraofficial/GenAIAgent
2026-01-07T10:36:15.0401084Z ##[group]Getting Git version info
2026-01-07T10:36:15.0402541Z Working directory is '/home/runner/work/GenAIAgent/GenAIAgent'
2026-01-07T10:36:15.0404496Z [command]/usr/bin/git version
2026-01-07T10:36:15.0507687Z git version 2.52.0
2026-01-07T10:36:15.0533808Z ##[endgroup]
2026-01-07T10:36:15.0554415Z Temporarily overriding HOME='/home/runner/work/_temp/12dbadbb-1660-4362-b269-87ad306a95d6' before making global git config changes
2026-01-07T10:36:15.0557257Z Adding repository directory to the temporary git global config as a safe directory
2026-01-07T10:36:15.0561044Z [command]/usr/bin/git config --global --add safe.directory /home/runner/work/GenAIAgent/GenAIAgent
2026-01-07T10:36:15.0604870Z Deleting the contents of '/home/runner/work/GenAIAgent/GenAIAgent'
2026-01-07T10:36:15.0608461Z ##[group]Initializing the repository
2026-01-07T10:36:15.0612522Z [command]/usr/bin/git init /home/runner/work/GenAIAgent/GenAIAgent
2026-01-07T10:36:15.0759064Z hint: Using 'master' as the name for the initial branch. This default branch name
2026-01-07T10:36:15.0761804Z hint: will change to "main" in Git 3.0. To configure the initial branch name
2026-01-07T10:36:15.0764306Z hint: to use in all of your new repositories, which will suppress this warning,
2026-01-07T10:36:15.0766647Z hint: call:
2026-01-07T10:36:15.0767908Z hint:
2026-01-07T10:36:15.0769075Z hint: 	git config --global init.defaultBranch <name>
2026-01-07T10:36:15.0770743Z hint:
2026-01-07T10:36:15.0771890Z hint: Names commonly chosen instead of 'master' are 'main', 'trunk' and
2026-01-07T10:36:15.0773719Z hint: 'development'. The just-created branch can be renamed via this command:
2026-01-07T10:36:15.0775380Z hint:
2026-01-07T10:36:15.0776274Z hint: 	git branch -m <name>
2026-01-07T10:36:15.0777168Z hint:
2026-01-07T10:36:15.0778349Z hint: Disable this message with "git config set advice.defaultBranchName false"
2026-01-07T10:36:15.0780564Z Initialized empty Git repository in /home/runner/work/GenAIAgent/GenAIAgent/.git/
2026-01-07T10:36:15.0783830Z [command]/usr/bin/git remote add origin https://github.com/xyraofficial/GenAIAgent
2026-01-07T10:36:15.0822407Z ##[endgroup]
2026-01-07T10:36:15.0825051Z ##[group]Disabling automatic garbage collection
2026-01-07T10:36:15.0827304Z [command]/usr/bin/git config --local gc.auto 0
2026-01-07T10:36:15.0857539Z ##[endgroup]
2026-01-07T10:36:15.0859973Z ##[group]Setting up auth
2026-01-07T10:36:15.0865364Z [command]/usr/bin/git config --local --name-only --get-regexp core\.sshCommand
2026-01-07T10:36:15.0897806Z [command]/usr/bin/git submodule foreach --recursive sh -c "git config --local --name-only --get-regexp 'core\.sshCommand' && git config --local --unset-all 'core.sshCommand' || :"
2026-01-07T10:36:15.1300221Z [command]/usr/bin/git config --local --name-only --get-regexp http\.https\:\/\/github\.com\/\.extraheader
2026-01-07T10:36:15.1332145Z [command]/usr/bin/git submodule foreach --recursive sh -c "git config --local --name-only --get-regexp 'http\.https\:\/\/github\.com\/\.extraheader' && git config --local --unset-all 'http.https://github.com/.extraheader' || :"
2026-01-07T10:36:15.1546984Z [command]/usr/bin/git config --local --name-only --get-regexp ^includeIf\.gitdir:
2026-01-07T10:36:15.1579490Z [command]/usr/bin/git submodule foreach --recursive git config --local --show-origin --name-only --get-regexp remote.origin.url
2026-01-07T10:36:15.1800445Z [command]/usr/bin/git config --local http.https://github.com/.extraheader AUTHORIZATION: basic ***
2026-01-07T10:36:15.1835078Z ##[endgroup]
2026-01-07T10:36:15.1837387Z ##[group]Fetching the repository
2026-01-07T10:36:15.1846290Z [command]/usr/bin/git -c protocol.version=2 fetch --no-tags --prune --no-recurse-submodules --depth=1 origin +21ff930169c83f0a2b3ba33013c069125b893107:refs/remotes/origin/main
2026-01-07T10:36:15.3595700Z From https://github.com/xyraofficial/GenAIAgent
2026-01-07T10:36:15.3596384Z  * [new ref]         21ff930169c83f0a2b3ba33013c069125b893107 -> origin/main
2026-01-07T10:36:15.3628042Z ##[endgroup]
2026-01-07T10:36:15.3629077Z ##[group]Determining the checkout info
2026-01-07T10:36:15.3630596Z ##[endgroup]
2026-01-07T10:36:15.3635471Z [command]/usr/bin/git sparse-checkout disable
2026-01-07T10:36:15.3679502Z [command]/usr/bin/git config --local --unset-all extensions.worktreeConfig
2026-01-07T10:36:15.3703610Z ##[group]Checking out the ref
2026-01-07T10:36:15.3707016Z [command]/usr/bin/git checkout --progress --force -B main refs/remotes/origin/main
2026-01-07T10:36:15.3814807Z Switched to a new branch 'main'
2026-01-07T10:36:15.3817480Z branch 'main' set up to track 'origin/main'.
2026-01-07T10:36:15.3824073Z ##[endgroup]
2026-01-07T10:36:15.3857476Z [command]/usr/bin/git log -1 --format=%H
2026-01-07T10:36:15.3879219Z 21ff930169c83f0a2b3ba33013c069125b893107
2026-01-07T10:36:15.4135394Z ##[group]Run actions/setup-java@v4
2026-01-07T10:36:15.4135843Z with:
2026-01-07T10:36:15.4136162Z   java-version: 17
2026-01-07T10:36:15.4136512Z   distribution: temurin
2026-01-07T10:36:15.4136854Z   cache: gradle
2026-01-07T10:36:15.4137189Z   java-package: jdk
2026-01-07T10:36:15.4137529Z   check-latest: false
2026-01-07T10:36:15.4137874Z   server-id: github
2026-01-07T10:36:15.4138226Z   server-username: GITHUB_ACTOR
2026-01-07T10:36:15.4138976Z   server-password: GITHUB_TOKEN
2026-01-07T10:36:15.4139362Z   overwrite-settings: true
2026-01-07T10:36:15.4139728Z   job-status: success
2026-01-07T10:36:15.4140205Z   token: ***
2026-01-07T10:36:15.4140525Z ##[endgroup]
2026-01-07T10:36:15.6181354Z ##[group]Installed distributions
2026-01-07T10:36:15.6716929Z Resolved Java 17.0.17+10 from tool-cache
2026-01-07T10:36:15.6717894Z Setting Java 17.0.17+10 as the default
2026-01-07T10:36:15.6731497Z Creating toolchains.xml for JDK version 17 from temurin
2026-01-07T10:36:15.6807710Z Writing to /home/runner/.m2/toolchains.xml
2026-01-07T10:36:15.6808280Z 
2026-01-07T10:36:15.6808562Z Java configuration:
2026-01-07T10:36:15.6809819Z   Distribution: temurin
2026-01-07T10:36:15.6810517Z   Version: 17.0.17+10
2026-01-07T10:36:15.6811447Z   Path: /opt/hostedtoolcache/Java_Temurin-Hotspot_jdk/17.0.17-10/x64
2026-01-07T10:36:15.6812110Z 
2026-01-07T10:36:15.6812871Z ##[endgroup]
2026-01-07T10:36:15.6830433Z Creating settings.xml with server-id: github
2026-01-07T10:36:15.6836189Z Writing to /home/runner/.m2/settings.xml
2026-01-07T10:36:15.8350043Z Cache hit for: setup-java-Linux-x64-gradle-0a874fa928f1b3996d454e0c984f838d02a3c6f50ba20bbeef7e799eda7b26fb
2026-01-07T10:36:16.9038825Z Received 218103808 of 412157577 (52.9%), 205.7 MBs/sec
2026-01-07T10:36:17.7183255Z Received 412157577 of 412157577 (100.0%), 215.3 MBs/sec
2026-01-07T10:36:17.7184557Z Cache Size: ~393 MB (412157577 B)
2026-01-07T10:36:17.7223519Z [command]/usr/bin/tar -xf /home/runner/work/_temp/0e3699b0-3aac-41a7-bd13-49b4af6c7a25/cache.tzst -P -C /home/runner/work/GenAIAgent/GenAIAgent --use-compress-program unzstd
2026-01-07T10:36:19.0943365Z Cache restored successfully
2026-01-07T10:36:19.1713154Z Cache restored from key: setup-java-Linux-x64-gradle-0a874fa928f1b3996d454e0c984f838d02a3c6f50ba20bbeef7e799eda7b26fb
2026-01-07T10:36:19.1901671Z ##[group]Run chmod +x gradlew
2026-01-07T10:36:19.1902070Z [36;1mchmod +x gradlew[0m
2026-01-07T10:36:19.1942237Z shell: /usr/bin/bash -e {0}
2026-01-07T10:36:19.1942578Z env:
2026-01-07T10:36:19.1942950Z   JAVA_HOME: /opt/hostedtoolcache/Java_Temurin-Hotspot_jdk/17.0.17-10/x64
2026-01-07T10:36:19.1943505Z   JAVA_HOME_17_X64: /opt/hostedtoolcache/Java_Temurin-Hotspot_jdk/17.0.17-10/x64
2026-01-07T10:36:19.1943908Z ##[endgroup]
2026-01-07T10:36:19.2062955Z ##[group]Run ./gradlew assembleDebug --stacktrace
2026-01-07T10:36:19.2063414Z [36;1m./gradlew assembleDebug --stacktrace[0m
2026-01-07T10:36:19.2094312Z shell: /usr/bin/bash -e {0}
2026-01-07T10:36:19.2094621Z env:
2026-01-07T10:36:19.2094971Z   JAVA_HOME: /opt/hostedtoolcache/Java_Temurin-Hotspot_jdk/17.0.17-10/x64
2026-01-07T10:36:19.2095504Z   JAVA_HOME_17_X64: /opt/hostedtoolcache/Java_Temurin-Hotspot_jdk/17.0.17-10/x64
2026-01-07T10:36:19.2096152Z   SUPABASE_URL: ***
2026-01-07T10:36:19.2097467Z   SUPABASE_ANON_KEY: ***
2026-01-07T10:36:19.2098411Z   OPENAI_API_KEY: ***
2026-01-07T10:36:19.2098887Z ##[endgroup]
2026-01-07T10:36:21.7491864Z 
2026-01-07T10:36:21.7493714Z Welcome to Gradle 8.0!
2026-01-07T10:36:21.7494239Z 
2026-01-07T10:36:21.7497053Z For more details see https://docs.gradle.org/8.0/release-notes.html
2026-01-07T10:36:21.7497560Z 
2026-01-07T10:36:22.1420754Z Starting a Gradle Daemon (subsequent builds will be faster)
2026-01-07T10:36:35.3426288Z Checking the license for package Android SDK Build-Tools 30.0.3 in /usr/local/lib/android/sdk/licenses
2026-01-07T10:36:35.3439980Z License for package Android SDK Build-Tools 30.0.3 accepted.
2026-01-07T10:36:35.3442716Z Preparing "Install Android SDK Build-Tools 30.0.3 (revision: 30.0.3)".
2026-01-07T10:36:36.6421253Z "Install Android SDK Build-Tools 30.0.3 (revision: 30.0.3)" ready.
2026-01-07T10:36:36.6426372Z Installing Android SDK Build-Tools 30.0.3 in /usr/local/lib/android/sdk/build-tools/30.0.3
2026-01-07T10:36:36.6429155Z "Install Android SDK Build-Tools 30.0.3 (revision: 30.0.3)" complete.
2026-01-07T10:36:37.0421655Z "Install Android SDK Build-Tools 30.0.3 (revision: 30.0.3)" finished.
2026-01-07T10:36:37.0433626Z Checking the license for package Android SDK Platform 33 in /usr/local/lib/android/sdk/licenses
2026-01-07T10:36:37.0434380Z License for package Android SDK Platform 33 accepted.
2026-01-07T10:36:37.0434802Z Preparing "Install Android SDK Platform 33 (revision: 3)".
2026-01-07T10:36:39.8420109Z "Install Android SDK Platform 33 (revision: 3)" ready.
2026-01-07T10:36:39.8425793Z Installing Android SDK Platform 33 in /usr/local/lib/android/sdk/platforms/android-33
2026-01-07T10:36:39.8428152Z "Install Android SDK Platform 33 (revision: 3)" complete.
2026-01-07T10:36:39.8429045Z "Install Android SDK Platform 33 (revision: 3)" finished.
2026-01-07T10:36:40.2436766Z > Task :app:preBuild UP-TO-DATE
2026-01-07T10:36:40.2437973Z > Task :app:preDebugBuild UP-TO-DATE
2026-01-07T10:36:40.3433429Z > Task :app:mergeDebugNativeDebugMetadata NO-SOURCE
2026-01-07T10:36:40.3469448Z > Task :app:generateDebugBuildConfig
2026-01-07T10:36:40.7421558Z > Task :app:generateDebugResValues
2026-01-07T10:36:40.8434855Z > Task :app:checkDebugAarMetadata
2026-01-07T10:36:40.8435984Z > Task :app:mapDebugSourceSetPaths
2026-01-07T10:36:40.8436649Z > Task :app:generateDebugResources
2026-01-07T10:36:42.8421060Z > Task :app:packageDebugResources
2026-01-07T10:36:42.9423446Z > Task :app:createDebugCompatibleScreenManifests
2026-01-07T10:36:42.9429747Z > Task :app:extractDeepLinksDebug
2026-01-07T10:36:43.1420798Z > Task :app:parseDebugLocalResources
2026-01-07T10:36:43.3422762Z > Task :app:processDebugMainManifest
2026-01-07T10:36:43.3429284Z > Task :app:mergeDebugResources
2026-01-07T10:36:43.4424253Z > Task :app:processDebugManifest
2026-01-07T10:36:43.4452210Z > Task :app:javaPreCompileDebug
2026-01-07T10:36:43.4456432Z > Task :app:mergeDebugShaders
2026-01-07T10:36:43.4460685Z > Task :app:compileDebugShaders NO-SOURCE
2026-01-07T10:36:43.4464876Z > Task :app:generateDebugAssets UP-TO-DATE
2026-01-07T10:36:43.5447424Z > Task :app:mergeDebugAssets
2026-01-07T10:36:43.5455522Z > Task :app:compressDebugAssets
2026-01-07T10:36:43.5456581Z > Task :app:desugarDebugFileDependencies
2026-01-07T10:36:43.5470491Z > Task :app:processDebugJavaRes NO-SOURCE
2026-01-07T10:36:43.6423278Z > Task :app:mergeDebugJniLibFolders
2026-01-07T10:36:43.6423842Z > Task :app:checkDebugDuplicateClasses
2026-01-07T10:36:43.7423072Z > Task :app:mergeDebugNativeLibs NO-SOURCE
2026-01-07T10:36:43.8442897Z > Task :app:stripDebugDebugSymbols NO-SOURCE
2026-01-07T10:36:43.8448112Z > Task :app:mergeLibDexDebug
2026-01-07T10:36:44.6434351Z > Task :app:validateSigningDebug
2026-01-07T10:36:44.6489643Z > Task :app:writeDebugAppMetadata
2026-01-07T10:36:44.6490663Z > Task :app:writeDebugSigningConfigVersions
2026-01-07T10:36:44.6519458Z > Task :app:processDebugManifestForPackage
2026-01-07T10:36:46.4462672Z > Task :app:processDebugResources
2026-01-07T10:36:49.1419730Z > Task :app:mergeExtDexDebug
2026-01-07T10:36:56.7422886Z 
2026-01-07T10:36:56.7423689Z > Task :app:compileDebugKotlin
2026-01-07T10:36:56.7425126Z w: file:///home/runner/work/GenAIAgent/GenAIAgent/app/src/main/java/com/genai/app/MainActivity.kt:55:32 Condition 'drawerLayout != null' is always 'true'
2026-01-07T10:36:56.7427654Z w: file:///home/runner/work/GenAIAgent/GenAIAgent/app/src/main/java/com/genai/app/MainActivity.kt:100:19 'onBackPressed(): Unit' is deprecated. Overrides deprecated member in 'androidx.core.app.ComponentActivity'. Deprecated in Java
2026-01-07T10:36:58.3440912Z 
2026-01-07T10:36:58.3442271Z > Task :app:compileDebugJavaWithJavac
2026-01-07T10:36:59.3425624Z > Task :app:dexBuilderDebug
2026-01-07T10:36:59.4483928Z > Task :app:mergeDebugGlobalSynthetics
2026-01-07T10:36:59.6424140Z > Task :app:mergeProjectDexDebug
2026-01-07T10:36:59.9432760Z > Task :app:mergeDebugJavaResource
2026-01-07T10:37:00.3421894Z > Task :app:packageDebug
2026-01-07T10:37:00.3422457Z > Task :app:createDebugApkListingFileRedirect
2026-01-07T10:37:00.3431760Z > Task :app:assembleDebug
2026-01-07T10:37:00.3432277Z 
2026-01-07T10:37:00.3434586Z BUILD SUCCESSFUL in 39s
2026-01-07T10:37:00.3437402Z 33 actionable tasks: 33 executed
2026-01-07T10:37:00.7184099Z ##[group]Run keytool -list -v -keystore ~/.android/debug.keystore -alias androiddebugkey -storepass android -keypass android
2026-01-07T10:37:00.7184936Z [36;1mkeytool -list -v -keystore ~/.android/debug.keystore -alias androiddebugkey -storepass android -keypass android[0m
2026-01-07T10:37:00.7217557Z shell: /usr/bin/bash -e {0}
2026-01-07T10:37:00.7217791Z env:
2026-01-07T10:37:00.7218089Z   JAVA_HOME: /opt/hostedtoolcache/Java_Temurin-Hotspot_jdk/17.0.17-10/x64
2026-01-07T10:37:00.7218575Z   JAVA_HOME_17_X64: /opt/hostedtoolcache/Java_Temurin-Hotspot_jdk/17.0.17-10/x64
2026-01-07T10:37:00.7219147Z ##[endgroup]
2026-01-07T10:37:00.9818305Z Alias name: androiddebugkey
2026-01-07T10:37:01.0188457Z Creation date: Jan 7, 2026
2026-01-07T10:37:01.0195721Z Entry type: PrivateKeyEntry
2026-01-07T10:37:01.0203760Z Certificate chain length: 1
2026-01-07T10:37:01.0214353Z Certificate[1]:
2026-01-07T10:37:01.0366459Z Owner: C=US, O=Android, CN=Android Debug
2026-01-07T10:37:01.0374891Z Issuer: C=US, O=Android, CN=Android Debug
2026-01-07T10:37:01.0383893Z Serial number: 1
2026-01-07T10:37:01.0384988Z Valid from: Wed Jan 07 10:36:44 UTC 2026 until: Fri Dec 31 10:36:44 UTC 2055
2026-01-07T10:37:01.0386919Z Certificate fingerprints:
2026-01-07T10:37:01.0389831Z 	 SHA1: 92:CA:AC:97:BF:72:38:EB:6A:CF:BF:29:1E:36:3B:DB:D8:B5:A0:C1
2026-01-07T10:37:01.0390557Z 	 SHA256: FC:FB:D9:6F:CC:D2:5E:E8:19:17:A7:E9:7C:68:46:47:AC:1D:31:33:EF:54:D5:59:78:C5:22:2A:01:3B:71:B7
2026-01-07T10:37:01.0391219Z Signature algorithm name: SHA256withRSA
2026-01-07T10:37:01.0391752Z Subject Public Key Algorithm: 2048-bit RSA key
2026-01-07T10:37:01.0392224Z Version: 1
2026-01-07T10:37:01.0835434Z ##[group]Run actions/upload-artifact@v4
2026-01-07T10:37:01.0835780Z with:
2026-01-07T10:37:01.0835960Z   name: app-debug
2026-01-07T10:37:01.0836199Z   path: app/build/outputs/apk/debug/app-debug.apk
2026-01-07T10:37:01.0836488Z   if-no-files-found: warn
2026-01-07T10:37:01.0836707Z   compression-level: 6
2026-01-07T10:37:01.0836922Z   overwrite: false
2026-01-07T10:37:01.0837121Z   include-hidden-files: false
2026-01-07T10:37:01.0837342Z env:
2026-01-07T10:37:01.0837626Z   JAVA_HOME: /opt/hostedtoolcache/Java_Temurin-Hotspot_jdk/17.0.17-10/x64
2026-01-07T10:37:01.0838085Z   JAVA_HOME_17_X64: /opt/hostedtoolcache/Java_Temurin-Hotspot_jdk/17.0.17-10/x64
2026-01-07T10:37:01.0838439Z ##[endgroup]
2026-01-07T10:37:01.3009077Z With the provided path, there will be 1 file uploaded
2026-01-07T10:37:01.3014105Z Artifact name is valid!
2026-01-07T10:37:01.3015187Z Root directory input is valid!
2026-01-07T10:37:01.3875584Z Beginning upload of artifact content to blob storage
2026-01-07T10:37:01.7591062Z Uploaded bytes 5178924
2026-01-07T10:37:01.7763542Z Finished uploading artifact content to blob storage!
2026-01-07T10:37:01.7766571Z SHA256 digest of uploaded artifact zip is bf28d25e1a50a19aebf7c8b619345269dbec0d36fbc849016a46a045ea1cc5f0
2026-01-07T10:37:01.7768227Z Finalizing artifact upload
2026-01-07T10:37:01.8959995Z Artifact app-debug.zip successfully finalized. Artifact ID 5048008238
2026-01-07T10:37:01.8961300Z Artifact app-debug has been successfully uploaded! Final size is 5178924 bytes. Artifact ID is 5048008238
2026-01-07T10:37:01.8969105Z Artifact download URL: https://github.com/xyraofficial/GenAIAgent/actions/runs/20778605002/artifacts/5048008238
2026-01-07T10:37:01.9111691Z Post job cleanup.
2026-01-07T10:37:02.0742421Z Cache hit occurred on the primary key setup-java-Linux-x64-gradle-0a874fa928f1b3996d454e0c984f838d02a3c6f50ba20bbeef7e799eda7b26fb, not saving cache.
2026-01-07T10:37:02.0862105Z Post job cleanup.
2026-01-07T10:37:02.1862624Z [command]/usr/bin/git version
2026-01-07T10:37:02.1903100Z git version 2.52.0
2026-01-07T10:37:02.1947647Z Temporarily overriding HOME='/home/runner/work/_temp/5a1334f7-5da2-4991-ae4c-6407817a9c4d' before making global git config changes
2026-01-07T10:37:02.1949240Z Adding repository directory to the temporary git global config as a safe directory
2026-01-07T10:37:02.1954260Z [command]/usr/bin/git config --global --add safe.directory /home/runner/work/GenAIAgent/GenAIAgent
2026-01-07T10:37:02.1993121Z [command]/usr/bin/git config --local --name-only --get-regexp core\.sshCommand
2026-01-07T10:37:02.2028917Z [command]/usr/bin/git submodule foreach --recursive sh -c "git config --local --name-only --get-regexp 'core\.sshCommand' && git config --local --unset-all 'core.sshCommand' || :"
2026-01-07T10:37:02.2276575Z [command]/usr/bin/git config --local --name-only --get-regexp http\.https\:\/\/github\.com\/\.extraheader
2026-01-07T10:37:02.2300031Z http.https://github.com/.extraheader
2026-01-07T10:37:02.2312712Z [command]/usr/bin/git config --local --unset-all http.https://github.com/.extraheader
2026-01-07T10:37:02.2345099Z [command]/usr/bin/git submodule foreach --recursive sh -c "git config --local --name-only --get-regexp 'http\.https\:\/\/github\.com\/\.extraheader' && git config --local --unset-all 'http.https://github.com/.extraheader' || :"
2026-01-07T10:37:02.2585584Z [command]/usr/bin/git config --local --name-only --get-regexp ^includeIf\.gitdir:
2026-01-07T10:37:02.2621989Z [command]/usr/bin/git submodule foreach --recursive git config --local --show-origin --name-only --get-regexp remote.origin.url
2026-01-07T10:37:02.2968090Z Cleaning up orphan processes
2026-01-07T10:37:02.3253945Z Terminate orphan process: pid (2153) (java)
2026-01-07T10:37:02.3277252Z Terminate orphan process: pid (2323) (java)