2026-01-07T12:11:39.7755085Z Current runner version: '2.330.0'
2026-01-07T12:11:39.7776824Z ##[group]Runner Image Provisioner
2026-01-07T12:11:39.7777614Z Hosted Compute Agent
2026-01-07T12:11:39.7778267Z Version: 20251211.462
2026-01-07T12:11:39.7778820Z Commit: 6cbad8c2bb55d58165063d031ccabf57e2d2db61
2026-01-07T12:11:39.7779484Z Build Date: 2025-12-11T16:28:49Z
2026-01-07T12:11:39.7780040Z Worker ID: {ed36b27c-61f2-4d87-bdac-774cde9d0d2a}
2026-01-07T12:11:39.7780642Z ##[endgroup]
2026-01-07T12:11:39.7781136Z ##[group]Operating System
2026-01-07T12:11:39.7781621Z Ubuntu
2026-01-07T12:11:39.7782006Z 24.04.3
2026-01-07T12:11:39.7782469Z LTS
2026-01-07T12:11:39.7782910Z ##[endgroup]
2026-01-07T12:11:39.7783386Z ##[group]Runner Image
2026-01-07T12:11:39.7783868Z Image: ubuntu-24.04
2026-01-07T12:11:39.7784344Z Version: 20251215.174.1
2026-01-07T12:11:39.7785273Z Included Software: https://github.com/actions/runner-images/blob/ubuntu24/20251215.174/images/ubuntu/Ubuntu2404-Readme.md
2026-01-07T12:11:39.7786714Z Image Release: https://github.com/actions/runner-images/releases/tag/ubuntu24%2F20251215.174
2026-01-07T12:11:39.7787575Z ##[endgroup]
2026-01-07T12:11:39.7788724Z ##[group]GITHUB_TOKEN Permissions
2026-01-07T12:11:39.7790557Z Contents: read
2026-01-07T12:11:39.7791146Z Metadata: read
2026-01-07T12:11:39.7791617Z Packages: read
2026-01-07T12:11:39.7792432Z ##[endgroup]
2026-01-07T12:11:39.7794344Z Secret source: Actions
2026-01-07T12:11:39.7794973Z Prepare workflow directory
2026-01-07T12:11:39.8088366Z Prepare all required actions
2026-01-07T12:11:39.8138281Z Getting action download info
2026-01-07T12:11:40.2181205Z Download action repository 'actions/checkout@v4' (SHA:34e114876b0b11c390a56381ad16ebd13914f8d5)
2026-01-07T12:11:40.2868501Z Download action repository 'actions/setup-java@v4' (SHA:c1e323688fd81a25caa38c78aa6df2d33d3e20d9)
2026-01-07T12:11:41.2400954Z Download action repository 'actions/upload-artifact@v4' (SHA:ea165f8d65b6e75b540449e92b4886f43607fa02)
2026-01-07T12:11:41.4212512Z Complete job name: build
2026-01-07T12:11:41.4978153Z ##[group]Run actions/checkout@v4
2026-01-07T12:11:41.4979176Z with:
2026-01-07T12:11:41.4979656Z   repository: xyraofficial/GenAIAgent
2026-01-07T12:11:41.4980446Z   token: ***
2026-01-07T12:11:41.4980880Z   ssh-strict: true
2026-01-07T12:11:41.4981334Z   ssh-user: git
2026-01-07T12:11:41.4981785Z   persist-credentials: true
2026-01-07T12:11:41.4982292Z   clean: true
2026-01-07T12:11:41.4982748Z   sparse-checkout-cone-mode: true
2026-01-07T12:11:41.4983289Z   fetch-depth: 1
2026-01-07T12:11:41.4983738Z   fetch-tags: false
2026-01-07T12:11:41.4984188Z   show-progress: true
2026-01-07T12:11:41.4984663Z   lfs: false
2026-01-07T12:11:41.4985105Z   submodules: false
2026-01-07T12:11:41.4985563Z   set-safe-directory: true
2026-01-07T12:11:41.4986292Z ##[endgroup]
2026-01-07T12:11:41.5986395Z Syncing repository: xyraofficial/GenAIAgent
2026-01-07T12:11:41.5988604Z ##[group]Getting Git version info
2026-01-07T12:11:41.5989516Z Working directory is '/home/runner/work/GenAIAgent/GenAIAgent'
2026-01-07T12:11:41.5990771Z [command]/usr/bin/git version
2026-01-07T12:11:41.6040464Z git version 2.52.0
2026-01-07T12:11:41.6063023Z ##[endgroup]
2026-01-07T12:11:41.6075617Z Temporarily overriding HOME='/home/runner/work/_temp/77971678-7111-4f6f-91d0-001028944251' before making global git config changes
2026-01-07T12:11:41.6077169Z Adding repository directory to the temporary git global config as a safe directory
2026-01-07T12:11:41.6087949Z [command]/usr/bin/git config --global --add safe.directory /home/runner/work/GenAIAgent/GenAIAgent
2026-01-07T12:11:41.6120942Z Deleting the contents of '/home/runner/work/GenAIAgent/GenAIAgent'
2026-01-07T12:11:41.6123954Z ##[group]Initializing the repository
2026-01-07T12:11:41.6127557Z [command]/usr/bin/git init /home/runner/work/GenAIAgent/GenAIAgent
2026-01-07T12:11:41.6217487Z hint: Using 'master' as the name for the initial branch. This default branch name
2026-01-07T12:11:41.6218741Z hint: will change to "main" in Git 3.0. To configure the initial branch name
2026-01-07T12:11:41.6220019Z hint: to use in all of your new repositories, which will suppress this warning,
2026-01-07T12:11:41.6221256Z hint: call:
2026-01-07T12:11:41.6221677Z hint:
2026-01-07T12:11:41.6222201Z hint: 	git config --global init.defaultBranch <name>
2026-01-07T12:11:41.6222821Z hint:
2026-01-07T12:11:41.6223414Z hint: Names commonly chosen instead of 'master' are 'main', 'trunk' and
2026-01-07T12:11:41.6224364Z hint: 'development'. The just-created branch can be renamed via this command:
2026-01-07T12:11:41.6225257Z hint:
2026-01-07T12:11:41.6225700Z hint: 	git branch -m <name>
2026-01-07T12:11:41.6226193Z hint:
2026-01-07T12:11:41.6226830Z hint: Disable this message with "git config set advice.defaultBranchName false"
2026-01-07T12:11:41.6228126Z Initialized empty Git repository in /home/runner/work/GenAIAgent/GenAIAgent/.git/
2026-01-07T12:11:41.6231504Z [command]/usr/bin/git remote add origin https://github.com/xyraofficial/GenAIAgent
2026-01-07T12:11:41.6260100Z ##[endgroup]
2026-01-07T12:11:41.6261837Z ##[group]Disabling automatic garbage collection
2026-01-07T12:11:41.6264626Z [command]/usr/bin/git config --local gc.auto 0
2026-01-07T12:11:41.6288813Z ##[endgroup]
2026-01-07T12:11:41.6290410Z ##[group]Setting up auth
2026-01-07T12:11:41.6295949Z [command]/usr/bin/git config --local --name-only --get-regexp core\.sshCommand
2026-01-07T12:11:41.6321834Z [command]/usr/bin/git submodule foreach --recursive sh -c "git config --local --name-only --get-regexp 'core\.sshCommand' && git config --local --unset-all 'core.sshCommand' || :"
2026-01-07T12:11:41.6591513Z [command]/usr/bin/git config --local --name-only --get-regexp http\.https\:\/\/github\.com\/\.extraheader
2026-01-07T12:11:41.6613860Z [command]/usr/bin/git submodule foreach --recursive sh -c "git config --local --name-only --get-regexp 'http\.https\:\/\/github\.com\/\.extraheader' && git config --local --unset-all 'http.https://github.com/.extraheader' || :"
2026-01-07T12:11:41.6779438Z [command]/usr/bin/git config --local --name-only --get-regexp ^includeIf\.gitdir:
2026-01-07T12:11:41.6802332Z [command]/usr/bin/git submodule foreach --recursive git config --local --show-origin --name-only --get-regexp remote.origin.url
2026-01-07T12:11:41.6976163Z [command]/usr/bin/git config --local http.https://github.com/.extraheader AUTHORIZATION: basic ***
2026-01-07T12:11:41.7002693Z ##[endgroup]
2026-01-07T12:11:41.7003554Z ##[group]Fetching the repository
2026-01-07T12:11:41.7010136Z [command]/usr/bin/git -c protocol.version=2 fetch --no-tags --prune --no-recurse-submodules --depth=1 origin +045d8931ab1b859a2abbadd5b2e76d2d64f361f7:refs/remotes/origin/main
2026-01-07T12:11:42.4628284Z From https://github.com/xyraofficial/GenAIAgent
2026-01-07T12:11:42.4632131Z  * [new ref]         045d8931ab1b859a2abbadd5b2e76d2d64f361f7 -> origin/main
2026-01-07T12:11:42.4653616Z ##[endgroup]
2026-01-07T12:11:42.4655189Z ##[group]Determining the checkout info
2026-01-07T12:11:42.4656899Z ##[endgroup]
2026-01-07T12:11:42.4660065Z [command]/usr/bin/git sparse-checkout disable
2026-01-07T12:11:42.4691634Z [command]/usr/bin/git config --local --unset-all extensions.worktreeConfig
2026-01-07T12:11:42.4714098Z ##[group]Checking out the ref
2026-01-07T12:11:42.4718065Z [command]/usr/bin/git checkout --progress --force -B main refs/remotes/origin/main
2026-01-07T12:11:42.4882105Z Switched to a new branch 'main'
2026-01-07T12:11:42.4883733Z branch 'main' set up to track 'origin/main'.
2026-01-07T12:11:42.4889101Z ##[endgroup]
2026-01-07T12:11:42.4913814Z [command]/usr/bin/git log -1 --format=%H
2026-01-07T12:11:42.4930775Z 045d8931ab1b859a2abbadd5b2e76d2d64f361f7
2026-01-07T12:11:42.5229393Z ##[group]Run actions/setup-java@v4
2026-01-07T12:11:42.5230422Z with:
2026-01-07T12:11:42.5231137Z   java-version: 17
2026-01-07T12:11:42.5231928Z   distribution: temurin
2026-01-07T12:11:42.5232732Z   cache: gradle
2026-01-07T12:11:42.5233477Z   java-package: jdk
2026-01-07T12:11:42.5234268Z   check-latest: false
2026-01-07T12:11:42.5235072Z   server-id: github
2026-01-07T12:11:42.5235866Z   server-username: GITHUB_ACTOR
2026-01-07T12:11:42.5236994Z   server-password: GITHUB_TOKEN
2026-01-07T12:11:42.5238075Z   overwrite-settings: true
2026-01-07T12:11:42.5238979Z   job-status: success
2026-01-07T12:11:42.5240061Z   token: ***
2026-01-07T12:11:42.5240758Z ##[endgroup]
2026-01-07T12:11:42.7198391Z ##[group]Installed distributions
2026-01-07T12:11:42.7257298Z Resolved Java 17.0.17+10 from tool-cache
2026-01-07T12:11:42.7258892Z Setting Java 17.0.17+10 as the default
2026-01-07T12:11:42.7269342Z Creating toolchains.xml for JDK version 17 from temurin
2026-01-07T12:11:42.7338179Z Writing to /home/runner/.m2/toolchains.xml
2026-01-07T12:11:42.7339502Z 
2026-01-07T12:11:42.7339957Z Java configuration:
2026-01-07T12:11:42.7341155Z   Distribution: temurin
2026-01-07T12:11:42.7342396Z   Version: 17.0.17+10
2026-01-07T12:11:42.7344188Z   Path: /opt/hostedtoolcache/Java_Temurin-Hotspot_jdk/17.0.17-10/x64
2026-01-07T12:11:42.7345736Z 
2026-01-07T12:11:42.7346992Z ##[endgroup]
2026-01-07T12:11:42.7365470Z Creating settings.xml with server-id: github
2026-01-07T12:11:42.7367469Z Writing to /home/runner/.m2/settings.xml
2026-01-07T12:11:43.0826076Z gradle cache is not found
2026-01-07T12:11:43.0954501Z ##[group]Run chmod +x gradlew
2026-01-07T12:11:43.0955510Z [36;1mchmod +x gradlew[0m
2026-01-07T12:11:43.0983435Z shell: /usr/bin/bash -e {0}
2026-01-07T12:11:43.0984249Z env:
2026-01-07T12:11:43.0985251Z   JAVA_HOME: /opt/hostedtoolcache/Java_Temurin-Hotspot_jdk/17.0.17-10/x64
2026-01-07T12:11:43.0986976Z   JAVA_HOME_17_X64: /opt/hostedtoolcache/Java_Temurin-Hotspot_jdk/17.0.17-10/x64
2026-01-07T12:11:43.0988474Z ##[endgroup]
2026-01-07T12:11:43.1131658Z ##[group]Run ./gradlew assembleDebug --stacktrace
2026-01-07T12:11:43.1132818Z [36;1m./gradlew assembleDebug --stacktrace[0m
2026-01-07T12:11:43.1153444Z shell: /usr/bin/bash -e {0}
2026-01-07T12:11:43.1154238Z env:
2026-01-07T12:11:43.1155227Z   JAVA_HOME: /opt/hostedtoolcache/Java_Temurin-Hotspot_jdk/17.0.17-10/x64
2026-01-07T12:11:43.1156921Z   JAVA_HOME_17_X64: /opt/hostedtoolcache/Java_Temurin-Hotspot_jdk/17.0.17-10/x64
2026-01-07T12:11:43.1158826Z   SUPABASE_URL: ***
2026-01-07T12:11:43.1162981Z   SUPABASE_ANON_KEY: ***
2026-01-07T12:11:43.1166016Z   OPENAI_API_KEY: ***
2026-01-07T12:11:43.1166739Z ##[endgroup]
2026-01-07T12:11:43.2801546Z Downloading https://services.gradle.org/distributions/gradle-8.0-bin.zip
2026-01-07T12:11:44.8182358Z ...........10%............20%............30%............40%............50%............60%...........70%............80%............90%............100%
2026-01-07T12:11:45.7664346Z 
2026-01-07T12:11:45.7667101Z Welcome to Gradle 8.0!
2026-01-07T12:11:45.7668002Z 
2026-01-07T12:11:45.7670318Z For more details see https://docs.gradle.org/8.0/release-notes.html
2026-01-07T12:11:45.7677528Z 
2026-01-07T12:11:45.8653363Z Starting a Gradle Daemon (subsequent builds will be faster)
2026-01-07T12:12:44.8658236Z Checking the license for package Android SDK Build-Tools 30.0.3 in /usr/local/lib/android/sdk/licenses
2026-01-07T12:12:44.8664067Z License for package Android SDK Build-Tools 30.0.3 accepted.
2026-01-07T12:12:44.8672991Z Preparing "Install Android SDK Build-Tools 30.0.3 (revision: 30.0.3)".
2026-01-07T12:12:46.0653263Z "Install Android SDK Build-Tools 30.0.3 (revision: 30.0.3)" ready.
2026-01-07T12:12:46.0654791Z Installing Android SDK Build-Tools 30.0.3 in /usr/local/lib/android/sdk/build-tools/30.0.3
2026-01-07T12:12:46.0655836Z "Install Android SDK Build-Tools 30.0.3 (revision: 30.0.3)" complete.
2026-01-07T12:12:46.3657683Z "Install Android SDK Build-Tools 30.0.3 (revision: 30.0.3)" finished.
2026-01-07T12:12:46.3661082Z Checking the license for package Android SDK Platform 33 in /usr/local/lib/android/sdk/licenses
2026-01-07T12:12:46.3661947Z License for package Android SDK Platform 33 accepted.
2026-01-07T12:12:46.3662657Z Preparing "Install Android SDK Platform 33 (revision: 3)".
2026-01-07T12:12:48.4678809Z "Install Android SDK Platform 33 (revision: 3)" ready.
2026-01-07T12:12:48.4682728Z Installing Android SDK Platform 33 in /usr/local/lib/android/sdk/platforms/android-33
2026-01-07T12:12:48.4685544Z "Install Android SDK Platform 33 (revision: 3)" complete.
2026-01-07T12:12:48.4689998Z "Install Android SDK Platform 33 (revision: 3)" finished.
2026-01-07T12:12:48.8669330Z > Task :app:preBuild UP-TO-DATE
2026-01-07T12:12:48.8669868Z > Task :app:preDebugBuild UP-TO-DATE
2026-01-07T12:12:48.8670401Z > Task :app:mergeDebugNativeDebugMetadata NO-SOURCE
2026-01-07T12:12:48.9653159Z > Task :app:generateDebugBuildConfig
2026-01-07T12:13:18.4672568Z > Task :app:generateDebugResValues
2026-01-07T12:13:18.4673240Z > Task :app:checkDebugAarMetadata
2026-01-07T12:13:18.5667248Z > Task :app:mapDebugSourceSetPaths
2026-01-07T12:13:18.5667975Z > Task :app:generateDebugResources
2026-01-07T12:13:19.5679623Z > Task :app:packageDebugResources
2026-01-07T12:13:20.2653010Z > Task :app:createDebugCompatibleScreenManifests
2026-01-07T12:13:20.2653981Z > Task :app:extractDeepLinksDebug
2026-01-07T12:13:20.4653283Z > Task :app:parseDebugLocalResources
2026-01-07T12:13:20.5652449Z > Task :app:mergeDebugResources
2026-01-07T12:13:20.6652512Z > Task :app:processDebugMainManifest
2026-01-07T12:13:20.7682719Z > Task :app:processDebugManifest
2026-01-07T12:13:20.7683498Z > Task :app:javaPreCompileDebug
2026-01-07T12:13:20.7683919Z > Task :app:mergeDebugShaders
2026-01-07T12:13:20.7684358Z > Task :app:compileDebugShaders NO-SOURCE
2026-01-07T12:13:20.7684854Z > Task :app:generateDebugAssets UP-TO-DATE
2026-01-07T12:13:20.8681782Z > Task :app:mergeDebugAssets
2026-01-07T12:13:20.8769105Z > Task :app:compressDebugAssets
2026-01-07T12:13:20.8770170Z > Task :app:desugarDebugFileDependencies
2026-01-07T12:13:20.8771036Z > Task :app:processDebugJavaRes NO-SOURCE
2026-01-07T12:13:22.5652313Z > Task :app:mergeDebugJniLibFolders
2026-01-07T12:13:22.5653211Z > Task :app:checkDebugDuplicateClasses FAILED
2026-01-07T12:13:22.6652619Z > Task :app:mergeDebugNativeLibs NO-SOURCE
2026-01-07T12:13:22.6670905Z > Task :app:processDebugManifestForPackage
2026-01-07T12:13:22.6677247Z 
2026-01-07T12:13:22.6679935Z FAILURE: Build failed with an exception.
2026-01-07T12:13:22.6682379Z 
2026-01-07T12:13:22.6684651Z * What went wrong:
2026-01-07T12:13:22.6687250Z Execution failed for task ':app:checkDebugDuplicateClasses'.
2026-01-07T12:13:22.6690478Z > A failure occurred while executing com.android.build.gradle.internal.tasks.CheckDuplicatesRunnable
2026-01-07T12:13:22.6694330Z    > Duplicate class org.intellij.lang.annotations.Flow found in modules jetified-annotations-13.0 (org.jetbrains:annotations:13.0) and jetified-annotations-java5-17.0 (org.jetbrains:annotations-java5:17.0.0)
2026-01-07T12:13:22.6698815Z      Duplicate class org.intellij.lang.annotations.Identifier found in modules jetified-annotations-13.0 (org.jetbrains:annotations:13.0) and jetified-annotations-java5-17.0 (org.jetbrains:annotations-java5:17.0.0)
2026-01-07T12:13:22.6702880Z      Duplicate class org.intellij.lang.annotations.JdkConstants found in modules jetified-annotations-13.0 (org.jetbrains:annotations:13.0) and jetified-annotations-java5-17.0 (org.jetbrains:annotations-java5:17.0.0)
2026-01-07T12:13:22.6737412Z      Duplicate class org.intellij.lang.annotations.JdkConstants$AdjustableOrientation found in modules jetified-annotations-13.0 (org.jetbrains:annotations:13.0) and jetified-annotations-java5-17.0 (org.jetbrains:annotations-java5:17.0.0)
2026-01-07T12:13:22.6740331Z      Duplicate class org.intellij.lang.annotations.JdkConstants$BoxLayoutAxis found in modules jetified-annotations-13.0 (org.jetbrains:annotations:13.0) and jetified-annotations-java5-17.0 (org.jetbrains:annotations-java5:17.0.0)
2026-01-07T12:13:22.6743027Z      Duplicate class org.intellij.lang.annotations.JdkConstants$CalendarMonth found in modules jetified-annotations-13.0 (org.jetbrains:annotations:13.0) and jetified-annotations-java5-17.0 (org.jetbrains:annotations-java5:17.0.0)
2026-01-07T12:13:22.6745631Z      Duplicate class org.intellij.lang.annotations.JdkConstants$CursorType found in modules jetified-annotations-13.0 (org.jetbrains:annotations:13.0) and jetified-annotations-java5-17.0 (org.jetbrains:annotations-java5:17.0.0)
2026-01-07T12:13:22.6748627Z      Duplicate class org.intellij.lang.annotations.JdkConstants$FlowLayoutAlignment found in modules jetified-annotations-13.0 (org.jetbrains:annotations:13.0) and jetified-annotations-java5-17.0 (org.jetbrains:annotations-java5:17.0.0)
2026-01-07T12:13:22.6751255Z      Duplicate class org.intellij.lang.annotations.JdkConstants$FontStyle found in modules jetified-annotations-13.0 (org.jetbrains:annotations:13.0) and jetified-annotations-java5-17.0 (org.jetbrains:annotations-java5:17.0.0)
2026-01-07T12:13:22.6796582Z      Duplicate class org.intellij.lang.annotations.JdkConstants$HorizontalAlignment found in modules jetified-annotations-13.0 (org.jetbrains:annotations:13.0) and jetified-annotations-java5-17.0 (org.jetbrains:annotations-java5:17.0.0)
2026-01-07T12:13:22.6799729Z      Duplicate class org.intellij.lang.annotations.JdkConstants$InputEventMask found in modules jetified-annotations-13.0 (org.jetbrains:annotations:13.0) and jetified-annotations-java5-17.0 (org.jetbrains:annotations-java5:17.0.0)
2026-01-07T12:13:22.6804213Z      Duplicate class org.intellij.lang.annotations.JdkConstants$ListSelectionMode found in modules jetified-annotations-13.0 (org.jetbrains:annotations:13.0) and jetified-annotations-java5-17.0 (org.jetbrains:annotations-java5:17.0.0)
2026-01-07T12:13:22.6807211Z      Duplicate class org.intellij.lang.annotations.JdkConstants$PatternFlags found in modules jetified-annotations-13.0 (org.jetbrains:annotations:13.0) and jetified-annotations-java5-17.0 (org.jetbrains:annotations-java5:17.0.0)
2026-01-07T12:13:22.6810138Z      Duplicate class org.intellij.lang.annotations.JdkConstants$TabLayoutPolicy found in modules jetified-annotations-13.0 (org.jetbrains:annotations:13.0) and jetified-annotations-java5-17.0 (org.jetbrains:annotations-java5:17.0.0)
2026-01-07T12:13:22.6812842Z      Duplicate class org.intellij.lang.annotations.JdkConstants$TabPlacement found in modules jetified-annotations-13.0 (org.jetbrains:annotations:13.0) and jetified-annotations-java5-17.0 (org.jetbrains:annotations-java5:17.0.0)
2026-01-07T12:13:22.6815625Z      Duplicate class org.intellij.lang.annotations.JdkConstants$TitledBorderJustification found in modules jetified-annotations-13.0 (org.jetbrains:annotations:13.0) and jetified-annotations-java5-17.0 (org.jetbrains:annotations-java5:17.0.0)
2026-01-07T12:13:22.6818678Z      Duplicate class org.intellij.lang.annotations.JdkConstants$TitledBorderTitlePosition found in modules jetified-annotations-13.0 (org.jetbrains:annotations:13.0) and jetified-annotations-java5-17.0 (org.jetbrains:annotations-java5:17.0.0)
2026-01-07T12:13:22.6821396Z      Duplicate class org.intellij.lang.annotations.JdkConstants$TreeSelectionMode found in modules jetified-annotations-13.0 (org.jetbrains:annotations:13.0) and jetified-annotations-java5-17.0 (org.jetbrains:annotations-java5:17.0.0)
2026-01-07T12:13:22.6824113Z      Duplicate class org.intellij.lang.annotations.Language found in modules jetified-annotations-13.0 (org.jetbrains:annotations:13.0) and jetified-annotations-java5-17.0 (org.jetbrains:annotations-java5:17.0.0)
2026-01-07T12:13:22.6826620Z      Duplicate class org.intellij.lang.annotations.MagicConstant found in modules jetified-annotations-13.0 (org.jetbrains:annotations:13.0) and jetified-annotations-java5-17.0 (org.jetbrains:annotations-java5:17.0.0)
2026-01-07T12:13:22.6828853Z      Duplicate class org.intellij.lang.annotations.Pattern found in modules jetified-annotations-13.0 (org.jetbrains:annotations:13.0) and jetified-annotations-java5-17.0 (org.jetbrains:annotations-java5:17.0.0)
2026-01-07T12:13:22.6831287Z      Duplicate class org.intellij.lang.annotations.PrintFormat found in modules jetified-annotations-13.0 (org.jetbrains:annotations:13.0) and jetified-annotations-java5-17.0 (org.jetbrains:annotations-java5:17.0.0)
2026-01-07T12:13:22.6833778Z      Duplicate class org.intellij.lang.annotations.PrintFormatPattern found in modules jetified-annotations-13.0 (org.jetbrains:annotations:13.0) and jetified-annotations-java5-17.0 (org.jetbrains:annotations-java5:17.0.0)
2026-01-07T12:13:22.6836353Z      Duplicate class org.intellij.lang.annotations.RegExp found in modules jetified-annotations-13.0 (org.jetbrains:annotations:13.0) and jetified-annotations-java5-17.0 (org.jetbrains:annotations-java5:17.0.0)
2026-01-07T12:13:22.6840560Z      Duplicate class org.intellij.lang.annotations.Subst found in modules jetified-annotations-13.0 (org.jetbrains:annotations:13.0) and jetified-annotations-java5-17.0 (org.jetbrains:annotations-java5:17.0.0)
2026-01-07T12:13:22.6843096Z      Duplicate class org.jetbrains.annotations.Contract found in modules jetified-annotations-13.0 (org.jetbrains:annotations:13.0) and jetified-annotations-java5-17.0 (org.jetbrains:annotations-java5:17.0.0)
2026-01-07T12:13:22.6845579Z      Duplicate class org.jetbrains.annotations.Nls found in modules jetified-annotations-13.0 (org.jetbrains:annotations:13.0) and jetified-annotations-java5-17.0 (org.jetbrains:annotations-java5:17.0.0)
2026-01-07T12:13:22.6848216Z      Duplicate class org.jetbrains.annotations.NonNls found in modules jetified-annotations-13.0 (org.jetbrains:annotations:13.0) and jetified-annotations-java5-17.0 (org.jetbrains:annotations-java5:17.0.0)
2026-01-07T12:13:22.6850719Z      Duplicate class org.jetbrains.annotations.NotNull found in modules jetified-annotations-13.0 (org.jetbrains:annotations:13.0) and jetified-annotations-java5-17.0 (org.jetbrains:annotations-java5:17.0.0)
2026-01-07T12:13:22.6853273Z      Duplicate class org.jetbrains.annotations.Nullable found in modules jetified-annotations-13.0 (org.jetbrains:annotations:13.0) and jetified-annotations-java5-17.0 (org.jetbrains:annotations-java5:17.0.0)
2026-01-07T12:13:22.6855728Z      Duplicate class org.jetbrains.annotations.PropertyKey found in modules jetified-annotations-13.0 (org.jetbrains:annotations:13.0) and jetified-annotations-java5-17.0 (org.jetbrains:annotations-java5:17.0.0)
2026-01-07T12:13:22.6858339Z      Duplicate class org.jetbrains.annotations.TestOnly found in modules jetified-annotations-13.0 (org.jetbrains:annotations:13.0) and jetified-annotations-java5-17.0 (org.jetbrains:annotations-java5:17.0.0)
2026-01-07T12:13:22.6859751Z      
2026-01-07T12:13:22.6860594Z      Go to the documentation to learn how to <a href="d.android.com/r/tools/classpath-sync-errors">Fix dependency resolution errors</a>.
2026-01-07T12:13:22.6861386Z 
2026-01-07T12:13:22.6861514Z * Try:
2026-01-07T12:13:22.6861924Z > Run with --info or --debug option to get more log output.
2026-01-07T12:13:22.6862495Z > Run with --scan to get full insights.
2026-01-07T12:13:22.6862808Z 
2026-01-07T12:13:22.6862941Z * Exception is:
2026-01-07T12:13:22.6863721Z org.gradle.api.tasks.TaskExecutionException: Execution failed for task ':app:checkDebugDuplicateClasses'.
2026-01-07T12:13:22.6865287Z 	at org.gradle.api.internal.tasks.execution.ExecuteActionsTaskExecuter.lambda$executeIfValid$1(ExecuteActionsTaskExecuter.java:149)
2026-01-07T12:13:22.6866566Z 	at org.gradle.internal.Try$Failure.ifSuccessfulOrElse(Try.java:282)
2026-01-07T12:13:22.6867902Z 	at org.gradle.api.internal.tasks.execution.ExecuteActionsTaskExecuter.executeIfValid(ExecuteActionsTaskExecuter.java:147)
2026-01-07T12:13:22.6869568Z 	at org.gradle.api.internal.tasks.execution.ExecuteActionsTaskExecuter.execute(ExecuteActionsTaskExecuter.java:135)
2026-01-07T12:13:22.6871255Z 	at org.gradle.api.internal.tasks.execution.FinalizePropertiesTaskExecuter.execute(FinalizePropertiesTaskExecuter.java:46)
2026-01-07T12:13:22.6873011Z 	at org.gradle.api.internal.tasks.execution.ResolveTaskExecutionModeExecuter.execute(ResolveTaskExecutionModeExecuter.java:51)
2026-01-07T12:13:22.6874738Z 	at org.gradle.api.internal.tasks.execution.SkipTaskWithNoActionsExecuter.execute(SkipTaskWithNoActionsExecuter.java:57)
2026-01-07T12:13:22.6876331Z 	at org.gradle.api.internal.tasks.execution.SkipOnlyIfTaskExecuter.execute(SkipOnlyIfTaskExecuter.java:74)
2026-01-07T12:13:22.6877930Z 	at org.gradle.api.internal.tasks.execution.CatchExceptionTaskExecuter.execute(CatchExceptionTaskExecuter.java:36)
2026-01-07T12:13:22.6909954Z 	at org.gradle.api.internal.tasks.execution.EventFiringTaskExecuter$1.executeTask(EventFiringTaskExecuter.java:77)
2026-01-07T12:13:22.6911380Z 	at org.gradle.api.internal.tasks.execution.EventFiringTaskExecuter$1.call(EventFiringTaskExecuter.java:55)
2026-01-07T12:13:22.6912732Z 	at org.gradle.api.internal.tasks.execution.EventFiringTaskExecuter$1.call(EventFiringTaskExecuter.java:52)
2026-01-07T12:13:22.6914378Z 	at org.gradle.internal.operations.DefaultBuildOperationRunner$CallableBuildOperationWorker.execute(DefaultBuildOperationRunner.java:204)
2026-01-07T12:13:22.6916249Z 	at org.gradle.internal.operations.DefaultBuildOperationRunner$CallableBuildOperationWorker.execute(DefaultBuildOperationRunner.java:199)
2026-01-07T12:13:22.6918011Z 	at org.gradle.internal.operations.DefaultBuildOperationRunner$2.execute(DefaultBuildOperationRunner.java:66)
2026-01-07T12:13:22.6919398Z 	at org.gradle.internal.operations.DefaultBuildOperationRunner$2.execute(DefaultBuildOperationRunner.java:59)
2026-01-07T12:13:22.6920803Z 	at org.gradle.internal.operations.DefaultBuildOperationRunner.execute(DefaultBuildOperationRunner.java:157)
2026-01-07T12:13:22.6922302Z 	at org.gradle.internal.operations.DefaultBuildOperationRunner.execute(DefaultBuildOperationRunner.java:59)
2026-01-07T12:13:22.6923776Z 	at org.gradle.internal.operations.DefaultBuildOperationRunner.call(DefaultBuildOperationRunner.java:53)
2026-01-07T12:13:22.6925401Z 	at org.gradle.internal.operations.DefaultBuildOperationExecutor.call(DefaultBuildOperationExecutor.java:73)
2026-01-07T12:13:22.6926836Z 	at org.gradle.api.internal.tasks.execution.EventFiringTaskExecuter.execute(EventFiringTaskExecuter.java:52)
2026-01-07T12:13:22.6928229Z 	at org.gradle.execution.plan.LocalTaskNodeExecutor.execute(LocalTaskNodeExecutor.java:42)
2026-01-07T12:13:22.6929665Z 	at org.gradle.execution.taskgraph.DefaultTaskExecutionGraph$InvokeNodeExecutorsAction.execute(DefaultTaskExecutionGraph.java:338)
2026-01-07T12:13:22.6931363Z 	at org.gradle.execution.taskgraph.DefaultTaskExecutionGraph$InvokeNodeExecutorsAction.execute(DefaultTaskExecutionGraph.java:325)
2026-01-07T12:13:22.6933088Z 	at org.gradle.execution.taskgraph.DefaultTaskExecutionGraph$BuildOperationAwareExecutionAction.execute(DefaultTaskExecutionGraph.java:318)
2026-01-07T12:13:22.6934901Z 	at org.gradle.execution.taskgraph.DefaultTaskExecutionGraph$BuildOperationAwareExecutionAction.execute(DefaultTaskExecutionGraph.java:304)
2026-01-07T12:13:22.6936484Z 	at org.gradle.execution.plan.DefaultPlanExecutor$ExecutorWorker.execute(DefaultPlanExecutor.java:463)
2026-01-07T12:13:22.6937728Z 	at org.gradle.execution.plan.DefaultPlanExecutor$ExecutorWorker.run(DefaultPlanExecutor.java:380)
2026-01-07T12:13:22.6939128Z 	at org.gradle.internal.concurrent.ExecutorPolicy$CatchAndRecordFailures.onExecute(ExecutorPolicy.java:64)
2026-01-07T12:13:22.6940365Z 	at org.gradle.internal.concurrent.ManagedExecutorImpl$1.run(ManagedExecutorImpl.java:49)
2026-01-07T12:13:22.6942139Z Caused by: org.gradle.workers.internal.DefaultWorkerExecutor$WorkExecutionException: A failure occurred while executing com.android.build.gradle.internal.tasks.CheckDuplicatesRunnable
2026-01-07T12:13:22.6944115Z 	at org.gradle.workers.internal.DefaultWorkerExecutor$WorkItemExecution.waitForCompletion(DefaultWorkerExecutor.java:283)
2026-01-07T12:13:22.6945649Z 	at org.gradle.internal.work.DefaultAsyncWorkTracker.lambda$waitForItemsAndGatherFailures$2(DefaultAsyncWorkTracker.java:130)
2026-01-07T12:13:22.6946893Z 	at org.gradle.internal.Factories$1.create(Factories.java:31)
2026-01-07T12:13:22.6947965Z 	at org.gradle.internal.work.DefaultWorkerLeaseService.withoutLocks(DefaultWorkerLeaseService.java:321)
2026-01-07T12:13:22.6949281Z 	at org.gradle.internal.work.DefaultWorkerLeaseService.withoutLocks(DefaultWorkerLeaseService.java:304)
2026-01-07T12:13:22.6950548Z 	at org.gradle.internal.work.DefaultWorkerLeaseService.withoutLock(DefaultWorkerLeaseService.java:309)
2026-01-07T12:13:22.6952187Z 	at org.gradle.internal.work.DefaultAsyncWorkTracker.waitForItemsAndGatherFailures(DefaultAsyncWorkTracker.java:126)
2026-01-07T12:13:22.6953815Z 	at org.gradle.internal.work.DefaultAsyncWorkTracker.waitForItemsAndGatherFailures(DefaultAsyncWorkTracker.java:92)
2026-01-07T12:13:22.6955317Z 	at org.gradle.internal.work.DefaultAsyncWorkTracker.waitForAll(DefaultAsyncWorkTracker.java:78)
2026-01-07T12:13:22.6956710Z 	at org.gradle.internal.work.DefaultAsyncWorkTracker.waitForCompletion(DefaultAsyncWorkTracker.java:66)
2026-01-07T12:13:22.6958080Z 	at org.gradle.api.internal.tasks.execution.TaskExecution$3.run(TaskExecution.java:250)
2026-01-07T12:13:22.6959322Z 	at org.gradle.internal.operations.DefaultBuildOperationRunner$1.execute(DefaultBuildOperationRunner.java:29)
2026-01-07T12:13:22.6960758Z 	at org.gradle.internal.operations.DefaultBuildOperationRunner$1.execute(DefaultBuildOperationRunner.java:26)
2026-01-07T12:13:22.6962218Z 	at org.gradle.internal.operations.DefaultBuildOperationRunner$2.execute(DefaultBuildOperationRunner.java:66)
2026-01-07T12:13:22.6963627Z 	at org.gradle.internal.operations.DefaultBuildOperationRunner$2.execute(DefaultBuildOperationRunner.java:59)
2026-01-07T12:13:22.6965028Z 	at org.gradle.internal.operations.DefaultBuildOperationRunner.execute(DefaultBuildOperationRunner.java:157)
2026-01-07T12:13:22.6966432Z 	at org.gradle.internal.operations.DefaultBuildOperationRunner.execute(DefaultBuildOperationRunner.java:59)
2026-01-07T12:13:22.6967950Z 	at org.gradle.internal.operations.DefaultBuildOperationRunner.run(DefaultBuildOperationRunner.java:47)
2026-01-07T12:13:22.6969491Z 	at org.gradle.internal.operations.DefaultBuildOperationExecutor.run(DefaultBuildOperationExecutor.java:68)
2026-01-07T12:13:22.6970731Z 	at org.gradle.api.internal.tasks.execution.TaskExecution.executeAction(TaskExecution.java:227)
2026-01-07T12:13:22.6971934Z 	at org.gradle.api.internal.tasks.execution.TaskExecution.executeActions(TaskExecution.java:210)
2026-01-07T12:13:22.6973358Z 	at org.gradle.api.internal.tasks.execution.TaskExecution.executeWithPreviousOutputFiles(TaskExecution.java:193)
2026-01-07T12:13:22.6974737Z 	at org.gradle.api.internal.tasks.execution.TaskExecution.execute(TaskExecution.java:166)
2026-01-07T12:13:22.6975883Z 	at org.gradle.internal.execution.steps.ExecuteStep.executeInternal(ExecuteStep.java:93)
2026-01-07T12:13:22.6976986Z 	at org.gradle.internal.execution.steps.ExecuteStep.access$000(ExecuteStep.java:44)
2026-01-07T12:13:22.6978114Z 	at org.gradle.internal.execution.steps.ExecuteStep$1.call(ExecuteStep.java:57)
2026-01-07T12:13:22.6979063Z 	at org.gradle.internal.execution.steps.ExecuteStep$1.call(ExecuteStep.java:54)
2026-01-07T12:13:22.6980463Z 	at org.gradle.internal.operations.DefaultBuildOperationRunner$CallableBuildOperationWorker.execute(DefaultBuildOperationRunner.java:204)
2026-01-07T12:13:22.6982267Z 	at org.gradle.internal.operations.DefaultBuildOperationRunner$CallableBuildOperationWorker.execute(DefaultBuildOperationRunner.java:199)
2026-01-07T12:13:22.6983883Z 	at org.gradle.internal.operations.DefaultBuildOperationRunner$2.execute(DefaultBuildOperationRunner.java:66)
2026-01-07T12:13:22.6985300Z 	at org.gradle.internal.operations.DefaultBuildOperationRunner$2.execute(DefaultBuildOperationRunner.java:59)
2026-01-07T12:13:22.6986746Z 	at org.gradle.internal.operations.DefaultBuildOperationRunner.execute(DefaultBuildOperationRunner.java:157)
2026-01-07T12:13:22.6988247Z 	at org.gradle.internal.operations.DefaultBuildOperationRunner.execute(DefaultBuildOperationRunner.java:59)
2026-01-07T12:13:22.6989631Z 	at org.gradle.internal.operations.DefaultBuildOperationRunner.call(DefaultBuildOperationRunner.java:53)
2026-01-07T12:13:22.6991012Z 	at org.gradle.internal.operations.DefaultBuildOperationExecutor.call(DefaultBuildOperationExecutor.java:73)
2026-01-07T12:13:22.6992223Z 	at org.gradle.internal.execution.steps.ExecuteStep.execute(ExecuteStep.java:54)
2026-01-07T12:13:22.6993206Z 	at org.gradle.internal.execution.steps.ExecuteStep.execute(ExecuteStep.java:44)
2026-01-07T12:13:22.6994588Z 	at org.gradle.internal.execution.steps.RemovePreviousOutputsStep.execute(RemovePreviousOutputsStep.java:67)
2026-01-07T12:13:22.6996012Z 	at org.gradle.internal.execution.steps.RemovePreviousOutputsStep.execute(RemovePreviousOutputsStep.java:37)
2026-01-07T12:13:22.6997346Z 	at org.gradle.internal.execution.steps.CancelExecutionStep.execute(CancelExecutionStep.java:41)
2026-01-07T12:13:22.6998678Z 	at org.gradle.internal.execution.steps.TimeoutStep.executeWithoutTimeout(TimeoutStep.java:74)
2026-01-07T12:13:22.6999788Z 	at org.gradle.internal.execution.steps.TimeoutStep.execute(TimeoutStep.java:55)
2026-01-07T12:13:22.7000843Z 	at org.gradle.internal.execution.steps.CreateOutputsStep.execute(CreateOutputsStep.java:50)
2026-01-07T12:13:22.7001991Z 	at org.gradle.internal.execution.steps.CreateOutputsStep.execute(CreateOutputsStep.java:28)
2026-01-07T12:13:22.7003567Z 	at org.gradle.internal.execution.steps.CaptureStateAfterExecutionStep.executeDelegateBroadcastingChanges(CaptureStateAfterExecutionStep.java:100)
2026-01-07T12:13:22.7005464Z 	at org.gradle.internal.execution.steps.CaptureStateAfterExecutionStep.execute(CaptureStateAfterExecutionStep.java:72)
2026-01-07T12:13:22.7007100Z 	at org.gradle.internal.execution.steps.CaptureStateAfterExecutionStep.execute(CaptureStateAfterExecutionStep.java:50)
2026-01-07T12:13:22.7008710Z 	at org.gradle.internal.execution.steps.ResolveInputChangesStep.execute(ResolveInputChangesStep.java:40)
2026-01-07T12:13:22.7010211Z 	at org.gradle.internal.execution.steps.ResolveInputChangesStep.execute(ResolveInputChangesStep.java:29)
2026-01-07T12:13:22.7011556Z 	at org.gradle.internal.execution.steps.BuildCacheStep.executeWithoutCache(BuildCacheStep.java:166)
2026-01-07T12:13:22.7012803Z 	at org.gradle.internal.execution.steps.BuildCacheStep.lambda$execute$1(BuildCacheStep.java:70)
2026-01-07T12:13:22.7013729Z 	at org.gradle.internal.Either$Right.fold(Either.java:175)
2026-01-07T12:13:22.7014536Z 	at org.gradle.internal.execution.caching.CachingState.fold(CachingState.java:59)
2026-01-07T12:13:22.7015586Z 	at org.gradle.internal.execution.steps.BuildCacheStep.execute(BuildCacheStep.java:68)
2026-01-07T12:13:22.7016656Z 	at org.gradle.internal.execution.steps.BuildCacheStep.execute(BuildCacheStep.java:46)
2026-01-07T12:13:22.7017969Z 	at org.gradle.internal.execution.steps.StoreExecutionStateStep.execute(StoreExecutionStateStep.java:36)
2026-01-07T12:13:22.7019381Z 	at org.gradle.internal.execution.steps.StoreExecutionStateStep.execute(StoreExecutionStateStep.java:25)
2026-01-07T12:13:22.7020628Z 	at org.gradle.internal.execution.steps.RecordOutputsStep.execute(RecordOutputsStep.java:36)
2026-01-07T12:13:22.7021810Z 	at org.gradle.internal.execution.steps.RecordOutputsStep.execute(RecordOutputsStep.java:22)
2026-01-07T12:13:22.7023047Z 	at org.gradle.internal.execution.steps.SkipUpToDateStep.executeBecause(SkipUpToDateStep.java:91)
2026-01-07T12:13:22.7024340Z 	at org.gradle.internal.execution.steps.SkipUpToDateStep.lambda$execute$2(SkipUpToDateStep.java:55)
2026-01-07T12:13:22.7025588Z 	at org.gradle.internal.execution.steps.SkipUpToDateStep.execute(SkipUpToDateStep.java:55)
2026-01-07T12:13:22.7026757Z 	at org.gradle.internal.execution.steps.SkipUpToDateStep.execute(SkipUpToDateStep.java:37)
2026-01-07T12:13:22.7028075Z 	at org.gradle.internal.execution.steps.ResolveChangesStep.execute(ResolveChangesStep.java:65)
2026-01-07T12:13:22.7029321Z 	at org.gradle.internal.execution.steps.ResolveChangesStep.execute(ResolveChangesStep.java:36)
2026-01-07T12:13:22.7030965Z 	at org.gradle.internal.execution.steps.legacy.MarkSnapshottingInputsFinishedStep.execute(MarkSnapshottingInputsFinishedStep.java:37)
2026-01-07T12:13:22.7032941Z 	at org.gradle.internal.execution.steps.legacy.MarkSnapshottingInputsFinishedStep.execute(MarkSnapshottingInputsFinishedStep.java:27)
2026-01-07T12:13:22.7034658Z 	at org.gradle.internal.execution.steps.ResolveCachingStateStep.execute(ResolveCachingStateStep.java:76)
2026-01-07T12:13:22.7036084Z 	at org.gradle.internal.execution.steps.ResolveCachingStateStep.execute(ResolveCachingStateStep.java:37)
2026-01-07T12:13:22.7037475Z 	at org.gradle.internal.execution.steps.ValidateStep.execute(ValidateStep.java:94)
2026-01-07T12:13:22.7038615Z 	at org.gradle.internal.execution.steps.ValidateStep.execute(ValidateStep.java:49)
2026-01-07T12:13:22.7040044Z 	at org.gradle.internal.execution.steps.CaptureStateBeforeExecutionStep.execute(CaptureStateBeforeExecutionStep.java:71)
2026-01-07T12:13:22.7041792Z 	at org.gradle.internal.execution.steps.CaptureStateBeforeExecutionStep.execute(CaptureStateBeforeExecutionStep.java:45)
2026-01-07T12:13:22.7043422Z 	at org.gradle.internal.execution.steps.SkipEmptyWorkStep.executeWithNonEmptySources(SkipEmptyWorkStep.java:177)
2026-01-07T12:13:22.7044837Z 	at org.gradle.internal.execution.steps.SkipEmptyWorkStep.execute(SkipEmptyWorkStep.java:81)
2026-01-07T12:13:22.7046036Z 	at org.gradle.internal.execution.steps.SkipEmptyWorkStep.execute(SkipEmptyWorkStep.java:53)
2026-01-07T12:13:22.7047528Z 	at org.gradle.internal.execution.steps.RemoveUntrackedExecutionStateStep.execute(RemoveUntrackedExecutionStateStep.java:32)
2026-01-07T12:13:22.7049520Z 	at org.gradle.internal.execution.steps.RemoveUntrackedExecutionStateStep.execute(RemoveUntrackedExecutionStateStep.java:21)
2026-01-07T12:13:22.7051404Z 	at org.gradle.internal.execution.steps.legacy.MarkSnapshottingInputsStartedStep.execute(MarkSnapshottingInputsStartedStep.java:38)
2026-01-07T12:13:22.7053202Z 	at org.gradle.internal.execution.steps.LoadPreviousExecutionStateStep.execute(LoadPreviousExecutionStateStep.java:36)
2026-01-07T12:13:22.7055022Z 	at org.gradle.internal.execution.steps.LoadPreviousExecutionStateStep.execute(LoadPreviousExecutionStateStep.java:23)
2026-01-07T12:13:22.7056635Z 	at org.gradle.internal.execution.steps.CleanupStaleOutputsStep.execute(CleanupStaleOutputsStep.java:75)
2026-01-07T12:13:22.7058054Z 	at org.gradle.internal.execution.steps.CleanupStaleOutputsStep.execute(CleanupStaleOutputsStep.java:41)
2026-01-07T12:13:22.7059382Z 	at org.gradle.internal.execution.steps.AssignWorkspaceStep.lambda$execute$0(AssignWorkspaceStep.java:32)
2026-01-07T12:13:22.7060645Z 	at org.gradle.api.internal.tasks.execution.TaskExecution$4.withWorkspace(TaskExecution.java:287)
2026-01-07T12:13:22.7061837Z 	at org.gradle.internal.execution.steps.AssignWorkspaceStep.execute(AssignWorkspaceStep.java:30)
2026-01-07T12:13:22.7062994Z 	at org.gradle.internal.execution.steps.AssignWorkspaceStep.execute(AssignWorkspaceStep.java:21)
2026-01-07T12:13:22.7064066Z 	at org.gradle.internal.execution.steps.IdentityCacheStep.execute(IdentityCacheStep.java:37)
2026-01-07T12:13:22.7065145Z 	at org.gradle.internal.execution.steps.IdentityCacheStep.execute(IdentityCacheStep.java:27)
2026-01-07T12:13:22.7066185Z 	at org.gradle.internal.execution.steps.IdentifyStep.execute(IdentifyStep.java:42)
2026-01-07T12:13:22.7067150Z 	at org.gradle.internal.execution.steps.IdentifyStep.execute(IdentifyStep.java:31)
2026-01-07T12:13:22.7068362Z 	at org.gradle.internal.execution.impl.DefaultExecutionEngine$1.execute(DefaultExecutionEngine.java:64)
2026-01-07T12:13:22.7069772Z 	at org.gradle.api.internal.tasks.execution.ExecuteActionsTaskExecuter.executeIfValid(ExecuteActionsTaskExecuter.java:146)
2026-01-07T12:13:22.7071401Z 	at org.gradle.api.internal.tasks.execution.ExecuteActionsTaskExecuter.execute(ExecuteActionsTaskExecuter.java:135)
2026-01-07T12:13:22.7073007Z 	at org.gradle.api.internal.tasks.execution.FinalizePropertiesTaskExecuter.execute(FinalizePropertiesTaskExecuter.java:46)
2026-01-07T12:13:22.7074721Z 	at org.gradle.api.internal.tasks.execution.ResolveTaskExecutionModeExecuter.execute(ResolveTaskExecutionModeExecuter.java:51)
2026-01-07T12:13:22.7076347Z 	at org.gradle.api.internal.tasks.execution.SkipTaskWithNoActionsExecuter.execute(SkipTaskWithNoActionsExecuter.java:57)
2026-01-07T12:13:22.7077773Z 	at org.gradle.api.internal.tasks.execution.SkipOnlyIfTaskExecuter.execute(SkipOnlyIfTaskExecuter.java:74)
2026-01-07T12:13:22.7079340Z 	at org.gradle.api.internal.tasks.execution.CatchExceptionTaskExecuter.execute(CatchExceptionTaskExecuter.java:36)
2026-01-07T12:13:22.7080969Z 	at org.gradle.api.internal.tasks.execution.EventFiringTaskExecuter$1.executeTask(EventFiringTaskExecuter.java:77)
2026-01-07T12:13:22.7082218Z 	at org.gradle.api.internal.tasks.execution.EventFiringTaskExecuter$1.call(EventFiringTaskExecuter.java:55)
2026-01-07T12:13:22.7083447Z 	at org.gradle.api.internal.tasks.execution.EventFiringTaskExecuter$1.call(EventFiringTaskExecuter.java:52)
2026-01-07T12:13:22.7084950Z 	at org.gradle.internal.operations.DefaultBuildOperationRunner$CallableBuildOperationWorker.execute(DefaultBuildOperationRunner.java:204)
2026-01-07T12:13:22.7086704Z 	at org.gradle.internal.operations.DefaultBuildOperationRunner$CallableBuildOperationWorker.execute(DefaultBuildOperationRunner.java:199)
2026-01-07T12:13:22.7088401Z 	at org.gradle.internal.operations.DefaultBuildOperationRunner$2.execute(DefaultBuildOperationRunner.java:66)
2026-01-07T12:13:22.7089684Z 	at org.gradle.internal.operations.DefaultBuildOperationRunner$2.execute(DefaultBuildOperationRunner.java:59)
2026-01-07T12:13:22.7090835Z 	at org.gradle.internal.operations.DefaultBuildOperationRunner.execute(DefaultBuildOperationRunner.java:157)
2026-01-07T12:13:22.7092109Z 	at org.gradle.internal.operations.DefaultBuildOperationRunner.execute(DefaultBuildOperationRunner.java:59)
2026-01-07T12:13:22.7093420Z 	at org.gradle.internal.operations.DefaultBuildOperationRunner.call(DefaultBuildOperationRunner.java:53)
2026-01-07T12:13:22.7094978Z 	at org.gradle.internal.operations.DefaultBuildOperationExecutor.call(DefaultBuildOperationExecutor.java:73)
2026-01-07T12:13:22.7096352Z 	at org.gradle.api.internal.tasks.execution.EventFiringTaskExecuter.execute(EventFiringTaskExecuter.java:52)
2026-01-07T12:13:22.7097584Z 	at org.gradle.execution.plan.LocalTaskNodeExecutor.execute(LocalTaskNodeExecutor.java:42)
2026-01-07T12:13:22.7098893Z 	at org.gradle.execution.taskgraph.DefaultTaskExecutionGraph$InvokeNodeExecutorsAction.execute(DefaultTaskExecutionGraph.java:338)
2026-01-07T12:13:22.7100067Z 	at org.gradle.execution.taskgraph.DefaultTaskExecutionGraph$InvokeNodeExecutorsAction.execute(DefaultTaskExecutionGraph.java:325)
2026-01-07T12:13:22.7100967Z 	at org.gradle.execution.taskgraph.DefaultTaskExecutionGraph$BuildOperationAwareExecutionAction.execute(DefaultTaskExecutionGraph.java:318)
2026-01-07T12:13:22.7101964Z 	at org.gradle.execution.taskgraph.DefaultTaskExecutionGraph$BuildOperationAwareExecutionAction.execute(DefaultTaskExecutionGraph.java:304)
2026-01-07T12:13:22.7102766Z 	at org.gradle.execution.plan.DefaultPlanExecutor$ExecutorWorker.execute(DefaultPlanExecutor.java:463)
2026-01-07T12:13:22.7103383Z 	at org.gradle.execution.plan.DefaultPlanExecutor$ExecutorWorker.run(DefaultPlanExecutor.java:380)
2026-01-07T12:13:22.7104018Z 	at org.gradle.internal.concurrent.ExecutorPolicy$CatchAndRecordFailures.onExecute(ExecutorPolicy.java:64)
2026-01-07T12:13:22.7104632Z 	at org.gradle.internal.concurrent.ManagedExecutorImpl$1.run(ManagedExecutorImpl.java:49)
2026-01-07T12:13:22.7105632Z Caused by: java.lang.RuntimeException: Duplicate class org.intellij.lang.annotations.Flow found in modules jetified-annotations-13.0 (org.jetbrains:annotations:13.0) and jetified-annotations-java5-17.0 (org.jetbrains:annotations-java5:17.0.0)
2026-01-07T12:13:22.7106958Z Duplicate class org.intellij.lang.annotations.Identifier found in modules jetified-annotations-13.0 (org.jetbrains:annotations:13.0) and jetified-annotations-java5-17.0 (org.jetbrains:annotations-java5:17.0.0)
2026-01-07T12:13:22.7108383Z Duplicate class org.intellij.lang.annotations.JdkConstants found in modules jetified-annotations-13.0 (org.jetbrains:annotations:13.0) and jetified-annotations-java5-17.0 (org.jetbrains:annotations-java5:17.0.0)
2026-01-07T12:13:22.7109696Z Duplicate class org.intellij.lang.annotations.JdkConstants$AdjustableOrientation found in modules jetified-annotations-13.0 (org.jetbrains:annotations:13.0) and jetified-annotations-java5-17.0 (org.jetbrains:annotations-java5:17.0.0)
2026-01-07T12:13:22.7111395Z Duplicate class org.intellij.lang.annotations.JdkConstants$BoxLayoutAxis found in modules jetified-annotations-13.0 (org.jetbrains:annotations:13.0) and jetified-annotations-java5-17.0 (org.jetbrains:annotations-java5:17.0.0)
2026-01-07T12:13:22.7112723Z Duplicate class org.intellij.lang.annotations.JdkConstants$CalendarMonth found in modules jetified-annotations-13.0 (org.jetbrains:annotations:13.0) and jetified-annotations-java5-17.0 (org.jetbrains:annotations-java5:17.0.0)
2026-01-07T12:13:22.7114041Z Duplicate class org.intellij.lang.annotations.JdkConstants$CursorType found in modules jetified-annotations-13.0 (org.jetbrains:annotations:13.0) and jetified-annotations-java5-17.0 (org.jetbrains:annotations-java5:17.0.0)
2026-01-07T12:13:22.7115613Z Duplicate class org.intellij.lang.annotations.JdkConstants$FlowLayoutAlignment found in modules jetified-annotations-13.0 (org.jetbrains:annotations:13.0) and jetified-annotations-java5-17.0 (org.jetbrains:annotations-java5:17.0.0)
2026-01-07T12:13:22.7117079Z Duplicate class org.intellij.lang.annotations.JdkConstants$FontStyle found in modules jetified-annotations-13.0 (org.jetbrains:annotations:13.0) and jetified-annotations-java5-17.0 (org.jetbrains:annotations-java5:17.0.0)
2026-01-07T12:13:22.7119132Z Duplicate class org.intellij.lang.annotations.JdkConstants$HorizontalAlignment found in modules jetified-annotations-13.0 (org.jetbrains:annotations:13.0) and jetified-annotations-java5-17.0 (org.jetbrains:annotations-java5:17.0.0)
2026-01-07T12:13:22.7121790Z Duplicate class org.intellij.lang.annotations.JdkConstants$InputEventMask found in modules jetified-annotations-13.0 (org.jetbrains:annotations:13.0) and jetified-annotations-java5-17.0 (org.jetbrains:annotations-java5:17.0.0)
2026-01-07T12:13:22.7124255Z Duplicate class org.intellij.lang.annotations.JdkConstants$ListSelectionMode found in modules jetified-annotations-13.0 (org.jetbrains:annotations:13.0) and jetified-annotations-java5-17.0 (org.jetbrains:annotations-java5:17.0.0)
2026-01-07T12:13:22.7126854Z Duplicate class org.intellij.lang.annotations.JdkConstants$PatternFlags found in modules jetified-annotations-13.0 (org.jetbrains:annotations:13.0) and jetified-annotations-java5-17.0 (org.jetbrains:annotations-java5:17.0.0)
2026-01-07T12:13:22.7129462Z Duplicate class org.intellij.lang.annotations.JdkConstants$TabLayoutPolicy found in modules jetified-annotations-13.0 (org.jetbrains:annotations:13.0) and jetified-annotations-java5-17.0 (org.jetbrains:annotations-java5:17.0.0)
2026-01-07T12:13:22.7131927Z Duplicate class org.intellij.lang.annotations.JdkConstants$TabPlacement found in modules jetified-annotations-13.0 (org.jetbrains:annotations:13.0) and jetified-annotations-java5-17.0 (org.jetbrains:annotations-java5:17.0.0)
2026-01-07T12:13:22.7134482Z Duplicate class org.intellij.lang.annotations.JdkConstants$TitledBorderJustification found in modules jetified-annotations-13.0 (org.jetbrains:annotations:13.0) and jetified-annotations-java5-17.0 (org.jetbrains:annotations-java5:17.0.0)
2026-01-07T12:13:22.7137098Z Duplicate class org.intellij.lang.annotations.JdkConstants$TitledBorderTitlePosition found in modules jetified-annotations-13.0 (org.jetbrains:annotations:13.0) and jetified-annotations-java5-17.0 (org.jetbrains:annotations-java5:17.0.0)
2026-01-07T12:13:22.7139839Z Duplicate class org.intellij.lang.annotations.JdkConstants$TreeSelectionMode found in modules jetified-annotations-13.0 (org.jetbrains:annotations:13.0) and jetified-annotations-java5-17.0 (org.jetbrains:annotations-java5:17.0.0)
2026-01-07T12:13:22.7142355Z Duplicate class org.intellij.lang.annotations.Language found in modules jetified-annotations-13.0 (org.jetbrains:annotations:13.0) and jetified-annotations-java5-17.0 (org.jetbrains:annotations-java5:17.0.0)
2026-01-07T12:13:22.7144687Z Duplicate class org.intellij.lang.annotations.MagicConstant found in modules jetified-annotations-13.0 (org.jetbrains:annotations:13.0) and jetified-annotations-java5-17.0 (org.jetbrains:annotations-java5:17.0.0)
2026-01-07T12:13:22.7147193Z Duplicate class org.intellij.lang.annotations.Pattern found in modules jetified-annotations-13.0 (org.jetbrains:annotations:13.0) and jetified-annotations-java5-17.0 (org.jetbrains:annotations-java5:17.0.0)
2026-01-07T12:13:22.7149700Z Duplicate class org.intellij.lang.annotations.PrintFormat found in modules jetified-annotations-13.0 (org.jetbrains:annotations:13.0) and jetified-annotations-java5-17.0 (org.jetbrains:annotations-java5:17.0.0)
2026-01-07T12:13:22.7152169Z Duplicate class org.intellij.lang.annotations.PrintFormatPattern found in modules jetified-annotations-13.0 (org.jetbrains:annotations:13.0) and jetified-annotations-java5-17.0 (org.jetbrains:annotations-java5:17.0.0)
2026-01-07T12:13:22.7154571Z Duplicate class org.intellij.lang.annotations.RegExp found in modules jetified-annotations-13.0 (org.jetbrains:annotations:13.0) and jetified-annotations-java5-17.0 (org.jetbrains:annotations-java5:17.0.0)
2026-01-07T12:13:22.7156960Z Duplicate class org.intellij.lang.annotations.Subst found in modules jetified-annotations-13.0 (org.jetbrains:annotations:13.0) and jetified-annotations-java5-17.0 (org.jetbrains:annotations-java5:17.0.0)
2026-01-07T12:13:22.7159528Z Duplicate class org.jetbrains.annotations.Contract found in modules jetified-annotations-13.0 (org.jetbrains:annotations:13.0) and jetified-annotations-java5-17.0 (org.jetbrains:annotations-java5:17.0.0)
2026-01-07T12:13:22.7161969Z Duplicate class org.jetbrains.annotations.Nls found in modules jetified-annotations-13.0 (org.jetbrains:annotations:13.0) and jetified-annotations-java5-17.0 (org.jetbrains:annotations-java5:17.0.0)
2026-01-07T12:13:22.7164072Z Duplicate class org.jetbrains.annotations.NonNls found in modules jetified-annotations-13.0 (org.jetbrains:annotations:13.0) and jetified-annotations-java5-17.0 (org.jetbrains:annotations-java5:17.0.0)
2026-01-07T12:13:22.7166349Z Duplicate class org.jetbrains.annotations.NotNull found in modules jetified-annotations-13.0 (org.jetbrains:annotations:13.0) and jetified-annotations-java5-17.0 (org.jetbrains:annotations-java5:17.0.0)
2026-01-07T12:13:22.7168779Z Duplicate class org.jetbrains.annotations.Nullable found in modules jetified-annotations-13.0 (org.jetbrains:annotations:13.0) and jetified-annotations-java5-17.0 (org.jetbrains:annotations-java5:17.0.0)
2026-01-07T12:13:22.7171088Z Duplicate class org.jetbrains.annotations.PropertyKey found in modules jetified-annotations-13.0 (org.jetbrains:annotations:13.0) and jetified-annotations-java5-17.0 (org.jetbrains:annotations-java5:17.0.0)
2026-01-07T12:13:22.7173399Z Duplicate class org.jetbrains.annotations.TestOnly found in modules jetified-annotations-13.0 (org.jetbrains:annotations:13.0) and jetified-annotations-java5-17.0 (org.jetbrains:annotations-java5:17.0.0)
2026-01-07T12:13:22.7174591Z 
2026-01-07T12:13:22.7175205Z Go to the documentation to learn how to <a href="d.android.com/r/tools/classpath-sync-errors">Fix dependency resolution errors</a>.
2026-01-07T12:13:22.7176635Z 	at com.android.build.gradle.internal.tasks.CheckDuplicateClassesDelegate.run(CheckDuplicateClassesDelegate.kt:65)
2026-01-07T12:13:22.7178748Z 	at com.android.build.gradle.internal.tasks.CheckDuplicatesRunnable.execute(CheckDuplicateClassesDelegate.kt:91)
2026-01-07T12:13:22.7180032Z 	at org.gradle.workers.internal.DefaultWorkerServer.execute(DefaultWorkerServer.java:63)
2026-01-07T12:13:22.7181224Z 	at org.gradle.workers.internal.NoIsolationWorkerFactory$1$1.create(NoIsolationWorkerFactory.java:66)
2026-01-07T12:13:22.7182474Z 	at org.gradle.workers.internal.NoIsolationWorkerFactory$1$1.create(NoIsolationWorkerFactory.java:62)
2026-01-07T12:13:22.7183738Z 	at org.gradle.internal.classloader.ClassLoaderUtils.executeInClassloader(ClassLoaderUtils.java:100)
2026-01-07T12:13:22.7185069Z 	at org.gradle.workers.internal.NoIsolationWorkerFactory$1.lambda$execute$0(NoIsolationWorkerFactory.java:62)
2026-01-07T12:13:22.7186185Z 	at org.gradle.workers.internal.AbstractWorker$1.call(AbstractWorker.java:44)
2026-01-07T12:13:22.7187066Z 	at org.gradle.workers.internal.AbstractWorker$1.call(AbstractWorker.java:41)
2026-01-07T12:13:22.7188822Z 	at org.gradle.internal.operations.DefaultBuildOperationRunner$CallableBuildOperationWorker.execute(DefaultBuildOperationRunner.java:204)
2026-01-07T12:13:22.7190599Z 	at org.gradle.internal.operations.DefaultBuildOperationRunner$CallableBuildOperationWorker.execute(DefaultBuildOperationRunner.java:199)
2026-01-07T12:13:22.7192096Z 	at org.gradle.internal.operations.DefaultBuildOperationRunner$2.execute(DefaultBuildOperationRunner.java:66)
2026-01-07T12:13:22.7198366Z 	at org.gradle.internal.operations.DefaultBuildOperationRunner$2.execute(DefaultBuildOperationRunner.java:59)
2026-01-07T12:13:22.7199708Z 	at org.gradle.internal.operations.DefaultBuildOperationRunner.execute(DefaultBuildOperationRunner.java:157)
2026-01-07T12:13:22.7200981Z 	at org.gradle.internal.operations.DefaultBuildOperationRunner.execute(DefaultBuildOperationRunner.java:59)
2026-01-07T12:13:22.7202240Z 	at org.gradle.internal.operations.DefaultBuildOperationRunner.call(DefaultBuildOperationRunner.java:53)
2026-01-07T12:13:22.7203489Z 	at org.gradle.internal.operations.DefaultBuildOperationExecutor.call(DefaultBuildOperationExecutor.java:73)
2026-01-07T12:13:22.7204740Z 	at org.gradle.workers.internal.AbstractWorker.executeWrappedInBuildOperation(AbstractWorker.java:41)
2026-01-07T12:13:22.7205903Z 	at org.gradle.workers.internal.NoIsolationWorkerFactory$1.execute(NoIsolationWorkerFactory.java:59)
2026-01-07T12:13:22.7207029Z 	at org.gradle.workers.internal.DefaultWorkerExecutor.lambda$submitWork$0(DefaultWorkerExecutor.java:169)
2026-01-07T12:13:22.7209886Z 	at org.gradle.internal.work.DefaultConditionalExecutionQueue$ExecutionRunner.runExecution(DefaultConditionalExecutionQueue.java:187)
2026-01-07T12:13:22.7211226Z 	at org.gradle.internal.work.DefaultConditionalExecutionQueue$ExecutionRunner.access$700(DefaultConditionalExecutionQueue.java:120)
2026-01-07T12:13:22.7212379Z 	at org.gradle.internal.work.DefaultConditionalExecutionQueue$ExecutionRunner$1.run(DefaultConditionalExecutionQueue.java:162)
2026-01-07T12:13:22.7213466Z 	at org.gradle.internal.Factories$1.create(Factories.java:31)
2026-01-07T12:13:22.7214407Z 	at org.gradle.internal.work.DefaultWorkerLeaseService.withLocks(DefaultWorkerLeaseService.java:249)
2026-01-07T12:13:22.7215691Z 	at org.gradle.internal.work.DefaultWorkerLeaseService.runAsWorkerThread(DefaultWorkerLeaseService.java:109)
2026-01-07T12:13:22.7217047Z 	at org.gradle.internal.work.DefaultWorkerLeaseService.runAsWorkerThread(DefaultWorkerLeaseService.java:114)
2026-01-07T12:13:22.7218683Z 	at org.gradle.internal.work.DefaultConditionalExecutionQueue$ExecutionRunner.runBatch(DefaultConditionalExecutionQueue.java:157)
2026-01-07T12:13:22.7220275Z 	at org.gradle.internal.work.DefaultConditionalExecutionQueue$ExecutionRunner.run(DefaultConditionalExecutionQueue.java:126)
2026-01-07T12:13:22.7221220Z 	... 2 more
2026-01-07T12:13:22.7221390Z 
2026-01-07T12:13:22.7221400Z 
2026-01-07T12:13:22.7221622Z * Get more help at https://help.gradle.org
2026-01-07T12:13:22.7221968Z 
2026-01-07T12:13:22.7222097Z BUILD FAILED in 1m 39s
2026-01-07T12:13:22.7222474Z 19 actionable tasks: 19 executed
2026-01-07T12:13:23.1513070Z ##[error]Process completed with exit code 1.
2026-01-07T12:13:23.1618971Z Post job cleanup.
2026-01-07T12:13:23.3352824Z Post job cleanup.
2026-01-07T12:13:23.4207675Z [command]/usr/bin/git version
2026-01-07T12:13:23.4239104Z git version 2.52.0
2026-01-07T12:13:23.4275140Z Temporarily overriding HOME='/home/runner/work/_temp/1b32958d-0261-4de2-a3ab-123ebf71c2f9' before making global git config changes
2026-01-07T12:13:23.4275825Z Adding repository directory to the temporary git global config as a safe directory
2026-01-07T12:13:23.4286956Z [command]/usr/bin/git config --global --add safe.directory /home/runner/work/GenAIAgent/GenAIAgent
2026-01-07T12:13:23.4314177Z [command]/usr/bin/git config --local --name-only --get-regexp core\.sshCommand
2026-01-07T12:13:23.4339962Z [command]/usr/bin/git submodule foreach --recursive sh -c "git config --local --name-only --get-regexp 'core\.sshCommand' && git config --local --unset-all 'core.sshCommand' || :"
2026-01-07T12:13:23.4518125Z [command]/usr/bin/git config --local --name-only --get-regexp http\.https\:\/\/github\.com\/\.extraheader
2026-01-07T12:13:23.4533871Z http.https://github.com/.extraheader
2026-01-07T12:13:23.4544352Z [command]/usr/bin/git config --local --unset-all http.https://github.com/.extraheader
2026-01-07T12:13:23.4568760Z [command]/usr/bin/git submodule foreach --recursive sh -c "git config --local --name-only --get-regexp 'http\.https\:\/\/github\.com\/\.extraheader' && git config --local --unset-all 'http.https://github.com/.extraheader' || :"
2026-01-07T12:13:23.4733327Z [command]/usr/bin/git config --local --name-only --get-regexp ^includeIf\.gitdir:
2026-01-07T12:13:23.4757954Z [command]/usr/bin/git submodule foreach --recursive git config --local --show-origin --name-only --get-regexp remote.origin.url
2026-01-07T12:13:23.5007705Z Cleaning up orphan processes
2026-01-07T12:13:23.5229756Z Terminate orphan process: pid (2274) (java)