2026-01-07T08:01:19.2924326Z Current runner version: '2.330.0'
2026-01-07T08:01:19.2949163Z ##[group]Runner Image Provisioner
2026-01-07T08:01:19.2950043Z Hosted Compute Agent
2026-01-07T08:01:19.2950613Z Version: 20251211.462
2026-01-07T08:01:19.2951563Z Commit: 6cbad8c2bb55d58165063d031ccabf57e2d2db61
2026-01-07T08:01:19.2952382Z Build Date: 2025-12-11T16:28:49Z
2026-01-07T08:01:19.2953024Z Worker ID: {9685fe8d-bbb2-43ee-bf38-9b4a4a9d778a}
2026-01-07T08:01:19.2953772Z ##[endgroup]
2026-01-07T08:01:19.2954304Z ##[group]Operating System
2026-01-07T08:01:19.2954818Z Ubuntu
2026-01-07T08:01:19.2955394Z 24.04.3
2026-01-07T08:01:19.2955866Z LTS
2026-01-07T08:01:19.2956363Z ##[endgroup]
2026-01-07T08:01:19.2956849Z ##[group]Runner Image
2026-01-07T08:01:19.2957403Z Image: ubuntu-24.04
2026-01-07T08:01:19.2957962Z Version: 20251215.174.1
2026-01-07T08:01:19.2959055Z Included Software: https://github.com/actions/runner-images/blob/ubuntu24/20251215.174/images/ubuntu/Ubuntu2404-Readme.md
2026-01-07T08:01:19.2960575Z Image Release: https://github.com/actions/runner-images/releases/tag/ubuntu24%2F20251215.174
2026-01-07T08:01:19.2961985Z ##[endgroup]
2026-01-07T08:01:19.2963187Z ##[group]GITHUB_TOKEN Permissions
2026-01-07T08:01:19.2965109Z Contents: read
2026-01-07T08:01:19.2965665Z Metadata: read
2026-01-07T08:01:19.2966356Z Packages: read
2026-01-07T08:01:19.2966847Z ##[endgroup]
2026-01-07T08:01:19.2969271Z Secret source: Actions
2026-01-07T08:01:19.2970431Z Prepare workflow directory
2026-01-07T08:01:19.3300958Z Prepare all required actions
2026-01-07T08:01:19.3340440Z Getting action download info
2026-01-07T08:01:19.6675588Z Download action repository 'actions/checkout@v4' (SHA:34e114876b0b11c390a56381ad16ebd13914f8d5)
2026-01-07T08:01:19.7580819Z Download action repository 'actions/setup-java@v4' (SHA:c1e323688fd81a25caa38c78aa6df2d33d3e20d9)
2026-01-07T08:01:20.0519318Z Download action repository 'actions/upload-artifact@v4' (SHA:ea165f8d65b6e75b540449e92b4886f43607fa02)
2026-01-07T08:01:20.5624481Z Complete job name: build
2026-01-07T08:01:20.6482998Z ##[group]Run actions/checkout@v4
2026-01-07T08:01:20.6484436Z with:
2026-01-07T08:01:20.6485260Z   repository: xyraofficial/GenAIAgent
2026-01-07T08:01:20.6486677Z   token: ***
2026-01-07T08:01:20.6487522Z   ssh-strict: true
2026-01-07T08:01:20.6488329Z   ssh-user: git
2026-01-07T08:01:20.6489153Z   persist-credentials: true
2026-01-07T08:01:20.6490063Z   clean: true
2026-01-07T08:01:20.6490881Z   sparse-checkout-cone-mode: true
2026-01-07T08:01:20.6492132Z   fetch-depth: 1
2026-01-07T08:01:20.6492970Z   fetch-tags: false
2026-01-07T08:01:20.6493790Z   show-progress: true
2026-01-07T08:01:20.6494627Z   lfs: false
2026-01-07T08:01:20.6495410Z   submodules: false
2026-01-07T08:01:20.6496269Z   set-safe-directory: true
2026-01-07T08:01:20.6497474Z ##[endgroup]
2026-01-07T08:01:20.7620559Z Syncing repository: xyraofficial/GenAIAgent
2026-01-07T08:01:20.7624174Z ##[group]Getting Git version info
2026-01-07T08:01:20.7625767Z Working directory is '/home/runner/work/GenAIAgent/GenAIAgent'
2026-01-07T08:01:20.7628043Z [command]/usr/bin/git version
2026-01-07T08:01:20.7670342Z git version 2.52.0
2026-01-07T08:01:20.7698134Z ##[endgroup]
2026-01-07T08:01:20.7713167Z Temporarily overriding HOME='/home/runner/work/_temp/daee8b5d-7afb-432b-a095-a391c3eb6006' before making global git config changes
2026-01-07T08:01:20.7716061Z Adding repository directory to the temporary git global config as a safe directory
2026-01-07T08:01:20.7726075Z [command]/usr/bin/git config --global --add safe.directory /home/runner/work/GenAIAgent/GenAIAgent
2026-01-07T08:01:20.7766501Z Deleting the contents of '/home/runner/work/GenAIAgent/GenAIAgent'
2026-01-07T08:01:20.7770298Z ##[group]Initializing the repository
2026-01-07T08:01:20.7774502Z [command]/usr/bin/git init /home/runner/work/GenAIAgent/GenAIAgent
2026-01-07T08:01:20.7895829Z hint: Using 'master' as the name for the initial branch. This default branch name
2026-01-07T08:01:20.7899168Z hint: will change to "main" in Git 3.0. To configure the initial branch name
2026-01-07T08:01:20.7901530Z hint: to use in all of your new repositories, which will suppress this warning,
2026-01-07T08:01:20.7902993Z hint: call:
2026-01-07T08:01:20.7903844Z hint:
2026-01-07T08:01:20.7905104Z hint: 	git config --global init.defaultBranch <name>
2026-01-07T08:01:20.7906312Z hint:
2026-01-07T08:01:20.7907463Z hint: Names commonly chosen instead of 'master' are 'main', 'trunk' and
2026-01-07T08:01:20.7909344Z hint: 'development'. The just-created branch can be renamed via this command:
2026-01-07T08:01:20.7911505Z hint:
2026-01-07T08:01:20.7912337Z hint: 	git branch -m <name>
2026-01-07T08:01:20.7913305Z hint:
2026-01-07T08:01:20.7914547Z hint: Disable this message with "git config set advice.defaultBranchName false"
2026-01-07T08:01:20.7916698Z Initialized empty Git repository in /home/runner/work/GenAIAgent/GenAIAgent/.git/
2026-01-07T08:01:20.7920084Z [command]/usr/bin/git remote add origin https://github.com/xyraofficial/GenAIAgent
2026-01-07T08:01:20.7948314Z ##[endgroup]
2026-01-07T08:01:20.7949860Z ##[group]Disabling automatic garbage collection
2026-01-07T08:01:20.7951962Z [command]/usr/bin/git config --local gc.auto 0
2026-01-07T08:01:20.7981886Z ##[endgroup]
2026-01-07T08:01:20.7983287Z ##[group]Setting up auth
2026-01-07T08:01:20.7989391Z [command]/usr/bin/git config --local --name-only --get-regexp core\.sshCommand
2026-01-07T08:01:20.8024235Z [command]/usr/bin/git submodule foreach --recursive sh -c "git config --local --name-only --get-regexp 'core\.sshCommand' && git config --local --unset-all 'core.sshCommand' || :"
2026-01-07T08:01:20.8356181Z [command]/usr/bin/git config --local --name-only --get-regexp http\.https\:\/\/github\.com\/\.extraheader
2026-01-07T08:01:20.8386616Z [command]/usr/bin/git submodule foreach --recursive sh -c "git config --local --name-only --get-regexp 'http\.https\:\/\/github\.com\/\.extraheader' && git config --local --unset-all 'http.https://github.com/.extraheader' || :"
2026-01-07T08:01:20.8611840Z [command]/usr/bin/git config --local --name-only --get-regexp ^includeIf\.gitdir:
2026-01-07T08:01:20.8642314Z [command]/usr/bin/git submodule foreach --recursive git config --local --show-origin --name-only --get-regexp remote.origin.url
2026-01-07T08:01:20.8877406Z [command]/usr/bin/git config --local http.https://github.com/.extraheader AUTHORIZATION: basic ***
2026-01-07T08:01:20.8912054Z ##[endgroup]
2026-01-07T08:01:20.8913568Z ##[group]Fetching the repository
2026-01-07T08:01:20.8922913Z [command]/usr/bin/git -c protocol.version=2 fetch --no-tags --prune --no-recurse-submodules --depth=1 origin +121f66e92b8ec94b5aaafec4be49049b8afcd911:refs/remotes/origin/main
2026-01-07T08:01:21.2761917Z From https://github.com/xyraofficial/GenAIAgent
2026-01-07T08:01:21.2764375Z  * [new ref]         121f66e92b8ec94b5aaafec4be49049b8afcd911 -> origin/main
2026-01-07T08:01:21.2795730Z ##[endgroup]
2026-01-07T08:01:21.2797106Z ##[group]Determining the checkout info
2026-01-07T08:01:21.2798804Z ##[endgroup]
2026-01-07T08:01:21.2802964Z [command]/usr/bin/git sparse-checkout disable
2026-01-07T08:01:21.2843549Z [command]/usr/bin/git config --local --unset-all extensions.worktreeConfig
2026-01-07T08:01:21.2869638Z ##[group]Checking out the ref
2026-01-07T08:01:21.2873039Z [command]/usr/bin/git checkout --progress --force -B main refs/remotes/origin/main
2026-01-07T08:01:21.3123556Z Switched to a new branch 'main'
2026-01-07T08:01:21.3125446Z branch 'main' set up to track 'origin/main'.
2026-01-07T08:01:21.3133832Z ##[endgroup]
2026-01-07T08:01:21.3175281Z [command]/usr/bin/git log -1 --format=%H
2026-01-07T08:01:21.3200246Z 121f66e92b8ec94b5aaafec4be49049b8afcd911
2026-01-07T08:01:21.3548870Z ##[group]Run actions/setup-java@v4
2026-01-07T08:01:21.3549852Z with:
2026-01-07T08:01:21.3550481Z   java-version: 17
2026-01-07T08:01:21.3551314Z   distribution: temurin
2026-01-07T08:01:21.3552037Z   cache: gradle
2026-01-07T08:01:21.3552713Z   java-package: jdk
2026-01-07T08:01:21.3553412Z   check-latest: false
2026-01-07T08:01:21.3554119Z   server-id: github
2026-01-07T08:01:21.3555070Z   server-username: GITHUB_ACTOR
2026-01-07T08:01:21.3556178Z   server-password: GITHUB_TOKEN
2026-01-07T08:01:21.3557023Z   overwrite-settings: true
2026-01-07T08:01:21.3557816Z   job-status: success
2026-01-07T08:01:21.3558779Z   token: ***
2026-01-07T08:01:21.3559418Z ##[endgroup]
2026-01-07T08:01:21.5731502Z ##[group]Installed distributions
2026-01-07T08:01:21.5796813Z Resolved Java 17.0.17+10 from tool-cache
2026-01-07T08:01:21.5798611Z Setting Java 17.0.17+10 as the default
2026-01-07T08:01:21.5812382Z Creating toolchains.xml for JDK version 17 from temurin
2026-01-07T08:01:21.5895590Z Writing to /home/runner/.m2/toolchains.xml
2026-01-07T08:01:21.5896881Z 
2026-01-07T08:01:21.5897382Z Java configuration:
2026-01-07T08:01:21.5898620Z   Distribution: temurin
2026-01-07T08:01:21.5899859Z   Version: 17.0.17+10
2026-01-07T08:01:21.5902001Z   Path: /opt/hostedtoolcache/Java_Temurin-Hotspot_jdk/17.0.17-10/x64
2026-01-07T08:01:21.5903589Z 
2026-01-07T08:01:21.5904921Z ##[endgroup]
2026-01-07T08:01:21.5923203Z Creating settings.xml with server-id: github
2026-01-07T08:01:21.5925732Z Writing to /home/runner/.m2/settings.xml
2026-01-07T08:01:21.7687031Z gradle cache is not found
2026-01-07T08:01:21.7895257Z ##[group]Run chmod +x gradlew
2026-01-07T08:01:21.7896126Z [36;1mchmod +x gradlew[0m
2026-01-07T08:01:21.7937377Z shell: /usr/bin/bash -e {0}
2026-01-07T08:01:21.7938123Z env:
2026-01-07T08:01:21.7939018Z   JAVA_HOME: /opt/hostedtoolcache/Java_Temurin-Hotspot_jdk/17.0.17-10/x64
2026-01-07T08:01:21.7940408Z   JAVA_HOME_17_X64: /opt/hostedtoolcache/Java_Temurin-Hotspot_jdk/17.0.17-10/x64
2026-01-07T08:01:21.7941668Z ##[endgroup]
2026-01-07T08:01:21.8098022Z ##[group]Run ./gradlew assembleDebug --stacktrace
2026-01-07T08:01:21.8099091Z [36;1m./gradlew assembleDebug --stacktrace[0m
2026-01-07T08:01:21.8135305Z shell: /usr/bin/bash -e {0}
2026-01-07T08:01:21.8136043Z env:
2026-01-07T08:01:21.8136932Z   JAVA_HOME: /opt/hostedtoolcache/Java_Temurin-Hotspot_jdk/17.0.17-10/x64
2026-01-07T08:01:21.8138322Z   JAVA_HOME_17_X64: /opt/hostedtoolcache/Java_Temurin-Hotspot_jdk/17.0.17-10/x64
2026-01-07T08:01:21.8139827Z   SUPABASE_URL: ***
2026-01-07T08:01:21.8143593Z   SUPABASE_ANON_KEY: ***
2026-01-07T08:01:21.8146116Z   OPENAI_API_KEY: ***
2026-01-07T08:01:21.8146786Z ##[endgroup]
2026-01-07T08:01:23.4691625Z Downloading https://services.gradle.org/distributions/gradle-8.0-bin.zip
2026-01-07T08:01:26.2274020Z ...........10%............20%............30%............40%............50%............60%...........70%............80%............90%............100%
2026-01-07T08:01:27.4033716Z 
2026-01-07T08:01:27.4034739Z Welcome to Gradle 8.0!
2026-01-07T08:01:27.4035263Z 
2026-01-07T08:01:27.4037387Z For more details see https://docs.gradle.org/8.0/release-notes.html
2026-01-07T08:01:27.4038190Z 
2026-01-07T08:01:27.6978727Z Starting a Gradle Daemon (subsequent builds will be faster)
2026-01-07T08:02:49.8989107Z Checking the license for package Android SDK Build-Tools 30.0.3 in /usr/local/lib/android/sdk/licenses
2026-01-07T08:02:49.8997917Z License for package Android SDK Build-Tools 30.0.3 accepted.
2026-01-07T08:02:49.9000887Z Preparing "Install Android SDK Build-Tools 30.0.3 (revision: 30.0.3)".
2026-01-07T08:02:50.9977021Z "Install Android SDK Build-Tools 30.0.3 (revision: 30.0.3)" ready.
2026-01-07T08:02:50.9978152Z Installing Android SDK Build-Tools 30.0.3 in /usr/local/lib/android/sdk/build-tools/30.0.3
2026-01-07T08:02:50.9978973Z "Install Android SDK Build-Tools 30.0.3 (revision: 30.0.3)" complete.
2026-01-07T08:02:51.4976616Z "Install Android SDK Build-Tools 30.0.3 (revision: 30.0.3)" finished.
2026-01-07T08:02:51.4979331Z Checking the license for package Android SDK Platform 33 in /usr/local/lib/android/sdk/licenses
2026-01-07T08:02:51.4982249Z License for package Android SDK Platform 33 accepted.
2026-01-07T08:02:51.4983154Z Preparing "Install Android SDK Platform 33 (revision: 3)".
2026-01-07T08:02:54.0980109Z "Install Android SDK Platform 33 (revision: 3)" ready.
2026-01-07T08:02:54.0994960Z Installing Android SDK Platform 33 in /usr/local/lib/android/sdk/platforms/android-33
2026-01-07T08:02:54.0997800Z "Install Android SDK Platform 33 (revision: 3)" complete.
2026-01-07T08:02:54.0998691Z "Install Android SDK Platform 33 (revision: 3)" finished.
2026-01-07T08:02:54.5006933Z > Task :app:preBuild UP-TO-DATE
2026-01-07T08:02:54.5011680Z > Task :app:preDebugBuild UP-TO-DATE
2026-01-07T08:02:54.5012257Z > Task :app:mergeDebugNativeDebugMetadata NO-SOURCE
2026-01-07T08:02:54.5992746Z > Task :app:generateDebugBuildConfig
2026-01-07T08:03:21.9982193Z 
2026-01-07T08:03:21.9982726Z > Task :app:checkDebugAarMetadata FAILED
2026-01-07T08:03:22.0025193Z FAILURE: Build failed with an exception.
2026-01-07T08:03:22.0026119Z 
2026-01-07T08:03:22.0026555Z * What went wrong:
2026-01-07T08:03:22.0027284Z Execution failed for task ':app:checkDebugAarMetadata'.
2026-01-07T08:03:22.0028912Z > Configuration `:app:debugRuntimeClasspath` contains AndroidX dependencies, but the `android.useAndroidX` property is not enabled, which may cause runtime issues.
2026-01-07T08:03:22.0030599Z   Set `android.useAndroidX=true` in the `gradle.properties` file and retry.
2026-01-07T08:03:22.0031730Z   The following AndroidX dependencies are detected:
2026-01-07T08:03:22.0054502Z   :app:debugRuntimeClasspath -> androidx.core:core-ktx:1.10.1
2026-01-07T08:03:22.0056260Z   :app:debugRuntimeClasspath -> com.google.android.material:material:1.9.0 -> androidx.annotation:annotation:1.6.0
2026-01-07T08:03:22.0062829Z   :app:debugRuntimeClasspath -> com.google.android.material:material:1.9.0 -> androidx.annotation:annotation:1.6.0 -> androidx.annotation:annotation-jvm:1.6.0
2026-01-07T08:03:22.0076233Z   :app:debugRuntimeClasspath -> com.google.android.material:material:1.9.0 -> androidx.core:core:1.10.1
2026-01-07T08:03:22.0090439Z   :app:debugRuntimeClasspath -> com.google.android.material:material:1.9.0 -> androidx.annotation:annotation-experimental:1.3.0
2026-01-07T08:03:22.0092402Z   :app:debugRuntimeClasspath -> androidx.appcompat:appcompat:1.6.1 -> androidx.appcompat:appcompat-resources:1.6.1 -> androidx.collection:collection:1.1.0
2026-01-07T08:03:22.0094174Z   :app:debugRuntimeClasspath -> com.google.android.material:material:1.9.0 -> androidx.core:core:1.10.1 -> androidx.concurrent:concurrent-futures:1.0.0
2026-01-07T08:03:22.0096227Z   :app:debugRuntimeClasspath -> androidx.appcompat:appcompat:1.6.1 -> androidx.appcompat:appcompat-resources:1.6.1 -> androidx.vectordrawable:vectordrawable-animated:1.1.0 -> androidx.interpolator:interpolator:1.0.0
2026-01-07T08:03:22.0098162Z   :app:debugRuntimeClasspath -> com.google.android.material:material:1.9.0 -> androidx.lifecycle:lifecycle-runtime:2.5.1
2026-01-07T08:03:22.0099646Z   :app:debugRuntimeClasspath -> androidx.appcompat:appcompat:1.6.1 -> androidx.savedstate:savedstate:1.2.0 -> androidx.arch.core:core-common:2.1.0
2026-01-07T08:03:22.0101557Z   :app:debugRuntimeClasspath -> com.google.android.material:material:1.9.0 -> androidx.lifecycle:lifecycle-runtime:2.5.1 -> androidx.arch.core:core-runtime:2.1.0
2026-01-07T08:03:22.0103388Z   :app:debugRuntimeClasspath -> androidx.appcompat:appcompat:1.6.1 -> androidx.savedstate:savedstate:1.2.0 -> androidx.lifecycle:lifecycle-common:2.5.1
2026-01-07T08:03:22.0105231Z   :app:debugRuntimeClasspath -> com.google.android.material:material:1.9.0 -> androidx.core:core:1.10.1 -> androidx.versionedparcelable:versionedparcelable:1.1.1
2026-01-07T08:03:22.0106563Z   :app:debugRuntimeClasspath -> androidx.appcompat:appcompat:1.6.1
2026-01-07T08:03:22.0107592Z   :app:debugRuntimeClasspath -> androidx.appcompat:appcompat:1.6.1 -> androidx.activity:activity:1.6.0
2026-01-07T08:03:22.0108931Z   :app:debugRuntimeClasspath -> androidx.appcompat:appcompat:1.6.1 -> androidx.lifecycle:lifecycle-viewmodel:2.5.1
2026-01-07T08:03:22.0110586Z   :app:debugRuntimeClasspath -> com.google.android.material:material:1.9.0 -> androidx.fragment:fragment:1.3.6 -> androidx.lifecycle:lifecycle-viewmodel-savedstate:2.5.1
2026-01-07T08:03:22.0145252Z   :app:debugRuntimeClasspath -> com.google.android.material:material:1.9.0 -> androidx.fragment:fragment:1.3.6 -> androidx.lifecycle:lifecycle-livedata-core:2.5.1
2026-01-07T08:03:22.0147183Z   :app:debugRuntimeClasspath -> androidx.appcompat:appcompat:1.6.1 -> androidx.savedstate:savedstate:1.2.0
2026-01-07T08:03:22.0148599Z   :app:debugRuntimeClasspath -> androidx.appcompat:appcompat:1.6.1 -> androidx.activity:activity:1.6.0 -> androidx.tracing:tracing:1.0.0
2026-01-07T08:03:22.0150101Z   :app:debugRuntimeClasspath -> androidx.appcompat:appcompat:1.6.1 -> androidx.appcompat:appcompat-resources:1.6.1
2026-01-07T08:03:22.0151720Z   :app:debugRuntimeClasspath -> com.google.android.material:material:1.9.0 -> androidx.vectordrawable:vectordrawable:1.1.0
2026-01-07T08:03:22.0153270Z   :app:debugRuntimeClasspath -> androidx.appcompat:appcompat:1.6.1 -> androidx.appcompat:appcompat-resources:1.6.1 -> androidx.vectordrawable:vectordrawable-animated:1.1.0
2026-01-07T08:03:22.0154898Z   :app:debugRuntimeClasspath -> androidx.appcompat:appcompat:1.6.1 -> androidx.cursoradapter:cursoradapter:1.0.0
2026-01-07T08:03:22.0156295Z   :app:debugRuntimeClasspath -> com.google.android.material:material:1.9.0 -> androidx.drawerlayout:drawerlayout:1.1.1
2026-01-07T08:03:22.0157978Z   :app:debugRuntimeClasspath -> com.google.android.material:material:1.9.0 -> androidx.drawerlayout:drawerlayout:1.1.1 -> androidx.customview:customview:1.1.0
2026-01-07T08:03:22.0159430Z   :app:debugRuntimeClasspath -> androidx.appcompat:appcompat:1.6.1 -> androidx.emoji2:emoji2:1.2.0
2026-01-07T08:03:22.0160882Z   :app:debugRuntimeClasspath -> androidx.appcompat:appcompat:1.6.1 -> androidx.emoji2:emoji2:1.2.0 -> androidx.lifecycle:lifecycle-process:2.4.1
2026-01-07T08:03:22.0162595Z   :app:debugRuntimeClasspath -> androidx.appcompat:appcompat:1.6.1 -> androidx.emoji2:emoji2:1.2.0 -> androidx.startup:startup-runtime:1.1.1
2026-01-07T08:03:22.0164044Z   :app:debugRuntimeClasspath -> androidx.appcompat:appcompat:1.6.1 -> androidx.emoji2:emoji2-views-helper:1.2.0
2026-01-07T08:03:22.0165238Z   :app:debugRuntimeClasspath -> com.google.android.material:material:1.9.0 -> androidx.fragment:fragment:1.3.6
2026-01-07T08:03:22.0166677Z   :app:debugRuntimeClasspath -> com.google.android.material:material:1.9.0 -> androidx.fragment:fragment:1.3.6 -> androidx.viewpager:viewpager:1.0.0
2026-01-07T08:03:22.0168254Z   :app:debugRuntimeClasspath -> com.google.android.material:material:1.9.0 -> androidx.fragment:fragment:1.3.6 -> androidx.loader:loader:1.0.0
2026-01-07T08:03:22.0170045Z   :app:debugRuntimeClasspath -> com.google.android.material:material:1.9.0 -> androidx.fragment:fragment:1.3.6 -> androidx.loader:loader:1.0.0 -> androidx.lifecycle:lifecycle-livedata:2.0.0
2026-01-07T08:03:22.0181870Z   :app:debugRuntimeClasspath -> androidx.appcompat:appcompat:1.6.1 -> androidx.resourceinspection:resourceinspection-annotation:1.0.1
2026-01-07T08:03:22.0183136Z   :app:debugRuntimeClasspath -> com.google.android.material:material:1.9.0
2026-01-07T08:03:22.0184205Z   :app:debugRuntimeClasspath -> com.google.android.material:material:1.9.0 -> androidx.cardview:cardview:1.0.0
2026-01-07T08:03:22.0185594Z   :app:debugRuntimeClasspath -> com.google.android.material:material:1.9.0 -> androidx.coordinatorlayout:coordinatorlayout:1.1.0
2026-01-07T08:03:22.0186786Z   :app:debugRuntimeClasspath -> androidx.constraintlayout:constraintlayout:2.1.4
2026-01-07T08:03:22.0188033Z   :app:debugRuntimeClasspath -> androidx.constraintlayout:constraintlayout:2.1.4 -> androidx.constraintlayout:constraintlayout-core:1.0.4
2026-01-07T08:03:22.0189528Z   :app:debugRuntimeClasspath -> com.google.android.material:material:1.9.0 -> androidx.dynamicanimation:dynamicanimation:1.0.0
2026-01-07T08:03:22.0191553Z   :app:debugRuntimeClasspath -> com.google.android.material:material:1.9.0 -> androidx.dynamicanimation:dynamicanimation:1.0.0 -> androidx.legacy:legacy-support-core-utils:1.0.0
2026-01-07T08:03:22.0193877Z   :app:debugRuntimeClasspath -> com.google.android.material:material:1.9.0 -> androidx.dynamicanimation:dynamicanimation:1.0.0 -> androidx.legacy:legacy-support-core-utils:1.0.0 -> androidx.documentfile:documentfile:1.0.0
2026-01-07T08:03:22.0196792Z   :app:debugRuntimeClasspath -> com.google.android.material:material:1.9.0 -> androidx.dynamicanimation:dynamicanimation:1.0.0 -> androidx.legacy:legacy-support-core-utils:1.0.0 -> androidx.localbroadcastmanager:localbroadcastmanager:1.0.0
2026-01-07T08:03:22.0199444Z   :app:debugRuntimeClasspath -> com.google.android.material:material:1.9.0 -> androidx.dynamicanimation:dynamicanimation:1.0.0 -> androidx.legacy:legacy-support-core-utils:1.0.0 -> androidx.print:print:1.0.0
2026-01-07T08:03:22.0201507Z   :app:debugRuntimeClasspath -> com.google.android.material:material:1.9.0 -> androidx.recyclerview:recyclerview:1.1.0
2026-01-07T08:03:22.0202733Z   :app:debugRuntimeClasspath -> com.google.android.material:material:1.9.0 -> androidx.transition:transition:1.2.0
2026-01-07T08:03:22.0203965Z   :app:debugRuntimeClasspath -> com.google.android.material:material:1.9.0 -> androidx.viewpager2:viewpager2:1.0.0
2026-01-07T08:03:22.0204635Z 
2026-01-07T08:03:22.0204762Z * Try:
2026-01-07T08:03:22.0205146Z > Run with --info or --debug option to get more log output.
2026-01-07T08:03:22.0205680Z > Run with --scan to get full insights.
2026-01-07T08:03:22.0205975Z 
2026-01-07T08:03:22.0206104Z * Exception is:
2026-01-07T08:03:22.0206784Z org.gradle.api.tasks.TaskExecutionException: Execution failed for task ':app:checkDebugAarMetadata'.
2026-01-07T08:03:22.0208070Z 	at org.gradle.api.internal.tasks.execution.CatchExceptionTaskExecuter.execute(CatchExceptionTaskExecuter.java:38)
2026-01-07T08:03:22.0209747Z 	at org.gradle.api.internal.tasks.execution.EventFiringTaskExecuter$1.executeTask(EventFiringTaskExecuter.java:77)
2026-01-07T08:03:22.0211672Z 	at org.gradle.api.internal.tasks.execution.EventFiringTaskExecuter$1.call(EventFiringTaskExecuter.java:55)
2026-01-07T08:03:22.0213091Z 	at org.gradle.api.internal.tasks.execution.EventFiringTaskExecuter$1.call(EventFiringTaskExecuter.java:52)
2026-01-07T08:03:22.0214826Z 	at org.gradle.internal.operations.DefaultBuildOperationRunner$CallableBuildOperationWorker.execute(DefaultBuildOperationRunner.java:204)
2026-01-07T08:03:22.0216742Z 	at org.gradle.internal.operations.DefaultBuildOperationRunner$CallableBuildOperationWorker.execute(DefaultBuildOperationRunner.java:199)
2026-01-07T08:03:22.0218291Z 	at org.gradle.internal.operations.DefaultBuildOperationRunner$2.execute(DefaultBuildOperationRunner.java:66)
2026-01-07T08:03:22.0219490Z 	at org.gradle.internal.operations.DefaultBuildOperationRunner$2.execute(DefaultBuildOperationRunner.java:59)
2026-01-07T08:03:22.0220881Z 	at org.gradle.internal.operations.DefaultBuildOperationRunner.execute(DefaultBuildOperationRunner.java:157)
2026-01-07T08:03:22.0222620Z 	at org.gradle.internal.operations.DefaultBuildOperationRunner.execute(DefaultBuildOperationRunner.java:59)
2026-01-07T08:03:22.0223991Z 	at org.gradle.internal.operations.DefaultBuildOperationRunner.call(DefaultBuildOperationRunner.java:53)
2026-01-07T08:03:22.0225338Z 	at org.gradle.internal.operations.DefaultBuildOperationExecutor.call(DefaultBuildOperationExecutor.java:73)
2026-01-07T08:03:22.0226781Z 	at org.gradle.api.internal.tasks.execution.EventFiringTaskExecuter.execute(EventFiringTaskExecuter.java:52)
2026-01-07T08:03:22.0228065Z 	at org.gradle.execution.plan.LocalTaskNodeExecutor.execute(LocalTaskNodeExecutor.java:42)
2026-01-07T08:03:22.0229480Z 	at org.gradle.execution.taskgraph.DefaultTaskExecutionGraph$InvokeNodeExecutorsAction.execute(DefaultTaskExecutionGraph.java:338)
2026-01-07T08:03:22.0231404Z 	at org.gradle.execution.taskgraph.DefaultTaskExecutionGraph$InvokeNodeExecutorsAction.execute(DefaultTaskExecutionGraph.java:325)
2026-01-07T08:03:22.0233198Z 	at org.gradle.execution.taskgraph.DefaultTaskExecutionGraph$BuildOperationAwareExecutionAction.execute(DefaultTaskExecutionGraph.java:318)
2026-01-07T08:03:22.0235167Z 	at org.gradle.execution.taskgraph.DefaultTaskExecutionGraph$BuildOperationAwareExecutionAction.execute(DefaultTaskExecutionGraph.java:304)
2026-01-07T08:03:22.0236847Z 	at org.gradle.execution.plan.DefaultPlanExecutor$ExecutorWorker.execute(DefaultPlanExecutor.java:463)
2026-01-07T08:03:22.0238428Z 	at org.gradle.execution.plan.DefaultPlanExecutor$ExecutorWorker.run(DefaultPlanExecutor.java:380)
2026-01-07T08:03:22.0239785Z 	at org.gradle.internal.concurrent.ExecutorPolicy$CatchAndRecordFailures.onExecute(ExecutorPolicy.java:64)
2026-01-07T08:03:22.0241327Z 	at org.gradle.internal.concurrent.ManagedExecutorImpl$1.run(ManagedExecutorImpl.java:49)
2026-01-07T08:03:22.0243297Z Caused by: com.android.builder.errors.EvalIssueException: Configuration `:app:debugRuntimeClasspath` contains AndroidX dependencies, but the `android.useAndroidX` property is not enabled, which may cause runtime issues.
2026-01-07T08:03:22.0245033Z Set `android.useAndroidX=true` in the `gradle.properties` file and retry.
2026-01-07T08:03:22.0245691Z The following AndroidX dependencies are detected:
2026-01-07T08:03:22.0246324Z :app:debugRuntimeClasspath -> androidx.core:core-ktx:1.10.1
2026-01-07T08:03:22.0247322Z :app:debugRuntimeClasspath -> com.google.android.material:material:1.9.0 -> androidx.annotation:annotation:1.6.0
2026-01-07T08:03:22.0248880Z :app:debugRuntimeClasspath -> com.google.android.material:material:1.9.0 -> androidx.annotation:annotation:1.6.0 -> androidx.annotation:annotation-jvm:1.6.0
2026-01-07T08:03:22.0250347Z :app:debugRuntimeClasspath -> com.google.android.material:material:1.9.0 -> androidx.core:core:1.10.1
2026-01-07T08:03:22.0251830Z :app:debugRuntimeClasspath -> com.google.android.material:material:1.9.0 -> androidx.annotation:annotation-experimental:1.3.0
2026-01-07T08:03:22.0253601Z :app:debugRuntimeClasspath -> androidx.appcompat:appcompat:1.6.1 -> androidx.appcompat:appcompat-resources:1.6.1 -> androidx.collection:collection:1.1.0
2026-01-07T08:03:22.0255296Z :app:debugRuntimeClasspath -> com.google.android.material:material:1.9.0 -> androidx.core:core:1.10.1 -> androidx.concurrent:concurrent-futures:1.0.0
2026-01-07T08:03:22.0257325Z :app:debugRuntimeClasspath -> androidx.appcompat:appcompat:1.6.1 -> androidx.appcompat:appcompat-resources:1.6.1 -> androidx.vectordrawable:vectordrawable-animated:1.1.0 -> androidx.interpolator:interpolator:1.0.0
2026-01-07T08:03:22.0259205Z :app:debugRuntimeClasspath -> com.google.android.material:material:1.9.0 -> androidx.lifecycle:lifecycle-runtime:2.5.1
2026-01-07T08:03:22.0260675Z :app:debugRuntimeClasspath -> androidx.appcompat:appcompat:1.6.1 -> androidx.savedstate:savedstate:1.2.0 -> androidx.arch.core:core-common:2.1.0
2026-01-07T08:03:22.0262580Z :app:debugRuntimeClasspath -> com.google.android.material:material:1.9.0 -> androidx.lifecycle:lifecycle-runtime:2.5.1 -> androidx.arch.core:core-runtime:2.1.0
2026-01-07T08:03:22.0264303Z :app:debugRuntimeClasspath -> androidx.appcompat:appcompat:1.6.1 -> androidx.savedstate:savedstate:1.2.0 -> androidx.lifecycle:lifecycle-common:2.5.1
2026-01-07T08:03:22.0266010Z :app:debugRuntimeClasspath -> com.google.android.material:material:1.9.0 -> androidx.core:core:1.10.1 -> androidx.versionedparcelable:versionedparcelable:1.1.1
2026-01-07T08:03:22.0267278Z :app:debugRuntimeClasspath -> androidx.appcompat:appcompat:1.6.1
2026-01-07T08:03:22.0268248Z :app:debugRuntimeClasspath -> androidx.appcompat:appcompat:1.6.1 -> androidx.activity:activity:1.6.0
2026-01-07T08:03:22.0269473Z :app:debugRuntimeClasspath -> androidx.appcompat:appcompat:1.6.1 -> androidx.lifecycle:lifecycle-viewmodel:2.5.1
2026-01-07T08:03:22.0271218Z :app:debugRuntimeClasspath -> com.google.android.material:material:1.9.0 -> androidx.fragment:fragment:1.3.6 -> androidx.lifecycle:lifecycle-viewmodel-savedstate:2.5.1
2026-01-07T08:03:22.0273048Z :app:debugRuntimeClasspath -> com.google.android.material:material:1.9.0 -> androidx.fragment:fragment:1.3.6 -> androidx.lifecycle:lifecycle-livedata-core:2.5.1
2026-01-07T08:03:22.0274528Z :app:debugRuntimeClasspath -> androidx.appcompat:appcompat:1.6.1 -> androidx.savedstate:savedstate:1.2.0
2026-01-07T08:03:22.0275866Z :app:debugRuntimeClasspath -> androidx.appcompat:appcompat:1.6.1 -> androidx.activity:activity:1.6.0 -> androidx.tracing:tracing:1.0.0
2026-01-07T08:03:22.0277475Z :app:debugRuntimeClasspath -> androidx.appcompat:appcompat:1.6.1 -> androidx.appcompat:appcompat-resources:1.6.1
2026-01-07T08:03:22.0278798Z :app:debugRuntimeClasspath -> com.google.android.material:material:1.9.0 -> androidx.vectordrawable:vectordrawable:1.1.0
2026-01-07T08:03:22.0280435Z :app:debugRuntimeClasspath -> androidx.appcompat:appcompat:1.6.1 -> androidx.appcompat:appcompat-resources:1.6.1 -> androidx.vectordrawable:vectordrawable-animated:1.1.0
2026-01-07T08:03:22.0282184Z :app:debugRuntimeClasspath -> androidx.appcompat:appcompat:1.6.1 -> androidx.cursoradapter:cursoradapter:1.0.0
2026-01-07T08:03:22.0283481Z :app:debugRuntimeClasspath -> com.google.android.material:material:1.9.0 -> androidx.drawerlayout:drawerlayout:1.1.1
2026-01-07T08:03:22.0285072Z :app:debugRuntimeClasspath -> com.google.android.material:material:1.9.0 -> androidx.drawerlayout:drawerlayout:1.1.1 -> androidx.customview:customview:1.1.0
2026-01-07T08:03:22.0312331Z :app:debugRuntimeClasspath -> androidx.appcompat:appcompat:1.6.1 -> androidx.emoji2:emoji2:1.2.0
2026-01-07T08:03:22.0314178Z :app:debugRuntimeClasspath -> androidx.appcompat:appcompat:1.6.1 -> androidx.emoji2:emoji2:1.2.0 -> androidx.lifecycle:lifecycle-process:2.4.1
2026-01-07T08:03:22.0319688Z :app:debugRuntimeClasspath -> androidx.appcompat:appcompat:1.6.1 -> androidx.emoji2:emoji2:1.2.0 -> androidx.startup:startup-runtime:1.1.1
2026-01-07T08:03:22.0321379Z :app:debugRuntimeClasspath -> androidx.appcompat:appcompat:1.6.1 -> androidx.emoji2:emoji2-views-helper:1.2.0
2026-01-07T08:03:22.0322972Z :app:debugRuntimeClasspath -> com.google.android.material:material:1.9.0 -> androidx.fragment:fragment:1.3.6
2026-01-07T08:03:22.0324668Z :app:debugRuntimeClasspath -> com.google.android.material:material:1.9.0 -> androidx.fragment:fragment:1.3.6 -> androidx.viewpager:viewpager:1.0.0
2026-01-07T08:03:22.0326319Z :app:debugRuntimeClasspath -> com.google.android.material:material:1.9.0 -> androidx.fragment:fragment:1.3.6 -> androidx.loader:loader:1.0.0
2026-01-07T08:03:22.0328120Z :app:debugRuntimeClasspath -> com.google.android.material:material:1.9.0 -> androidx.fragment:fragment:1.3.6 -> androidx.loader:loader:1.0.0 -> androidx.lifecycle:lifecycle-livedata:2.0.0
2026-01-07T08:03:22.0329874Z :app:debugRuntimeClasspath -> androidx.appcompat:appcompat:1.6.1 -> androidx.resourceinspection:resourceinspection-annotation:1.0.1
2026-01-07T08:03:22.0331225Z :app:debugRuntimeClasspath -> com.google.android.material:material:1.9.0
2026-01-07T08:03:22.0332285Z :app:debugRuntimeClasspath -> com.google.android.material:material:1.9.0 -> androidx.cardview:cardview:1.0.0
2026-01-07T08:03:22.0333619Z :app:debugRuntimeClasspath -> com.google.android.material:material:1.9.0 -> androidx.coordinatorlayout:coordinatorlayout:1.1.0
2026-01-07T08:03:22.0334780Z :app:debugRuntimeClasspath -> androidx.constraintlayout:constraintlayout:2.1.4
2026-01-07T08:03:22.0336051Z :app:debugRuntimeClasspath -> androidx.constraintlayout:constraintlayout:2.1.4 -> androidx.constraintlayout:constraintlayout-core:1.0.4
2026-01-07T08:03:22.0337559Z :app:debugRuntimeClasspath -> com.google.android.material:material:1.9.0 -> androidx.dynamicanimation:dynamicanimation:1.0.0
2026-01-07T08:03:22.0339250Z :app:debugRuntimeClasspath -> com.google.android.material:material:1.9.0 -> androidx.dynamicanimation:dynamicanimation:1.0.0 -> androidx.legacy:legacy-support-core-utils:1.0.0
2026-01-07T08:03:22.0341659Z :app:debugRuntimeClasspath -> com.google.android.material:material:1.9.0 -> androidx.dynamicanimation:dynamicanimation:1.0.0 -> androidx.legacy:legacy-support-core-utils:1.0.0 -> androidx.documentfile:documentfile:1.0.0
2026-01-07T08:03:22.0344206Z :app:debugRuntimeClasspath -> com.google.android.material:material:1.9.0 -> androidx.dynamicanimation:dynamicanimation:1.0.0 -> androidx.legacy:legacy-support-core-utils:1.0.0 -> androidx.localbroadcastmanager:localbroadcastmanager:1.0.0
2026-01-07T08:03:22.0346757Z :app:debugRuntimeClasspath -> com.google.android.material:material:1.9.0 -> androidx.dynamicanimation:dynamicanimation:1.0.0 -> androidx.legacy:legacy-support-core-utils:1.0.0 -> androidx.print:print:1.0.0
2026-01-07T08:03:22.0348852Z :app:debugRuntimeClasspath -> com.google.android.material:material:1.9.0 -> androidx.recyclerview:recyclerview:1.1.0
2026-01-07T08:03:22.0350154Z :app:debugRuntimeClasspath -> com.google.android.material:material:1.9.0 -> androidx.transition:transition:1.2.0
2026-01-07T08:03:22.0351642Z :app:debugRuntimeClasspath -> com.google.android.material:material:1.9.0 -> androidx.viewpager2:viewpager2:1.0.0
2026-01-07T08:03:22.0352774Z 	at com.android.builder.errors.IssueReporter.reportError(IssueReporter.kt:113)
2026-01-07T08:03:22.0353775Z 	at com.android.builder.errors.IssueReporter.reportError$default(IssueReporter.kt:109)
2026-01-07T08:03:22.0355250Z 	at com.android.build.gradle.internal.dependency.AndroidXDependencyCheck$AndroidXDisabledJetifierDisabled.execute(AndroidXDependencyCheck.kt:77)
2026-01-07T08:03:22.0357143Z 	at com.android.build.gradle.internal.dependency.AndroidXDependencyCheck$AndroidXDisabledJetifierDisabled.execute(AndroidXDependencyCheck.kt:42)
2026-01-07T08:03:22.0359095Z 	at org.gradle.configuration.internal.DefaultUserCodeApplicationContext$CurrentApplication$1.execute(DefaultUserCodeApplicationContext.java:123)
2026-01-07T08:03:22.0360692Z 	at org.gradle.internal.event.BroadcastDispatch$ActionInvocationHandler.dispatch(BroadcastDispatch.java:97)
2026-01-07T08:03:22.0362195Z 	at org.gradle.internal.event.BroadcastDispatch$ActionInvocationHandler.dispatch(BroadcastDispatch.java:85)
2026-01-07T08:03:22.0363695Z 	at org.gradle.internal.event.AbstractBroadcastDispatch.dispatch(AbstractBroadcastDispatch.java:43)
2026-01-07T08:03:22.0364957Z 	at org.gradle.internal.event.BroadcastDispatch$SingletonDispatch.dispatch(BroadcastDispatch.java:257)
2026-01-07T08:03:22.0366203Z 	at org.gradle.internal.event.BroadcastDispatch$SingletonDispatch.dispatch(BroadcastDispatch.java:164)
2026-01-07T08:03:22.0367459Z 	at org.gradle.internal.event.AbstractBroadcastDispatch.dispatch(AbstractBroadcastDispatch.java:83)
2026-01-07T08:03:22.0368743Z 	at org.gradle.internal.event.AbstractBroadcastDispatch.dispatch(AbstractBroadcastDispatch.java:69)
2026-01-07T08:03:22.0370002Z 	at org.gradle.internal.event.BroadcastDispatch$CompositeDispatch.dispatch(BroadcastDispatch.java:363)
2026-01-07T08:03:22.0371401Z 	at org.gradle.internal.event.BroadcastDispatch$CompositeDispatch.dispatch(BroadcastDispatch.java:261)
2026-01-07T08:03:22.0441697Z 	at org.gradle.internal.event.ListenerBroadcast.dispatch(ListenerBroadcast.java:148)
2026-01-07T08:03:22.0442840Z 	at org.gradle.internal.event.ListenerBroadcast.dispatch(ListenerBroadcast.java:37)
2026-01-07T08:03:22.0444104Z 	at org.gradle.internal.dispatch.ProxyDispatchAdapter$DispatchingInvocationHandler.invoke(ProxyDispatchAdapter.java:94)
2026-01-07T08:03:22.0445196Z 	at jdk.proxy1/jdk.proxy1.$Proxy52.afterResolve(Unknown Source)
2026-01-07T08:03:22.0446226Z 	at org.gradle.api.internal.artifacts.configurations.DefaultConfiguration$1.call(DefaultConfiguration.java:682)
2026-01-07T08:03:22.0447640Z 	at org.gradle.api.internal.artifacts.configurations.DefaultConfiguration$1.call(DefaultConfiguration.java:660)
2026-01-07T08:03:22.0449224Z 	at org.gradle.internal.operations.DefaultBuildOperationRunner$CallableBuildOperationWorker.execute(DefaultBuildOperationRunner.java:204)
2026-01-07T08:03:22.0451218Z 	at org.gradle.internal.operations.DefaultBuildOperationRunner$CallableBuildOperationWorker.execute(DefaultBuildOperationRunner.java:199)
2026-01-07T08:03:22.0452869Z 	at org.gradle.internal.operations.DefaultBuildOperationRunner$2.execute(DefaultBuildOperationRunner.java:66)
2026-01-07T08:03:22.0454301Z 	at org.gradle.internal.operations.DefaultBuildOperationRunner$2.execute(DefaultBuildOperationRunner.java:59)
2026-01-07T08:03:22.0455825Z 	at org.gradle.internal.operations.DefaultBuildOperationRunner.execute(DefaultBuildOperationRunner.java:157)
2026-01-07T08:03:22.0457318Z 	at org.gradle.internal.operations.DefaultBuildOperationRunner.execute(DefaultBuildOperationRunner.java:59)
2026-01-07T08:03:22.0459204Z 	at org.gradle.internal.operations.DefaultBuildOperationRunner.call(DefaultBuildOperationRunner.java:53)
2026-01-07T08:03:22.0460651Z 	at org.gradle.internal.operations.DefaultBuildOperationExecutor.call(DefaultBuildOperationExecutor.java:73)
2026-01-07T08:03:22.0462552Z 	at org.gradle.api.internal.artifacts.configurations.DefaultConfiguration.resolveGraphIfRequired(DefaultConfiguration.java:660)
2026-01-07T08:03:22.0464354Z 	at org.gradle.api.internal.artifacts.configurations.DefaultConfiguration.lambda$resolveExclusively$4(DefaultConfiguration.java:640)
2026-01-07T08:03:22.0466194Z 	at org.gradle.api.internal.project.DefaultProjectStateRegistry$CalculatedModelValueImpl.update(DefaultProjectStateRegistry.java:486)
2026-01-07T08:03:22.0468093Z 	at org.gradle.api.internal.artifacts.configurations.DefaultConfiguration.resolveExclusively(DefaultConfiguration.java:637)
2026-01-07T08:03:22.0469963Z 	at org.gradle.api.internal.artifacts.configurations.DefaultConfiguration.resolveToStateOrLater(DefaultConfiguration.java:624)
2026-01-07T08:03:22.0471926Z 	at org.gradle.api.internal.artifacts.configurations.DefaultConfiguration.access$1900(DefaultConfiguration.java:166)
2026-01-07T08:03:22.0473658Z 	at org.gradle.api.internal.artifacts.configurations.DefaultConfiguration$SelectedArtifactsProvider.getValue(DefaultConfiguration.java:1505)
2026-01-07T08:03:22.0475624Z 	at org.gradle.api.internal.artifacts.configurations.DefaultConfiguration$SelectedArtifactsProvider.getValue(DefaultConfiguration.java:1495)
2026-01-07T08:03:22.0477891Z 	at org.gradle.api.internal.artifacts.configurations.DefaultConfiguration$ConfigurationFileCollection.getSelectedArtifacts(DefaultConfiguration.java:1574)
2026-01-07T08:03:22.0479962Z 	at org.gradle.api.internal.artifacts.configurations.DefaultConfiguration$ConfigurationFileCollection.visitContents(DefaultConfiguration.java:1561)
2026-01-07T08:03:22.0482039Z 	at org.gradle.api.internal.file.AbstractFileCollection.visitStructure(AbstractFileCollection.java:366)
2026-01-07T08:03:22.0483493Z 	at org.gradle.api.internal.file.CompositeFileCollection.lambda$visitContents$0(CompositeFileCollection.java:124)
2026-01-07T08:03:22.0484839Z 	at org.gradle.api.internal.file.collections.UnpackingVisitor.add(UnpackingVisitor.java:67)
2026-01-07T08:03:22.0486007Z 	at org.gradle.api.internal.file.collections.UnpackingVisitor.add(UnpackingVisitor.java:92)
2026-01-07T08:03:22.0487526Z 	at org.gradle.api.internal.file.DefaultFileCollectionFactory$ResolvingFileCollection.visitChildren(DefaultFileCollectionFactory.java:254)
2026-01-07T08:03:22.0489178Z 	at org.gradle.api.internal.file.CompositeFileCollection.visitContents(CompositeFileCollection.java:124)
2026-01-07T08:03:22.0490585Z 	at org.gradle.api.internal.file.AbstractFileCollection.visitStructure(AbstractFileCollection.java:366)
2026-01-07T08:03:22.0492261Z 	at org.gradle.api.internal.file.CompositeFileCollection.lambda$visitContents$0(CompositeFileCollection.java:124)
2026-01-07T08:03:22.0493700Z 	at org.gradle.api.internal.tasks.PropertyFileCollection.visitChildren(PropertyFileCollection.java:48)
2026-01-07T08:03:22.0495065Z 	at org.gradle.api.internal.file.CompositeFileCollection.visitContents(CompositeFileCollection.java:124)
2026-01-07T08:03:22.0496428Z 	at org.gradle.api.internal.file.AbstractFileCollection.visitStructure(AbstractFileCollection.java:366)
2026-01-07T08:03:22.0497945Z 	at org.gradle.internal.fingerprint.impl.DefaultFileCollectionSnapshotter.snapshot(DefaultFileCollectionSnapshotter.java:47)
2026-01-07T08:03:22.0499825Z 	at org.gradle.internal.execution.impl.DefaultInputFingerprinter$InputCollectingVisitor.visitInputFileProperty(DefaultInputFingerprinter.java:133)
2026-01-07T08:03:22.0501780Z 	at org.gradle.api.internal.tasks.execution.TaskExecution.visitRegularInputs(TaskExecution.java:322)
2026-01-07T08:03:22.0503487Z 	at org.gradle.internal.execution.impl.DefaultInputFingerprinter.fingerprintInputProperties(DefaultInputFingerprinter.java:63)
2026-01-07T08:03:22.0505936Z 	at org.gradle.internal.execution.steps.CaptureStateBeforeExecutionStep.captureExecutionStateWithOutputs(CaptureStateBeforeExecutionStep.java:123)
2026-01-07T08:03:22.0508138Z 	at org.gradle.internal.execution.steps.CaptureStateBeforeExecutionStep.lambda$captureExecutionState$1(CaptureStateBeforeExecutionStep.java:82)
2026-01-07T08:03:22.0509754Z 	at org.gradle.internal.execution.steps.BuildOperationStep$1.call(BuildOperationStep.java:37)
2026-01-07T08:03:22.0511502Z 	at org.gradle.internal.operations.DefaultBuildOperationRunner$CallableBuildOperationWorker.execute(DefaultBuildOperationRunner.java:204)
2026-01-07T08:03:22.0513456Z 	at org.gradle.internal.operations.DefaultBuildOperationRunner$CallableBuildOperationWorker.execute(DefaultBuildOperationRunner.java:199)
2026-01-07T08:03:22.0515155Z 	at org.gradle.internal.operations.DefaultBuildOperationRunner$2.execute(DefaultBuildOperationRunner.java:66)
2026-01-07T08:03:22.0516664Z 	at org.gradle.internal.operations.DefaultBuildOperationRunner$2.execute(DefaultBuildOperationRunner.java:59)
2026-01-07T08:03:22.0518263Z 	at org.gradle.internal.operations.DefaultBuildOperationRunner.execute(DefaultBuildOperationRunner.java:157)
2026-01-07T08:03:22.0519831Z 	at org.gradle.internal.operations.DefaultBuildOperationRunner.execute(DefaultBuildOperationRunner.java:59)
2026-01-07T08:03:22.0521601Z 	at org.gradle.internal.operations.DefaultBuildOperationRunner.call(DefaultBuildOperationRunner.java:53)
2026-01-07T08:03:22.0523193Z 	at org.gradle.internal.operations.DefaultBuildOperationExecutor.call(DefaultBuildOperationExecutor.java:73)
2026-01-07T08:03:22.0524939Z 	at org.gradle.internal.execution.steps.BuildOperationStep.operation(BuildOperationStep.java:34)
2026-01-07T08:03:22.0526692Z 	at org.gradle.internal.execution.steps.CaptureStateBeforeExecutionStep.captureExecutionState(CaptureStateBeforeExecutionStep.java:76)
2026-01-07T08:03:22.0528818Z 	at org.gradle.internal.execution.steps.CaptureStateBeforeExecutionStep.lambda$execute$0(CaptureStateBeforeExecutionStep.java:70)
2026-01-07T08:03:22.0530595Z 	at org.gradle.internal.execution.steps.CaptureStateBeforeExecutionStep.execute(CaptureStateBeforeExecutionStep.java:70)
2026-01-07T08:03:22.0532435Z 	at org.gradle.internal.execution.steps.CaptureStateBeforeExecutionStep.execute(CaptureStateBeforeExecutionStep.java:45)
2026-01-07T08:03:22.0534085Z 	at org.gradle.internal.execution.steps.SkipEmptyWorkStep.executeWithNonEmptySources(SkipEmptyWorkStep.java:177)
2026-01-07T08:03:22.0535482Z 	at org.gradle.internal.execution.steps.SkipEmptyWorkStep.execute(SkipEmptyWorkStep.java:81)
2026-01-07T08:03:22.0536653Z 	at org.gradle.internal.execution.steps.SkipEmptyWorkStep.execute(SkipEmptyWorkStep.java:53)
2026-01-07T08:03:22.0538120Z 	at org.gradle.internal.execution.steps.RemoveUntrackedExecutionStateStep.execute(RemoveUntrackedExecutionStateStep.java:32)
2026-01-07T08:03:22.0539865Z 	at org.gradle.internal.execution.steps.RemoveUntrackedExecutionStateStep.execute(RemoveUntrackedExecutionStateStep.java:21)
2026-01-07T08:03:22.0541906Z 	at org.gradle.internal.execution.steps.legacy.MarkSnapshottingInputsStartedStep.execute(MarkSnapshottingInputsStartedStep.java:38)
2026-01-07T08:03:22.0543664Z 	at org.gradle.internal.execution.steps.LoadPreviousExecutionStateStep.execute(LoadPreviousExecutionStateStep.java:36)
2026-01-07T08:03:22.0545309Z 	at org.gradle.internal.execution.steps.LoadPreviousExecutionStateStep.execute(LoadPreviousExecutionStateStep.java:23)
2026-01-07T08:03:22.0546822Z 	at org.gradle.internal.execution.steps.CleanupStaleOutputsStep.execute(CleanupStaleOutputsStep.java:75)
2026-01-07T08:03:22.0548207Z 	at org.gradle.internal.execution.steps.CleanupStaleOutputsStep.execute(CleanupStaleOutputsStep.java:41)
2026-01-07T08:03:22.0549556Z 	at org.gradle.internal.execution.steps.AssignWorkspaceStep.lambda$execute$0(AssignWorkspaceStep.java:32)
2026-01-07T08:03:22.0550814Z 	at org.gradle.api.internal.tasks.execution.TaskExecution$4.withWorkspace(TaskExecution.java:287)
2026-01-07T08:03:22.0552371Z 	at org.gradle.internal.execution.steps.AssignWorkspaceStep.execute(AssignWorkspaceStep.java:30)
2026-01-07T08:03:22.0553931Z 	at org.gradle.internal.execution.steps.AssignWorkspaceStep.execute(AssignWorkspaceStep.java:21)
2026-01-07T08:03:22.0555135Z 	at org.gradle.internal.execution.steps.IdentityCacheStep.execute(IdentityCacheStep.java:37)
2026-01-07T08:03:22.0556302Z 	at org.gradle.internal.execution.steps.IdentityCacheStep.execute(IdentityCacheStep.java:27)
2026-01-07T08:03:22.0557369Z 	at org.gradle.internal.execution.steps.IdentifyStep.execute(IdentifyStep.java:42)
2026-01-07T08:03:22.0558349Z 	at org.gradle.internal.execution.steps.IdentifyStep.execute(IdentifyStep.java:31)
2026-01-07T08:03:22.0559495Z 	at org.gradle.internal.execution.impl.DefaultExecutionEngine$1.execute(DefaultExecutionEngine.java:64)
2026-01-07T08:03:22.0560965Z 	at org.gradle.api.internal.tasks.execution.ExecuteActionsTaskExecuter.executeIfValid(ExecuteActionsTaskExecuter.java:146)
2026-01-07T08:03:22.0562835Z 	at org.gradle.api.internal.tasks.execution.ExecuteActionsTaskExecuter.execute(ExecuteActionsTaskExecuter.java:135)
2026-01-07T08:03:22.0564521Z 	at org.gradle.api.internal.tasks.execution.FinalizePropertiesTaskExecuter.execute(FinalizePropertiesTaskExecuter.java:46)
2026-01-07T08:03:22.0566229Z 	at org.gradle.api.internal.tasks.execution.ResolveTaskExecutionModeExecuter.execute(ResolveTaskExecutionModeExecuter.java:51)
2026-01-07T08:03:22.0568001Z 	at org.gradle.api.internal.tasks.execution.SkipTaskWithNoActionsExecuter.execute(SkipTaskWithNoActionsExecuter.java:57)
2026-01-07T08:03:22.0569876Z 	at org.gradle.api.internal.tasks.execution.SkipOnlyIfTaskExecuter.execute(SkipOnlyIfTaskExecuter.java:74)
2026-01-07T08:03:22.0571597Z 	at org.gradle.api.internal.tasks.execution.CatchExceptionTaskExecuter.execute(CatchExceptionTaskExecuter.java:36)
2026-01-07T08:03:22.0573146Z 	at org.gradle.api.internal.tasks.execution.EventFiringTaskExecuter$1.executeTask(EventFiringTaskExecuter.java:77)
2026-01-07T08:03:22.0574559Z 	at org.gradle.api.internal.tasks.execution.EventFiringTaskExecuter$1.call(EventFiringTaskExecuter.java:55)
2026-01-07T08:03:22.0575930Z 	at org.gradle.api.internal.tasks.execution.EventFiringTaskExecuter$1.call(EventFiringTaskExecuter.java:52)
2026-01-07T08:03:22.0577607Z 	at org.gradle.internal.operations.DefaultBuildOperationRunner$CallableBuildOperationWorker.execute(DefaultBuildOperationRunner.java:204)
2026-01-07T08:03:22.0579534Z 	at org.gradle.internal.operations.DefaultBuildOperationRunner$CallableBuildOperationWorker.execute(DefaultBuildOperationRunner.java:199)
2026-01-07T08:03:22.0586654Z 	at org.gradle.internal.operations.DefaultBuildOperationRunner$2.execute(DefaultBuildOperationRunner.java:66)
2026-01-07T08:03:22.0588146Z 	at org.gradle.internal.operations.DefaultBuildOperationRunner$2.execute(DefaultBuildOperationRunner.java:59)
2026-01-07T08:03:22.0589589Z 	at org.gradle.internal.operations.DefaultBuildOperationRunner.execute(DefaultBuildOperationRunner.java:157)
2026-01-07T08:03:22.0591333Z 	at org.gradle.internal.operations.DefaultBuildOperationRunner.execute(DefaultBuildOperationRunner.java:59)
2026-01-07T08:03:22.0592783Z 	at org.gradle.internal.operations.DefaultBuildOperationRunner.call(DefaultBuildOperationRunner.java:53)
2026-01-07T08:03:22.0594195Z 	at org.gradle.internal.operations.DefaultBuildOperationExecutor.call(DefaultBuildOperationExecutor.java:73)
2026-01-07T08:03:22.0595635Z 	at org.gradle.api.internal.tasks.execution.EventFiringTaskExecuter.execute(EventFiringTaskExecuter.java:52)
2026-01-07T08:03:22.0596940Z 	at org.gradle.execution.plan.LocalTaskNodeExecutor.execute(LocalTaskNodeExecutor.java:42)
2026-01-07T08:03:22.0598406Z 	at org.gradle.execution.taskgraph.DefaultTaskExecutionGraph$InvokeNodeExecutorsAction.execute(DefaultTaskExecutionGraph.java:338)
2026-01-07T08:03:22.0600145Z 	at org.gradle.execution.taskgraph.DefaultTaskExecutionGraph$InvokeNodeExecutorsAction.execute(DefaultTaskExecutionGraph.java:325)
2026-01-07T08:03:22.0602172Z 	at org.gradle.execution.taskgraph.DefaultTaskExecutionGraph$BuildOperationAwareExecutionAction.execute(DefaultTaskExecutionGraph.java:318)
2026-01-07T08:03:22.0604342Z 	at org.gradle.execution.taskgraph.DefaultTaskExecutionGraph$BuildOperationAwareExecutionAction.execute(DefaultTaskExecutionGraph.java:304)
2026-01-07T08:03:22.0605911Z 	at org.gradle.execution.plan.DefaultPlanExecutor$ExecutorWorker.execute(DefaultPlanExecutor.java:463)
2026-01-07T08:03:22.0607126Z 	at org.gradle.execution.plan.DefaultPlanExecutor$ExecutorWorker.run(DefaultPlanExecutor.java:380)
2026-01-07T08:03:22.0608388Z 	at org.gradle.internal.concurrent.ExecutorPolicy$CatchAndRecordFailures.onExecute(ExecutorPolicy.java:64)
2026-01-07T08:03:22.0609631Z 	at org.gradle.internal.concurrent.ManagedExecutorImpl$1.run(ManagedExecutorImpl.java:49)
2026-01-07T08:03:22.0610285Z 
2026-01-07T08:03:22.0610300Z 
2026-01-07T08:03:22.0610515Z * Get more help at https://help.gradle.org
2026-01-07T08:03:22.0610873Z 
2026-01-07T08:03:22.0611012Z BUILD FAILED in 1m 58s
2026-01-07T08:03:22.0641744Z 2 actionable tasks: 2 executed
2026-01-07T08:03:22.4299016Z ##[error]Process completed with exit code 1.
2026-01-07T08:03:22.4384595Z Post job cleanup.
2026-01-07T08:03:22.6172855Z Post job cleanup.
2026-01-07T08:03:22.7217368Z [command]/usr/bin/git version
2026-01-07T08:03:22.7257095Z git version 2.52.0
2026-01-07T08:03:22.7302594Z Temporarily overriding HOME='/home/runner/work/_temp/2afd550d-b8a4-4633-8bbb-e0f1fe320606' before making global git config changes
2026-01-07T08:03:22.7303822Z Adding repository directory to the temporary git global config as a safe directory
2026-01-07T08:03:22.7309113Z [command]/usr/bin/git config --global --add safe.directory /home/runner/work/GenAIAgent/GenAIAgent
2026-01-07T08:03:22.7346304Z [command]/usr/bin/git config --local --name-only --get-regexp core\.sshCommand
2026-01-07T08:03:22.7379980Z [command]/usr/bin/git submodule foreach --recursive sh -c "git config --local --name-only --get-regexp 'core\.sshCommand' && git config --local --unset-all 'core.sshCommand' || :"
2026-01-07T08:03:22.7612865Z [command]/usr/bin/git config --local --name-only --get-regexp http\.https\:\/\/github\.com\/\.extraheader
2026-01-07T08:03:22.7634586Z http.https://github.com/.extraheader
2026-01-07T08:03:22.7646864Z [command]/usr/bin/git config --local --unset-all http.https://github.com/.extraheader
2026-01-07T08:03:22.7678366Z [command]/usr/bin/git submodule foreach --recursive sh -c "git config --local --name-only --get-regexp 'http\.https\:\/\/github\.com\/\.extraheader' && git config --local --unset-all 'http.https://github.com/.extraheader' || :"
2026-01-07T08:03:22.7906461Z [command]/usr/bin/git config --local --name-only --get-regexp ^includeIf\.gitdir:
2026-01-07T08:03:22.7938029Z [command]/usr/bin/git submodule foreach --recursive git config --local --show-origin --name-only --get-regexp remote.origin.url
2026-01-07T08:03:22.8274645Z Cleaning up orphan processes
2026-01-07T08:03:22.8563918Z Terminate orphan process: pid (2161) (java)