2026-01-07T08:49:25.8656890Z Current runner version: '2.330.0'
2026-01-07T08:49:25.8681649Z ##[group]Runner Image Provisioner
2026-01-07T08:49:25.8682909Z Hosted Compute Agent
2026-01-07T08:49:25.8683486Z Version: 20251211.462
2026-01-07T08:49:25.8684219Z Commit: 6cbad8c2bb55d58165063d031ccabf57e2d2db61
2026-01-07T08:49:25.8684888Z Build Date: 2025-12-11T16:28:49Z
2026-01-07T08:49:25.8685514Z Worker ID: {3975fee9-619b-4a53-93c4-710271c94d09}
2026-01-07T08:49:25.8686294Z ##[endgroup]
2026-01-07T08:49:25.8686813Z ##[group]Operating System
2026-01-07T08:49:25.8687312Z Ubuntu
2026-01-07T08:49:25.8687867Z 24.04.3
2026-01-07T08:49:25.8688325Z LTS
2026-01-07T08:49:25.8688861Z ##[endgroup]
2026-01-07T08:49:25.8689350Z ##[group]Runner Image
2026-01-07T08:49:25.8689909Z Image: ubuntu-24.04
2026-01-07T08:49:25.8690489Z Version: 20251215.174.1
2026-01-07T08:49:25.8691530Z Included Software: https://github.com/actions/runner-images/blob/ubuntu24/20251215.174/images/ubuntu/Ubuntu2404-Readme.md
2026-01-07T08:49:25.8693225Z Image Release: https://github.com/actions/runner-images/releases/tag/ubuntu24%2F20251215.174
2026-01-07T08:49:25.8694301Z ##[endgroup]
2026-01-07T08:49:25.8695443Z ##[group]GITHUB_TOKEN Permissions
2026-01-07T08:49:25.8697325Z Contents: read
2026-01-07T08:49:25.8697930Z Metadata: read
2026-01-07T08:49:25.8698551Z Packages: read
2026-01-07T08:49:25.8699036Z ##[endgroup]
2026-01-07T08:49:25.8701130Z Secret source: Actions
2026-01-07T08:49:25.8701947Z Prepare workflow directory
2026-01-07T08:49:25.9023961Z Prepare all required actions
2026-01-07T08:49:25.9063196Z Getting action download info
2026-01-07T08:49:26.4139677Z Download action repository 'actions/checkout@v4' (SHA:34e114876b0b11c390a56381ad16ebd13914f8d5)
2026-01-07T08:49:26.5257901Z Download action repository 'actions/setup-java@v4' (SHA:c1e323688fd81a25caa38c78aa6df2d33d3e20d9)
2026-01-07T08:49:27.1756804Z Download action repository 'actions/upload-artifact@v4' (SHA:ea165f8d65b6e75b540449e92b4886f43607fa02)
2026-01-07T08:49:27.3999160Z Complete job name: build
2026-01-07T08:49:27.4760268Z ##[group]Run actions/checkout@v4
2026-01-07T08:49:27.4761188Z with:
2026-01-07T08:49:27.4761659Z   repository: xyraofficial/GenAIAgent
2026-01-07T08:49:27.4762618Z   token: ***
2026-01-07T08:49:27.4763054Z   ssh-strict: true
2026-01-07T08:49:27.4763510Z   ssh-user: git
2026-01-07T08:49:27.4763972Z   persist-credentials: true
2026-01-07T08:49:27.4764469Z   clean: true
2026-01-07T08:49:27.4764943Z   sparse-checkout-cone-mode: true
2026-01-07T08:49:27.4765471Z   fetch-depth: 1
2026-01-07T08:49:27.4765913Z   fetch-tags: false
2026-01-07T08:49:27.4766350Z   show-progress: true
2026-01-07T08:49:27.4766816Z   lfs: false
2026-01-07T08:49:27.4767241Z   submodules: false
2026-01-07T08:49:27.4767685Z   set-safe-directory: true
2026-01-07T08:49:27.4768718Z ##[endgroup]
2026-01-07T08:49:27.5874315Z Syncing repository: xyraofficial/GenAIAgent
2026-01-07T08:49:27.5876732Z ##[group]Getting Git version info
2026-01-07T08:49:27.5877699Z Working directory is '/home/runner/work/GenAIAgent/GenAIAgent'
2026-01-07T08:49:27.5878830Z [command]/usr/bin/git version
2026-01-07T08:49:27.5933752Z git version 2.52.0
2026-01-07T08:49:27.5960828Z ##[endgroup]
2026-01-07T08:49:27.5975432Z Temporarily overriding HOME='/home/runner/work/_temp/2060cba1-c2df-48a5-a63d-ae073ebfe105' before making global git config changes
2026-01-07T08:49:27.5976852Z Adding repository directory to the temporary git global config as a safe directory
2026-01-07T08:49:27.5989127Z [command]/usr/bin/git config --global --add safe.directory /home/runner/work/GenAIAgent/GenAIAgent
2026-01-07T08:49:27.6029457Z Deleting the contents of '/home/runner/work/GenAIAgent/GenAIAgent'
2026-01-07T08:49:27.6033472Z ##[group]Initializing the repository
2026-01-07T08:49:27.6037536Z [command]/usr/bin/git init /home/runner/work/GenAIAgent/GenAIAgent
2026-01-07T08:49:27.6144310Z hint: Using 'master' as the name for the initial branch. This default branch name
2026-01-07T08:49:27.6146614Z hint: will change to "main" in Git 3.0. To configure the initial branch name
2026-01-07T08:49:27.6149145Z hint: to use in all of your new repositories, which will suppress this warning,
2026-01-07T08:49:27.6150427Z hint: call:
2026-01-07T08:49:27.6150866Z hint:
2026-01-07T08:49:27.6151419Z hint: 	git config --global init.defaultBranch <name>
2026-01-07T08:49:27.6152317Z hint:
2026-01-07T08:49:27.6152931Z hint: Names commonly chosen instead of 'master' are 'main', 'trunk' and
2026-01-07T08:49:27.6153862Z hint: 'development'. The just-created branch can be renamed via this command:
2026-01-07T08:49:27.6154602Z hint:
2026-01-07T08:49:27.6155115Z hint: 	git branch -m <name>
2026-01-07T08:49:27.6155926Z hint:
2026-01-07T08:49:27.6156770Z hint: Disable this message with "git config set advice.defaultBranchName false"
2026-01-07T08:49:27.6157867Z Initialized empty Git repository in /home/runner/work/GenAIAgent/GenAIAgent/.git/
2026-01-07T08:49:27.6163593Z [command]/usr/bin/git remote add origin https://github.com/xyraofficial/GenAIAgent
2026-01-07T08:49:27.6200722Z ##[endgroup]
2026-01-07T08:49:27.6201571Z ##[group]Disabling automatic garbage collection
2026-01-07T08:49:27.6206177Z [command]/usr/bin/git config --local gc.auto 0
2026-01-07T08:49:27.6236100Z ##[endgroup]
2026-01-07T08:49:27.6236835Z ##[group]Setting up auth
2026-01-07T08:49:27.6243586Z [command]/usr/bin/git config --local --name-only --get-regexp core\.sshCommand
2026-01-07T08:49:27.6274478Z [command]/usr/bin/git submodule foreach --recursive sh -c "git config --local --name-only --get-regexp 'core\.sshCommand' && git config --local --unset-all 'core.sshCommand' || :"
2026-01-07T08:49:27.6598014Z [command]/usr/bin/git config --local --name-only --get-regexp http\.https\:\/\/github\.com\/\.extraheader
2026-01-07T08:49:27.6628733Z [command]/usr/bin/git submodule foreach --recursive sh -c "git config --local --name-only --get-regexp 'http\.https\:\/\/github\.com\/\.extraheader' && git config --local --unset-all 'http.https://github.com/.extraheader' || :"
2026-01-07T08:49:27.6855472Z [command]/usr/bin/git config --local --name-only --get-regexp ^includeIf\.gitdir:
2026-01-07T08:49:27.6888310Z [command]/usr/bin/git submodule foreach --recursive git config --local --show-origin --name-only --get-regexp remote.origin.url
2026-01-07T08:49:27.7135136Z [command]/usr/bin/git config --local http.https://github.com/.extraheader AUTHORIZATION: basic ***
2026-01-07T08:49:27.7172402Z ##[endgroup]
2026-01-07T08:49:27.7173945Z ##[group]Fetching the repository
2026-01-07T08:49:27.7182652Z [command]/usr/bin/git -c protocol.version=2 fetch --no-tags --prune --no-recurse-submodules --depth=1 origin +fc3000dd81b038b8f94fca10e037bfa00d5e66dc:refs/remotes/origin/main
2026-01-07T08:49:28.1348828Z From https://github.com/xyraofficial/GenAIAgent
2026-01-07T08:49:28.1350292Z  * [new ref]         fc3000dd81b038b8f94fca10e037bfa00d5e66dc -> origin/main
2026-01-07T08:49:28.1383987Z ##[endgroup]
2026-01-07T08:49:28.1385318Z ##[group]Determining the checkout info
2026-01-07T08:49:28.1386860Z ##[endgroup]
2026-01-07T08:49:28.1392230Z [command]/usr/bin/git sparse-checkout disable
2026-01-07T08:49:28.1434887Z [command]/usr/bin/git config --local --unset-all extensions.worktreeConfig
2026-01-07T08:49:28.1463207Z ##[group]Checking out the ref
2026-01-07T08:49:28.1467930Z [command]/usr/bin/git checkout --progress --force -B main refs/remotes/origin/main
2026-01-07T08:49:28.1574816Z Switched to a new branch 'main'
2026-01-07T08:49:28.1576445Z branch 'main' set up to track 'origin/main'.
2026-01-07T08:49:28.1584200Z ##[endgroup]
2026-01-07T08:49:28.1624093Z [command]/usr/bin/git log -1 --format=%H
2026-01-07T08:49:28.1646903Z fc3000dd81b038b8f94fca10e037bfa00d5e66dc
2026-01-07T08:49:28.1936719Z ##[group]Run actions/setup-java@v4
2026-01-07T08:49:28.1937305Z with:
2026-01-07T08:49:28.1937702Z   java-version: 17
2026-01-07T08:49:28.1938145Z   distribution: temurin
2026-01-07T08:49:28.1938640Z   cache: gradle
2026-01-07T08:49:28.1939074Z   java-package: jdk
2026-01-07T08:49:28.1939521Z   check-latest: false
2026-01-07T08:49:28.1939972Z   server-id: github
2026-01-07T08:49:28.1940419Z   server-username: GITHUB_ACTOR
2026-01-07T08:49:28.1941220Z   server-password: GITHUB_TOKEN
2026-01-07T08:49:28.1941746Z   overwrite-settings: true
2026-01-07T08:49:28.1942377Z   job-status: success
2026-01-07T08:49:28.1943034Z   token: ***
2026-01-07T08:49:28.1943451Z ##[endgroup]
2026-01-07T08:49:28.4012357Z ##[group]Installed distributions
2026-01-07T08:49:28.4272675Z Resolved Java 17.0.17+10 from tool-cache
2026-01-07T08:49:28.4273876Z Setting Java 17.0.17+10 as the default
2026-01-07T08:49:28.4287781Z Creating toolchains.xml for JDK version 17 from temurin
2026-01-07T08:49:28.4365866Z Writing to /home/runner/.m2/toolchains.xml
2026-01-07T08:49:28.4366633Z 
2026-01-07T08:49:28.4367004Z Java configuration:
2026-01-07T08:49:28.4367874Z   Distribution: temurin
2026-01-07T08:49:28.4368744Z   Version: 17.0.17+10
2026-01-07T08:49:28.4369925Z   Path: /opt/hostedtoolcache/Java_Temurin-Hotspot_jdk/17.0.17-10/x64
2026-01-07T08:49:28.4370895Z 
2026-01-07T08:49:28.4371837Z ##[endgroup]
2026-01-07T08:49:28.4389102Z Creating settings.xml with server-id: github
2026-01-07T08:49:28.4391333Z Writing to /home/runner/.m2/settings.xml
2026-01-07T08:49:28.7832970Z Cache hit for: setup-java-Linux-x64-gradle-f2b9dd28860bc9efe4ee58bba63c1c24c9ba41f5f0d5234e2c8b3e318b9ee80b
2026-01-07T08:49:30.0535395Z Received 12582912 of 412149208 (3.1%), 12.0 MBs/sec
2026-01-07T08:49:31.0545683Z Received 134217728 of 412149208 (32.6%), 63.9 MBs/sec
2026-01-07T08:49:32.0547828Z Received 268435456 of 412149208 (65.1%), 85.3 MBs/sec
2026-01-07T08:49:33.0559260Z Received 403760600 of 412149208 (98.0%), 96.2 MBs/sec
2026-01-07T08:49:33.1858925Z Received 412149208 of 412149208 (100.0%), 95.1 MBs/sec
2026-01-07T08:49:33.1861578Z Cache Size: ~393 MB (412149208 B)
2026-01-07T08:49:33.1999943Z [command]/usr/bin/tar -xf /home/runner/work/_temp/231be9d1-cad8-4424-9f69-584b1f75cb96/cache.tzst -P -C /home/runner/work/GenAIAgent/GenAIAgent --use-compress-program unzstd
2026-01-07T08:49:34.5834251Z Cache restored successfully
2026-01-07T08:49:34.6605446Z Cache restored from key: setup-java-Linux-x64-gradle-f2b9dd28860bc9efe4ee58bba63c1c24c9ba41f5f0d5234e2c8b3e318b9ee80b
2026-01-07T08:49:34.6784264Z ##[group]Run chmod +x gradlew
2026-01-07T08:49:34.6784619Z [36;1mchmod +x gradlew[0m
2026-01-07T08:49:34.6824598Z shell: /usr/bin/bash -e {0}
2026-01-07T08:49:34.6824887Z env:
2026-01-07T08:49:34.6825211Z   JAVA_HOME: /opt/hostedtoolcache/Java_Temurin-Hotspot_jdk/17.0.17-10/x64
2026-01-07T08:49:34.6825733Z   JAVA_HOME_17_X64: /opt/hostedtoolcache/Java_Temurin-Hotspot_jdk/17.0.17-10/x64
2026-01-07T08:49:34.6826132Z ##[endgroup]
2026-01-07T08:49:34.6956019Z ##[group]Run ./gradlew assembleDebug --stacktrace
2026-01-07T08:49:34.6956491Z [36;1m./gradlew assembleDebug --stacktrace[0m
2026-01-07T08:49:34.6989123Z shell: /usr/bin/bash -e {0}
2026-01-07T08:49:34.6989377Z env:
2026-01-07T08:49:34.6989686Z   JAVA_HOME: /opt/hostedtoolcache/Java_Temurin-Hotspot_jdk/17.0.17-10/x64
2026-01-07T08:49:34.6990194Z   JAVA_HOME_17_X64: /opt/hostedtoolcache/Java_Temurin-Hotspot_jdk/17.0.17-10/x64
2026-01-07T08:49:34.6991028Z   SUPABASE_URL: ***
2026-01-07T08:49:34.6992486Z   SUPABASE_ANON_KEY: ***
2026-01-07T08:49:34.6993378Z   OPENAI_API_KEY: ***
2026-01-07T08:49:34.6993595Z ##[endgroup]
2026-01-07T08:49:36.9432864Z 
2026-01-07T08:49:36.9434204Z Welcome to Gradle 8.0!
2026-01-07T08:49:36.9436026Z 
2026-01-07T08:49:36.9437898Z For more details see https://docs.gradle.org/8.0/release-notes.html
2026-01-07T08:49:36.9438614Z 
2026-01-07T08:49:37.3360845Z Starting a Gradle Daemon (subsequent builds will be faster)
2026-01-07T08:49:49.4368128Z Checking the license for package Android SDK Build-Tools 30.0.3 in /usr/local/lib/android/sdk/licenses
2026-01-07T08:49:49.4370358Z License for package Android SDK Build-Tools 30.0.3 accepted.
2026-01-07T08:49:49.4371127Z Preparing "Install Android SDK Build-Tools 30.0.3 (revision: 30.0.3)".
2026-01-07T08:49:50.8364283Z "Install Android SDK Build-Tools 30.0.3 (revision: 30.0.3)" ready.
2026-01-07T08:49:50.8365700Z Installing Android SDK Build-Tools 30.0.3 in /usr/local/lib/android/sdk/build-tools/30.0.3
2026-01-07T08:49:50.8367472Z "Install Android SDK Build-Tools 30.0.3 (revision: 30.0.3)" complete.
2026-01-07T08:49:51.2360743Z "Install Android SDK Build-Tools 30.0.3 (revision: 30.0.3)" finished.
2026-01-07T08:49:51.2361778Z Checking the license for package Android SDK Platform 33 in /usr/local/lib/android/sdk/licenses
2026-01-07T08:49:51.2362946Z License for package Android SDK Platform 33 accepted.
2026-01-07T08:49:51.2363443Z Preparing "Install Android SDK Platform 33 (revision: 3)".
2026-01-07T08:49:53.8361977Z "Install Android SDK Platform 33 (revision: 3)" ready.
2026-01-07T08:49:53.8363317Z Installing Android SDK Platform 33 in /usr/local/lib/android/sdk/platforms/android-33
2026-01-07T08:49:53.8364786Z "Install Android SDK Platform 33 (revision: 3)" complete.
2026-01-07T08:49:53.8365858Z "Install Android SDK Platform 33 (revision: 3)" finished.
2026-01-07T08:49:54.3376361Z > Task :app:preBuild UP-TO-DATE
2026-01-07T08:49:54.3379824Z > Task :app:preDebugBuild UP-TO-DATE
2026-01-07T08:49:54.3390734Z > Task :app:mergeDebugNativeDebugMetadata NO-SOURCE
2026-01-07T08:49:54.4373254Z > Task :app:generateDebugBuildConfig
2026-01-07T08:49:54.9363146Z > Task :app:generateDebugResValues
2026-01-07T08:49:55.0365869Z > Task :app:checkDebugAarMetadata
2026-01-07T08:49:55.0369358Z > Task :app:mapDebugSourceSetPaths
2026-01-07T08:49:55.0371848Z > Task :app:generateDebugResources
2026-01-07T08:49:56.5413420Z > Task :app:packageDebugResources
2026-01-07T08:49:57.1359672Z > Task :app:createDebugCompatibleScreenManifests
2026-01-07T08:49:57.1360757Z > Task :app:extractDeepLinksDebug
2026-01-07T08:49:57.3359792Z > Task :app:parseDebugLocalResources
2026-01-07T08:49:57.5360400Z > Task :app:processDebugMainManifest
2026-01-07T08:49:57.6360784Z > Task :app:mergeDebugResources
2026-01-07T08:49:57.7372340Z > Task :app:processDebugManifest
2026-01-07T08:49:57.7379485Z > Task :app:javaPreCompileDebug
2026-01-07T08:49:57.7393146Z > Task :app:mergeDebugShaders
2026-01-07T08:49:57.7393976Z > Task :app:compileDebugShaders NO-SOURCE
2026-01-07T08:49:57.7426241Z > Task :app:generateDebugAssets UP-TO-DATE
2026-01-07T08:49:57.8366158Z > Task :app:mergeDebugAssets
2026-01-07T08:49:57.8367062Z > Task :app:compressDebugAssets
2026-01-07T08:49:57.8367765Z > Task :app:desugarDebugFileDependencies
2026-01-07T08:49:57.8368459Z > Task :app:processDebugJavaRes NO-SOURCE
2026-01-07T08:49:57.9361473Z > Task :app:mergeDebugJniLibFolders
2026-01-07T08:49:57.9378164Z > Task :app:checkDebugDuplicateClasses
2026-01-07T08:49:58.0362938Z > Task :app:mergeDebugNativeLibs NO-SOURCE
2026-01-07T08:49:58.1386682Z > Task :app:stripDebugDebugSymbols NO-SOURCE
2026-01-07T08:49:58.1390784Z > Task :app:mergeLibDexDebug
2026-01-07T08:49:59.0423536Z > Task :app:validateSigningDebug
2026-01-07T08:49:59.0424494Z > Task :app:writeDebugAppMetadata
2026-01-07T08:49:59.0425279Z > Task :app:writeDebugSigningConfigVersions
2026-01-07T08:49:59.0426029Z > Task :app:processDebugManifestForPackage
2026-01-07T08:50:00.2360928Z > Task :app:processDebugResources FAILED
2026-01-07T08:50:02.9403937Z 
2026-01-07T08:50:02.9404484Z FAILURE: Build failed with an exception.
2026-01-07T08:50:02.9404931Z 
2026-01-07T08:50:02.9405076Z * What went wrong:
2026-01-07T08:50:02.9405580Z Execution failed for task ':app:processDebugResources'.
2026-01-07T08:50:02.9406746Z > A failure occurred while executing com.android.build.gradle.internal.res.LinkApplicationAndroidResourcesTask$TaskAction
2026-01-07T08:50:02.9407767Z    > Android resource linking failed
2026-01-07T08:50:02.9408666Z      error: resource style/Widget.Material3.CardView (aka com.genai.app:style/Widget.Material3.CardView) not found.
2026-01-07T08:50:02.9409558Z      error: failed linking references.
2026-01-07T08:50:02.9409872Z 
2026-01-07T08:50:02.9409879Z 
2026-01-07T08:50:02.9410002Z * Try:
2026-01-07T08:50:02.9410416Z > Run with --info or --debug option to get more log output.
2026-01-07T08:50:02.9410992Z > Run with --scan to get full insights.
2026-01-07T08:50:02.9411303Z 
2026-01-07T08:50:02.9411439Z * Exception is:
2026-01-07T08:50:02.9412848Z org.gradle.api.tasks.TaskExecutionException: Execution failed for task ':app:processDebugResources'.
2026-01-07T08:50:02.9416040Z 	at org.gradle.api.internal.tasks.execution.ExecuteActionsTaskExecuter.lambda$executeIfValid$1(ExecuteActionsTaskExecuter.java:149)
2026-01-07T08:50:02.9417375Z 	at org.gradle.internal.Try$Failure.ifSuccessfulOrElse(Try.java:282)
2026-01-07T08:50:02.9418628Z 	at org.gradle.api.internal.tasks.execution.ExecuteActionsTaskExecuter.executeIfValid(ExecuteActionsTaskExecuter.java:147)
2026-01-07T08:50:02.9420239Z 	at org.gradle.api.internal.tasks.execution.ExecuteActionsTaskExecuter.execute(ExecuteActionsTaskExecuter.java:135)
2026-01-07T08:50:02.9421848Z 	at org.gradle.api.internal.tasks.execution.FinalizePropertiesTaskExecuter.execute(FinalizePropertiesTaskExecuter.java:46)
2026-01-07T08:50:02.9423790Z 	at org.gradle.api.internal.tasks.execution.ResolveTaskExecutionModeExecuter.execute(ResolveTaskExecutionModeExecuter.java:51)
2026-01-07T08:50:02.9425531Z 	at org.gradle.api.internal.tasks.execution.SkipTaskWithNoActionsExecuter.execute(SkipTaskWithNoActionsExecuter.java:57)
2026-01-07T08:50:02.9426983Z 	at org.gradle.api.internal.tasks.execution.SkipOnlyIfTaskExecuter.execute(SkipOnlyIfTaskExecuter.java:74)
2026-01-07T08:50:02.9428409Z 	at org.gradle.api.internal.tasks.execution.CatchExceptionTaskExecuter.execute(CatchExceptionTaskExecuter.java:36)
2026-01-07T08:50:02.9429890Z 	at org.gradle.api.internal.tasks.execution.EventFiringTaskExecuter$1.executeTask(EventFiringTaskExecuter.java:77)
2026-01-07T08:50:02.9431366Z 	at org.gradle.api.internal.tasks.execution.EventFiringTaskExecuter$1.call(EventFiringTaskExecuter.java:55)
2026-01-07T08:50:02.9432944Z 	at org.gradle.api.internal.tasks.execution.EventFiringTaskExecuter$1.call(EventFiringTaskExecuter.java:52)
2026-01-07T08:50:02.9434582Z 	at org.gradle.internal.operations.DefaultBuildOperationRunner$CallableBuildOperationWorker.execute(DefaultBuildOperationRunner.java:204)
2026-01-07T08:50:02.9436472Z 	at org.gradle.internal.operations.DefaultBuildOperationRunner$CallableBuildOperationWorker.execute(DefaultBuildOperationRunner.java:199)
2026-01-07T08:50:02.9438114Z 	at org.gradle.internal.operations.DefaultBuildOperationRunner$2.execute(DefaultBuildOperationRunner.java:66)
2026-01-07T08:50:02.9439086Z > Task :app:mergeExtDexDebug
2026-01-07T08:50:02.9457914Z 	at org.gradle.internal.operations.DefaultBuildOperationRunner$2.execute(DefaultBuildOperationRunner.java:59)
2026-01-07T08:50:02.9508940Z 	at org.gradle.internal.operations.DefaultBuildOperationRunner.execute(DefaultBuildOperationRunner.java:157)
2026-01-07T08:50:02.9510721Z 	at org.gradle.internal.operations.DefaultBuildOperationRunner.execute(DefaultBuildOperationRunner.java:59)
2026-01-07T08:50:02.9512722Z 	at org.gradle.internal.operations.DefaultBuildOperationRunner.call(DefaultBuildOperationRunner.java:53)
2026-01-07T08:50:02.9514385Z 	at org.gradle.internal.operations.DefaultBuildOperationExecutor.call(DefaultBuildOperationExecutor.java:73)
2026-01-07T08:50:02.9516022Z 	at org.gradle.api.internal.tasks.execution.EventFiringTaskExecuter.execute(EventFiringTaskExecuter.java:52)
2026-01-07T08:50:02.9517486Z 	at org.gradle.execution.plan.LocalTaskNodeExecutor.execute(LocalTaskNodeExecutor.java:42)
2026-01-07T08:50:02.9519138Z 	at org.gradle.execution.taskgraph.DefaultTaskExecutionGraph$InvokeNodeExecutorsAction.execute(DefaultTaskExecutionGraph.java:338)
2026-01-07T08:50:02.9537383Z 	at org.gradle.execution.taskgraph.DefaultTaskExecutionGraph$InvokeNodeExecutorsAction.execute(DefaultTaskExecutionGraph.java:325)
2026-01-07T08:50:02.9539335Z 	at org.gradle.execution.taskgraph.DefaultTaskExecutionGraph$BuildOperationAwareExecutionAction.execute(DefaultTaskExecutionGraph.java:318)
2026-01-07T08:50:02.9541308Z 	at org.gradle.execution.taskgraph.DefaultTaskExecutionGraph$BuildOperationAwareExecutionAction.execute(DefaultTaskExecutionGraph.java:304)
2026-01-07T08:50:02.9543113Z 	at org.gradle.execution.plan.DefaultPlanExecutor$ExecutorWorker.execute(DefaultPlanExecutor.java:463)
2026-01-07T08:50:02.9550452Z 	at org.gradle.execution.plan.DefaultPlanExecutor$ExecutorWorker.run(DefaultPlanExecutor.java:380)
2026-01-07T08:50:02.9552488Z 	at org.gradle.internal.concurrent.ExecutorPolicy$CatchAndRecordFailures.onExecute(ExecutorPolicy.java:64)
2026-01-07T08:50:02.9554082Z 	at org.gradle.internal.concurrent.ManagedExecutorImpl$1.run(ManagedExecutorImpl.java:49)
2026-01-07T08:50:02.9556247Z Caused by: org.gradle.workers.internal.DefaultWorkerExecutor$WorkExecutionException: A failure occurred while executing com.android.build.gradle.internal.res.LinkApplicationAndroidResourcesTask$TaskAction
2026-01-07T08:50:02.9558703Z 	at org.gradle.workers.internal.DefaultWorkerExecutor$WorkItemExecution.waitForCompletion(DefaultWorkerExecutor.java:283)
2026-01-07T08:50:02.9560503Z 	at org.gradle.internal.work.DefaultAsyncWorkTracker.lambda$waitForItemsAndGatherFailures$2(DefaultAsyncWorkTracker.java:130)
2026-01-07T08:50:02.9561958Z 	at org.gradle.internal.Factories$1.create(Factories.java:31)
2026-01-07T08:50:02.9563419Z 	at org.gradle.internal.work.DefaultWorkerLeaseService.withoutLocks(DefaultWorkerLeaseService.java:321)
2026-01-07T08:50:02.9564914Z 	at org.gradle.internal.work.DefaultWorkerLeaseService.withoutLocks(DefaultWorkerLeaseService.java:304)
2026-01-07T08:50:02.9566416Z 	at org.gradle.internal.work.DefaultWorkerLeaseService.withoutLock(DefaultWorkerLeaseService.java:309)
2026-01-07T08:50:02.9568121Z 	at org.gradle.internal.work.DefaultAsyncWorkTracker.waitForItemsAndGatherFailures(DefaultAsyncWorkTracker.java:126)
2026-01-07T08:50:02.9569891Z 	at org.gradle.internal.work.DefaultAsyncWorkTracker.waitForItemsAndGatherFailures(DefaultAsyncWorkTracker.java:92)
2026-01-07T08:50:02.9579710Z 	at org.gradle.internal.work.DefaultAsyncWorkTracker.waitForAll(DefaultAsyncWorkTracker.java:78)
2026-01-07T08:50:02.9581071Z 	at org.gradle.internal.work.DefaultAsyncWorkTracker.waitForCompletion(DefaultAsyncWorkTracker.java:66)
2026-01-07T08:50:02.9582480Z 	at org.gradle.api.internal.tasks.execution.TaskExecution$3.run(TaskExecution.java:250)
2026-01-07T08:50:02.9583772Z 	at org.gradle.internal.operations.DefaultBuildOperationRunner$1.execute(DefaultBuildOperationRunner.java:29)
2026-01-07T08:50:02.9585235Z 	at org.gradle.internal.operations.DefaultBuildOperationRunner$1.execute(DefaultBuildOperationRunner.java:26)
2026-01-07T08:50:02.9586673Z 	at org.gradle.internal.operations.DefaultBuildOperationRunner$2.execute(DefaultBuildOperationRunner.java:66)
2026-01-07T08:50:02.9588397Z 	at org.gradle.internal.operations.DefaultBuildOperationRunner$2.execute(DefaultBuildOperationRunner.java:59)
2026-01-07T08:50:02.9589857Z 	at org.gradle.internal.operations.DefaultBuildOperationRunner.execute(DefaultBuildOperationRunner.java:157)
2026-01-07T08:50:02.9591303Z 	at org.gradle.internal.operations.DefaultBuildOperationRunner.execute(DefaultBuildOperationRunner.java:59)
2026-01-07T08:50:02.9592864Z 	at org.gradle.internal.operations.DefaultBuildOperationRunner.run(DefaultBuildOperationRunner.java:47)
2026-01-07T08:50:02.9594285Z 	at org.gradle.internal.operations.DefaultBuildOperationExecutor.run(DefaultBuildOperationExecutor.java:68)
2026-01-07T08:50:02.9595620Z 	at org.gradle.api.internal.tasks.execution.TaskExecution.executeAction(TaskExecution.java:227)
2026-01-07T08:50:02.9596858Z 	at org.gradle.api.internal.tasks.execution.TaskExecution.executeActions(TaskExecution.java:210)
2026-01-07T08:50:02.9598330Z 	at org.gradle.api.internal.tasks.execution.TaskExecution.executeWithPreviousOutputFiles(TaskExecution.java:193)
2026-01-07T08:50:02.9599693Z 	at org.gradle.api.internal.tasks.execution.TaskExecution.execute(TaskExecution.java:166)
2026-01-07T08:50:02.9600824Z 	at org.gradle.internal.execution.steps.ExecuteStep.executeInternal(ExecuteStep.java:93)
2026-01-07T08:50:02.9601894Z 	at org.gradle.internal.execution.steps.ExecuteStep.access$000(ExecuteStep.java:44)
2026-01-07T08:50:02.9603255Z 	at org.gradle.internal.execution.steps.ExecuteStep$1.call(ExecuteStep.java:57)
2026-01-07T08:50:02.9604209Z 	at org.gradle.internal.execution.steps.ExecuteStep$1.call(ExecuteStep.java:54)
2026-01-07T08:50:02.9605871Z 	at org.gradle.internal.operations.DefaultBuildOperationRunner$CallableBuildOperationWorker.execute(DefaultBuildOperationRunner.java:204)
2026-01-07T08:50:02.9607737Z 	at org.gradle.internal.operations.DefaultBuildOperationRunner$CallableBuildOperationWorker.execute(DefaultBuildOperationRunner.java:199)
2026-01-07T08:50:02.9609406Z 	at org.gradle.internal.operations.DefaultBuildOperationRunner$2.execute(DefaultBuildOperationRunner.java:66)
2026-01-07T08:50:02.9610831Z 	at org.gradle.internal.operations.DefaultBuildOperationRunner$2.execute(DefaultBuildOperationRunner.java:59)
2026-01-07T08:50:02.9612459Z 	at org.gradle.internal.operations.DefaultBuildOperationRunner.execute(DefaultBuildOperationRunner.java:157)
2026-01-07T08:50:02.9613894Z 	at org.gradle.internal.operations.DefaultBuildOperationRunner.execute(DefaultBuildOperationRunner.java:59)
2026-01-07T08:50:02.9615296Z 	at org.gradle.internal.operations.DefaultBuildOperationRunner.call(DefaultBuildOperationRunner.java:53)
2026-01-07T08:50:02.9616753Z 	at org.gradle.internal.operations.DefaultBuildOperationExecutor.call(DefaultBuildOperationExecutor.java:73)
2026-01-07T08:50:02.9617994Z 	at org.gradle.internal.execution.steps.ExecuteStep.execute(ExecuteStep.java:54)
2026-01-07T08:50:02.9619004Z 	at org.gradle.internal.execution.steps.ExecuteStep.execute(ExecuteStep.java:44)
2026-01-07T08:50:02.9620236Z 	at org.gradle.internal.execution.steps.RemovePreviousOutputsStep.execute(RemovePreviousOutputsStep.java:67)
2026-01-07T08:50:02.9621705Z 	at org.gradle.internal.execution.steps.RemovePreviousOutputsStep.execute(RemovePreviousOutputsStep.java:37)
2026-01-07T08:50:02.9623258Z 	at org.gradle.internal.execution.steps.CancelExecutionStep.execute(CancelExecutionStep.java:41)
2026-01-07T08:50:02.9624493Z 	at org.gradle.internal.execution.steps.TimeoutStep.executeWithoutTimeout(TimeoutStep.java:74)
2026-01-07T08:50:02.9625599Z 	at org.gradle.internal.execution.steps.TimeoutStep.execute(TimeoutStep.java:55)
2026-01-07T08:50:02.9626684Z 	at org.gradle.internal.execution.steps.CreateOutputsStep.execute(CreateOutputsStep.java:50)
2026-01-07T08:50:02.9627869Z 	at org.gradle.internal.execution.steps.CreateOutputsStep.execute(CreateOutputsStep.java:28)
2026-01-07T08:50:02.9629544Z 	at org.gradle.internal.execution.steps.CaptureStateAfterExecutionStep.executeDelegateBroadcastingChanges(CaptureStateAfterExecutionStep.java:100)
2026-01-07T08:50:02.9631672Z 	at org.gradle.internal.execution.steps.CaptureStateAfterExecutionStep.execute(CaptureStateAfterExecutionStep.java:72)
2026-01-07T08:50:02.9633589Z 	at org.gradle.internal.execution.steps.CaptureStateAfterExecutionStep.execute(CaptureStateAfterExecutionStep.java:50)
2026-01-07T08:50:02.9635083Z 	at org.gradle.internal.execution.steps.ResolveInputChangesStep.execute(ResolveInputChangesStep.java:40)
2026-01-07T08:50:02.9636454Z 	at org.gradle.internal.execution.steps.ResolveInputChangesStep.execute(ResolveInputChangesStep.java:29)
2026-01-07T08:50:02.9637852Z 	at org.gradle.internal.execution.steps.BuildCacheStep.executeWithoutCache(BuildCacheStep.java:166)
2026-01-07T08:50:02.9639121Z 	at org.gradle.internal.execution.steps.BuildCacheStep.lambda$execute$1(BuildCacheStep.java:70)
2026-01-07T08:50:02.9640060Z 	at org.gradle.internal.Either$Right.fold(Either.java:175)
2026-01-07T08:50:02.9640886Z 	at org.gradle.internal.execution.caching.CachingState.fold(CachingState.java:59)
2026-01-07T08:50:02.9641923Z 	at org.gradle.internal.execution.steps.BuildCacheStep.execute(BuildCacheStep.java:68)
2026-01-07T08:50:02.9643302Z 	at org.gradle.internal.execution.steps.BuildCacheStep.execute(BuildCacheStep.java:46)
2026-01-07T08:50:02.9644548Z 	at org.gradle.internal.execution.steps.StoreExecutionStateStep.execute(StoreExecutionStateStep.java:36)
2026-01-07T08:50:02.9645958Z 	at org.gradle.internal.execution.steps.StoreExecutionStateStep.execute(StoreExecutionStateStep.java:25)
2026-01-07T08:50:02.9647250Z 	at org.gradle.internal.execution.steps.RecordOutputsStep.execute(RecordOutputsStep.java:36)
2026-01-07T08:50:02.9648734Z 	at org.gradle.internal.execution.steps.RecordOutputsStep.execute(RecordOutputsStep.java:22)
2026-01-07T08:50:02.9649945Z 	at org.gradle.internal.execution.steps.SkipUpToDateStep.executeBecause(SkipUpToDateStep.java:91)
2026-01-07T08:50:02.9651235Z 	at org.gradle.internal.execution.steps.SkipUpToDateStep.lambda$execute$2(SkipUpToDateStep.java:55)
2026-01-07T08:50:02.9652688Z 	at org.gradle.internal.execution.steps.SkipUpToDateStep.execute(SkipUpToDateStep.java:55)
2026-01-07T08:50:02.9653814Z 	at org.gradle.internal.execution.steps.SkipUpToDateStep.execute(SkipUpToDateStep.java:37)
2026-01-07T08:50:02.9654974Z 	at org.gradle.internal.execution.steps.ResolveChangesStep.execute(ResolveChangesStep.java:65)
2026-01-07T08:50:02.9656187Z 	at org.gradle.internal.execution.steps.ResolveChangesStep.execute(ResolveChangesStep.java:36)
2026-01-07T08:50:02.9657713Z 	at org.gradle.internal.execution.steps.legacy.MarkSnapshottingInputsFinishedStep.execute(MarkSnapshottingInputsFinishedStep.java:37)
2026-01-07T08:50:02.9659599Z 	at org.gradle.internal.execution.steps.legacy.MarkSnapshottingInputsFinishedStep.execute(MarkSnapshottingInputsFinishedStep.java:27)
2026-01-07T08:50:02.9661240Z 	at org.gradle.internal.execution.steps.ResolveCachingStateStep.execute(ResolveCachingStateStep.java:76)
2026-01-07T08:50:02.9662813Z 	at org.gradle.internal.execution.steps.ResolveCachingStateStep.execute(ResolveCachingStateStep.java:37)
2026-01-07T08:50:02.9664034Z 	at org.gradle.internal.execution.steps.ValidateStep.execute(ValidateStep.java:94)
2026-01-07T08:50:02.9665059Z 	at org.gradle.internal.execution.steps.ValidateStep.execute(ValidateStep.java:49)
2026-01-07T08:50:02.9666391Z 	at org.gradle.internal.execution.steps.CaptureStateBeforeExecutionStep.execute(CaptureStateBeforeExecutionStep.java:71)
2026-01-07T08:50:02.9668028Z 	at org.gradle.internal.execution.steps.CaptureStateBeforeExecutionStep.execute(CaptureStateBeforeExecutionStep.java:45)
2026-01-07T08:50:02.9669634Z 	at org.gradle.internal.execution.steps.SkipEmptyWorkStep.executeWithNonEmptySources(SkipEmptyWorkStep.java:177)
2026-01-07T08:50:02.9670975Z 	at org.gradle.internal.execution.steps.SkipEmptyWorkStep.execute(SkipEmptyWorkStep.java:81)
2026-01-07T08:50:02.9672323Z 	at org.gradle.internal.execution.steps.SkipEmptyWorkStep.execute(SkipEmptyWorkStep.java:53)
2026-01-07T08:50:02.9673744Z 	at org.gradle.internal.execution.steps.RemoveUntrackedExecutionStateStep.execute(RemoveUntrackedExecutionStateStep.java:32)
2026-01-07T08:50:02.9675696Z 	at org.gradle.internal.execution.steps.RemoveUntrackedExecutionStateStep.execute(RemoveUntrackedExecutionStateStep.java:21)
2026-01-07T08:50:02.9677433Z 25 actionable tasks: 25 executed
2026-01-07T08:50:02.9699072Z 	at org.gradle.internal.execution.steps.legacy.MarkSnapshottingInputsStartedStep.execute(MarkSnapshottingInputsStartedStep.java:38)
2026-01-07T08:50:02.9710710Z 	at org.gradle.internal.execution.steps.LoadPreviousExecutionStateStep.execute(LoadPreviousExecutionStateStep.java:36)
2026-01-07T08:50:02.9714169Z 	at org.gradle.internal.execution.steps.LoadPreviousExecutionStateStep.execute(LoadPreviousExecutionStateStep.java:23)
2026-01-07T08:50:02.9715656Z 	at org.gradle.internal.execution.steps.CleanupStaleOutputsStep.execute(CleanupStaleOutputsStep.java:75)
2026-01-07T08:50:02.9717015Z 	at org.gradle.internal.execution.steps.CleanupStaleOutputsStep.execute(CleanupStaleOutputsStep.java:41)
2026-01-07T08:50:02.9718396Z 	at org.gradle.internal.execution.steps.AssignWorkspaceStep.lambda$execute$0(AssignWorkspaceStep.java:32)
2026-01-07T08:50:02.9719677Z 	at org.gradle.api.internal.tasks.execution.TaskExecution$4.withWorkspace(TaskExecution.java:287)
2026-01-07T08:50:02.9720898Z 	at org.gradle.internal.execution.steps.AssignWorkspaceStep.execute(AssignWorkspaceStep.java:30)
2026-01-07T08:50:02.9722322Z 	at org.gradle.internal.execution.steps.AssignWorkspaceStep.execute(AssignWorkspaceStep.java:21)
2026-01-07T08:50:02.9723517Z 	at org.gradle.internal.execution.steps.IdentityCacheStep.execute(IdentityCacheStep.java:37)
2026-01-07T08:50:02.9725010Z 	at org.gradle.internal.execution.steps.IdentityCacheStep.execute(IdentityCacheStep.java:27)
2026-01-07T08:50:02.9726095Z 	at org.gradle.internal.execution.steps.IdentifyStep.execute(IdentifyStep.java:42)
2026-01-07T08:50:02.9727094Z 	at org.gradle.internal.execution.steps.IdentifyStep.execute(IdentifyStep.java:31)
2026-01-07T08:50:02.9728252Z 	at org.gradle.internal.execution.impl.DefaultExecutionEngine$1.execute(DefaultExecutionEngine.java:64)
2026-01-07T08:50:02.9729748Z 	at org.gradle.api.internal.tasks.execution.ExecuteActionsTaskExecuter.executeIfValid(ExecuteActionsTaskExecuter.java:146)
2026-01-07T08:50:02.9731337Z 	at org.gradle.api.internal.tasks.execution.ExecuteActionsTaskExecuter.execute(ExecuteActionsTaskExecuter.java:135)
2026-01-07T08:50:02.9733105Z 	at org.gradle.api.internal.tasks.execution.FinalizePropertiesTaskExecuter.execute(FinalizePropertiesTaskExecuter.java:46)
2026-01-07T08:50:02.9734816Z 	at org.gradle.api.internal.tasks.execution.ResolveTaskExecutionModeExecuter.execute(ResolveTaskExecutionModeExecuter.java:51)
2026-01-07T08:50:02.9736499Z 	at org.gradle.api.internal.tasks.execution.SkipTaskWithNoActionsExecuter.execute(SkipTaskWithNoActionsExecuter.java:57)
2026-01-07T08:50:02.9737997Z 	at org.gradle.api.internal.tasks.execution.SkipOnlyIfTaskExecuter.execute(SkipOnlyIfTaskExecuter.java:74)
2026-01-07T08:50:02.9739443Z 	at org.gradle.api.internal.tasks.execution.CatchExceptionTaskExecuter.execute(CatchExceptionTaskExecuter.java:36)
2026-01-07T08:50:02.9740942Z 	at org.gradle.api.internal.tasks.execution.EventFiringTaskExecuter$1.executeTask(EventFiringTaskExecuter.java:77)
2026-01-07T08:50:02.9742532Z 	at org.gradle.api.internal.tasks.execution.EventFiringTaskExecuter$1.call(EventFiringTaskExecuter.java:55)
2026-01-07T08:50:02.9743898Z 	at org.gradle.api.internal.tasks.execution.EventFiringTaskExecuter$1.call(EventFiringTaskExecuter.java:52)
2026-01-07T08:50:02.9745513Z 	at org.gradle.internal.operations.DefaultBuildOperationRunner$CallableBuildOperationWorker.execute(DefaultBuildOperationRunner.java:204)
2026-01-07T08:50:02.9747376Z 	at org.gradle.internal.operations.DefaultBuildOperationRunner$CallableBuildOperationWorker.execute(DefaultBuildOperationRunner.java:199)
2026-01-07T08:50:02.9749030Z 	at org.gradle.internal.operations.DefaultBuildOperationRunner$2.execute(DefaultBuildOperationRunner.java:66)
2026-01-07T08:50:02.9750456Z 	at org.gradle.internal.operations.DefaultBuildOperationRunner$2.execute(DefaultBuildOperationRunner.java:59)
2026-01-07T08:50:02.9752344Z 	at org.gradle.internal.operations.DefaultBuildOperationRunner.execute(DefaultBuildOperationRunner.java:157)
2026-01-07T08:50:02.9753812Z 	at org.gradle.internal.operations.DefaultBuildOperationRunner.execute(DefaultBuildOperationRunner.java:59)
2026-01-07T08:50:02.9786894Z 	at org.gradle.internal.operations.DefaultBuildOperationRunner.call(DefaultBuildOperationRunner.java:53)
2026-01-07T08:50:02.9788361Z 	at org.gradle.internal.operations.DefaultBuildOperationExecutor.call(DefaultBuildOperationExecutor.java:73)
2026-01-07T08:50:02.9789825Z 	at org.gradle.api.internal.tasks.execution.EventFiringTaskExecuter.execute(EventFiringTaskExecuter.java:52)
2026-01-07T08:50:02.9791113Z 	at org.gradle.execution.plan.LocalTaskNodeExecutor.execute(LocalTaskNodeExecutor.java:42)
2026-01-07T08:50:02.9792731Z 	at org.gradle.execution.taskgraph.DefaultTaskExecutionGraph$InvokeNodeExecutorsAction.execute(DefaultTaskExecutionGraph.java:338)
2026-01-07T08:50:02.9794510Z 	at org.gradle.execution.taskgraph.DefaultTaskExecutionGraph$InvokeNodeExecutorsAction.execute(DefaultTaskExecutionGraph.java:325)
2026-01-07T08:50:02.9796336Z 	at org.gradle.execution.taskgraph.DefaultTaskExecutionGraph$BuildOperationAwareExecutionAction.execute(DefaultTaskExecutionGraph.java:318)
2026-01-07T08:50:02.9798291Z 	at org.gradle.execution.taskgraph.DefaultTaskExecutionGraph$BuildOperationAwareExecutionAction.execute(DefaultTaskExecutionGraph.java:304)
2026-01-07T08:50:02.9799902Z 	at org.gradle.execution.plan.DefaultPlanExecutor$ExecutorWorker.execute(DefaultPlanExecutor.java:463)
2026-01-07T08:50:02.9801560Z 	at org.gradle.execution.plan.DefaultPlanExecutor$ExecutorWorker.run(DefaultPlanExecutor.java:380)
2026-01-07T08:50:02.9803165Z 	at org.gradle.internal.concurrent.ExecutorPolicy$CatchAndRecordFailures.onExecute(ExecutorPolicy.java:64)
2026-01-07T08:50:02.9804382Z 	at org.gradle.internal.concurrent.ManagedExecutorImpl$1.run(ManagedExecutorImpl.java:49)
2026-01-07T08:50:02.9805537Z Caused by: com.android.builder.internal.aapt.v2.Aapt2Exception: Android resource linking failed
2026-01-07T08:50:02.9806771Z error: resource style/Widget.Material3.CardView (aka com.genai.app:style/Widget.Material3.CardView) not found.
2026-01-07T08:50:02.9807653Z error: failed linking references.
2026-01-07T08:50:02.9807949Z 
2026-01-07T08:50:02.9808435Z 	at com.android.builder.internal.aapt.v2.Aapt2Exception$Companion.create(Aapt2Exception.kt:45)
2026-01-07T08:50:02.9809613Z 	at com.android.builder.internal.aapt.v2.Aapt2Exception$Companion.create$default(Aapt2Exception.kt:33)
2026-01-07T08:50:02.9810782Z 	at com.android.builder.internal.aapt.v2.Aapt2DaemonImpl.doLink(Aapt2DaemonImpl.kt:188)
2026-01-07T08:50:02.9811785Z 	at com.android.builder.internal.aapt.v2.Aapt2Daemon.link(Aapt2Daemon.kt:124)
2026-01-07T08:50:02.9813090Z 	at com.android.builder.internal.aapt.v2.Aapt2DaemonManager$LeasedAaptDaemon.link(Aapt2DaemonManager.kt:176)
2026-01-07T08:50:02.9814502Z 	at com.android.builder.internal.aapt.v2.Aapt2DaemonManager$leasingAapt2Daemon$1.link(Aapt2DaemonManager.kt:199)
2026-01-07T08:50:02.9816063Z 	at com.android.build.gradle.internal.services.PartialInProcessResourceProcessor.link(PartialInProcessResourceProcessor.kt:51)
2026-01-07T08:50:02.9817803Z 	at com.android.build.gradle.internal.res.Aapt2ProcessResourcesRunnableKt.processResources(Aapt2ProcessResourcesRunnable.kt:74)
2026-01-07T08:50:02.9819698Z 	at com.android.build.gradle.internal.res.LinkApplicationAndroidResourcesTask$Companion.invokeAaptForSplit(LinkApplicationAndroidResourcesTask.kt:941)
2026-01-07T08:50:02.9821758Z 	at com.android.build.gradle.internal.res.LinkApplicationAndroidResourcesTask$Companion.access$invokeAaptForSplit(LinkApplicationAndroidResourcesTask.kt:791)
2026-01-07T08:50:02.9823944Z 	at com.android.build.gradle.internal.res.LinkApplicationAndroidResourcesTask$TaskAction.run(LinkApplicationAndroidResourcesTask.kt:422)
2026-01-07T08:50:02.9825604Z 	at com.android.build.gradle.internal.profile.ProfileAwareWorkAction.execute(ProfileAwareWorkAction.kt:74)
2026-01-07T08:50:02.9827140Z 	at org.gradle.workers.internal.DefaultWorkerServer.execute(DefaultWorkerServer.java:63)
2026-01-07T08:50:02.9828377Z 	at org.gradle.workers.internal.NoIsolationWorkerFactory$1$1.create(NoIsolationWorkerFactory.java:66)
2026-01-07T08:50:02.9829667Z 	at org.gradle.workers.internal.NoIsolationWorkerFactory$1$1.create(NoIsolationWorkerFactory.java:62)
2026-01-07T08:50:02.9830977Z 	at org.gradle.internal.classloader.ClassLoaderUtils.executeInClassloader(ClassLoaderUtils.java:100)
2026-01-07T08:50:02.9832585Z 	at org.gradle.workers.internal.NoIsolationWorkerFactory$1.lambda$execute$0(NoIsolationWorkerFactory.java:62)
2026-01-07T08:50:02.9833728Z 	at org.gradle.workers.internal.AbstractWorker$1.call(AbstractWorker.java:44)
2026-01-07T08:50:02.9834649Z 	at org.gradle.workers.internal.AbstractWorker$1.call(AbstractWorker.java:41)
2026-01-07T08:50:02.9836019Z 	at org.gradle.internal.operations.DefaultBuildOperationRunner$CallableBuildOperationWorker.execute(DefaultBuildOperationRunner.java:204)
2026-01-07T08:50:02.9837869Z 	at org.gradle.internal.operations.DefaultBuildOperationRunner$CallableBuildOperationWorker.execute(DefaultBuildOperationRunner.java:199)
2026-01-07T08:50:02.9839523Z 	at org.gradle.internal.operations.DefaultBuildOperationRunner$2.execute(DefaultBuildOperationRunner.java:66)
2026-01-07T08:50:02.9840953Z 	at org.gradle.internal.operations.DefaultBuildOperationRunner$2.execute(DefaultBuildOperationRunner.java:59)
2026-01-07T08:50:02.9842548Z 	at org.gradle.internal.operations.DefaultBuildOperationRunner.execute(DefaultBuildOperationRunner.java:157)
2026-01-07T08:50:02.9844249Z 	at org.gradle.internal.operations.DefaultBuildOperationRunner.execute(DefaultBuildOperationRunner.java:59)
2026-01-07T08:50:02.9845720Z 	at org.gradle.internal.operations.DefaultBuildOperationRunner.call(DefaultBuildOperationRunner.java:53)
2026-01-07T08:50:02.9847185Z 	at org.gradle.internal.operations.DefaultBuildOperationExecutor.call(DefaultBuildOperationExecutor.java:73)
2026-01-07T08:50:02.9848609Z 	at org.gradle.workers.internal.AbstractWorker.executeWrappedInBuildOperation(AbstractWorker.java:41)
2026-01-07T08:50:02.9849949Z 	at org.gradle.workers.internal.NoIsolationWorkerFactory$1.execute(NoIsolationWorkerFactory.java:59)
2026-01-07T08:50:02.9851296Z 	at org.gradle.workers.internal.DefaultWorkerExecutor.lambda$submitWork$0(DefaultWorkerExecutor.java:169)
2026-01-07T08:50:02.9853091Z 	at org.gradle.internal.work.DefaultConditionalExecutionQueue$ExecutionRunner.runExecution(DefaultConditionalExecutionQueue.java:187)
2026-01-07T08:50:02.9854897Z 	at org.gradle.internal.work.DefaultConditionalExecutionQueue$ExecutionRunner.access$700(DefaultConditionalExecutionQueue.java:120)
2026-01-07T08:50:02.9858628Z 	at org.gradle.internal.work.DefaultConditionalExecutionQueue$ExecutionRunner$1.run(DefaultConditionalExecutionQueue.java:162)
2026-01-07T08:50:02.9859829Z 	at org.gradle.internal.Factories$1.create(Factories.java:31)
2026-01-07T08:50:02.9860842Z 	at org.gradle.internal.work.DefaultWorkerLeaseService.withLocks(DefaultWorkerLeaseService.java:249)
2026-01-07T08:50:02.9862358Z 	at org.gradle.internal.work.DefaultWorkerLeaseService.runAsWorkerThread(DefaultWorkerLeaseService.java:109)
2026-01-07T08:50:02.9863802Z 	at org.gradle.internal.work.DefaultWorkerLeaseService.runAsWorkerThread(DefaultWorkerLeaseService.java:114)
2026-01-07T08:50:02.9865382Z 	at org.gradle.internal.work.DefaultConditionalExecutionQueue$ExecutionRunner.runBatch(DefaultConditionalExecutionQueue.java:157)
2026-01-07T08:50:02.9867072Z 	at org.gradle.internal.work.DefaultConditionalExecutionQueue$ExecutionRunner.run(DefaultConditionalExecutionQueue.java:126)
2026-01-07T08:50:02.9868094Z 	... 2 more
2026-01-07T08:50:02.9869481Z 	Suppressed: java.lang.NullPointerException: Parameter specified as non-null is null: method com.android.ide.common.resources.RelativeResourceUtils.getRelativeSourceSetPath, parameter resourceFile
2026-01-07T08:50:02.9871483Z 		at com.android.ide.common.resources.RelativeResourceUtils.getRelativeSourceSetPath(RelativeResourceUtils.kt)
2026-01-07T08:50:02.9873406Z 		at com.android.ide.common.blame.MergingLog.getPositionMap(MergingLog.java:229)
2026-01-07T08:50:02.9874362Z 		at com.android.ide.common.blame.MergingLog.find(MergingLog.java:213)
2026-01-07T08:50:02.9875476Z 		at com.android.build.gradle.internal.res.Aapt2ErrorUtils$rewriteLinkException$2.invoke(Aapt2ErrorUtils.kt:136)
2026-01-07T08:50:02.9876876Z 		at com.android.build.gradle.internal.res.Aapt2ErrorUtils$rewriteLinkException$2.invoke(Aapt2ErrorUtils.kt:133)
2026-01-07T08:50:02.9878232Z 		at com.android.build.gradle.internal.res.Aapt2ErrorUtils.rewritePositions(Aapt2ErrorUtils.kt:278)
2026-01-07T08:50:02.9879490Z 		at com.android.build.gradle.internal.res.Aapt2ErrorUtils.rewriteException(Aapt2ErrorUtils.kt:235)
2026-01-07T08:50:02.9880794Z 		at com.android.build.gradle.internal.res.Aapt2ErrorUtils.rewriteLinkException(Aapt2ErrorUtils.kt:133)
2026-01-07T08:50:02.9885979Z 		at com.android.build.gradle.internal.res.Aapt2ProcessResourcesRunnableKt.processResources(Aapt2ProcessResourcesRunnable.kt:76)
2026-01-07T08:50:02.9887964Z 		at com.android.build.gradle.internal.res.LinkApplicationAndroidResourcesTask$Companion.invokeAaptForSplit(LinkApplicationAndroidResourcesTask.kt:941)
2026-01-07T08:50:02.9890058Z 		at com.android.build.gradle.internal.res.LinkApplicationAndroidResourcesTask$Companion.access$invokeAaptForSplit(LinkApplicationAndroidResourcesTask.kt:791)
2026-01-07T08:50:02.9892247Z 		at com.android.build.gradle.internal.res.LinkApplicationAndroidResourcesTask$TaskAction.run(LinkApplicationAndroidResourcesTask.kt:422)
2026-01-07T08:50:02.9894604Z 		at com.android.build.gradle.internal.profile.ProfileAwareWorkAction.execute(ProfileAwareWorkAction.kt:74)
2026-01-07T08:50:02.9895862Z 		at org.gradle.workers.internal.DefaultWorkerServer.execute(DefaultWorkerServer.java:63)
2026-01-07T08:50:02.9897052Z 		at org.gradle.workers.internal.NoIsolationWorkerFactory$1$1.create(NoIsolationWorkerFactory.java:66)
2026-01-07T08:50:02.9898322Z 		at org.gradle.workers.internal.NoIsolationWorkerFactory$1$1.create(NoIsolationWorkerFactory.java:62)
2026-01-07T08:50:02.9899617Z 		at org.gradle.internal.classloader.ClassLoaderUtils.executeInClassloader(ClassLoaderUtils.java:100)
2026-01-07T08:50:02.9900953Z 		at org.gradle.workers.internal.NoIsolationWorkerFactory$1.lambda$execute$0(NoIsolationWorkerFactory.java:62)
2026-01-07T08:50:02.9902288Z 		at org.gradle.workers.internal.AbstractWorker$1.call(AbstractWorker.java:44)
2026-01-07T08:50:02.9903277Z 		at org.gradle.workers.internal.AbstractWorker$1.call(AbstractWorker.java:41)
2026-01-07T08:50:02.9904682Z 		at org.gradle.internal.operations.DefaultBuildOperationRunner$CallableBuildOperationWorker.execute(DefaultBuildOperationRunner.java:204)
2026-01-07T08:50:02.9906533Z 		at org.gradle.internal.operations.DefaultBuildOperationRunner$CallableBuildOperationWorker.execute(DefaultBuildOperationRunner.java:199)
2026-01-07T08:50:02.9908153Z 		at org.gradle.internal.operations.DefaultBuildOperationRunner$2.execute(DefaultBuildOperationRunner.java:66)
2026-01-07T08:50:02.9909547Z 		at org.gradle.internal.operations.DefaultBuildOperationRunner$2.execute(DefaultBuildOperationRunner.java:59)
2026-01-07T08:50:02.9910884Z 		at org.gradle.internal.operations.DefaultBuildOperationRunner.execute(DefaultBuildOperationRunner.java:157)
2026-01-07T08:50:02.9915262Z 		at org.gradle.internal.operations.DefaultBuildOperationRunner.execute(DefaultBuildOperationRunner.java:59)
2026-01-07T08:50:02.9916714Z 		at org.gradle.internal.operations.DefaultBuildOperationRunner.call(DefaultBuildOperationRunner.java:53)
2026-01-07T08:50:02.9918153Z 		at org.gradle.internal.operations.DefaultBuildOperationExecutor.call(DefaultBuildOperationExecutor.java:73)
2026-01-07T08:50:02.9919559Z 		at org.gradle.workers.internal.AbstractWorker.executeWrappedInBuildOperation(AbstractWorker.java:41)
2026-01-07T08:50:02.9920856Z 		at org.gradle.workers.internal.NoIsolationWorkerFactory$1.execute(NoIsolationWorkerFactory.java:59)
2026-01-07T08:50:02.9922574Z 		at org.gradle.workers.internal.DefaultWorkerExecutor.lambda$submitWork$0(DefaultWorkerExecutor.java:169)
2026-01-07T08:50:02.9923646Z 		at java.base/java.util.concurrent.FutureTask.run(FutureTask.java:264)
2026-01-07T08:50:02.9924860Z 		at org.gradle.internal.work.DefaultConditionalExecutionQueue$ExecutionRunner.runExecution(DefaultConditionalExecutionQueue.java:187)
2026-01-07T08:50:02.9926568Z 		at org.gradle.internal.work.DefaultConditionalExecutionQueue$ExecutionRunner.access$700(DefaultConditionalExecutionQueue.java:120)
2026-01-07T08:50:02.9928244Z 		at org.gradle.internal.work.DefaultConditionalExecutionQueue$ExecutionRunner$1.run(DefaultConditionalExecutionQueue.java:162)
2026-01-07T08:50:02.9929440Z 		at org.gradle.internal.Factories$1.create(Factories.java:31)
2026-01-07T08:50:02.9930421Z 		at org.gradle.internal.work.DefaultWorkerLeaseService.withLocks(DefaultWorkerLeaseService.java:249)
2026-01-07T08:50:02.9931797Z 		at org.gradle.internal.work.DefaultWorkerLeaseService.runAsWorkerThread(DefaultWorkerLeaseService.java:109)
2026-01-07T08:50:02.9933415Z 		at org.gradle.internal.work.DefaultWorkerLeaseService.runAsWorkerThread(DefaultWorkerLeaseService.java:114)
2026-01-07T08:50:02.9934980Z 		at org.gradle.internal.work.DefaultConditionalExecutionQueue$ExecutionRunner.runBatch(DefaultConditionalExecutionQueue.java:157)
2026-01-07T08:50:02.9938438Z 		at org.gradle.internal.work.DefaultConditionalExecutionQueue$ExecutionRunner.run(DefaultConditionalExecutionQueue.java:126)
2026-01-07T08:50:02.9939758Z 		at java.base/java.util.concurrent.Executors$RunnableAdapter.call(Executors.java:539)
2026-01-07T08:50:02.9940906Z 		at java.base/java.util.concurrent.FutureTask.run(FutureTask.java:264)
2026-01-07T08:50:02.9941968Z 		at org.gradle.internal.concurrent.ExecutorPolicy$CatchAndRecordFailures.onExecute(ExecutorPolicy.java:64)
2026-01-07T08:50:02.9943332Z 		at org.gradle.internal.concurrent.ManagedExecutorImpl$1.run(ManagedExecutorImpl.java:49)
2026-01-07T08:50:02.9944432Z 		at java.base/java.util.concurrent.ThreadPoolExecutor.runWorker(ThreadPoolExecutor.java:1136)
2026-01-07T08:50:02.9945518Z 		at java.base/java.util.concurrent.ThreadPoolExecutor$Worker.run(ThreadPoolExecutor.java:635)
2026-01-07T08:50:02.9946389Z 		at java.base/java.lang.Thread.run(Thread.java:840)
2026-01-07T08:50:02.9946769Z 
2026-01-07T08:50:02.9946777Z 
2026-01-07T08:50:02.9946985Z * Get more help at https://help.gradle.org
2026-01-07T08:50:02.9947334Z 
2026-01-07T08:50:02.9947469Z BUILD FAILED in 27s
2026-01-07T08:50:03.4754298Z ##[error]Process completed with exit code 1.
2026-01-07T08:50:03.4865440Z Post job cleanup.
2026-01-07T08:50:03.6688765Z Post job cleanup.
2026-01-07T08:50:03.7737573Z [command]/usr/bin/git version
2026-01-07T08:50:03.7782340Z git version 2.52.0
2026-01-07T08:50:03.7831461Z Temporarily overriding HOME='/home/runner/work/_temp/a8fb0a4b-2fad-4dd5-a82b-426f042282d6' before making global git config changes
2026-01-07T08:50:03.7832801Z Adding repository directory to the temporary git global config as a safe directory
2026-01-07T08:50:03.7843865Z [command]/usr/bin/git config --global --add safe.directory /home/runner/work/GenAIAgent/GenAIAgent
2026-01-07T08:50:03.7881295Z [command]/usr/bin/git config --local --name-only --get-regexp core\.sshCommand
2026-01-07T08:50:03.7917085Z [command]/usr/bin/git submodule foreach --recursive sh -c "git config --local --name-only --get-regexp 'core\.sshCommand' && git config --local --unset-all 'core.sshCommand' || :"
2026-01-07T08:50:03.8150816Z [command]/usr/bin/git config --local --name-only --get-regexp http\.https\:\/\/github\.com\/\.extraheader
2026-01-07T08:50:03.8177724Z http.https://github.com/.extraheader
2026-01-07T08:50:03.8190992Z [command]/usr/bin/git config --local --unset-all http.https://github.com/.extraheader
2026-01-07T08:50:03.8224212Z [command]/usr/bin/git submodule foreach --recursive sh -c "git config --local --name-only --get-regexp 'http\.https\:\/\/github\.com\/\.extraheader' && git config --local --unset-all 'http.https://github.com/.extraheader' || :"
2026-01-07T08:50:03.8454541Z [command]/usr/bin/git config --local --name-only --get-regexp ^includeIf\.gitdir:
2026-01-07T08:50:03.8487536Z [command]/usr/bin/git submodule foreach --recursive git config --local --show-origin --name-only --get-regexp remote.origin.url
2026-01-07T08:50:03.8828613Z Cleaning up orphan processes
2026-01-07T08:50:03.9110119Z Terminate orphan process: pid (2171) (java)