2026-01-07T07:58:14.4077538Z Current runner version: '2.330.0'
2026-01-07T07:58:14.4112520Z ##[group]Runner Image Provisioner
2026-01-07T07:58:14.4113798Z Hosted Compute Agent
2026-01-07T07:58:14.4114773Z Version: 20251211.462
2026-01-07T07:58:14.4116072Z Commit: 6cbad8c2bb55d58165063d031ccabf57e2d2db61
2026-01-07T07:58:14.4117243Z Build Date: 2025-12-11T16:28:49Z
2026-01-07T07:58:14.4118427Z Worker ID: {51703667-4615-4bdc-8fc7-2fc4592c8024}
2026-01-07T07:58:14.4119627Z ##[endgroup]
2026-01-07T07:58:14.4120791Z ##[group]Operating System
2026-01-07T07:58:14.4121884Z Ubuntu
2026-01-07T07:58:14.4122768Z 24.04.3
2026-01-07T07:58:14.4123542Z LTS
2026-01-07T07:58:14.4124318Z ##[endgroup]
2026-01-07T07:58:14.4125125Z ##[group]Runner Image
2026-01-07T07:58:14.4126064Z Image: ubuntu-24.04
2026-01-07T07:58:14.4127133Z Version: 20251215.174.1
2026-01-07T07:58:14.4129011Z Included Software: https://github.com/actions/runner-images/blob/ubuntu24/20251215.174/images/ubuntu/Ubuntu2404-Readme.md
2026-01-07T07:58:14.4132141Z Image Release: https://github.com/actions/runner-images/releases/tag/ubuntu24%2F20251215.174
2026-01-07T07:58:14.4133957Z ##[endgroup]
2026-01-07T07:58:14.4136030Z ##[group]GITHUB_TOKEN Permissions
2026-01-07T07:58:14.4139127Z Contents: read
2026-01-07T07:58:14.4140345Z Metadata: read
2026-01-07T07:58:14.4141311Z Packages: read
2026-01-07T07:58:14.4142274Z ##[endgroup]
2026-01-07T07:58:14.4145744Z Secret source: Actions
2026-01-07T07:58:14.4147427Z Prepare workflow directory
2026-01-07T07:58:14.4618530Z Prepare all required actions
2026-01-07T07:58:14.4677635Z Getting action download info
2026-01-07T07:58:14.7300743Z Download action repository 'actions/checkout@v4' (SHA:34e114876b0b11c390a56381ad16ebd13914f8d5)
2026-01-07T07:58:14.8669717Z Download action repository 'actions/setup-java@v4' (SHA:c1e323688fd81a25caa38c78aa6df2d33d3e20d9)
2026-01-07T07:58:15.3645686Z Download action repository 'actions/upload-artifact@v4' (SHA:ea165f8d65b6e75b540449e92b4886f43607fa02)
2026-01-07T07:58:15.5799248Z Complete job name: build
2026-01-07T07:58:15.6493746Z ##[group]Run actions/checkout@v4
2026-01-07T07:58:15.6494669Z with:
2026-01-07T07:58:15.6495088Z   repository: xyraofficial/GenAIAgent
2026-01-07T07:58:15.6495774Z   token: ***
2026-01-07T07:58:15.6496164Z   ssh-strict: true
2026-01-07T07:58:15.6496573Z   ssh-user: git
2026-01-07T07:58:15.6496990Z   persist-credentials: true
2026-01-07T07:58:15.6497444Z   clean: true
2026-01-07T07:58:15.6497848Z   sparse-checkout-cone-mode: true
2026-01-07T07:58:15.6498335Z   fetch-depth: 1
2026-01-07T07:58:15.6498731Z   fetch-tags: false
2026-01-07T07:58:15.6499132Z   show-progress: true
2026-01-07T07:58:15.6499546Z   lfs: false
2026-01-07T07:58:15.6499921Z   submodules: false
2026-01-07T07:58:15.6500496Z   set-safe-directory: true
2026-01-07T07:58:15.6501193Z ##[endgroup]
2026-01-07T07:58:15.7602981Z Syncing repository: xyraofficial/GenAIAgent
2026-01-07T07:58:15.7605747Z ##[group]Getting Git version info
2026-01-07T07:58:15.7607052Z Working directory is '/home/runner/work/GenAIAgent/GenAIAgent'
2026-01-07T07:58:15.7608859Z [command]/usr/bin/git version
2026-01-07T07:58:15.7680720Z git version 2.52.0
2026-01-07T07:58:15.7708332Z ##[endgroup]
2026-01-07T07:58:15.7730814Z Temporarily overriding HOME='/home/runner/work/_temp/a3997775-c40c-4d09-856e-4cf55e8afe10' before making global git config changes
2026-01-07T07:58:15.7733238Z Adding repository directory to the temporary git global config as a safe directory
2026-01-07T07:58:15.7737160Z [command]/usr/bin/git config --global --add safe.directory /home/runner/work/GenAIAgent/GenAIAgent
2026-01-07T07:58:15.7775956Z Deleting the contents of '/home/runner/work/GenAIAgent/GenAIAgent'
2026-01-07T07:58:15.7779780Z ##[group]Initializing the repository
2026-01-07T07:58:15.7784649Z [command]/usr/bin/git init /home/runner/work/GenAIAgent/GenAIAgent
2026-01-07T07:58:15.7911612Z hint: Using 'master' as the name for the initial branch. This default branch name
2026-01-07T07:58:15.7913058Z hint: will change to "main" in Git 3.0. To configure the initial branch name
2026-01-07T07:58:15.7914501Z hint: to use in all of your new repositories, which will suppress this warning,
2026-01-07T07:58:15.7915460Z hint: call:
2026-01-07T07:58:15.7915961Z hint:
2026-01-07T07:58:15.7916918Z hint: 	git config --global init.defaultBranch <name>
2026-01-07T07:58:15.7918298Z hint:
2026-01-07T07:58:15.7919467Z hint: Names commonly chosen instead of 'master' are 'main', 'trunk' and
2026-01-07T07:58:15.7921312Z hint: 'development'. The just-created branch can be renamed via this command:
2026-01-07T07:58:15.7922217Z hint:
2026-01-07T07:58:15.7922831Z hint: 	git branch -m <name>
2026-01-07T07:58:15.7923462Z hint:
2026-01-07T07:58:15.7924077Z hint: Disable this message with "git config set advice.defaultBranchName false"
2026-01-07T07:58:15.7925087Z Initialized empty Git repository in /home/runner/work/GenAIAgent/GenAIAgent/.git/
2026-01-07T07:58:15.7928489Z [command]/usr/bin/git remote add origin https://github.com/xyraofficial/GenAIAgent
2026-01-07T07:58:15.7962085Z ##[endgroup]
2026-01-07T07:58:15.7963412Z ##[group]Disabling automatic garbage collection
2026-01-07T07:58:15.7966917Z [command]/usr/bin/git config --local gc.auto 0
2026-01-07T07:58:15.7995901Z ##[endgroup]
2026-01-07T07:58:15.7997156Z ##[group]Setting up auth
2026-01-07T07:58:15.8003735Z [command]/usr/bin/git config --local --name-only --get-regexp core\.sshCommand
2026-01-07T07:58:15.8034685Z [command]/usr/bin/git submodule foreach --recursive sh -c "git config --local --name-only --get-regexp 'core\.sshCommand' && git config --local --unset-all 'core.sshCommand' || :"
2026-01-07T07:58:15.8376290Z [command]/usr/bin/git config --local --name-only --get-regexp http\.https\:\/\/github\.com\/\.extraheader
2026-01-07T07:58:15.8405091Z [command]/usr/bin/git submodule foreach --recursive sh -c "git config --local --name-only --get-regexp 'http\.https\:\/\/github\.com\/\.extraheader' && git config --local --unset-all 'http.https://github.com/.extraheader' || :"
2026-01-07T07:58:15.8620297Z [command]/usr/bin/git config --local --name-only --get-regexp ^includeIf\.gitdir:
2026-01-07T07:58:15.8651209Z [command]/usr/bin/git submodule foreach --recursive git config --local --show-origin --name-only --get-regexp remote.origin.url
2026-01-07T07:58:15.8872430Z [command]/usr/bin/git config --local http.https://github.com/.extraheader AUTHORIZATION: basic ***
2026-01-07T07:58:15.8905365Z ##[endgroup]
2026-01-07T07:58:15.8906194Z ##[group]Fetching the repository
2026-01-07T07:58:15.8914090Z [command]/usr/bin/git -c protocol.version=2 fetch --no-tags --prune --no-recurse-submodules --depth=1 origin +5ea49dec7b9a43a295fb9e785e54f990fe97938b:refs/remotes/origin/main
2026-01-07T07:58:16.2918164Z From https://github.com/xyraofficial/GenAIAgent
2026-01-07T07:58:16.2920523Z  * [new ref]         5ea49dec7b9a43a295fb9e785e54f990fe97938b -> origin/main
2026-01-07T07:58:16.2950620Z ##[endgroup]
2026-01-07T07:58:16.2951657Z ##[group]Determining the checkout info
2026-01-07T07:58:16.2953293Z ##[endgroup]
2026-01-07T07:58:16.2958000Z [command]/usr/bin/git sparse-checkout disable
2026-01-07T07:58:16.2997640Z [command]/usr/bin/git config --local --unset-all extensions.worktreeConfig
2026-01-07T07:58:16.3025406Z ##[group]Checking out the ref
2026-01-07T07:58:16.3029446Z [command]/usr/bin/git checkout --progress --force -B main refs/remotes/origin/main
2026-01-07T07:58:16.3288254Z Switched to a new branch 'main'
2026-01-07T07:58:16.3290032Z branch 'main' set up to track 'origin/main'.
2026-01-07T07:58:16.3298388Z ##[endgroup]
2026-01-07T07:58:16.3334188Z [command]/usr/bin/git log -1 --format=%H
2026-01-07T07:58:16.3356573Z 5ea49dec7b9a43a295fb9e785e54f990fe97938b
2026-01-07T07:58:16.3731448Z ##[group]Run actions/setup-java@v4
2026-01-07T07:58:16.3733101Z with:
2026-01-07T07:58:16.3734327Z   java-version: 17
2026-01-07T07:58:16.3735706Z   distribution: temurin
2026-01-07T07:58:16.3736993Z   cache: gradle
2026-01-07T07:58:16.3738257Z   java-package: jdk
2026-01-07T07:58:16.3739721Z   check-latest: false
2026-01-07T07:58:16.3741521Z   server-id: github
2026-01-07T07:58:16.3743028Z   server-username: GITHUB_ACTOR
2026-01-07T07:58:16.3744951Z   server-password: GITHUB_TOKEN
2026-01-07T07:58:16.3746695Z   overwrite-settings: true
2026-01-07T07:58:16.3748313Z   job-status: success
2026-01-07T07:58:16.3750383Z   token: ***
2026-01-07T07:58:16.3751640Z ##[endgroup]
2026-01-07T07:58:16.5816939Z ##[group]Installed distributions
2026-01-07T07:58:16.6160066Z Resolved Java 17.0.17+10 from tool-cache
2026-01-07T07:58:16.6161817Z Setting Java 17.0.17+10 as the default
2026-01-07T07:58:16.6174065Z Creating toolchains.xml for JDK version 17 from temurin
2026-01-07T07:58:16.6252040Z Writing to /home/runner/.m2/toolchains.xml
2026-01-07T07:58:16.6253558Z 
2026-01-07T07:58:16.6254208Z Java configuration:
2026-01-07T07:58:16.6255769Z   Distribution: temurin
2026-01-07T07:58:16.6257362Z   Version: 17.0.17+10
2026-01-07T07:58:16.6259068Z   Path: /opt/hostedtoolcache/Java_Temurin-Hotspot_jdk/17.0.17-10/x64
2026-01-07T07:58:16.6261448Z 
2026-01-07T07:58:16.6263147Z ##[endgroup]
2026-01-07T07:58:16.6279748Z Creating settings.xml with server-id: github
2026-01-07T07:58:16.6281588Z Writing to /home/runner/.m2/settings.xml
2026-01-07T07:58:16.7967693Z gradle cache is not found
2026-01-07T07:58:16.8096343Z ##[group]Run chmod +x gradlew
2026-01-07T07:58:16.8097265Z [36;1mchmod +x gradlew[0m
2026-01-07T07:58:16.8136342Z shell: /usr/bin/bash -e {0}
2026-01-07T07:58:16.8137151Z env:
2026-01-07T07:58:16.8138110Z   JAVA_HOME: /opt/hostedtoolcache/Java_Temurin-Hotspot_jdk/17.0.17-10/x64
2026-01-07T07:58:16.8139658Z   JAVA_HOME_17_X64: /opt/hostedtoolcache/Java_Temurin-Hotspot_jdk/17.0.17-10/x64
2026-01-07T07:58:16.8141398Z ##[endgroup]
2026-01-07T07:58:16.8294037Z ##[group]Run ./gradlew assembleDebug --stacktrace
2026-01-07T07:58:16.8295150Z [36;1m./gradlew assembleDebug --stacktrace[0m
2026-01-07T07:58:16.8326931Z shell: /usr/bin/bash -e {0}
2026-01-07T07:58:16.8327708Z env:
2026-01-07T07:58:16.8328644Z   JAVA_HOME: /opt/hostedtoolcache/Java_Temurin-Hotspot_jdk/17.0.17-10/x64
2026-01-07T07:58:16.8330363Z   JAVA_HOME_17_X64: /opt/hostedtoolcache/Java_Temurin-Hotspot_jdk/17.0.17-10/x64
2026-01-07T07:58:16.8331919Z   SUPABASE_URL: ***
2026-01-07T07:58:16.8335708Z   SUPABASE_ANON_KEY: ***
2026-01-07T07:58:16.8338469Z   OPENAI_API_KEY: ***
2026-01-07T07:58:16.8339164Z ##[endgroup]
2026-01-07T07:58:18.4284491Z Downloading https://services.gradle.org/distributions/gradle-8.0-bin.zip
2026-01-07T07:58:20.8229532Z ...........10%............20%............30%............40%............50%............60%...........70%............80%............90%............100%
2026-01-07T07:58:21.9838393Z 
2026-01-07T07:58:21.9839617Z Welcome to Gradle 8.0!
2026-01-07T07:58:21.9847038Z 
2026-01-07T07:58:21.9847995Z For more details see https://docs.gradle.org/8.0/release-notes.html
2026-01-07T07:58:21.9849003Z 
2026-01-07T07:58:22.1793572Z Starting a Gradle Daemon (subsequent builds will be faster)
2026-01-07T07:58:58.0795760Z Checking the license for package Android SDK Build-Tools 30.0.3 in /usr/local/lib/android/sdk/licenses
2026-01-07T07:58:58.0805955Z License for package Android SDK Build-Tools 30.0.3 accepted.
2026-01-07T07:58:58.0809400Z Preparing "Install Android SDK Build-Tools 30.0.3 (revision: 30.0.3)".
2026-01-07T07:58:59.0792769Z "Install Android SDK Build-Tools 30.0.3 (revision: 30.0.3)" ready.
2026-01-07T07:58:59.0794034Z Installing Android SDK Build-Tools 30.0.3 in /usr/local/lib/android/sdk/build-tools/30.0.3
2026-01-07T07:58:59.0796794Z "Install Android SDK Build-Tools 30.0.3 (revision: 30.0.3)" complete.
2026-01-07T07:58:59.5799037Z "Install Android SDK Build-Tools 30.0.3 (revision: 30.0.3)" finished.
2026-01-07T07:58:59.5800259Z Checking the license for package Android SDK Platform 33 in /usr/local/lib/android/sdk/licenses
2026-01-07T07:58:59.5801847Z License for package Android SDK Platform 33 accepted.
2026-01-07T07:58:59.5804872Z Preparing "Install Android SDK Platform 33 (revision: 3)".
2026-01-07T07:59:02.2797798Z "Install Android SDK Platform 33 (revision: 3)" ready.
2026-01-07T07:59:02.2801254Z Installing Android SDK Platform 33 in /usr/local/lib/android/sdk/platforms/android-33
2026-01-07T07:59:02.2807035Z "Install Android SDK Platform 33 (revision: 3)" complete.
2026-01-07T07:59:02.2810718Z "Install Android SDK Platform 33 (revision: 3)" finished.
2026-01-07T07:59:02.5824647Z > Task :app:preBuild UP-TO-DATE
2026-01-07T07:59:02.5827384Z > Task :app:preDebugBuild UP-TO-DATE
2026-01-07T07:59:02.5829860Z > Task :app:mergeDebugNativeDebugMetadata NO-SOURCE
2026-01-07T07:59:02.6794204Z > Task :app:generateDebugBuildConfig
2026-01-07T07:59:12.3796114Z > Task :app:checkDebugAarMetadata FAILED
2026-01-07T07:59:12.3848668Z 
2026-01-07T07:59:12.3849509Z FAILURE: Build failed with an exception.
2026-01-07T07:59:12.3850311Z 
2026-01-07T07:59:12.3850683Z * What went wrong:
2026-01-07T07:59:12.3851338Z Execution failed for task ':app:checkDebugAarMetadata'.
2026-01-07T07:59:12.3852685Z > Configuration `:app:debugRuntimeClasspath` contains AndroidX dependencies, but the `android.useAndroidX` property is not enabled, which may cause runtime issues.
2026-01-07T07:59:12.3854084Z   Set `android.useAndroidX=true` in the `gradle.properties` file and retry.
2026-01-07T07:59:12.3854794Z   The following AndroidX dependencies are detected:
2026-01-07T07:59:12.3855466Z   :app:debugRuntimeClasspath -> androidx.core:core-ktx:1.10.1
2026-01-07T07:59:12.3856502Z   :app:debugRuntimeClasspath -> com.google.android.material:material:1.9.0 -> androidx.annotation:annotation:1.6.0
2026-01-07T07:59:12.3858068Z   :app:debugRuntimeClasspath -> com.google.android.material:material:1.9.0 -> androidx.annotation:annotation:1.6.0 -> androidx.annotation:annotation-jvm:1.6.0
2026-01-07T07:59:12.3859967Z   :app:debugRuntimeClasspath -> com.google.android.material:material:1.9.0 -> androidx.core:core:1.10.1
2026-01-07T07:59:12.3861525Z   :app:debugRuntimeClasspath -> com.google.android.material:material:1.9.0 -> androidx.annotation:annotation-experimental:1.3.0
2026-01-07T07:59:12.3863133Z   :app:debugRuntimeClasspath -> androidx.appcompat:appcompat:1.6.1 -> androidx.appcompat:appcompat-resources:1.6.1 -> androidx.collection:collection:1.1.0
2026-01-07T07:59:12.3864847Z   :app:debugRuntimeClasspath -> com.google.android.material:material:1.9.0 -> androidx.core:core:1.10.1 -> androidx.concurrent:concurrent-futures:1.0.0
2026-01-07T07:59:12.3866873Z   :app:debugRuntimeClasspath -> androidx.appcompat:appcompat:1.6.1 -> androidx.appcompat:appcompat-resources:1.6.1 -> androidx.vectordrawable:vectordrawable-animated:1.1.0 -> androidx.interpolator:interpolator:1.0.0
2026-01-07T07:59:12.3868849Z   :app:debugRuntimeClasspath -> com.google.android.material:material:1.9.0 -> androidx.lifecycle:lifecycle-runtime:2.5.1
2026-01-07T07:59:12.3870601Z   :app:debugRuntimeClasspath -> androidx.appcompat:appcompat:1.6.1 -> androidx.savedstate:savedstate:1.2.0 -> androidx.arch.core:core-common:2.1.0
2026-01-07T07:59:12.3872387Z   :app:debugRuntimeClasspath -> com.google.android.material:material:1.9.0 -> androidx.lifecycle:lifecycle-runtime:2.5.1 -> androidx.arch.core:core-runtime:2.1.0
2026-01-07T07:59:12.3874142Z   :app:debugRuntimeClasspath -> androidx.appcompat:appcompat:1.6.1 -> androidx.savedstate:savedstate:1.2.0 -> androidx.lifecycle:lifecycle-common:2.5.1
2026-01-07T07:59:12.3875937Z   :app:debugRuntimeClasspath -> com.google.android.material:material:1.9.0 -> androidx.core:core:1.10.1 -> androidx.versionedparcelable:versionedparcelable:1.1.1
2026-01-07T07:59:12.3876729Z   :app:debugRuntimeClasspath -> androidx.appcompat:appcompat:1.6.1
2026-01-07T07:59:12.3877271Z   :app:debugRuntimeClasspath -> androidx.appcompat:appcompat:1.6.1 -> androidx.activity:activity:1.6.0
2026-01-07T07:59:12.3877953Z   :app:debugRuntimeClasspath -> androidx.appcompat:appcompat:1.6.1 -> androidx.lifecycle:lifecycle-viewmodel:2.5.1
2026-01-07T07:59:12.3879412Z   :app:debugRuntimeClasspath -> com.google.android.material:material:1.9.0 -> androidx.fragment:fragment:1.3.6 -> androidx.lifecycle:lifecycle-viewmodel-savedstate:2.5.1
2026-01-07T07:59:12.3881443Z   :app:debugRuntimeClasspath -> com.google.android.material:material:1.9.0 -> androidx.fragment:fragment:1.3.6 -> androidx.lifecycle:lifecycle-livedata-core:2.5.1
2026-01-07T07:59:12.3883248Z   :app:debugRuntimeClasspath -> androidx.appcompat:appcompat:1.6.1 -> androidx.savedstate:savedstate:1.2.0
2026-01-07T07:59:12.3884634Z   :app:debugRuntimeClasspath -> androidx.appcompat:appcompat:1.6.1 -> androidx.activity:activity:1.6.0 -> androidx.tracing:tracing:1.0.0
2026-01-07T07:59:12.3886046Z   :app:debugRuntimeClasspath -> androidx.appcompat:appcompat:1.6.1 -> androidx.appcompat:appcompat-resources:1.6.1
2026-01-07T07:59:12.3887404Z   :app:debugRuntimeClasspath -> com.google.android.material:material:1.9.0 -> androidx.vectordrawable:vectordrawable:1.1.0
2026-01-07T07:59:12.3889053Z   :app:debugRuntimeClasspath -> androidx.appcompat:appcompat:1.6.1 -> androidx.appcompat:appcompat-resources:1.6.1 -> androidx.vectordrawable:vectordrawable-animated:1.1.0
2026-01-07T07:59:12.3890852Z   :app:debugRuntimeClasspath -> androidx.appcompat:appcompat:1.6.1 -> androidx.cursoradapter:cursoradapter:1.0.0
2026-01-07T07:59:12.3892180Z   :app:debugRuntimeClasspath -> com.google.android.material:material:1.9.0 -> androidx.drawerlayout:drawerlayout:1.1.1
2026-01-07T07:59:12.3893743Z   :app:debugRuntimeClasspath -> com.google.android.material:material:1.9.0 -> androidx.drawerlayout:drawerlayout:1.1.1 -> androidx.customview:customview:1.1.0
2026-01-07T07:59:12.3895191Z   :app:debugRuntimeClasspath -> androidx.appcompat:appcompat:1.6.1 -> androidx.emoji2:emoji2:1.2.0
2026-01-07T07:59:12.3896781Z   :app:debugRuntimeClasspath -> androidx.appcompat:appcompat:1.6.1 -> androidx.emoji2:emoji2:1.2.0 -> androidx.lifecycle:lifecycle-process:2.4.1
2026-01-07T07:59:12.3898386Z   :app:debugRuntimeClasspath -> androidx.appcompat:appcompat:1.6.1 -> androidx.emoji2:emoji2:1.2.0 -> androidx.startup:startup-runtime:1.1.1
2026-01-07T07:59:12.3899805Z   :app:debugRuntimeClasspath -> androidx.appcompat:appcompat:1.6.1 -> androidx.emoji2:emoji2-views-helper:1.2.0
2026-01-07T07:59:12.3901279Z   :app:debugRuntimeClasspath -> com.google.android.material:material:1.9.0 -> androidx.fragment:fragment:1.3.6
2026-01-07T07:59:12.3902750Z   :app:debugRuntimeClasspath -> com.google.android.material:material:1.9.0 -> androidx.fragment:fragment:1.3.6 -> androidx.viewpager:viewpager:1.0.0
2026-01-07T07:59:12.3904304Z   :app:debugRuntimeClasspath -> com.google.android.material:material:1.9.0 -> androidx.fragment:fragment:1.3.6 -> androidx.loader:loader:1.0.0
2026-01-07T07:59:12.3905974Z   :app:debugRuntimeClasspath -> com.google.android.material:material:1.9.0 -> androidx.fragment:fragment:1.3.6 -> androidx.loader:loader:1.0.0 -> androidx.lifecycle:lifecycle-livedata:2.0.0
2026-01-07T07:59:12.3907761Z   :app:debugRuntimeClasspath -> androidx.appcompat:appcompat:1.6.1 -> androidx.resourceinspection:resourceinspection-annotation:1.0.1
2026-01-07T07:59:12.3909008Z   :app:debugRuntimeClasspath -> com.google.android.material:material:1.9.0
2026-01-07T07:59:12.3910283Z   :app:debugRuntimeClasspath -> com.google.android.material:material:1.9.0 -> androidx.cardview:cardview:1.0.0
2026-01-07T07:59:12.3911724Z   :app:debugRuntimeClasspath -> com.google.android.material:material:1.9.0 -> androidx.coordinatorlayout:coordinatorlayout:1.1.0
2026-01-07T07:59:12.3912964Z   :app:debugRuntimeClasspath -> androidx.constraintlayout:constraintlayout:2.1.4
2026-01-07T07:59:12.3914281Z   :app:debugRuntimeClasspath -> androidx.constraintlayout:constraintlayout:2.1.4 -> androidx.constraintlayout:constraintlayout-core:1.0.4
2026-01-07T07:59:12.3915961Z   :app:debugRuntimeClasspath -> com.google.android.material:material:1.9.0 -> androidx.dynamicanimation:dynamicanimation:1.0.0
2026-01-07T07:59:12.3917775Z   :app:debugRuntimeClasspath -> com.google.android.material:material:1.9.0 -> androidx.dynamicanimation:dynamicanimation:1.0.0 -> androidx.legacy:legacy-support-core-utils:1.0.0
2026-01-07T07:59:12.3920411Z   :app:debugRuntimeClasspath -> com.google.android.material:material:1.9.0 -> androidx.dynamicanimation:dynamicanimation:1.0.0 -> androidx.legacy:legacy-support-core-utils:1.0.0 -> androidx.documentfile:documentfile:1.0.0
2026-01-07T07:59:12.3923395Z   :app:debugRuntimeClasspath -> com.google.android.material:material:1.9.0 -> androidx.dynamicanimation:dynamicanimation:1.0.0 -> androidx.legacy:legacy-support-core-utils:1.0.0 -> androidx.localbroadcastmanager:localbroadcastmanager:1.0.0
2026-01-07T07:59:12.3925983Z   :app:debugRuntimeClasspath -> com.google.android.material:material:1.9.0 -> androidx.dynamicanimation:dynamicanimation:1.0.0 -> androidx.legacy:legacy-support-core-utils:1.0.0 -> androidx.print:print:1.0.0
2026-01-07T07:59:12.3927857Z   :app:debugRuntimeClasspath -> com.google.android.material:material:1.9.0 -> androidx.recyclerview:recyclerview:1.1.0
2026-01-07T07:59:12.3929197Z   :app:debugRuntimeClasspath -> com.google.android.material:material:1.9.0 -> androidx.transition:transition:1.2.0
2026-01-07T07:59:12.3930713Z   :app:debugRuntimeClasspath -> com.google.android.material:material:1.9.0 -> androidx.viewpager2:viewpager2:1.0.0
2026-01-07T07:59:12.3931456Z 
2026-01-07T07:59:12.3931596Z * Try:
2026-01-07T07:59:12.3932005Z > Run with --info or --debug option to get more log output.
2026-01-07T07:59:12.3932549Z > Run with --scan to get full insights.
2026-01-07T07:59:12.3932860Z 
2026-01-07T07:59:12.3932993Z * Exception is:
2026-01-07T07:59:12.3933717Z org.gradle.api.tasks.TaskExecutionException: Execution failed for task ':app:checkDebugAarMetadata'.
2026-01-07T07:59:12.3935107Z 	at org.gradle.api.internal.tasks.execution.CatchExceptionTaskExecuter.execute(CatchExceptionTaskExecuter.java:38)
2026-01-07T07:59:12.3936850Z 	at org.gradle.api.internal.tasks.execution.EventFiringTaskExecuter$1.executeTask(EventFiringTaskExecuter.java:77)
2026-01-07T07:59:12.3938300Z 	at org.gradle.api.internal.tasks.execution.EventFiringTaskExecuter$1.call(EventFiringTaskExecuter.java:55)
2026-01-07T07:59:12.3939697Z 	at org.gradle.api.internal.tasks.execution.EventFiringTaskExecuter$1.call(EventFiringTaskExecuter.java:52)
2026-01-07T07:59:12.3941542Z 	at org.gradle.internal.operations.DefaultBuildOperationRunner$CallableBuildOperationWorker.execute(DefaultBuildOperationRunner.java:204)
2026-01-07T07:59:12.3943478Z 	at org.gradle.internal.operations.DefaultBuildOperationRunner$CallableBuildOperationWorker.execute(DefaultBuildOperationRunner.java:199)
2026-01-07T07:59:12.3945200Z 	at org.gradle.internal.operations.DefaultBuildOperationRunner$2.execute(DefaultBuildOperationRunner.java:66)
2026-01-07T07:59:12.3946671Z 	at org.gradle.internal.operations.DefaultBuildOperationRunner$2.execute(DefaultBuildOperationRunner.java:59)
2026-01-07T07:59:12.3948171Z 	at org.gradle.internal.operations.DefaultBuildOperationRunner.execute(DefaultBuildOperationRunner.java:157)
2026-01-07T07:59:12.3949606Z 	at org.gradle.internal.operations.DefaultBuildOperationRunner.execute(DefaultBuildOperationRunner.java:59)
2026-01-07T07:59:12.3951284Z 	at org.gradle.internal.operations.DefaultBuildOperationRunner.call(DefaultBuildOperationRunner.java:53)
2026-01-07T07:59:12.3952778Z 	at org.gradle.internal.operations.DefaultBuildOperationExecutor.call(DefaultBuildOperationExecutor.java:73)
2026-01-07T07:59:12.3954255Z 	at org.gradle.api.internal.tasks.execution.EventFiringTaskExecuter.execute(EventFiringTaskExecuter.java:52)
2026-01-07T07:59:12.3955585Z 	at org.gradle.execution.plan.LocalTaskNodeExecutor.execute(LocalTaskNodeExecutor.java:42)
2026-01-07T07:59:12.3957084Z 	at org.gradle.execution.taskgraph.DefaultTaskExecutionGraph$InvokeNodeExecutorsAction.execute(DefaultTaskExecutionGraph.java:338)
2026-01-07T07:59:12.3958874Z 	at org.gradle.execution.taskgraph.DefaultTaskExecutionGraph$InvokeNodeExecutorsAction.execute(DefaultTaskExecutionGraph.java:325)
2026-01-07T07:59:12.3960921Z 	at org.gradle.execution.taskgraph.DefaultTaskExecutionGraph$BuildOperationAwareExecutionAction.execute(DefaultTaskExecutionGraph.java:318)
2026-01-07T07:59:12.3962830Z 	at org.gradle.execution.taskgraph.DefaultTaskExecutionGraph$BuildOperationAwareExecutionAction.execute(DefaultTaskExecutionGraph.java:304)
2026-01-07T07:59:12.3964417Z 	at org.gradle.execution.plan.DefaultPlanExecutor$ExecutorWorker.execute(DefaultPlanExecutor.java:463)
2026-01-07T07:59:12.3965943Z 	at org.gradle.execution.plan.DefaultPlanExecutor$ExecutorWorker.run(DefaultPlanExecutor.java:380)
2026-01-07T07:59:12.3967260Z 	at org.gradle.internal.concurrent.ExecutorPolicy$CatchAndRecordFailures.onExecute(ExecutorPolicy.java:64)
2026-01-07T07:59:12.3968492Z 	at org.gradle.internal.concurrent.ManagedExecutorImpl$1.run(ManagedExecutorImpl.java:49)
2026-01-07T07:59:12.3970519Z Caused by: com.android.builder.errors.EvalIssueException: Configuration `:app:debugRuntimeClasspath` contains AndroidX dependencies, but the `android.useAndroidX` property is not enabled, which may cause runtime issues.
2026-01-07T07:59:12.3972257Z Set `android.useAndroidX=true` in the `gradle.properties` file and retry.
2026-01-07T07:59:12.3972962Z The following AndroidX dependencies are detected:
2026-01-07T07:59:12.3973583Z :app:debugRuntimeClasspath -> androidx.core:core-ktx:1.10.1
2026-01-07T07:59:12.3974573Z :app:debugRuntimeClasspath -> com.google.android.material:material:1.9.0 -> androidx.annotation:annotation:1.6.0
2026-01-07T07:59:12.3976102Z :app:debugRuntimeClasspath -> com.google.android.material:material:1.9.0 -> androidx.annotation:annotation:1.6.0 -> androidx.annotation:annotation-jvm:1.6.0
2026-01-07T07:59:12.3977560Z :app:debugRuntimeClasspath -> com.google.android.material:material:1.9.0 -> androidx.core:core:1.10.1
2026-01-07T07:59:12.3978851Z :app:debugRuntimeClasspath -> com.google.android.material:material:1.9.0 -> androidx.annotation:annotation-experimental:1.3.0
2026-01-07T07:59:12.3980800Z :app:debugRuntimeClasspath -> androidx.appcompat:appcompat:1.6.1 -> androidx.appcompat:appcompat-resources:1.6.1 -> androidx.collection:collection:1.1.0
2026-01-07T07:59:12.3982522Z :app:debugRuntimeClasspath -> com.google.android.material:material:1.9.0 -> androidx.core:core:1.10.1 -> androidx.concurrent:concurrent-futures:1.0.0
2026-01-07T07:59:12.3984674Z :app:debugRuntimeClasspath -> androidx.appcompat:appcompat:1.6.1 -> androidx.appcompat:appcompat-resources:1.6.1 -> androidx.vectordrawable:vectordrawable-animated:1.1.0 -> androidx.interpolator:interpolator:1.0.0
2026-01-07T07:59:12.3986591Z :app:debugRuntimeClasspath -> com.google.android.material:material:1.9.0 -> androidx.lifecycle:lifecycle-runtime:2.5.1
2026-01-07T07:59:12.3988067Z :app:debugRuntimeClasspath -> androidx.appcompat:appcompat:1.6.1 -> androidx.savedstate:savedstate:1.2.0 -> androidx.arch.core:core-common:2.1.0
2026-01-07T07:59:12.3989803Z :app:debugRuntimeClasspath -> com.google.android.material:material:1.9.0 -> androidx.lifecycle:lifecycle-runtime:2.5.1 -> androidx.arch.core:core-runtime:2.1.0
2026-01-07T07:59:12.3991751Z :app:debugRuntimeClasspath -> androidx.appcompat:appcompat:1.6.1 -> androidx.savedstate:savedstate:1.2.0 -> androidx.lifecycle:lifecycle-common:2.5.1
2026-01-07T07:59:12.3993505Z :app:debugRuntimeClasspath -> com.google.android.material:material:1.9.0 -> androidx.core:core:1.10.1 -> androidx.versionedparcelable:versionedparcelable:1.1.1
2026-01-07T07:59:12.3994984Z :app:debugRuntimeClasspath -> androidx.appcompat:appcompat:1.6.1
2026-01-07T07:59:12.3995963Z :app:debugRuntimeClasspath -> androidx.appcompat:appcompat:1.6.1 -> androidx.activity:activity:1.6.0
2026-01-07T07:59:12.3997157Z :app:debugRuntimeClasspath -> androidx.appcompat:appcompat:1.6.1 -> androidx.lifecycle:lifecycle-viewmodel:2.5.1
2026-01-07T07:59:12.3998757Z :app:debugRuntimeClasspath -> com.google.android.material:material:1.9.0 -> androidx.fragment:fragment:1.3.6 -> androidx.lifecycle:lifecycle-viewmodel-savedstate:2.5.1
2026-01-07T07:59:12.4000823Z :app:debugRuntimeClasspath -> com.google.android.material:material:1.9.0 -> androidx.fragment:fragment:1.3.6 -> androidx.lifecycle:lifecycle-livedata-core:2.5.1
2026-01-07T07:59:12.4002345Z :app:debugRuntimeClasspath -> androidx.appcompat:appcompat:1.6.1 -> androidx.savedstate:savedstate:1.2.0
2026-01-07T07:59:12.4003738Z :app:debugRuntimeClasspath -> androidx.appcompat:appcompat:1.6.1 -> androidx.activity:activity:1.6.0 -> androidx.tracing:tracing:1.0.0
2026-01-07T07:59:12.4005418Z :app:debugRuntimeClasspath -> androidx.appcompat:appcompat:1.6.1 -> androidx.appcompat:appcompat-resources:1.6.1
2026-01-07T07:59:12.4006791Z :app:debugRuntimeClasspath -> com.google.android.material:material:1.9.0 -> androidx.vectordrawable:vectordrawable:1.1.0
2026-01-07T07:59:12.4008610Z :app:debugRuntimeClasspath -> androidx.appcompat:appcompat:1.6.1 -> androidx.appcompat:appcompat-resources:1.6.1 -> androidx.vectordrawable:vectordrawable-animated:1.1.0
2026-01-07T07:59:12.4010385Z :app:debugRuntimeClasspath -> androidx.appcompat:appcompat:1.6.1 -> androidx.cursoradapter:cursoradapter:1.0.0
2026-01-07T07:59:12.4011652Z :app:debugRuntimeClasspath -> com.google.android.material:material:1.9.0 -> androidx.drawerlayout:drawerlayout:1.1.1
2026-01-07T07:59:12.4013218Z :app:debugRuntimeClasspath -> com.google.android.material:material:1.9.0 -> androidx.drawerlayout:drawerlayout:1.1.1 -> androidx.customview:customview:1.1.0
2026-01-07T07:59:12.4014670Z :app:debugRuntimeClasspath -> androidx.appcompat:appcompat:1.6.1 -> androidx.emoji2:emoji2:1.2.0
2026-01-07T07:59:12.4016004Z :app:debugRuntimeClasspath -> androidx.appcompat:appcompat:1.6.1 -> androidx.emoji2:emoji2:1.2.0 -> androidx.lifecycle:lifecycle-process:2.4.1
2026-01-07T07:59:12.4017517Z :app:debugRuntimeClasspath -> androidx.appcompat:appcompat:1.6.1 -> androidx.emoji2:emoji2:1.2.0 -> androidx.startup:startup-runtime:1.1.1
2026-01-07T07:59:12.4018870Z :app:debugRuntimeClasspath -> androidx.appcompat:appcompat:1.6.1 -> androidx.emoji2:emoji2-views-helper:1.2.0
2026-01-07T07:59:12.4020608Z :app:debugRuntimeClasspath -> com.google.android.material:material:1.9.0 -> androidx.fragment:fragment:1.3.6
2026-01-07T07:59:12.4022112Z :app:debugRuntimeClasspath -> com.google.android.material:material:1.9.0 -> androidx.fragment:fragment:1.3.6 -> androidx.viewpager:viewpager:1.0.0
2026-01-07T07:59:12.4023696Z :app:debugRuntimeClasspath -> com.google.android.material:material:1.9.0 -> androidx.fragment:fragment:1.3.6 -> androidx.loader:loader:1.0.0
2026-01-07T07:59:12.4025531Z :app:debugRuntimeClasspath -> com.google.android.material:material:1.9.0 -> androidx.fragment:fragment:1.3.6 -> androidx.loader:loader:1.0.0 -> androidx.lifecycle:lifecycle-livedata:2.0.0
2026-01-07T07:59:12.4027319Z :app:debugRuntimeClasspath -> androidx.appcompat:appcompat:1.6.1 -> androidx.resourceinspection:resourceinspection-annotation:1.0.1
2026-01-07T07:59:12.4028516Z :app:debugRuntimeClasspath -> com.google.android.material:material:1.9.0
2026-01-07T07:59:12.4029572Z :app:debugRuntimeClasspath -> com.google.android.material:material:1.9.0 -> androidx.cardview:cardview:1.0.0
2026-01-07T07:59:12.4031154Z :app:debugRuntimeClasspath -> com.google.android.material:material:1.9.0 -> androidx.coordinatorlayout:coordinatorlayout:1.1.0
2026-01-07T07:59:12.4032393Z :app:debugRuntimeClasspath -> androidx.constraintlayout:constraintlayout:2.1.4
2026-01-07T07:59:12.4033660Z :app:debugRuntimeClasspath -> androidx.constraintlayout:constraintlayout:2.1.4 -> androidx.constraintlayout:constraintlayout-core:1.0.4
2026-01-07T07:59:12.4035140Z :app:debugRuntimeClasspath -> com.google.android.material:material:1.9.0 -> androidx.dynamicanimation:dynamicanimation:1.0.0
2026-01-07T07:59:12.4036840Z :app:debugRuntimeClasspath -> com.google.android.material:material:1.9.0 -> androidx.dynamicanimation:dynamicanimation:1.0.0 -> androidx.legacy:legacy-support-core-utils:1.0.0
2026-01-07T07:59:12.4039100Z :app:debugRuntimeClasspath -> com.google.android.material:material:1.9.0 -> androidx.dynamicanimation:dynamicanimation:1.0.0 -> androidx.legacy:legacy-support-core-utils:1.0.0 -> androidx.documentfile:documentfile:1.0.0
2026-01-07T07:59:12.4041910Z :app:debugRuntimeClasspath -> com.google.android.material:material:1.9.0 -> androidx.dynamicanimation:dynamicanimation:1.0.0 -> androidx.legacy:legacy-support-core-utils:1.0.0 -> androidx.localbroadcastmanager:localbroadcastmanager:1.0.0
2026-01-07T07:59:12.4044500Z :app:debugRuntimeClasspath -> com.google.android.material:material:1.9.0 -> androidx.dynamicanimation:dynamicanimation:1.0.0 -> androidx.legacy:legacy-support-core-utils:1.0.0 -> androidx.print:print:1.0.0
2026-01-07T07:59:12.4046579Z :app:debugRuntimeClasspath -> com.google.android.material:material:1.9.0 -> androidx.recyclerview:recyclerview:1.1.0
2026-01-07T07:59:12.4047908Z :app:debugRuntimeClasspath -> com.google.android.material:material:1.9.0 -> androidx.transition:transition:1.2.0
2026-01-07T07:59:12.4049204Z :app:debugRuntimeClasspath -> com.google.android.material:material:1.9.0 -> androidx.viewpager2:viewpager2:1.0.0
2026-01-07T07:59:12.4050529Z 	at com.android.builder.errors.IssueReporter.reportError(IssueReporter.kt:113)
2026-01-07T07:59:12.4051603Z 	at com.android.builder.errors.IssueReporter.reportError$default(IssueReporter.kt:109)
2026-01-07T07:59:12.4053161Z 	at com.android.build.gradle.internal.dependency.AndroidXDependencyCheck$AndroidXDisabledJetifierDisabled.execute(AndroidXDependencyCheck.kt:77)
2026-01-07T07:59:12.4055168Z 	at com.android.build.gradle.internal.dependency.AndroidXDependencyCheck$AndroidXDisabledJetifierDisabled.execute(AndroidXDependencyCheck.kt:42)
2026-01-07T07:59:12.4057163Z 	at org.gradle.configuration.internal.DefaultUserCodeApplicationContext$CurrentApplication$1.execute(DefaultUserCodeApplicationContext.java:123)
2026-01-07T07:59:12.4058842Z 	at org.gradle.internal.event.BroadcastDispatch$ActionInvocationHandler.dispatch(BroadcastDispatch.java:97)
2026-01-07T07:59:12.4060386Z 	at org.gradle.internal.event.BroadcastDispatch$ActionInvocationHandler.dispatch(BroadcastDispatch.java:85)
2026-01-07T07:59:12.4062017Z 	at org.gradle.internal.event.AbstractBroadcastDispatch.dispatch(AbstractBroadcastDispatch.java:43)
2026-01-07T07:59:12.4063334Z 	at org.gradle.internal.event.BroadcastDispatch$SingletonDispatch.dispatch(BroadcastDispatch.java:257)
2026-01-07T07:59:12.4064564Z 	at org.gradle.internal.event.BroadcastDispatch$SingletonDispatch.dispatch(BroadcastDispatch.java:164)
2026-01-07T07:59:12.4065828Z 	at org.gradle.internal.event.AbstractBroadcastDispatch.dispatch(AbstractBroadcastDispatch.java:83)
2026-01-07T07:59:12.4067142Z 	at org.gradle.internal.event.AbstractBroadcastDispatch.dispatch(AbstractBroadcastDispatch.java:69)
2026-01-07T07:59:12.4068414Z 	at org.gradle.internal.event.BroadcastDispatch$CompositeDispatch.dispatch(BroadcastDispatch.java:363)
2026-01-07T07:59:12.4069667Z 	at org.gradle.internal.event.BroadcastDispatch$CompositeDispatch.dispatch(BroadcastDispatch.java:261)
2026-01-07T07:59:12.4071107Z 	at org.gradle.internal.event.ListenerBroadcast.dispatch(ListenerBroadcast.java:148)
2026-01-07T07:59:12.4072196Z 	at org.gradle.internal.event.ListenerBroadcast.dispatch(ListenerBroadcast.java:37)
2026-01-07T07:59:12.4073538Z 	at org.gradle.internal.dispatch.ProxyDispatchAdapter$DispatchingInvocationHandler.invoke(ProxyDispatchAdapter.java:94)
2026-01-07T07:59:12.4074722Z 	at jdk.proxy1/jdk.proxy1.$Proxy52.afterResolve(Unknown Source)
2026-01-07T07:59:12.4075837Z 	at org.gradle.api.internal.artifacts.configurations.DefaultConfiguration$1.call(DefaultConfiguration.java:682)
2026-01-07T07:59:12.4077342Z 	at org.gradle.api.internal.artifacts.configurations.DefaultConfiguration$1.call(DefaultConfiguration.java:660)
2026-01-07T07:59:12.4079000Z 	at org.gradle.internal.operations.DefaultBuildOperationRunner$CallableBuildOperationWorker.execute(DefaultBuildOperationRunner.java:204)
2026-01-07T07:59:12.4081217Z 	at org.gradle.internal.operations.DefaultBuildOperationRunner$CallableBuildOperationWorker.execute(DefaultBuildOperationRunner.java:199)
2026-01-07T07:59:12.4082879Z 	at org.gradle.internal.operations.DefaultBuildOperationRunner$2.execute(DefaultBuildOperationRunner.java:66)
2026-01-07T07:59:12.4084315Z 	at org.gradle.internal.operations.DefaultBuildOperationRunner$2.execute(DefaultBuildOperationRunner.java:59)
2026-01-07T07:59:12.4085734Z 	at org.gradle.internal.operations.DefaultBuildOperationRunner.execute(DefaultBuildOperationRunner.java:157)
2026-01-07T07:59:12.4087170Z 	at org.gradle.internal.operations.DefaultBuildOperationRunner.execute(DefaultBuildOperationRunner.java:59)
2026-01-07T07:59:12.4088826Z 	at org.gradle.internal.operations.DefaultBuildOperationRunner.call(DefaultBuildOperationRunner.java:53)
2026-01-07T07:59:12.4090425Z 	at org.gradle.internal.operations.DefaultBuildOperationExecutor.call(DefaultBuildOperationExecutor.java:73)
2026-01-07T07:59:12.4092082Z 	at org.gradle.api.internal.artifacts.configurations.DefaultConfiguration.resolveGraphIfRequired(DefaultConfiguration.java:660)
2026-01-07T07:59:12.4093902Z 	at org.gradle.api.internal.artifacts.configurations.DefaultConfiguration.lambda$resolveExclusively$4(DefaultConfiguration.java:640)
2026-01-07T07:59:12.4095668Z 	at org.gradle.api.internal.project.DefaultProjectStateRegistry$CalculatedModelValueImpl.update(DefaultProjectStateRegistry.java:486)
2026-01-07T07:59:12.4097436Z 	at org.gradle.api.internal.artifacts.configurations.DefaultConfiguration.resolveExclusively(DefaultConfiguration.java:637)
2026-01-07T07:59:12.4099211Z 	at org.gradle.api.internal.artifacts.configurations.DefaultConfiguration.resolveToStateOrLater(DefaultConfiguration.java:624)
2026-01-07T07:59:12.4101049Z 	at org.gradle.api.internal.artifacts.configurations.DefaultConfiguration.access$1900(DefaultConfiguration.java:166)
2026-01-07T07:59:12.4102767Z 	at org.gradle.api.internal.artifacts.configurations.DefaultConfiguration$SelectedArtifactsProvider.getValue(DefaultConfiguration.java:1505)
2026-01-07T07:59:12.4104671Z 	at org.gradle.api.internal.artifacts.configurations.DefaultConfiguration$SelectedArtifactsProvider.getValue(DefaultConfiguration.java:1495)
2026-01-07T07:59:12.4106950Z 	at org.gradle.api.internal.artifacts.configurations.DefaultConfiguration$ConfigurationFileCollection.getSelectedArtifacts(DefaultConfiguration.java:1574)
2026-01-07T07:59:12.4109035Z 	at org.gradle.api.internal.artifacts.configurations.DefaultConfiguration$ConfigurationFileCollection.visitContents(DefaultConfiguration.java:1561)
2026-01-07T07:59:12.4110899Z 	at org.gradle.api.internal.file.AbstractFileCollection.visitStructure(AbstractFileCollection.java:366)
2026-01-07T07:59:12.4112322Z 	at org.gradle.api.internal.file.CompositeFileCollection.lambda$visitContents$0(CompositeFileCollection.java:124)
2026-01-07T07:59:12.4113671Z 	at org.gradle.api.internal.file.collections.UnpackingVisitor.add(UnpackingVisitor.java:67)
2026-01-07T07:59:12.4114866Z 	at org.gradle.api.internal.file.collections.UnpackingVisitor.add(UnpackingVisitor.java:92)
2026-01-07T07:59:12.4116402Z 	at org.gradle.api.internal.file.DefaultFileCollectionFactory$ResolvingFileCollection.visitChildren(DefaultFileCollectionFactory.java:254)
2026-01-07T07:59:12.4118072Z 	at org.gradle.api.internal.file.CompositeFileCollection.visitContents(CompositeFileCollection.java:124)
2026-01-07T07:59:12.4119574Z 	at org.gradle.api.internal.file.AbstractFileCollection.visitStructure(AbstractFileCollection.java:366)
2026-01-07T07:59:12.4121194Z 	at org.gradle.api.internal.file.CompositeFileCollection.lambda$visitContents$0(CompositeFileCollection.java:124)
2026-01-07T07:59:12.4122602Z 	at org.gradle.api.internal.tasks.PropertyFileCollection.visitChildren(PropertyFileCollection.java:48)
2026-01-07T07:59:12.4123986Z 	at org.gradle.api.internal.file.CompositeFileCollection.visitContents(CompositeFileCollection.java:124)
2026-01-07T07:59:12.4125372Z 	at org.gradle.api.internal.file.AbstractFileCollection.visitStructure(AbstractFileCollection.java:366)
2026-01-07T07:59:12.4126908Z 	at org.gradle.internal.fingerprint.impl.DefaultFileCollectionSnapshotter.snapshot(DefaultFileCollectionSnapshotter.java:47)
2026-01-07T07:59:12.4128785Z 	at org.gradle.internal.execution.impl.DefaultInputFingerprinter$InputCollectingVisitor.visitInputFileProperty(DefaultInputFingerprinter.java:133)
2026-01-07T07:59:12.4130579Z 	at org.gradle.api.internal.tasks.execution.TaskExecution.visitRegularInputs(TaskExecution.java:322)
2026-01-07T07:59:12.4132146Z 	at org.gradle.internal.execution.impl.DefaultInputFingerprinter.fingerprintInputProperties(DefaultInputFingerprinter.java:63)
2026-01-07T07:59:12.4134401Z 	at org.gradle.internal.execution.steps.CaptureStateBeforeExecutionStep.captureExecutionStateWithOutputs(CaptureStateBeforeExecutionStep.java:123)
2026-01-07T07:59:12.4136452Z 	at org.gradle.internal.execution.steps.CaptureStateBeforeExecutionStep.lambda$captureExecutionState$1(CaptureStateBeforeExecutionStep.java:82)
2026-01-07T07:59:12.4137973Z 	at org.gradle.internal.execution.steps.BuildOperationStep$1.call(BuildOperationStep.java:37)
2026-01-07T07:59:12.4139458Z 	at org.gradle.internal.operations.DefaultBuildOperationRunner$CallableBuildOperationWorker.execute(DefaultBuildOperationRunner.java:204)
2026-01-07T07:59:12.4141424Z 	at org.gradle.internal.operations.DefaultBuildOperationRunner$CallableBuildOperationWorker.execute(DefaultBuildOperationRunner.java:199)
2026-01-07T07:59:12.4142984Z 	at org.gradle.internal.operations.DefaultBuildOperationRunner$2.execute(DefaultBuildOperationRunner.java:66)
2026-01-07T07:59:12.4144406Z 	at org.gradle.internal.operations.DefaultBuildOperationRunner$2.execute(DefaultBuildOperationRunner.java:59)
2026-01-07T07:59:12.4145856Z 	at org.gradle.internal.operations.DefaultBuildOperationRunner.execute(DefaultBuildOperationRunner.java:157)
2026-01-07T07:59:12.4147308Z 	at org.gradle.internal.operations.DefaultBuildOperationRunner.execute(DefaultBuildOperationRunner.java:59)
2026-01-07T07:59:12.4148728Z 	at org.gradle.internal.operations.DefaultBuildOperationRunner.call(DefaultBuildOperationRunner.java:53)
2026-01-07T07:59:12.4150358Z 	at org.gradle.internal.operations.DefaultBuildOperationExecutor.call(DefaultBuildOperationExecutor.java:73)
2026-01-07T07:59:12.4152063Z 	at org.gradle.internal.execution.steps.BuildOperationStep.operation(BuildOperationStep.java:34)
2026-01-07T07:59:12.4153670Z 	at org.gradle.internal.execution.steps.CaptureStateBeforeExecutionStep.captureExecutionState(CaptureStateBeforeExecutionStep.java:76)
2026-01-07T07:59:12.4155553Z 	at org.gradle.internal.execution.steps.CaptureStateBeforeExecutionStep.lambda$execute$0(CaptureStateBeforeExecutionStep.java:70)
2026-01-07T07:59:12.4157292Z 	at org.gradle.internal.execution.steps.CaptureStateBeforeExecutionStep.execute(CaptureStateBeforeExecutionStep.java:70)
2026-01-07T07:59:12.4158964Z 	at org.gradle.internal.execution.steps.CaptureStateBeforeExecutionStep.execute(CaptureStateBeforeExecutionStep.java:45)
2026-01-07T07:59:12.4160773Z 	at org.gradle.internal.execution.steps.SkipEmptyWorkStep.executeWithNonEmptySources(SkipEmptyWorkStep.java:177)
2026-01-07T07:59:12.4162136Z 	at org.gradle.internal.execution.steps.SkipEmptyWorkStep.execute(SkipEmptyWorkStep.java:81)
2026-01-07T07:59:12.4163267Z 	at org.gradle.internal.execution.steps.SkipEmptyWorkStep.execute(SkipEmptyWorkStep.java:53)
2026-01-07T07:59:12.4164725Z 	at org.gradle.internal.execution.steps.RemoveUntrackedExecutionStateStep.execute(RemoveUntrackedExecutionStateStep.java:32)
2026-01-07T07:59:12.4166399Z 	at org.gradle.internal.execution.steps.RemoveUntrackedExecutionStateStep.execute(RemoveUntrackedExecutionStateStep.java:21)
2026-01-07T07:59:12.4168113Z 	at org.gradle.internal.execution.steps.legacy.MarkSnapshottingInputsStartedStep.execute(MarkSnapshottingInputsStartedStep.java:38)
2026-01-07T07:59:12.4169815Z 	at org.gradle.internal.execution.steps.LoadPreviousExecutionStateStep.execute(LoadPreviousExecutionStateStep.java:36)
2026-01-07T07:59:12.4171687Z 	at org.gradle.internal.execution.steps.LoadPreviousExecutionStateStep.execute(LoadPreviousExecutionStateStep.java:23)
2026-01-07T07:59:12.4173268Z 	at org.gradle.internal.execution.steps.CleanupStaleOutputsStep.execute(CleanupStaleOutputsStep.java:75)
2026-01-07T07:59:12.4174717Z 	at org.gradle.internal.execution.steps.CleanupStaleOutputsStep.execute(CleanupStaleOutputsStep.java:41)
2026-01-07T07:59:12.4176095Z 	at org.gradle.internal.execution.steps.AssignWorkspaceStep.lambda$execute$0(AssignWorkspaceStep.java:32)
2026-01-07T07:59:12.4177369Z 	at org.gradle.api.internal.tasks.execution.TaskExecution$4.withWorkspace(TaskExecution.java:287)
2026-01-07T07:59:12.4178598Z 	at org.gradle.internal.execution.steps.AssignWorkspaceStep.execute(AssignWorkspaceStep.java:30)
2026-01-07T07:59:12.4180361Z 	at org.gradle.internal.execution.steps.AssignWorkspaceStep.execute(AssignWorkspaceStep.java:21)
2026-01-07T07:59:12.4181618Z 	at org.gradle.internal.execution.steps.IdentityCacheStep.execute(IdentityCacheStep.java:37)
2026-01-07T07:59:12.4182796Z 	at org.gradle.internal.execution.steps.IdentityCacheStep.execute(IdentityCacheStep.java:27)
2026-01-07T07:59:12.4183906Z 	at org.gradle.internal.execution.steps.IdentifyStep.execute(IdentifyStep.java:42)
2026-01-07T07:59:12.4184982Z 	at org.gradle.internal.execution.steps.IdentifyStep.execute(IdentifyStep.java:31)
2026-01-07T07:59:12.4186200Z 	at org.gradle.internal.execution.impl.DefaultExecutionEngine$1.execute(DefaultExecutionEngine.java:64)
2026-01-07T07:59:12.4187788Z 	at org.gradle.api.internal.tasks.execution.ExecuteActionsTaskExecuter.executeIfValid(ExecuteActionsTaskExecuter.java:146)
2026-01-07T07:59:12.4189528Z 	at org.gradle.api.internal.tasks.execution.ExecuteActionsTaskExecuter.execute(ExecuteActionsTaskExecuter.java:135)
2026-01-07T07:59:12.4191441Z 	at org.gradle.api.internal.tasks.execution.FinalizePropertiesTaskExecuter.execute(FinalizePropertiesTaskExecuter.java:46)
2026-01-07T07:59:12.4193187Z 	at org.gradle.api.internal.tasks.execution.ResolveTaskExecutionModeExecuter.execute(ResolveTaskExecutionModeExecuter.java:51)
2026-01-07T07:59:12.4194907Z 	at org.gradle.api.internal.tasks.execution.SkipTaskWithNoActionsExecuter.execute(SkipTaskWithNoActionsExecuter.java:57)
2026-01-07T07:59:12.4196693Z 	at org.gradle.api.internal.tasks.execution.SkipOnlyIfTaskExecuter.execute(SkipOnlyIfTaskExecuter.java:74)
2026-01-07T07:59:12.4198204Z 	at org.gradle.api.internal.tasks.execution.CatchExceptionTaskExecuter.execute(CatchExceptionTaskExecuter.java:36)
2026-01-07T07:59:12.4199733Z 	at org.gradle.api.internal.tasks.execution.EventFiringTaskExecuter$1.executeTask(EventFiringTaskExecuter.java:77)
2026-01-07T07:59:12.4201349Z 	at org.gradle.api.internal.tasks.execution.EventFiringTaskExecuter$1.call(EventFiringTaskExecuter.java:55)
2026-01-07T07:59:12.4202731Z 	at org.gradle.api.internal.tasks.execution.EventFiringTaskExecuter$1.call(EventFiringTaskExecuter.java:52)
2026-01-07T07:59:12.4204375Z 	at org.gradle.internal.operations.DefaultBuildOperationRunner$CallableBuildOperationWorker.execute(DefaultBuildOperationRunner.java:204)
2026-01-07T07:59:12.4206249Z 	at org.gradle.internal.operations.DefaultBuildOperationRunner$CallableBuildOperationWorker.execute(DefaultBuildOperationRunner.java:199)
2026-01-07T07:59:12.4207895Z 	at org.gradle.internal.operations.DefaultBuildOperationRunner$2.execute(DefaultBuildOperationRunner.java:66)
2026-01-07T07:59:12.4209336Z 	at org.gradle.internal.operations.DefaultBuildOperationRunner$2.execute(DefaultBuildOperationRunner.java:59)
2026-01-07T07:59:12.4210947Z 	at org.gradle.internal.operations.DefaultBuildOperationRunner.execute(DefaultBuildOperationRunner.java:157)
2026-01-07T07:59:12.4212630Z 	at org.gradle.internal.operations.DefaultBuildOperationRunner.execute(DefaultBuildOperationRunner.java:59)
2026-01-07T07:59:12.4214086Z 	at org.gradle.internal.operations.DefaultBuildOperationRunner.call(DefaultBuildOperationRunner.java:53)
2026-01-07T07:59:12.4215491Z 	at org.gradle.internal.operations.DefaultBuildOperationExecutor.call(DefaultBuildOperationExecutor.java:73)
2026-01-07T07:59:12.4216932Z 	at org.gradle.api.internal.tasks.execution.EventFiringTaskExecuter.execute(EventFiringTaskExecuter.java:52)
2026-01-07T07:59:12.4218280Z 	at org.gradle.execution.plan.LocalTaskNodeExecutor.execute(LocalTaskNodeExecutor.java:42)
2026-01-07T07:59:12.4219790Z 	at org.gradle.execution.taskgraph.DefaultTaskExecutionGraph$InvokeNodeExecutorsAction.execute(DefaultTaskExecutionGraph.java:338)
2026-01-07T07:59:12.4221699Z 	at org.gradle.execution.taskgraph.DefaultTaskExecutionGraph$InvokeNodeExecutorsAction.execute(DefaultTaskExecutionGraph.java:325)
2026-01-07T07:59:12.4223527Z 	at org.gradle.execution.taskgraph.DefaultTaskExecutionGraph$BuildOperationAwareExecutionAction.execute(DefaultTaskExecutionGraph.java:318)
2026-01-07T07:59:12.4225656Z 	at org.gradle.execution.taskgraph.DefaultTaskExecutionGraph$BuildOperationAwareExecutionAction.execute(DefaultTaskExecutionGraph.java:304)
2026-01-07T07:59:12.4227252Z 	at org.gradle.execution.plan.DefaultPlanExecutor$ExecutorWorker.execute(DefaultPlanExecutor.java:463)
2026-01-07T07:59:12.4228485Z 	at org.gradle.execution.plan.DefaultPlanExecutor$ExecutorWorker.run(DefaultPlanExecutor.java:380)
2026-01-07T07:59:12.4229761Z 	at org.gradle.internal.concurrent.ExecutorPolicy$CatchAndRecordFailures.onExecute(ExecutorPolicy.java:64)
2026-01-07T07:59:12.4231167Z 	at org.gradle.internal.concurrent.ManagedExecutorImpl$1.run(ManagedExecutorImpl.java:49)
2026-01-07T07:59:12.4231813Z 
2026-01-07T07:59:12.4231827Z 
2026-01-07T07:59:12.4232036Z * Get more help at https://help.gradle.org
2026-01-07T07:59:12.4232405Z 
2026-01-07T07:59:12.4232548Z BUILD FAILED in 54s
2026-01-07T07:59:12.4232903Z 2 actionable tasks: 2 executed
2026-01-07T07:59:12.8394489Z ##[error]Process completed with exit code 1.
2026-01-07T07:59:12.8509041Z Post job cleanup.
2026-01-07T07:59:13.0293933Z Post job cleanup.
2026-01-07T07:59:13.1291626Z [command]/usr/bin/git version
2026-01-07T07:59:13.1328645Z git version 2.52.0
2026-01-07T07:59:13.1372516Z Temporarily overriding HOME='/home/runner/work/_temp/742b392c-b3f7-442a-a572-cd538488f531' before making global git config changes
2026-01-07T07:59:13.1373611Z Adding repository directory to the temporary git global config as a safe directory
2026-01-07T07:59:13.1377801Z [command]/usr/bin/git config --global --add safe.directory /home/runner/work/GenAIAgent/GenAIAgent
2026-01-07T07:59:13.1413445Z [command]/usr/bin/git config --local --name-only --get-regexp core\.sshCommand
2026-01-07T07:59:13.1446306Z [command]/usr/bin/git submodule foreach --recursive sh -c "git config --local --name-only --get-regexp 'core\.sshCommand' && git config --local --unset-all 'core.sshCommand' || :"
2026-01-07T07:59:13.1676973Z [command]/usr/bin/git config --local --name-only --get-regexp http\.https\:\/\/github\.com\/\.extraheader
2026-01-07T07:59:13.1697027Z http.https://github.com/.extraheader
2026-01-07T07:59:13.1709408Z [command]/usr/bin/git config --local --unset-all http.https://github.com/.extraheader
2026-01-07T07:59:13.1739823Z [command]/usr/bin/git submodule foreach --recursive sh -c "git config --local --name-only --get-regexp 'http\.https\:\/\/github\.com\/\.extraheader' && git config --local --unset-all 'http.https://github.com/.extraheader' || :"
2026-01-07T07:59:13.1957116Z [command]/usr/bin/git config --local --name-only --get-regexp ^includeIf\.gitdir:
2026-01-07T07:59:13.1987720Z [command]/usr/bin/git submodule foreach --recursive git config --local --show-origin --name-only --get-regexp remote.origin.url
2026-01-07T07:59:13.2316664Z Cleaning up orphan processes
2026-01-07T07:59:13.2618644Z Terminate orphan process: pid (2154) (java)