2026-01-07T10:40:04.1832763Z Current runner version: '2.330.0'
2026-01-07T10:40:04.1855075Z ##[group]Runner Image Provisioner
2026-01-07T10:40:04.1856035Z Hosted Compute Agent
2026-01-07T10:40:04.1856626Z Version: 20251211.462
2026-01-07T10:40:04.1857244Z Commit: 6cbad8c2bb55d58165063d031ccabf57e2d2db61
2026-01-07T10:40:04.1858036Z Build Date: 2025-12-11T16:28:49Z
2026-01-07T10:40:04.1858741Z Worker ID: {7cf76a9f-e8ca-4f6e-a4b5-c6efd3b1a0e8}
2026-01-07T10:40:04.1859402Z ##[endgroup]
2026-01-07T10:40:04.1860393Z ##[group]Operating System
2026-01-07T10:40:04.1861014Z Ubuntu
2026-01-07T10:40:04.1861545Z 24.04.3
2026-01-07T10:40:04.1862011Z LTS
2026-01-07T10:40:04.1862535Z ##[endgroup]
2026-01-07T10:40:04.1863086Z ##[group]Runner Image
2026-01-07T10:40:04.1863670Z Image: ubuntu-24.04
2026-01-07T10:40:04.1864171Z Version: 20251215.174.1
2026-01-07T10:40:04.1865245Z Included Software: https://github.com/actions/runner-images/blob/ubuntu24/20251215.174/images/ubuntu/Ubuntu2404-Readme.md
2026-01-07T10:40:04.1866891Z Image Release: https://github.com/actions/runner-images/releases/tag/ubuntu24%2F20251215.174
2026-01-07T10:40:04.1867930Z ##[endgroup]
2026-01-07T10:40:04.1869009Z ##[group]GITHUB_TOKEN Permissions
2026-01-07T10:40:04.1871122Z Contents: read
2026-01-07T10:40:04.1871751Z Metadata: read
2026-01-07T10:40:04.1872290Z Packages: read
2026-01-07T10:40:04.1872881Z ##[endgroup]
2026-01-07T10:40:04.1874809Z Secret source: Actions
2026-01-07T10:40:04.1875523Z Prepare workflow directory
2026-01-07T10:40:04.2187064Z Prepare all required actions
2026-01-07T10:40:04.2223003Z Getting action download info
2026-01-07T10:40:04.6877195Z Download action repository 'actions/checkout@v4' (SHA:34e114876b0b11c390a56381ad16ebd13914f8d5)
2026-01-07T10:40:04.8016364Z Download action repository 'actions/setup-java@v4' (SHA:c1e323688fd81a25caa38c78aa6df2d33d3e20d9)
2026-01-07T10:40:05.4426377Z Download action repository 'actions/upload-artifact@v4' (SHA:ea165f8d65b6e75b540449e92b4886f43607fa02)
2026-01-07T10:40:05.6679865Z Complete job name: build
2026-01-07T10:40:05.7386895Z ##[group]Run actions/checkout@v4
2026-01-07T10:40:05.7387784Z with:
2026-01-07T10:40:05.7388273Z   repository: xyraofficial/GenAIAgent
2026-01-07T10:40:05.7389042Z   token: ***
2026-01-07T10:40:05.7389484Z   ssh-strict: true
2026-01-07T10:40:05.7390265Z   ssh-user: git
2026-01-07T10:40:05.7390792Z   persist-credentials: true
2026-01-07T10:40:05.7391342Z   clean: true
2026-01-07T10:40:05.7391810Z   sparse-checkout-cone-mode: true
2026-01-07T10:40:05.7392354Z   fetch-depth: 1
2026-01-07T10:40:05.7392804Z   fetch-tags: false
2026-01-07T10:40:05.7393264Z   show-progress: true
2026-01-07T10:40:05.7393733Z   lfs: false
2026-01-07T10:40:05.7394155Z   submodules: false
2026-01-07T10:40:05.7394631Z   set-safe-directory: true
2026-01-07T10:40:05.7395421Z ##[endgroup]
2026-01-07T10:40:05.8440420Z Syncing repository: xyraofficial/GenAIAgent
2026-01-07T10:40:05.8442456Z ##[group]Getting Git version info
2026-01-07T10:40:05.8443313Z Working directory is '/home/runner/work/GenAIAgent/GenAIAgent'
2026-01-07T10:40:05.8444386Z [command]/usr/bin/git version
2026-01-07T10:40:05.8574272Z git version 2.52.0
2026-01-07T10:40:05.8600088Z ##[endgroup]
2026-01-07T10:40:05.8620141Z Temporarily overriding HOME='/home/runner/work/_temp/678038b4-7470-40fe-b401-348dd50a1a3d' before making global git config changes
2026-01-07T10:40:05.8622393Z Adding repository directory to the temporary git global config as a safe directory
2026-01-07T10:40:05.8624897Z [command]/usr/bin/git config --global --add safe.directory /home/runner/work/GenAIAgent/GenAIAgent
2026-01-07T10:40:05.8672567Z Deleting the contents of '/home/runner/work/GenAIAgent/GenAIAgent'
2026-01-07T10:40:05.8676038Z ##[group]Initializing the repository
2026-01-07T10:40:05.8679736Z [command]/usr/bin/git init /home/runner/work/GenAIAgent/GenAIAgent
2026-01-07T10:40:05.8851790Z hint: Using 'master' as the name for the initial branch. This default branch name
2026-01-07T10:40:05.8853723Z hint: will change to "main" in Git 3.0. To configure the initial branch name
2026-01-07T10:40:05.8855885Z hint: to use in all of your new repositories, which will suppress this warning,
2026-01-07T10:40:05.8856901Z hint: call:
2026-01-07T10:40:05.8857716Z hint:
2026-01-07T10:40:05.8858761Z hint: 	git config --global init.defaultBranch <name>
2026-01-07T10:40:05.8860213Z hint:
2026-01-07T10:40:05.8861439Z hint: Names commonly chosen instead of 'master' are 'main', 'trunk' and
2026-01-07T10:40:05.8863359Z hint: 'development'. The just-created branch can be renamed via this command:
2026-01-07T10:40:05.8864800Z hint:
2026-01-07T10:40:05.8865557Z hint: 	git branch -m <name>
2026-01-07T10:40:05.8866482Z hint:
2026-01-07T10:40:05.8867763Z hint: Disable this message with "git config set advice.defaultBranchName false"
2026-01-07T10:40:05.8870214Z Initialized empty Git repository in /home/runner/work/GenAIAgent/GenAIAgent/.git/
2026-01-07T10:40:05.8873283Z [command]/usr/bin/git remote add origin https://github.com/xyraofficial/GenAIAgent
2026-01-07T10:40:05.8908293Z ##[endgroup]
2026-01-07T10:40:05.8909132Z ##[group]Disabling automatic garbage collection
2026-01-07T10:40:05.8912084Z [command]/usr/bin/git config --local gc.auto 0
2026-01-07T10:40:05.8947927Z ##[endgroup]
2026-01-07T10:40:05.8949262Z ##[group]Setting up auth
2026-01-07T10:40:05.8954600Z [command]/usr/bin/git config --local --name-only --get-regexp core\.sshCommand
2026-01-07T10:40:05.8983793Z [command]/usr/bin/git submodule foreach --recursive sh -c "git config --local --name-only --get-regexp 'core\.sshCommand' && git config --local --unset-all 'core.sshCommand' || :"
2026-01-07T10:40:05.9408703Z [command]/usr/bin/git config --local --name-only --get-regexp http\.https\:\/\/github\.com\/\.extraheader
2026-01-07T10:40:05.9436880Z [command]/usr/bin/git submodule foreach --recursive sh -c "git config --local --name-only --get-regexp 'http\.https\:\/\/github\.com\/\.extraheader' && git config --local --unset-all 'http.https://github.com/.extraheader' || :"
2026-01-07T10:40:05.9651357Z [command]/usr/bin/git config --local --name-only --get-regexp ^includeIf\.gitdir:
2026-01-07T10:40:05.9682864Z [command]/usr/bin/git submodule foreach --recursive git config --local --show-origin --name-only --get-regexp remote.origin.url
2026-01-07T10:40:05.9901211Z [command]/usr/bin/git config --local http.https://github.com/.extraheader AUTHORIZATION: basic ***
2026-01-07T10:40:05.9934988Z ##[endgroup]
2026-01-07T10:40:05.9942849Z ##[group]Fetching the repository
2026-01-07T10:40:05.9944267Z [command]/usr/bin/git -c protocol.version=2 fetch --no-tags --prune --no-recurse-submodules --depth=1 origin +3ff53dcb099e208a7877cde2ccc167bc44349bf3:refs/remotes/origin/main
2026-01-07T10:40:06.3991017Z From https://github.com/xyraofficial/GenAIAgent
2026-01-07T10:40:06.3992678Z  * [new ref]         3ff53dcb099e208a7877cde2ccc167bc44349bf3 -> origin/main
2026-01-07T10:40:06.4030134Z ##[endgroup]
2026-01-07T10:40:06.4030926Z ##[group]Determining the checkout info
2026-01-07T10:40:06.4032357Z ##[endgroup]
2026-01-07T10:40:06.4037042Z [command]/usr/bin/git sparse-checkout disable
2026-01-07T10:40:06.4081458Z [command]/usr/bin/git config --local --unset-all extensions.worktreeConfig
2026-01-07T10:40:06.4107361Z ##[group]Checking out the ref
2026-01-07T10:40:06.4111216Z [command]/usr/bin/git checkout --progress --force -B main refs/remotes/origin/main
2026-01-07T10:40:06.4221523Z Switched to a new branch 'main'
2026-01-07T10:40:06.4224080Z branch 'main' set up to track 'origin/main'.
2026-01-07T10:40:06.4231337Z ##[endgroup]
2026-01-07T10:40:06.4269718Z [command]/usr/bin/git log -1 --format=%H
2026-01-07T10:40:06.4293191Z 3ff53dcb099e208a7877cde2ccc167bc44349bf3
2026-01-07T10:40:06.4570223Z ##[group]Run actions/setup-java@v4
2026-01-07T10:40:06.4570847Z with:
2026-01-07T10:40:06.4571235Z   java-version: 17
2026-01-07T10:40:06.4571668Z   distribution: temurin
2026-01-07T10:40:06.4572117Z   cache: gradle
2026-01-07T10:40:06.4572540Z   java-package: jdk
2026-01-07T10:40:06.4572988Z   check-latest: false
2026-01-07T10:40:06.4573464Z   server-id: github
2026-01-07T10:40:06.4573946Z   server-username: GITHUB_ACTOR
2026-01-07T10:40:06.4574727Z   server-password: GITHUB_TOKEN
2026-01-07T10:40:06.4575305Z   overwrite-settings: true
2026-01-07T10:40:06.4575839Z   job-status: success
2026-01-07T10:40:06.4576438Z   token: ***
2026-01-07T10:40:06.4576841Z ##[endgroup]
2026-01-07T10:40:06.6548999Z ##[group]Installed distributions
2026-01-07T10:40:06.6632199Z Resolved Java 17.0.17+10 from tool-cache
2026-01-07T10:40:06.6633183Z Setting Java 17.0.17+10 as the default
2026-01-07T10:40:06.6645554Z Creating toolchains.xml for JDK version 17 from temurin
2026-01-07T10:40:06.6720542Z Writing to /home/runner/.m2/toolchains.xml
2026-01-07T10:40:06.6721410Z 
2026-01-07T10:40:06.6721742Z Java configuration:
2026-01-07T10:40:06.6722605Z   Distribution: temurin
2026-01-07T10:40:06.6723496Z   Version: 17.0.17+10
2026-01-07T10:40:06.6724763Z   Path: /opt/hostedtoolcache/Java_Temurin-Hotspot_jdk/17.0.17-10/x64
2026-01-07T10:40:06.6725919Z 
2026-01-07T10:40:06.6726586Z ##[endgroup]
2026-01-07T10:40:06.6742056Z Creating settings.xml with server-id: github
2026-01-07T10:40:06.6743305Z Writing to /home/runner/.m2/settings.xml
2026-01-07T10:40:07.0196639Z Cache hit for: setup-java-Linux-x64-gradle-0a874fa928f1b3996d454e0c984f838d02a3c6f50ba20bbeef7e799eda7b26fb
2026-01-07T10:40:08.3320137Z Received 4194304 of 412157577 (1.0%), 4.0 MBs/sec
2026-01-07T10:40:09.3759459Z Received 134217728 of 412157577 (32.6%), 62.6 MBs/sec
2026-01-07T10:40:10.4168980Z Received 268435456 of 412157577 (65.1%), 83.0 MBs/sec
2026-01-07T10:40:11.4175521Z Received 398458880 of 412157577 (96.7%), 93.0 MBs/sec
2026-01-07T10:40:11.8636636Z Received 412157577 of 412157577 (100.0%), 86.7 MBs/sec
2026-01-07T10:40:11.8637565Z Cache Size: ~393 MB (412157577 B)
2026-01-07T10:40:11.8767323Z [command]/usr/bin/tar -xf /home/runner/work/_temp/2144551a-6836-4581-aa60-c64df739efc7/cache.tzst -P -C /home/runner/work/GenAIAgent/GenAIAgent --use-compress-program unzstd
2026-01-07T10:40:13.3273180Z Cache restored successfully
2026-01-07T10:40:13.4045226Z Cache restored from key: setup-java-Linux-x64-gradle-0a874fa928f1b3996d454e0c984f838d02a3c6f50ba20bbeef7e799eda7b26fb
2026-01-07T10:40:13.4212545Z ##[group]Run chmod +x gradlew
2026-01-07T10:40:13.4212895Z [36;1mchmod +x gradlew[0m
2026-01-07T10:40:13.4253030Z shell: /usr/bin/bash -e {0}
2026-01-07T10:40:13.4253304Z env:
2026-01-07T10:40:13.4253622Z   JAVA_HOME: /opt/hostedtoolcache/Java_Temurin-Hotspot_jdk/17.0.17-10/x64
2026-01-07T10:40:13.4254143Z   JAVA_HOME_17_X64: /opt/hostedtoolcache/Java_Temurin-Hotspot_jdk/17.0.17-10/x64
2026-01-07T10:40:13.4254536Z ##[endgroup]
2026-01-07T10:40:13.4374151Z ##[group]Run ./gradlew assembleDebug --stacktrace
2026-01-07T10:40:13.4374545Z [36;1m./gradlew assembleDebug --stacktrace[0m
2026-01-07T10:40:13.4405297Z shell: /usr/bin/bash -e {0}
2026-01-07T10:40:13.4405633Z env:
2026-01-07T10:40:13.4405942Z   JAVA_HOME: /opt/hostedtoolcache/Java_Temurin-Hotspot_jdk/17.0.17-10/x64
2026-01-07T10:40:13.4406434Z   JAVA_HOME_17_X64: /opt/hostedtoolcache/Java_Temurin-Hotspot_jdk/17.0.17-10/x64
2026-01-07T10:40:13.4407225Z   SUPABASE_URL: ***
2026-01-07T10:40:13.4408507Z   SUPABASE_ANON_KEY: ***
2026-01-07T10:40:13.4409408Z   OPENAI_API_KEY: ***
2026-01-07T10:40:13.4409820Z ##[endgroup]
2026-01-07T10:40:14.1652240Z 
2026-01-07T10:40:14.1654618Z Welcome to Gradle 8.0!
2026-01-07T10:40:14.1660708Z 
2026-01-07T10:40:14.1661446Z For more details see https://docs.gradle.org/8.0/release-notes.html
2026-01-07T10:40:14.1661953Z 
2026-01-07T10:40:14.3633809Z Starting a Gradle Daemon (subsequent builds will be faster)
2026-01-07T10:40:24.7642211Z Checking the license for package Android SDK Build-Tools 30.0.3 in /usr/local/lib/android/sdk/licenses
2026-01-07T10:40:24.7643273Z License for package Android SDK Build-Tools 30.0.3 accepted.
2026-01-07T10:40:24.7644034Z Preparing "Install Android SDK Build-Tools 30.0.3 (revision: 30.0.3)".
2026-01-07T10:40:26.1684261Z "Install Android SDK Build-Tools 30.0.3 (revision: 30.0.3)" ready.
2026-01-07T10:40:26.1685494Z Installing Android SDK Build-Tools 30.0.3 in /usr/local/lib/android/sdk/build-tools/30.0.3
2026-01-07T10:40:26.1687130Z "Install Android SDK Build-Tools 30.0.3 (revision: 30.0.3)" complete.
2026-01-07T10:40:26.2637600Z "Install Android SDK Build-Tools 30.0.3 (revision: 30.0.3)" finished.
2026-01-07T10:40:26.2643058Z Checking the license for package Android SDK Platform 33 in /usr/local/lib/android/sdk/licenses
2026-01-07T10:40:26.2646995Z License for package Android SDK Platform 33 accepted.
2026-01-07T10:40:26.2647673Z Preparing "Install Android SDK Platform 33 (revision: 3)".
2026-01-07T10:40:29.0646341Z "Install Android SDK Platform 33 (revision: 3)" ready.
2026-01-07T10:40:29.0651781Z Installing Android SDK Platform 33 in /usr/local/lib/android/sdk/platforms/android-33
2026-01-07T10:40:29.0653265Z "Install Android SDK Platform 33 (revision: 3)" complete.
2026-01-07T10:40:29.0654287Z "Install Android SDK Platform 33 (revision: 3)" finished.
2026-01-07T10:40:29.4649443Z > Task :app:preBuild UP-TO-DATE
2026-01-07T10:40:29.4650266Z > Task :app:preDebugBuild UP-TO-DATE
2026-01-07T10:40:29.4650944Z > Task :app:mergeDebugNativeDebugMetadata NO-SOURCE
2026-01-07T10:40:29.5634947Z > Task :app:generateDebugBuildConfig
2026-01-07T10:40:29.9661178Z > Task :app:generateDebugResValues
2026-01-07T10:40:29.9661986Z > Task :app:checkDebugAarMetadata
2026-01-07T10:40:29.9691367Z > Task :app:mapDebugSourceSetPaths
2026-01-07T10:40:29.9693125Z > Task :app:generateDebugResources
2026-01-07T10:40:31.3645407Z > Task :app:packageDebugResources
2026-01-07T10:40:31.9635205Z > Task :app:createDebugCompatibleScreenManifests
2026-01-07T10:40:31.9641463Z > Task :app:extractDeepLinksDebug
2026-01-07T10:40:32.0666402Z > Task :app:parseDebugLocalResources
2026-01-07T10:40:32.3633095Z > Task :app:processDebugMainManifest
2026-01-07T10:40:32.4640826Z > Task :app:processDebugManifest
2026-01-07T10:40:32.4670537Z > Task :app:javaPreCompileDebug
2026-01-07T10:40:32.4671572Z > Task :app:mergeDebugResources
2026-01-07T10:40:32.4672226Z > Task :app:mergeDebugShaders
2026-01-07T10:40:32.4672936Z > Task :app:compileDebugShaders NO-SOURCE
2026-01-07T10:40:32.4673803Z > Task :app:generateDebugAssets UP-TO-DATE
2026-01-07T10:40:32.5632953Z > Task :app:mergeDebugAssets
2026-01-07T10:40:32.5637603Z > Task :app:compressDebugAssets
2026-01-07T10:40:32.5638697Z > Task :app:desugarDebugFileDependencies
2026-01-07T10:40:32.5650932Z > Task :app:processDebugJavaRes NO-SOURCE
2026-01-07T10:40:32.6637242Z > Task :app:mergeDebugJniLibFolders
2026-01-07T10:40:32.6672141Z > Task :app:processDebugManifestForPackage
2026-01-07T10:40:32.6679087Z > Task :app:checkDebugDuplicateClasses
2026-01-07T10:40:33.1645525Z > Task :app:mergeLibDexDebug
2026-01-07T10:40:33.1646494Z > Task :app:mergeDebugNativeLibs NO-SOURCE
2026-01-07T10:40:33.1647320Z > Task :app:stripDebugDebugSymbols NO-SOURCE
2026-01-07T10:40:34.2660753Z > Task :app:validateSigningDebug
2026-01-07T10:40:34.2661598Z > Task :app:writeDebugAppMetadata
2026-01-07T10:40:34.2664051Z > Task :app:writeDebugSigningConfigVersions
2026-01-07T10:40:34.5633934Z > Task :app:processDebugResources
2026-01-07T10:40:39.0650367Z > Task :app:mergeExtDexDebug
2026-01-07T10:40:45.7638639Z 
2026-01-07T10:40:45.7639344Z > Task :app:compileDebugKotlin
2026-01-07T10:40:45.7640814Z w: file:///home/runner/work/GenAIAgent/GenAIAgent/app/src/main/java/com/genai/app/MainActivity.kt:55:32 Condition 'drawerLayout != null' is always 'true'
2026-01-07T10:40:45.7643281Z w: file:///home/runner/work/GenAIAgent/GenAIAgent/app/src/main/java/com/genai/app/MainActivity.kt:100:19 'onBackPressed(): Unit' is deprecated. Overrides deprecated member in 'androidx.core.app.ComponentActivity'. Deprecated in Java
2026-01-07T10:40:46.9632141Z 
2026-01-07T10:40:46.9636034Z > Task :app:compileDebugJavaWithJavac
2026-01-07T10:40:47.9633548Z > Task :app:dexBuilderDebug
2026-01-07T10:40:48.0633563Z > Task :app:mergeDebugGlobalSynthetics
2026-01-07T10:40:48.2639973Z > Task :app:mergeProjectDexDebug
2026-01-07T10:40:48.4632341Z > Task :app:mergeDebugJavaResource
2026-01-07T10:40:48.7645661Z > Task :app:packageDebug
2026-01-07T10:40:48.8391082Z > Task :app:createDebugApkListingFileRedirect
2026-01-07T10:40:48.8394203Z > Task :app:assembleDebug
2026-01-07T10:40:48.8394811Z 
2026-01-07T10:40:48.8400739Z BUILD SUCCESSFUL in 35s
2026-01-07T10:40:48.8401232Z 33 actionable tasks: 33 executed
2026-01-07T10:40:49.1636168Z ##[group]Run keytool -list -v -keystore ~/.android/debug.keystore -alias androiddebugkey -storepass android -keypass android
2026-01-07T10:40:49.1637054Z [36;1mkeytool -list -v -keystore ~/.android/debug.keystore -alias androiddebugkey -storepass android -keypass android[0m
2026-01-07T10:40:49.1669907Z shell: /usr/bin/bash -e {0}
2026-01-07T10:40:49.1670147Z env:
2026-01-07T10:40:49.1670449Z   JAVA_HOME: /opt/hostedtoolcache/Java_Temurin-Hotspot_jdk/17.0.17-10/x64
2026-01-07T10:40:49.1670940Z   JAVA_HOME_17_X64: /opt/hostedtoolcache/Java_Temurin-Hotspot_jdk/17.0.17-10/x64
2026-01-07T10:40:49.1671301Z ##[endgroup]
2026-01-07T10:40:49.4241652Z Alias name: androiddebugkey
2026-01-07T10:40:49.4599285Z Creation date: Jan 7, 2026
2026-01-07T10:40:49.4600793Z Entry type: PrivateKeyEntry
2026-01-07T10:40:49.4601383Z Certificate chain length: 1
2026-01-07T10:40:49.4615145Z Certificate[1]:
2026-01-07T10:40:49.4815215Z Owner: C=US, O=Android, CN=Android Debug
2026-01-07T10:40:49.4817667Z Issuer: C=US, O=Android, CN=Android Debug
2026-01-07T10:40:49.4819389Z Serial number: 1
2026-01-07T10:40:49.4821291Z Valid from: Wed Jan 07 10:40:33 UTC 2026 until: Fri Dec 31 10:40:33 UTC 2055
2026-01-07T10:40:49.4823024Z Certificate fingerprints:
2026-01-07T10:40:49.4824620Z 	 SHA1: 88:4E:11:30:A0:16:FB:69:08:E2:65:A0:5D:88:AB:9C:B3:2F:31:00
2026-01-07T10:40:49.4828293Z 	 SHA256: A5:6C:9D:DC:54:8B:70:EF:9B:3F:EE:31:93:E6:77:5A:98:44:24:94:AC:A6:29:5A:FB:52:6D:A3:6C:CE:E6:25
2026-01-07T10:40:49.4829008Z Signature algorithm name: SHA256withRSA
2026-01-07T10:40:49.4829701Z Subject Public Key Algorithm: 2048-bit RSA key
2026-01-07T10:40:49.4830196Z Version: 1
2026-01-07T10:40:49.5716324Z ##[group]Run actions/upload-artifact@v4
2026-01-07T10:40:49.5716616Z with:
2026-01-07T10:40:49.5716819Z   name: app-debug
2026-01-07T10:40:49.5717055Z   path: app/build/outputs/apk/debug/app-debug.apk
2026-01-07T10:40:49.5717358Z   if-no-files-found: warn
2026-01-07T10:40:49.5717587Z   compression-level: 6
2026-01-07T10:40:49.5717797Z   overwrite: false
2026-01-07T10:40:49.5718008Z   include-hidden-files: false
2026-01-07T10:40:49.5718236Z env:
2026-01-07T10:40:49.5718533Z   JAVA_HOME: /opt/hostedtoolcache/Java_Temurin-Hotspot_jdk/17.0.17-10/x64
2026-01-07T10:40:49.5719006Z   JAVA_HOME_17_X64: /opt/hostedtoolcache/Java_Temurin-Hotspot_jdk/17.0.17-10/x64
2026-01-07T10:40:49.5719363Z ##[endgroup]
2026-01-07T10:40:49.7850290Z With the provided path, there will be 1 file uploaded
2026-01-07T10:40:49.7855063Z Artifact name is valid!
2026-01-07T10:40:49.7856284Z Root directory input is valid!
2026-01-07T10:40:50.0646787Z Beginning upload of artifact content to blob storage
2026-01-07T10:40:51.3191478Z Uploaded bytes 5179021
2026-01-07T10:40:51.4071178Z Finished uploading artifact content to blob storage!
2026-01-07T10:40:51.4074457Z SHA256 digest of uploaded artifact zip is b33327f64027b6b99bf29c6a7044572780747cf236f64f5c62be0318de56b93c
2026-01-07T10:40:51.4076160Z Finalizing artifact upload
2026-01-07T10:40:51.5603356Z Artifact app-debug.zip successfully finalized. Artifact ID 5048047863
2026-01-07T10:40:51.5604441Z Artifact app-debug has been successfully uploaded! Final size is 5179021 bytes. Artifact ID is 5048047863
2026-01-07T10:40:51.5611483Z Artifact download URL: https://github.com/xyraofficial/GenAIAgent/actions/runs/20778707187/artifacts/5048047863
2026-01-07T10:40:51.5743178Z Post job cleanup.
2026-01-07T10:40:51.7364318Z Cache hit occurred on the primary key setup-java-Linux-x64-gradle-0a874fa928f1b3996d454e0c984f838d02a3c6f50ba20bbeef7e799eda7b26fb, not saving cache.
2026-01-07T10:40:51.7536720Z Post job cleanup.
2026-01-07T10:40:51.8456533Z [command]/usr/bin/git version
2026-01-07T10:40:51.8492460Z git version 2.52.0
2026-01-07T10:40:51.8536124Z Temporarily overriding HOME='/home/runner/work/_temp/ca3b0244-4c21-4a93-a28a-a2239e6088f9' before making global git config changes
2026-01-07T10:40:51.8537793Z Adding repository directory to the temporary git global config as a safe directory
2026-01-07T10:40:51.8549036Z [command]/usr/bin/git config --global --add safe.directory /home/runner/work/GenAIAgent/GenAIAgent
2026-01-07T10:40:51.8583717Z [command]/usr/bin/git config --local --name-only --get-regexp core\.sshCommand
2026-01-07T10:40:51.8616232Z [command]/usr/bin/git submodule foreach --recursive sh -c "git config --local --name-only --get-regexp 'core\.sshCommand' && git config --local --unset-all 'core.sshCommand' || :"
2026-01-07T10:40:51.9013917Z [command]/usr/bin/git config --local --name-only --get-regexp http\.https\:\/\/github\.com\/\.extraheader
2026-01-07T10:40:51.9038488Z http.https://github.com/.extraheader
2026-01-07T10:40:51.9051694Z [command]/usr/bin/git config --local --unset-all http.https://github.com/.extraheader
2026-01-07T10:40:51.9085467Z [command]/usr/bin/git submodule foreach --recursive sh -c "git config --local --name-only --get-regexp 'http\.https\:\/\/github\.com\/\.extraheader' && git config --local --unset-all 'http.https://github.com/.extraheader' || :"
2026-01-07T10:40:51.9328297Z [command]/usr/bin/git config --local --name-only --get-regexp ^includeIf\.gitdir:
2026-01-07T10:40:51.9365433Z [command]/usr/bin/git submodule foreach --recursive git config --local --show-origin --name-only --get-regexp remote.origin.url
2026-01-07T10:40:51.9725492Z Cleaning up orphan processes
2026-01-07T10:40:52.0019090Z Terminate orphan process: pid (2161) (java)
2026-01-07T10:40:52.0042531Z Terminate orphan process: pid (2329) (java)