2026-01-07T09:31:22.6339321Z Current runner version: '2.330.0'
2026-01-07T09:31:22.6363466Z ##[group]Runner Image Provisioner
2026-01-07T09:31:22.6364378Z Hosted Compute Agent
2026-01-07T09:31:22.6365038Z Version: 20251211.462
2026-01-07T09:31:22.6365680Z Commit: 6cbad8c2bb55d58165063d031ccabf57e2d2db61
2026-01-07T09:31:22.6366724Z Build Date: 2025-12-11T16:28:49Z
2026-01-07T09:31:22.6367477Z Worker ID: {569abbb2-68e4-4fe7-8c27-e3fb328a7c0a}
2026-01-07T09:31:22.6368195Z ##[endgroup]
2026-01-07T09:31:22.6368663Z ##[group]Operating System
2026-01-07T09:31:22.6369302Z Ubuntu
2026-01-07T09:31:22.6369797Z 24.04.3
2026-01-07T09:31:22.6370319Z LTS
2026-01-07T09:31:22.6370815Z ##[endgroup]
2026-01-07T09:31:22.6371357Z ##[group]Runner Image
2026-01-07T09:31:22.6372003Z Image: ubuntu-24.04
2026-01-07T09:31:22.6372582Z Version: 20251215.174.1
2026-01-07T09:31:22.6373620Z Included Software: https://github.com/actions/runner-images/blob/ubuntu24/20251215.174/images/ubuntu/Ubuntu2404-Readme.md
2026-01-07T09:31:22.6375268Z Image Release: https://github.com/actions/runner-images/releases/tag/ubuntu24%2F20251215.174
2026-01-07T09:31:22.6376395Z ##[endgroup]
2026-01-07T09:31:22.6377588Z ##[group]GITHUB_TOKEN Permissions
2026-01-07T09:31:22.6379420Z Contents: read
2026-01-07T09:31:22.6380047Z Metadata: read
2026-01-07T09:31:22.6380660Z Packages: read
2026-01-07T09:31:22.6381187Z ##[endgroup]
2026-01-07T09:31:22.6383285Z Secret source: Actions
2026-01-07T09:31:22.6383990Z Prepare workflow directory
2026-01-07T09:31:22.6722334Z Prepare all required actions
2026-01-07T09:31:22.6778806Z Getting action download info
2026-01-07T09:31:23.1109197Z Download action repository 'actions/checkout@v4' (SHA:34e114876b0b11c390a56381ad16ebd13914f8d5)
2026-01-07T09:31:23.2250004Z Download action repository 'actions/setup-java@v4' (SHA:c1e323688fd81a25caa38c78aa6df2d33d3e20d9)
2026-01-07T09:31:23.9472001Z Download action repository 'actions/upload-artifact@v4' (SHA:ea165f8d65b6e75b540449e92b4886f43607fa02)
2026-01-07T09:31:24.1660312Z Complete job name: build
2026-01-07T09:31:24.2374508Z ##[group]Run actions/checkout@v4
2026-01-07T09:31:24.2375367Z with:
2026-01-07T09:31:24.2375791Z   repository: xyraofficial/GenAIAgent
2026-01-07T09:31:24.2376702Z   token: ***
2026-01-07T09:31:24.2377097Z   ssh-strict: true
2026-01-07T09:31:24.2377493Z   ssh-user: git
2026-01-07T09:31:24.2377912Z   persist-credentials: true
2026-01-07T09:31:24.2378371Z   clean: true
2026-01-07T09:31:24.2378783Z   sparse-checkout-cone-mode: true
2026-01-07T09:31:24.2379265Z   fetch-depth: 1
2026-01-07T09:31:24.2379652Z   fetch-tags: false
2026-01-07T09:31:24.2380064Z   show-progress: true
2026-01-07T09:31:24.2380480Z   lfs: false
2026-01-07T09:31:24.2380858Z   submodules: false
2026-01-07T09:31:24.2381268Z   set-safe-directory: true
2026-01-07T09:31:24.2382014Z ##[endgroup]
2026-01-07T09:31:24.3497484Z Syncing repository: xyraofficial/GenAIAgent
2026-01-07T09:31:24.3500594Z ##[group]Getting Git version info
2026-01-07T09:31:24.3501990Z Working directory is '/home/runner/work/GenAIAgent/GenAIAgent'
2026-01-07T09:31:24.3503842Z [command]/usr/bin/git version
2026-01-07T09:31:24.3631861Z git version 2.52.0
2026-01-07T09:31:24.3660162Z ##[endgroup]
2026-01-07T09:31:24.3674022Z Temporarily overriding HOME='/home/runner/work/_temp/b0895896-5881-4e89-8c0f-c5251cc65228' before making global git config changes
2026-01-07T09:31:24.3675381Z Adding repository directory to the temporary git global config as a safe directory
2026-01-07T09:31:24.3687313Z [command]/usr/bin/git config --global --add safe.directory /home/runner/work/GenAIAgent/GenAIAgent
2026-01-07T09:31:24.3730965Z Deleting the contents of '/home/runner/work/GenAIAgent/GenAIAgent'
2026-01-07T09:31:24.3734240Z ##[group]Initializing the repository
2026-01-07T09:31:24.3738652Z [command]/usr/bin/git init /home/runner/work/GenAIAgent/GenAIAgent
2026-01-07T09:31:24.3887957Z hint: Using 'master' as the name for the initial branch. This default branch name
2026-01-07T09:31:24.3889198Z hint: will change to "main" in Git 3.0. To configure the initial branch name
2026-01-07T09:31:24.3890511Z hint: to use in all of your new repositories, which will suppress this warning,
2026-01-07T09:31:24.3891347Z hint: call:
2026-01-07T09:31:24.3892017Z hint:
2026-01-07T09:31:24.3892991Z hint: 	git config --global init.defaultBranch <name>
2026-01-07T09:31:24.3893677Z hint:
2026-01-07T09:31:24.3894304Z hint: Names commonly chosen instead of 'master' are 'main', 'trunk' and
2026-01-07T09:31:24.3895320Z hint: 'development'. The just-created branch can be renamed via this command:
2026-01-07T09:31:24.3896312Z hint:
2026-01-07T09:31:24.3896763Z hint: 	git branch -m <name>
2026-01-07T09:31:24.3897428Z hint:
2026-01-07T09:31:24.3898467Z hint: Disable this message with "git config set advice.defaultBranchName false"
2026-01-07T09:31:24.3899638Z Initialized empty Git repository in /home/runner/work/GenAIAgent/GenAIAgent/.git/
2026-01-07T09:31:24.3903756Z [command]/usr/bin/git remote add origin https://github.com/xyraofficial/GenAIAgent
2026-01-07T09:31:24.3937408Z ##[endgroup]
2026-01-07T09:31:24.3938196Z ##[group]Disabling automatic garbage collection
2026-01-07T09:31:24.3941179Z [command]/usr/bin/git config --local gc.auto 0
2026-01-07T09:31:24.3969533Z ##[endgroup]
2026-01-07T09:31:24.3970248Z ##[group]Setting up auth
2026-01-07T09:31:24.3976214Z [command]/usr/bin/git config --local --name-only --get-regexp core\.sshCommand
2026-01-07T09:31:24.4005297Z [command]/usr/bin/git submodule foreach --recursive sh -c "git config --local --name-only --get-regexp 'core\.sshCommand' && git config --local --unset-all 'core.sshCommand' || :"
2026-01-07T09:31:24.4401453Z [command]/usr/bin/git config --local --name-only --get-regexp http\.https\:\/\/github\.com\/\.extraheader
2026-01-07T09:31:24.4431863Z [command]/usr/bin/git submodule foreach --recursive sh -c "git config --local --name-only --get-regexp 'http\.https\:\/\/github\.com\/\.extraheader' && git config --local --unset-all 'http.https://github.com/.extraheader' || :"
2026-01-07T09:31:24.4652484Z [command]/usr/bin/git config --local --name-only --get-regexp ^includeIf\.gitdir:
2026-01-07T09:31:24.4682751Z [command]/usr/bin/git submodule foreach --recursive git config --local --show-origin --name-only --get-regexp remote.origin.url
2026-01-07T09:31:24.4914718Z [command]/usr/bin/git config --local http.https://github.com/.extraheader AUTHORIZATION: basic ***
2026-01-07T09:31:24.4948524Z ##[endgroup]
2026-01-07T09:31:24.4950096Z ##[group]Fetching the repository
2026-01-07T09:31:24.4958326Z [command]/usr/bin/git -c protocol.version=2 fetch --no-tags --prune --no-recurse-submodules --depth=1 origin +4dd38738d19974d5b3d947e77527e02f7c85ecee:refs/remotes/origin/main
2026-01-07T09:31:24.9435738Z From https://github.com/xyraofficial/GenAIAgent
2026-01-07T09:31:24.9438541Z  * [new ref]         4dd38738d19974d5b3d947e77527e02f7c85ecee -> origin/main
2026-01-07T09:31:24.9472574Z ##[endgroup]
2026-01-07T09:31:24.9473628Z ##[group]Determining the checkout info
2026-01-07T09:31:24.9475105Z ##[endgroup]
2026-01-07T09:31:24.9480469Z [command]/usr/bin/git sparse-checkout disable
2026-01-07T09:31:24.9522527Z [command]/usr/bin/git config --local --unset-all extensions.worktreeConfig
2026-01-07T09:31:24.9549732Z ##[group]Checking out the ref
2026-01-07T09:31:24.9553738Z [command]/usr/bin/git checkout --progress --force -B main refs/remotes/origin/main
2026-01-07T09:31:24.9657015Z Switched to a new branch 'main'
2026-01-07T09:31:24.9659610Z branch 'main' set up to track 'origin/main'.
2026-01-07T09:31:24.9668468Z ##[endgroup]
2026-01-07T09:31:24.9705120Z [command]/usr/bin/git log -1 --format=%H
2026-01-07T09:31:24.9728792Z 4dd38738d19974d5b3d947e77527e02f7c85ecee
2026-01-07T09:31:25.0084497Z ##[group]Run actions/setup-java@v4
2026-01-07T09:31:25.0085664Z with:
2026-01-07T09:31:25.0086599Z   java-version: 17
2026-01-07T09:31:25.0087520Z   distribution: temurin
2026-01-07T09:31:25.0088473Z   cache: gradle
2026-01-07T09:31:25.0089339Z   java-package: jdk
2026-01-07T09:31:25.0090240Z   check-latest: false
2026-01-07T09:31:25.0091161Z   server-id: github
2026-01-07T09:31:25.0092070Z   server-username: GITHUB_ACTOR
2026-01-07T09:31:25.0093362Z   server-password: GITHUB_TOKEN
2026-01-07T09:31:25.0094460Z   overwrite-settings: true
2026-01-07T09:31:25.0095470Z   job-status: success
2026-01-07T09:31:25.0096856Z   token: ***
2026-01-07T09:31:25.0097659Z ##[endgroup]
2026-01-07T09:31:25.2084660Z ##[group]Installed distributions
2026-01-07T09:31:25.2154466Z Resolved Java 17.0.17+10 from tool-cache
2026-01-07T09:31:25.2155930Z Setting Java 17.0.17+10 as the default
2026-01-07T09:31:25.2168216Z Creating toolchains.xml for JDK version 17 from temurin
2026-01-07T09:31:25.2244424Z Writing to /home/runner/.m2/toolchains.xml
2026-01-07T09:31:25.2245643Z 
2026-01-07T09:31:25.2246581Z Java configuration:
2026-01-07T09:31:25.2248115Z   Distribution: temurin
2026-01-07T09:31:25.2249546Z   Version: 17.0.17+10
2026-01-07T09:31:25.2251240Z   Path: /opt/hostedtoolcache/Java_Temurin-Hotspot_jdk/17.0.17-10/x64
2026-01-07T09:31:25.2253143Z 
2026-01-07T09:31:25.2254828Z ##[endgroup]
2026-01-07T09:31:25.2271102Z Creating settings.xml with server-id: github
2026-01-07T09:31:25.2272552Z Writing to /home/runner/.m2/settings.xml
2026-01-07T09:31:25.5656589Z Cache hit for: setup-java-Linux-x64-gradle-0a874fa928f1b3996d454e0c984f838d02a3c6f50ba20bbeef7e799eda7b26fb
2026-01-07T09:31:26.8463027Z Received 0 of 412157577 (0.0%), 0.0 MBs/sec
2026-01-07T09:31:27.8461691Z Received 125829120 of 412157577 (30.5%), 60.0 MBs/sec
2026-01-07T09:31:28.8462596Z Received 264241152 of 412157577 (64.1%), 84.0 MBs/sec
2026-01-07T09:31:29.8468839Z Received 377487360 of 412157577 (91.6%), 90.0 MBs/sec
2026-01-07T09:31:30.3704907Z Received 412157577 of 412157577 (100.0%), 86.9 MBs/sec
2026-01-07T09:31:30.3705731Z Cache Size: ~393 MB (412157577 B)
2026-01-07T09:31:30.3830922Z [command]/usr/bin/tar -xf /home/runner/work/_temp/8d689c64-8389-40ec-b45f-d816504e97f1/cache.tzst -P -C /home/runner/work/GenAIAgent/GenAIAgent --use-compress-program unzstd
2026-01-07T09:31:31.7812313Z Cache restored successfully
2026-01-07T09:31:31.8588780Z Cache restored from key: setup-java-Linux-x64-gradle-0a874fa928f1b3996d454e0c984f838d02a3c6f50ba20bbeef7e799eda7b26fb
2026-01-07T09:31:31.8766013Z ##[group]Run chmod +x gradlew
2026-01-07T09:31:31.8766670Z [36;1mchmod +x gradlew[0m
2026-01-07T09:31:31.8805232Z shell: /usr/bin/bash -e {0}
2026-01-07T09:31:31.8805503Z env:
2026-01-07T09:31:31.8805813Z   JAVA_HOME: /opt/hostedtoolcache/Java_Temurin-Hotspot_jdk/17.0.17-10/x64
2026-01-07T09:31:31.8806604Z   JAVA_HOME_17_X64: /opt/hostedtoolcache/Java_Temurin-Hotspot_jdk/17.0.17-10/x64
2026-01-07T09:31:31.8807000Z ##[endgroup]
2026-01-07T09:31:31.8932307Z ##[group]Run ./gradlew assembleDebug --stacktrace
2026-01-07T09:31:31.8932717Z [36;1m./gradlew assembleDebug --stacktrace[0m
2026-01-07T09:31:31.8964881Z shell: /usr/bin/bash -e {0}
2026-01-07T09:31:31.8965124Z env:
2026-01-07T09:31:31.8965432Z   JAVA_HOME: /opt/hostedtoolcache/Java_Temurin-Hotspot_jdk/17.0.17-10/x64
2026-01-07T09:31:31.8965914Z   JAVA_HOME_17_X64: /opt/hostedtoolcache/Java_Temurin-Hotspot_jdk/17.0.17-10/x64
2026-01-07T09:31:31.8966811Z   SUPABASE_URL: ***
2026-01-07T09:31:31.8968067Z   SUPABASE_ANON_KEY: ***
2026-01-07T09:31:31.8968966Z   OPENAI_API_KEY: ***
2026-01-07T09:31:31.8969173Z ##[endgroup]
2026-01-07T09:31:33.2845333Z 
2026-01-07T09:31:33.2846868Z Welcome to Gradle 8.0!
2026-01-07T09:31:33.2847288Z 
2026-01-07T09:31:33.2849074Z For more details see https://docs.gradle.org/8.0/release-notes.html
2026-01-07T09:31:33.2850459Z 
2026-01-07T09:31:33.6788130Z Starting a Gradle Daemon (subsequent builds will be faster)
2026-01-07T09:31:45.8792277Z Checking the license for package Android SDK Build-Tools 30.0.3 in /usr/local/lib/android/sdk/licenses
2026-01-07T09:31:45.8793698Z License for package Android SDK Build-Tools 30.0.3 accepted.
2026-01-07T09:31:45.8799136Z Preparing "Install Android SDK Build-Tools 30.0.3 (revision: 30.0.3)".
2026-01-07T09:31:47.1785025Z "Install Android SDK Build-Tools 30.0.3 (revision: 30.0.3)" ready.
2026-01-07T09:31:47.1792228Z Installing Android SDK Build-Tools 30.0.3 in /usr/local/lib/android/sdk/build-tools/30.0.3
2026-01-07T09:31:47.1793823Z "Install Android SDK Build-Tools 30.0.3 (revision: 30.0.3)" complete.
2026-01-07T09:31:47.5785757Z "Install Android SDK Build-Tools 30.0.3 (revision: 30.0.3)" finished.
2026-01-07T09:31:47.5787873Z Checking the license for package Android SDK Platform 33 in /usr/local/lib/android/sdk/licenses
2026-01-07T09:31:47.5788752Z License for package Android SDK Platform 33 accepted.
2026-01-07T09:31:47.5789572Z Preparing "Install Android SDK Platform 33 (revision: 3)".
2026-01-07T09:31:50.3811829Z "Install Android SDK Platform 33 (revision: 3)" ready.
2026-01-07T09:31:50.3813826Z Installing Android SDK Platform 33 in /usr/local/lib/android/sdk/platforms/android-33
2026-01-07T09:31:50.3814607Z "Install Android SDK Platform 33 (revision: 3)" complete.
2026-01-07T09:31:50.3815213Z "Install Android SDK Platform 33 (revision: 3)" finished.
2026-01-07T09:31:50.7797606Z > Task :app:preBuild UP-TO-DATE
2026-01-07T09:31:50.7798139Z > Task :app:preDebugBuild UP-TO-DATE
2026-01-07T09:31:50.7798672Z > Task :app:mergeDebugNativeDebugMetadata NO-SOURCE
2026-01-07T09:31:50.8787842Z > Task :app:generateDebugBuildConfig
2026-01-07T09:31:51.2796274Z > Task :app:generateDebugResValues
2026-01-07T09:31:51.3785495Z > Task :app:checkDebugAarMetadata
2026-01-07T09:31:51.3793466Z > Task :app:mapDebugSourceSetPaths
2026-01-07T09:31:51.3799152Z > Task :app:generateDebugResources
2026-01-07T09:31:52.7785217Z > Task :app:packageDebugResources
2026-01-07T09:31:53.4785330Z > Task :app:createDebugCompatibleScreenManifests
2026-01-07T09:31:53.4786629Z > Task :app:extractDeepLinksDebug
2026-01-07T09:31:53.5785345Z > Task :app:parseDebugLocalResources
2026-01-07T09:31:53.7784659Z > Task :app:processDebugMainManifest
2026-01-07T09:31:53.8784594Z > Task :app:mergeDebugResources
2026-01-07T09:31:53.8787597Z > Task :app:processDebugManifest
2026-01-07T09:31:53.9789091Z > Task :app:javaPreCompileDebug
2026-01-07T09:31:53.9789943Z > Task :app:mergeDebugShaders
2026-01-07T09:31:53.9790863Z > Task :app:compileDebugShaders NO-SOURCE
2026-01-07T09:31:53.9791471Z > Task :app:generateDebugAssets UP-TO-DATE
2026-01-07T09:31:53.9791943Z > Task :app:mergeDebugAssets
2026-01-07T09:31:53.9792355Z > Task :app:compressDebugAssets
2026-01-07T09:31:54.0790170Z > Task :app:desugarDebugFileDependencies
2026-01-07T09:31:54.0791015Z > Task :app:processDebugJavaRes NO-SOURCE
2026-01-07T09:31:54.1813810Z > Task :app:mergeDebugJniLibFolders
2026-01-07T09:31:54.1814367Z > Task :app:checkDebugDuplicateClasses
2026-01-07T09:31:54.1815259Z > Task :app:mergeDebugNativeLibs NO-SOURCE
2026-01-07T09:31:54.3798292Z > Task :app:processDebugManifestForPackage
2026-01-07T09:31:54.3808177Z > Task :app:mergeLibDexDebug
2026-01-07T09:31:54.5809523Z > Task :app:stripDebugDebugSymbols NO-SOURCE
2026-01-07T09:31:55.5808325Z > Task :app:processDebugResources FAILED
2026-01-07T09:31:56.0789158Z > Task :app:validateSigningDebug
2026-01-07T09:31:58.4807536Z > Task :app:mergeExtDexDebug
2026-01-07T09:31:58.4818788Z 
2026-01-07T09:31:58.4823034Z FAILURE: Build failed with an exception.
2026-01-07T09:31:58.4823619Z 
2026-01-07T09:31:58.4823781Z * What went wrong:
2026-01-07T09:31:58.4824238Z Execution failed for task ':app:processDebugResources'.
2026-01-07T09:31:58.4825369Z > A failure occurred while executing com.android.build.gradle.internal.res.LinkApplicationAndroidResourcesTask$TaskAction
2026-01-07T09:31:58.4826526Z    > Android resource linking failed
2026-01-07T09:31:58.4828022Z      ERROR: /home/runner/work/GenAIAgent/GenAIAgent/app/src/main/res/layout/activity_register.xml:16: AAPT: error: attribute layout_constraintStart_of (aka com.genai.app:layout_constraintStart_of) not found.
2026-01-07T09:31:58.4829516Z          
2026-01-07T09:31:58.4829715Z 
2026-01-07T09:31:58.4829837Z * Try:
2026-01-07T09:31:58.4830271Z > Run with --info or --debug option to get more log output.
2026-01-07T09:31:58.4830844Z > Run with --scan to get full insights.
2026-01-07T09:31:58.4831162Z 
2026-01-07T09:31:58.4831291Z * Exception is:
2026-01-07T09:31:58.4854807Z org.gradle.api.tasks.TaskExecutionException: Execution failed for task ':app:processDebugResources'.
2026-01-07T09:31:58.4861852Z 	at org.gradle.api.internal.tasks.execution.ExecuteActionsTaskExecuter.lambda$executeIfValid$1(ExecuteActionsTaskExecuter.java:149)
2026-01-07T09:31:58.4863391Z 	at org.gradle.internal.Try$Failure.ifSuccessfulOrElse(Try.java:282)
2026-01-07T09:31:58.4864758Z 	at org.gradle.api.internal.tasks.execution.ExecuteActionsTaskExecuter.executeIfValid(ExecuteActionsTaskExecuter.java:147)
2026-01-07T09:31:58.4866914Z 	at org.gradle.api.internal.tasks.execution.ExecuteActionsTaskExecuter.execute(ExecuteActionsTaskExecuter.java:135)
2026-01-07T09:31:58.4873401Z 	at org.gradle.api.internal.tasks.execution.FinalizePropertiesTaskExecuter.execute(FinalizePropertiesTaskExecuter.java:46)
2026-01-07T09:31:58.4875721Z 	at org.gradle.api.internal.tasks.execution.ResolveTaskExecutionModeExecuter.execute(ResolveTaskExecutionModeExecuter.java:51)
2026-01-07T09:31:58.4878146Z 	at org.gradle.api.internal.tasks.execution.SkipTaskWithNoActionsExecuter.execute(SkipTaskWithNoActionsExecuter.java:57)
2026-01-07T09:31:58.4880228Z 	at org.gradle.api.internal.tasks.execution.SkipOnlyIfTaskExecuter.execute(SkipOnlyIfTaskExecuter.java:74)
2026-01-07T09:31:58.4908090Z 	at org.gradle.api.internal.tasks.execution.CatchExceptionTaskExecuter.execute(CatchExceptionTaskExecuter.java:36)
2026-01-07T09:31:58.4909693Z 	at org.gradle.api.internal.tasks.execution.EventFiringTaskExecuter$1.executeTask(EventFiringTaskExecuter.java:77)
2026-01-07T09:31:58.4911150Z 	at org.gradle.api.internal.tasks.execution.EventFiringTaskExecuter$1.call(EventFiringTaskExecuter.java:55)
2026-01-07T09:31:58.4912525Z 	at org.gradle.api.internal.tasks.execution.EventFiringTaskExecuter$1.call(EventFiringTaskExecuter.java:52)
2026-01-07T09:31:58.4914150Z 	at org.gradle.internal.operations.DefaultBuildOperationRunner$CallableBuildOperationWorker.execute(DefaultBuildOperationRunner.java:204)
2026-01-07T09:31:58.4916041Z 	at org.gradle.internal.operations.DefaultBuildOperationRunner$CallableBuildOperationWorker.execute(DefaultBuildOperationRunner.java:199)
2026-01-07T09:31:58.4917895Z 	at org.gradle.internal.operations.DefaultBuildOperationRunner$2.execute(DefaultBuildOperationRunner.java:66)
2026-01-07T09:31:58.4919311Z 	at org.gradle.internal.operations.DefaultBuildOperationRunner$2.execute(DefaultBuildOperationRunner.java:59)
2026-01-07T09:31:58.4920752Z 	at org.gradle.internal.operations.DefaultBuildOperationRunner.execute(DefaultBuildOperationRunner.java:157)
2026-01-07T09:31:58.4922538Z 	at org.gradle.internal.operations.DefaultBuildOperationRunner.execute(DefaultBuildOperationRunner.java:59)
2026-01-07T09:31:58.4923964Z 	at org.gradle.internal.operations.DefaultBuildOperationRunner.call(DefaultBuildOperationRunner.java:53)
2026-01-07T09:31:58.4925361Z 	at org.gradle.internal.operations.DefaultBuildOperationExecutor.call(DefaultBuildOperationExecutor.java:73)
2026-01-07T09:31:58.4926970Z 	at org.gradle.api.internal.tasks.execution.EventFiringTaskExecuter.execute(EventFiringTaskExecuter.java:52)
2026-01-07T09:31:58.4928269Z 	at org.gradle.execution.plan.LocalTaskNodeExecutor.execute(LocalTaskNodeExecutor.java:42)
2026-01-07T09:31:58.4929723Z 	at org.gradle.execution.taskgraph.DefaultTaskExecutionGraph$InvokeNodeExecutorsAction.execute(DefaultTaskExecutionGraph.java:338)
2026-01-07T09:31:58.4931483Z 	at org.gradle.execution.taskgraph.DefaultTaskExecutionGraph$InvokeNodeExecutorsAction.execute(DefaultTaskExecutionGraph.java:325)
2026-01-07T09:31:58.4933295Z 	at org.gradle.execution.taskgraph.DefaultTaskExecutionGraph$BuildOperationAwareExecutionAction.execute(DefaultTaskExecutionGraph.java:318)
2026-01-07T09:31:58.4935181Z 	at org.gradle.execution.taskgraph.DefaultTaskExecutionGraph$BuildOperationAwareExecutionAction.execute(DefaultTaskExecutionGraph.java:304)
2026-01-07T09:31:58.4936965Z 	at org.gradle.execution.plan.DefaultPlanExecutor$ExecutorWorker.execute(DefaultPlanExecutor.java:463)
2026-01-07T09:31:58.4938203Z 	at org.gradle.execution.plan.DefaultPlanExecutor$ExecutorWorker.run(DefaultPlanExecutor.java:380)
2026-01-07T09:31:58.4939707Z 	at org.gradle.execution.plan.DefaultPlanExecutor.process(DefaultPlanExecutor.java:116)
2026-01-07T09:31:58.4941057Z 	at org.gradle.execution.taskgraph.DefaultTaskExecutionGraph.executeWithServices(DefaultTaskExecutionGraph.java:136)
2026-01-07T09:31:58.4942537Z 	at org.gradle.execution.taskgraph.DefaultTaskExecutionGraph.execute(DefaultTaskExecutionGraph.java:121)
2026-01-07T09:31:58.4943882Z 	at org.gradle.execution.SelectedTaskExecutionAction.execute(SelectedTaskExecutionAction.java:35)
2026-01-07T09:31:58.4945154Z 	at org.gradle.execution.DryRunBuildExecutionAction.execute(DryRunBuildExecutionAction.java:51)
2026-01-07T09:31:58.4946836Z 	at org.gradle.execution.BuildOperationFiringBuildWorkerExecutor$ExecuteTasks.call(BuildOperationFiringBuildWorkerExecutor.java:54)
2026-01-07T09:31:58.4948656Z 	at org.gradle.execution.BuildOperationFiringBuildWorkerExecutor$ExecuteTasks.call(BuildOperationFiringBuildWorkerExecutor.java:43)
2026-01-07T09:31:58.4950503Z 	at org.gradle.internal.operations.DefaultBuildOperationRunner$CallableBuildOperationWorker.execute(DefaultBuildOperationRunner.java:204)
2026-01-07T09:31:58.4952392Z 	at org.gradle.internal.operations.DefaultBuildOperationRunner$CallableBuildOperationWorker.execute(DefaultBuildOperationRunner.java:199)
2026-01-07T09:31:58.4954058Z 	at org.gradle.internal.operations.DefaultBuildOperationRunner$2.execute(DefaultBuildOperationRunner.java:66)
2026-01-07T09:31:58.4955498Z 	at org.gradle.internal.operations.DefaultBuildOperationRunner$2.execute(DefaultBuildOperationRunner.java:59)
2026-01-07T09:31:58.5014132Z 	at org.gradle.internal.operations.DefaultBuildOperationRunner.execute(DefaultBuildOperationRunner.java:157)
2026-01-07T09:31:58.5015668Z 	at org.gradle.internal.operations.DefaultBuildOperationRunner.execute(DefaultBuildOperationRunner.java:59)
2026-01-07T09:31:58.5017301Z 	at org.gradle.internal.operations.DefaultBuildOperationRunner.call(DefaultBuildOperationRunner.java:53)
2026-01-07T09:31:58.5018738Z 	at org.gradle.internal.operations.DefaultBuildOperationExecutor.call(DefaultBuildOperationExecutor.java:73)
2026-01-07T09:31:58.5020326Z 	at org.gradle.execution.BuildOperationFiringBuildWorkerExecutor.execute(BuildOperationFiringBuildWorkerExecutor.java:40)
2026-01-07T09:31:58.5021993Z 	at org.gradle.internal.build.DefaultBuildLifecycleController.lambda$executeTasks$7(DefaultBuildLifecycleController.java:172)
2026-01-07T09:31:58.5023804Z 	at org.gradle.internal.model.StateTransitionController.doTransition(StateTransitionController.java:258)
2026-01-07T09:31:58.5025232Z 	at org.gradle.internal.model.StateTransitionController.lambda$tryTransition$8(StateTransitionController.java:185)
2026-01-07T09:31:58.5026667Z 	at org.gradle.internal.work.DefaultSynchronizer.withLock(DefaultSynchronizer.java:44)
2026-01-07T09:31:58.5067497Z 	at org.gradle.internal.model.StateTransitionController.tryTransition(StateTransitionController.java:185)
2026-01-07T09:31:58.5069008Z 	at org.gradle.internal.build.DefaultBuildLifecycleController.executeTasks(DefaultBuildLifecycleController.java:172)
2026-01-07T09:31:58.5070729Z 	at org.gradle.internal.build.DefaultBuildWorkGraphController$DefaultBuildWorkGraph.runWork(DefaultBuildWorkGraphController.java:209)
2026-01-07T09:31:58.5072265Z 	at org.gradle.internal.work.DefaultWorkerLeaseService.withLocks(DefaultWorkerLeaseService.java:249)
2026-01-07T09:31:58.5073716Z 	at org.gradle.internal.work.DefaultWorkerLeaseService.runAsWorkerThread(DefaultWorkerLeaseService.java:109)
2026-01-07T09:31:58.5075065Z 	at org.gradle.composite.internal.DefaultBuildController.doRun(DefaultBuildController.java:172)
2026-01-07T09:31:58.5080292Z 	at org.gradle.composite.internal.DefaultBuildController.access$000(DefaultBuildController.java:47)
2026-01-07T09:31:58.5081691Z 	at org.gradle.composite.internal.DefaultBuildController$BuildOpRunnable.run(DefaultBuildController.java:191)
2026-01-07T09:31:58.5083062Z 	at org.gradle.internal.concurrent.ExecutorPolicy$CatchAndRecordFailures.onExecute(ExecutorPolicy.java:64)
2026-01-07T09:31:58.5084623Z 	at org.gradle.internal.concurrent.ManagedExecutorImpl$1.run(ManagedExecutorImpl.java:49)
2026-01-07T09:31:58.5086750Z Caused by: org.gradle.workers.internal.DefaultWorkerExecutor$WorkExecutionException: A failure occurred while executing com.android.build.gradle.internal.res.LinkApplicationAndroidResourcesTask$TaskAction
2026-01-07T09:31:58.5088893Z 	at org.gradle.workers.internal.DefaultWorkerExecutor$WorkItemExecution.waitForCompletion(DefaultWorkerExecutor.java:283)
2026-01-07T09:31:58.5090524Z 	at org.gradle.internal.work.DefaultAsyncWorkTracker.lambda$waitForItemsAndGatherFailures$2(DefaultAsyncWorkTracker.java:130)
2026-01-07T09:31:58.5091698Z 	at org.gradle.internal.Factories$1.create(Factories.java:31)
2026-01-07T09:31:58.5092732Z 	at org.gradle.internal.work.DefaultWorkerLeaseService.withoutLocks(DefaultWorkerLeaseService.java:321)
2026-01-07T09:31:58.5094097Z 	at org.gradle.internal.work.DefaultWorkerLeaseService.withoutLocks(DefaultWorkerLeaseService.java:304)
2026-01-07T09:31:58.5095477Z 	at org.gradle.internal.work.DefaultWorkerLeaseService.withoutLock(DefaultWorkerLeaseService.java:309)
2026-01-07T09:31:58.5097171Z 	at org.gradle.internal.work.DefaultAsyncWorkTracker.waitForItemsAndGatherFailures(DefaultAsyncWorkTracker.java:126)
2026-01-07T09:31:58.5098776Z 	at org.gradle.internal.work.DefaultAsyncWorkTracker.waitForItemsAndGatherFailures(DefaultAsyncWorkTracker.java:92)
2026-01-07T09:31:58.5100208Z 	at org.gradle.internal.work.DefaultAsyncWorkTracker.waitForAll(DefaultAsyncWorkTracker.java:78)
2026-01-07T09:31:58.5101530Z 	at org.gradle.internal.work.DefaultAsyncWorkTracker.waitForCompletion(DefaultAsyncWorkTracker.java:66)
2026-01-07T09:31:58.5102723Z 	at org.gradle.api.internal.tasks.execution.TaskExecution$3.run(TaskExecution.java:250)
2026-01-07T09:31:58.5103942Z 	at org.gradle.internal.operations.DefaultBuildOperationRunner$1.execute(DefaultBuildOperationRunner.java:29)
2026-01-07T09:31:58.5105345Z 	at org.gradle.internal.operations.DefaultBuildOperationRunner$1.execute(DefaultBuildOperationRunner.java:26)
2026-01-07T09:31:58.5106929Z 	at org.gradle.internal.operations.DefaultBuildOperationRunner$2.execute(DefaultBuildOperationRunner.java:66)
2026-01-07T09:31:58.5108310Z 	at org.gradle.internal.operations.DefaultBuildOperationRunner$2.execute(DefaultBuildOperationRunner.java:59)
2026-01-07T09:31:58.5109718Z 	at org.gradle.internal.operations.DefaultBuildOperationRunner.execute(DefaultBuildOperationRunner.java:157)
2026-01-07T09:31:58.5111382Z 	at org.gradle.internal.operations.DefaultBuildOperationRunner.execute(DefaultBuildOperationRunner.java:59)
2026-01-07T09:31:58.5112822Z 	at org.gradle.internal.operations.DefaultBuildOperationRunner.run(DefaultBuildOperationRunner.java:47)
2026-01-07T09:31:58.5114212Z 	at org.gradle.internal.operations.DefaultBuildOperationExecutor.run(DefaultBuildOperationExecutor.java:68)
2026-01-07T09:31:58.5115516Z 	at org.gradle.api.internal.tasks.execution.TaskExecution.executeAction(TaskExecution.java:227)
2026-01-07T09:31:58.5116888Z 	at org.gradle.api.internal.tasks.execution.TaskExecution.executeActions(TaskExecution.java:210)
2026-01-07T09:31:58.5118263Z 	at org.gradle.api.internal.tasks.execution.TaskExecution.executeWithPreviousOutputFiles(TaskExecution.java:193)
2026-01-07T09:31:58.5119594Z 	at org.gradle.api.internal.tasks.execution.TaskExecution.execute(TaskExecution.java:166)
2026-01-07T09:31:58.5120819Z 	at org.gradle.internal.execution.steps.ExecuteStep.executeInternal(ExecuteStep.java:93)
2026-01-07T09:31:58.5121926Z 	at org.gradle.internal.execution.steps.ExecuteStep.access$000(ExecuteStep.java:44)
2026-01-07T09:31:58.5122927Z 	at org.gradle.internal.execution.steps.ExecuteStep$1.call(ExecuteStep.java:57)
2026-01-07T09:31:58.5123910Z 	at org.gradle.internal.execution.steps.ExecuteStep$1.call(ExecuteStep.java:54)
2026-01-07T09:31:58.5125361Z 	at org.gradle.internal.operations.DefaultBuildOperationRunner$CallableBuildOperationWorker.execute(DefaultBuildOperationRunner.java:204)
2026-01-07T09:31:58.5127402Z 	at org.gradle.internal.operations.DefaultBuildOperationRunner$CallableBuildOperationWorker.execute(DefaultBuildOperationRunner.java:199)
2026-01-07T09:31:58.5129251Z 	at org.gradle.internal.operations.DefaultBuildOperationRunner$2.execute(DefaultBuildOperationRunner.java:66)
2026-01-07T09:31:58.5130608Z 	at org.gradle.internal.operations.DefaultBuildOperationRunner$2.execute(DefaultBuildOperationRunner.java:59)
2026-01-07T09:31:58.5131947Z 	at org.gradle.internal.operations.DefaultBuildOperationRunner.execute(DefaultBuildOperationRunner.java:157)
2026-01-07T09:31:58.5133374Z 	at org.gradle.internal.operations.DefaultBuildOperationRunner.execute(DefaultBuildOperationRunner.java:59)
2026-01-07T09:31:58.5134795Z 	at org.gradle.internal.operations.DefaultBuildOperationRunner.call(DefaultBuildOperationRunner.java:53)
2026-01-07T09:31:58.5136372Z 	at org.gradle.internal.operations.DefaultBuildOperationExecutor.call(DefaultBuildOperationExecutor.java:73)
2026-01-07T09:31:58.5137572Z 	at org.gradle.internal.execution.steps.ExecuteStep.execute(ExecuteStep.java:54)
2026-01-07T09:31:58.5138609Z 	at org.gradle.internal.execution.steps.ExecuteStep.execute(ExecuteStep.java:44)
2026-01-07T09:31:58.5139812Z 	at org.gradle.internal.execution.steps.RemovePreviousOutputsStep.execute(RemovePreviousOutputsStep.java:67)
2026-01-07T09:31:58.5141275Z 	at org.gradle.internal.execution.steps.RemovePreviousOutputsStep.execute(RemovePreviousOutputsStep.java:37)
2026-01-07T09:31:58.5142626Z 	at org.gradle.internal.execution.steps.CancelExecutionStep.execute(CancelExecutionStep.java:41)
2026-01-07T09:31:58.5143855Z 	at org.gradle.internal.execution.steps.TimeoutStep.executeWithoutTimeout(TimeoutStep.java:74)
2026-01-07T09:31:58.5144960Z 	at org.gradle.internal.execution.steps.TimeoutStep.execute(TimeoutStep.java:55)
2026-01-07T09:31:58.5146021Z 	at org.gradle.internal.execution.steps.CreateOutputsStep.execute(CreateOutputsStep.java:50)
2026-01-07T09:31:58.5147341Z 	at org.gradle.internal.execution.steps.CreateOutputsStep.execute(CreateOutputsStep.java:28)
2026-01-07T09:31:58.5149063Z 	at org.gradle.internal.execution.steps.CaptureStateAfterExecutionStep.executeDelegateBroadcastingChanges(CaptureStateAfterExecutionStep.java:100)
2026-01-07T09:31:58.5150965Z 	at org.gradle.internal.execution.steps.CaptureStateAfterExecutionStep.execute(CaptureStateAfterExecutionStep.java:72)
2026-01-07T09:31:58.5152602Z 	at org.gradle.internal.execution.steps.CaptureStateAfterExecutionStep.execute(CaptureStateAfterExecutionStep.java:50)
2026-01-07T09:31:58.5154326Z 	at org.gradle.internal.execution.steps.ResolveInputChangesStep.execute(ResolveInputChangesStep.java:40)
2026-01-07T09:31:58.5155702Z 	at org.gradle.internal.execution.steps.ResolveInputChangesStep.execute(ResolveInputChangesStep.java:29)
2026-01-07T09:31:58.5157166Z 	at org.gradle.internal.execution.steps.BuildCacheStep.executeWithoutCache(BuildCacheStep.java:166)
2026-01-07T09:31:58.5158372Z 	at org.gradle.internal.execution.steps.BuildCacheStep.lambda$execute$1(BuildCacheStep.java:70)
2026-01-07T09:31:58.5159283Z 	at org.gradle.internal.Either$Right.fold(Either.java:175)
2026-01-07T09:31:58.5160111Z 	at org.gradle.internal.execution.caching.CachingState.fold(CachingState.java:59)
2026-01-07T09:31:58.5161150Z 	at org.gradle.internal.execution.steps.BuildCacheStep.execute(BuildCacheStep.java:68)
2026-01-07T09:31:58.5162241Z 	at org.gradle.internal.execution.steps.BuildCacheStep.execute(BuildCacheStep.java:46)
2026-01-07T09:31:58.5163452Z 	at org.gradle.internal.execution.steps.StoreExecutionStateStep.execute(StoreExecutionStateStep.java:36)
2026-01-07T09:31:58.5164827Z 	at org.gradle.internal.execution.steps.StoreExecutionStateStep.execute(StoreExecutionStateStep.java:25)
2026-01-07T09:31:58.5166247Z 	at org.gradle.internal.execution.steps.RecordOutputsStep.execute(RecordOutputsStep.java:36)
2026-01-07T09:31:58.5167421Z 	at org.gradle.internal.execution.steps.RecordOutputsStep.execute(RecordOutputsStep.java:22)
2026-01-07T09:31:58.5168649Z 	at org.gradle.internal.execution.steps.SkipUpToDateStep.executeBecause(SkipUpToDateStep.java:91)
2026-01-07T09:31:58.5170192Z 	at org.gradle.internal.execution.steps.SkipUpToDateStep.lambda$execute$2(SkipUpToDateStep.java:55)
2026-01-07T09:31:58.5171412Z 	at org.gradle.internal.execution.steps.SkipUpToDateStep.execute(SkipUpToDateStep.java:55)
2026-01-07T09:31:58.5172605Z 	at org.gradle.internal.execution.steps.SkipUpToDateStep.execute(SkipUpToDateStep.java:37)
2026-01-07T09:31:58.5173796Z 	at org.gradle.internal.execution.steps.ResolveChangesStep.execute(ResolveChangesStep.java:65)
2026-01-07T09:31:58.5174975Z 	at org.gradle.internal.execution.steps.ResolveChangesStep.execute(ResolveChangesStep.java:36)
2026-01-07T09:31:58.5176659Z 	at org.gradle.internal.execution.steps.legacy.MarkSnapshottingInputsFinishedStep.execute(MarkSnapshottingInputsFinishedStep.java:37)
2026-01-07T09:31:58.5178361Z 	at org.gradle.internal.execution.steps.legacy.MarkSnapshottingInputsFinishedStep.execute(MarkSnapshottingInputsFinishedStep.java:27)
2026-01-07T09:31:58.5179969Z 	at org.gradle.internal.execution.steps.ResolveCachingStateStep.execute(ResolveCachingStateStep.java:76)
2026-01-07T09:31:58.5181203Z 	at org.gradle.internal.execution.steps.ResolveCachingStateStep.execute(ResolveCachingStateStep.java:37)
2026-01-07T09:31:58.5182254Z 	at org.gradle.internal.execution.steps.ValidateStep.execute(ValidateStep.java:94)
2026-01-07T09:31:58.5183130Z 	at org.gradle.internal.execution.steps.ValidateStep.execute(ValidateStep.java:49)
2026-01-07T09:31:58.5184314Z 	at org.gradle.internal.execution.steps.CaptureStateBeforeExecutionStep.execute(CaptureStateBeforeExecutionStep.java:71)
2026-01-07T09:31:58.5185752Z 	at org.gradle.internal.execution.steps.CaptureStateBeforeExecutionStep.execute(CaptureStateBeforeExecutionStep.java:45)
2026-01-07T09:31:58.5187430Z 	at org.gradle.internal.execution.steps.SkipEmptyWorkStep.executeWithNonEmptySources(SkipEmptyWorkStep.java:177)
2026-01-07T09:31:58.5188778Z 	at org.gradle.internal.execution.steps.SkipEmptyWorkStep.execute(SkipEmptyWorkStep.java:81)
2026-01-07T09:31:58.5189849Z 	at org.gradle.internal.execution.steps.SkipEmptyWorkStep.execute(SkipEmptyWorkStep.java:53)
2026-01-07T09:31:58.5191252Z 	at org.gradle.internal.execution.steps.RemoveUntrackedExecutionStateStep.execute(RemoveUntrackedExecutionStateStep.java:32)
2026-01-07T09:31:58.5192945Z 	at org.gradle.internal.execution.steps.RemoveUntrackedExecutionStateStep.execute(RemoveUntrackedExecutionStateStep.java:21)
2026-01-07T09:31:58.5194957Z 	at org.gradle.internal.execution.steps.legacy.MarkSnapshottingInputsStartedStep.execute(MarkSnapshottingInputsStartedStep.java:38)
2026-01-07T09:31:58.5196945Z 	at org.gradle.internal.execution.steps.LoadPreviousExecutionStateStep.execute(LoadPreviousExecutionStateStep.java:36)
2026-01-07T09:31:58.5198579Z 	at org.gradle.internal.execution.steps.LoadPreviousExecutionStateStep.execute(LoadPreviousExecutionStateStep.java:23)
2026-01-07T09:31:58.5200067Z 	at org.gradle.internal.execution.steps.CleanupStaleOutputsStep.execute(CleanupStaleOutputsStep.java:75)
2026-01-07T09:31:58.5201462Z 	at org.gradle.internal.execution.steps.CleanupStaleOutputsStep.execute(CleanupStaleOutputsStep.java:41)
2026-01-07T09:31:58.5202827Z 	at org.gradle.internal.execution.steps.AssignWorkspaceStep.lambda$execute$0(AssignWorkspaceStep.java:32)
2026-01-07T09:31:58.5204087Z 	at org.gradle.api.internal.tasks.execution.TaskExecution$4.withWorkspace(TaskExecution.java:287)
2026-01-07T09:31:58.5205274Z 	at org.gradle.internal.execution.steps.AssignWorkspaceStep.execute(AssignWorkspaceStep.java:30)
2026-01-07T09:31:58.5206718Z 	at org.gradle.internal.execution.steps.AssignWorkspaceStep.execute(AssignWorkspaceStep.java:21)
2026-01-07T09:31:58.5207863Z 	at org.gradle.internal.execution.steps.IdentityCacheStep.execute(IdentityCacheStep.java:37)
2026-01-07T09:31:58.5209012Z 	at org.gradle.internal.execution.steps.IdentityCacheStep.execute(IdentityCacheStep.java:27)
2026-01-07T09:31:58.5210122Z 	at org.gradle.internal.execution.steps.IdentifyStep.execute(IdentifyStep.java:42)
2026-01-07T09:31:58.5211156Z 	at org.gradle.internal.execution.steps.IdentifyStep.execute(IdentifyStep.java:31)
2026-01-07T09:31:58.5212583Z 	at org.gradle.internal.execution.impl.DefaultExecutionEngine$1.execute(DefaultExecutionEngine.java:64)
2026-01-07T09:31:58.5214057Z 	at org.gradle.api.internal.tasks.execution.ExecuteActionsTaskExecuter.executeIfValid(ExecuteActionsTaskExecuter.java:146)
2026-01-07T09:31:58.5215646Z 	at org.gradle.api.internal.tasks.execution.ExecuteActionsTaskExecuter.execute(ExecuteActionsTaskExecuter.java:135)
2026-01-07T09:31:58.5217617Z 	at org.gradle.api.internal.tasks.execution.FinalizePropertiesTaskExecuter.execute(FinalizePropertiesTaskExecuter.java:46)
2026-01-07T09:31:58.5219301Z 	at org.gradle.api.internal.tasks.execution.ResolveTaskExecutionModeExecuter.execute(ResolveTaskExecutionModeExecuter.java:51)
2026-01-07T09:31:58.5220956Z 	at org.gradle.api.internal.tasks.execution.SkipTaskWithNoActionsExecuter.execute(SkipTaskWithNoActionsExecuter.java:57)
2026-01-07T09:31:58.5222440Z 	at org.gradle.api.internal.tasks.execution.SkipOnlyIfTaskExecuter.execute(SkipOnlyIfTaskExecuter.java:74)
2026-01-07T09:31:58.5223863Z 	at org.gradle.api.internal.tasks.execution.CatchExceptionTaskExecuter.execute(CatchExceptionTaskExecuter.java:36)
2026-01-07T09:31:58.5225349Z 	at org.gradle.api.internal.tasks.execution.EventFiringTaskExecuter$1.executeTask(EventFiringTaskExecuter.java:77)
2026-01-07T09:31:58.5226943Z 	at org.gradle.api.internal.tasks.execution.EventFiringTaskExecuter$1.call(EventFiringTaskExecuter.java:55)
2026-01-07T09:31:58.5228332Z 	at org.gradle.api.internal.tasks.execution.EventFiringTaskExecuter$1.call(EventFiringTaskExecuter.java:52)
2026-01-07T09:31:58.5229969Z 	at org.gradle.internal.operations.DefaultBuildOperationRunner$CallableBuildOperationWorker.execute(DefaultBuildOperationRunner.java:204)
2026-01-07T09:31:58.5231843Z 	at org.gradle.internal.operations.DefaultBuildOperationRunner$CallableBuildOperationWorker.execute(DefaultBuildOperationRunner.java:199)
2026-01-07T09:31:58.5233499Z 	at org.gradle.internal.operations.DefaultBuildOperationRunner$2.execute(DefaultBuildOperationRunner.java:66)
2026-01-07T09:31:58.5234923Z 	at org.gradle.internal.operations.DefaultBuildOperationRunner$2.execute(DefaultBuildOperationRunner.java:59)
2026-01-07T09:31:58.5236512Z 	at org.gradle.internal.operations.DefaultBuildOperationRunner.execute(DefaultBuildOperationRunner.java:157)
2026-01-07T09:31:58.5237930Z 	at org.gradle.internal.operations.DefaultBuildOperationRunner.execute(DefaultBuildOperationRunner.java:59)
2026-01-07T09:31:58.5239653Z 	at org.gradle.internal.operations.DefaultBuildOperationRunner.call(DefaultBuildOperationRunner.java:53)
2026-01-07T09:31:58.5241117Z 	at org.gradle.internal.operations.DefaultBuildOperationExecutor.call(DefaultBuildOperationExecutor.java:73)
2026-01-07T09:31:58.5242553Z 	at org.gradle.api.internal.tasks.execution.EventFiringTaskExecuter.execute(EventFiringTaskExecuter.java:52)
2026-01-07T09:31:58.5243843Z 	at org.gradle.execution.plan.LocalTaskNodeExecutor.execute(LocalTaskNodeExecutor.java:42)
2026-01-07T09:31:58.5245280Z 	at org.gradle.execution.taskgraph.DefaultTaskExecutionGraph$InvokeNodeExecutorsAction.execute(DefaultTaskExecutionGraph.java:338)
2026-01-07T09:31:58.5247057Z 	at org.gradle.execution.taskgraph.DefaultTaskExecutionGraph$InvokeNodeExecutorsAction.execute(DefaultTaskExecutionGraph.java:325)
2026-01-07T09:31:58.5248759Z 	at org.gradle.execution.taskgraph.DefaultTaskExecutionGraph$BuildOperationAwareExecutionAction.execute(DefaultTaskExecutionGraph.java:318)
2026-01-07T09:31:58.5250652Z 	at org.gradle.execution.taskgraph.DefaultTaskExecutionGraph$BuildOperationAwareExecutionAction.execute(DefaultTaskExecutionGraph.java:304)
2026-01-07T09:31:58.5252200Z 	at org.gradle.execution.plan.DefaultPlanExecutor$ExecutorWorker.execute(DefaultPlanExecutor.java:463)
2026-01-07T09:31:58.5253413Z 	at org.gradle.execution.plan.DefaultPlanExecutor$ExecutorWorker.run(DefaultPlanExecutor.java:380)
2026-01-07T09:31:58.5254548Z 	at org.gradle.execution.plan.DefaultPlanExecutor.process(DefaultPlanExecutor.java:116)
2026-01-07T09:31:58.5256339Z 	at org.gradle.execution.taskgraph.DefaultTaskExecutionGraph.executeWithServices(DefaultTaskExecutionGraph.java:136)
2026-01-07T09:31:58.5257829Z 	at org.gradle.execution.taskgraph.DefaultTaskExecutionGraph.execute(DefaultTaskExecutionGraph.java:121)
2026-01-07T09:31:58.5259190Z 	at org.gradle.execution.SelectedTaskExecutionAction.execute(SelectedTaskExecutionAction.java:35)
2026-01-07T09:31:58.5260415Z 	at org.gradle.execution.DryRunBuildExecutionAction.execute(DryRunBuildExecutionAction.java:51)
2026-01-07T09:31:58.5261924Z 	at org.gradle.execution.BuildOperationFiringBuildWorkerExecutor$ExecuteTasks.call(BuildOperationFiringBuildWorkerExecutor.java:54)
2026-01-07T09:31:58.5263685Z 	at org.gradle.execution.BuildOperationFiringBuildWorkerExecutor$ExecuteTasks.call(BuildOperationFiringBuildWorkerExecutor.java:43)
2026-01-07T09:31:58.5265489Z 	at org.gradle.internal.operations.DefaultBuildOperationRunner$CallableBuildOperationWorker.execute(DefaultBuildOperationRunner.java:204)
2026-01-07T09:31:58.5267516Z 	at org.gradle.internal.operations.DefaultBuildOperationRunner$CallableBuildOperationWorker.execute(DefaultBuildOperationRunner.java:199)
2026-01-07T09:31:58.5269161Z 	at org.gradle.internal.operations.DefaultBuildOperationRunner$2.execute(DefaultBuildOperationRunner.java:66)
2026-01-07T09:31:58.5270593Z 	at org.gradle.internal.operations.DefaultBuildOperationRunner$2.execute(DefaultBuildOperationRunner.java:59)
2026-01-07T09:31:58.5271993Z 	at org.gradle.internal.operations.DefaultBuildOperationRunner.execute(DefaultBuildOperationRunner.java:157)
2026-01-07T09:31:58.5273416Z 	at org.gradle.internal.operations.DefaultBuildOperationRunner.execute(DefaultBuildOperationRunner.java:59)
2026-01-07T09:31:58.5274797Z 	at org.gradle.internal.operations.DefaultBuildOperationRunner.call(DefaultBuildOperationRunner.java:53)
2026-01-07T09:31:58.5276373Z 	at org.gradle.internal.operations.DefaultBuildOperationExecutor.call(DefaultBuildOperationExecutor.java:73)
2026-01-07T09:31:58.5277911Z 	at org.gradle.execution.BuildOperationFiringBuildWorkerExecutor.execute(BuildOperationFiringBuildWorkerExecutor.java:40)
2026-01-07T09:31:58.5279587Z 	at org.gradle.internal.build.DefaultBuildLifecycleController.lambda$executeTasks$7(DefaultBuildLifecycleController.java:172)
2026-01-07T09:31:58.5281120Z 	at org.gradle.internal.model.StateTransitionController.doTransition(StateTransitionController.java:258)
2026-01-07T09:31:58.5282855Z 	at org.gradle.internal.model.StateTransitionController.lambda$tryTransition$8(StateTransitionController.java:185)
2026-01-07T09:31:58.5284100Z 	at org.gradle.internal.work.DefaultSynchronizer.withLock(DefaultSynchronizer.java:44)
2026-01-07T09:31:58.5285366Z 	at org.gradle.internal.model.StateTransitionController.tryTransition(StateTransitionController.java:185)
2026-01-07T09:31:58.5287014Z 	at org.gradle.internal.build.DefaultBuildLifecycleController.executeTasks(DefaultBuildLifecycleController.java:172)
2026-01-07T09:31:58.5288742Z 	at org.gradle.internal.build.DefaultBuildWorkGraphController$DefaultBuildWorkGraph.runWork(DefaultBuildWorkGraphController.java:209)
2026-01-07T09:31:58.5290276Z 	at org.gradle.internal.work.DefaultWorkerLeaseService.withLocks(DefaultWorkerLeaseService.java:249)
2026-01-07T09:31:58.5291645Z 	at org.gradle.internal.work.DefaultWorkerLeaseService.runAsWorkerThread(DefaultWorkerLeaseService.java:109)
2026-01-07T09:31:58.5292951Z 	at org.gradle.composite.internal.DefaultBuildController.doRun(DefaultBuildController.java:172)
2026-01-07T09:31:58.5294199Z 	at org.gradle.composite.internal.DefaultBuildController.access$000(DefaultBuildController.java:47)
2026-01-07T09:31:58.5295493Z 	at org.gradle.composite.internal.DefaultBuildController$BuildOpRunnable.run(DefaultBuildController.java:191)
2026-01-07T09:31:58.5297147Z 	at org.gradle.internal.concurrent.ExecutorPolicy$CatchAndRecordFailures.onExecute(ExecutorPolicy.java:64)
2026-01-07T09:31:58.5298330Z 	at org.gradle.internal.concurrent.ManagedExecutorImpl$1.run(ManagedExecutorImpl.java:49)
2026-01-07T09:31:58.5299689Z Caused by: com.android.builder.internal.aapt.v2.Aapt2Exception: Android resource linking failed
2026-01-07T09:31:58.5301487Z ERROR: /home/runner/work/GenAIAgent/GenAIAgent/app/src/main/res/layout/activity_register.xml:16: AAPT: error: attribute layout_constraintStart_of (aka com.genai.app:layout_constraintStart_of) not found.
2026-01-07T09:31:58.5302892Z     
2026-01-07T09:31:58.5303527Z 	at com.android.builder.internal.aapt.v2.Aapt2Exception$Companion.create(Aapt2Exception.kt:45)
2026-01-07T09:31:58.5304703Z 	at com.android.builder.internal.aapt.v2.Aapt2Exception$Companion.create$default(Aapt2Exception.kt:33)
2026-01-07T09:31:58.5305933Z 	at com.android.build.gradle.internal.res.Aapt2ErrorUtils.rewriteException(Aapt2ErrorUtils.kt:260)
2026-01-07T09:31:58.5307381Z 	at com.android.build.gradle.internal.res.Aapt2ErrorUtils.rewriteLinkException(Aapt2ErrorUtils.kt:133)
2026-01-07T09:31:58.5308904Z 	at com.android.build.gradle.internal.res.Aapt2ProcessResourcesRunnableKt.processResources(Aapt2ProcessResourcesRunnable.kt:76)
2026-01-07T09:31:58.5310840Z 	at com.android.build.gradle.internal.res.LinkApplicationAndroidResourcesTask$Companion.invokeAaptForSplit(LinkApplicationAndroidResourcesTask.kt:941)
2026-01-07T09:31:58.5312958Z 	at com.android.build.gradle.internal.res.LinkApplicationAndroidResourcesTask$Companion.access$invokeAaptForSplit(LinkApplicationAndroidResourcesTask.kt:791)
2026-01-07T09:31:58.5314952Z 	at com.android.build.gradle.internal.res.LinkApplicationAndroidResourcesTask$TaskAction.run(LinkApplicationAndroidResourcesTask.kt:422)
2026-01-07T09:31:58.5316723Z 	at com.android.build.gradle.internal.profile.ProfileAwareWorkAction.execute(ProfileAwareWorkAction.kt:74)
2026-01-07T09:31:58.5317981Z 	at org.gradle.workers.internal.DefaultWorkerServer.execute(DefaultWorkerServer.java:63)
2026-01-07T09:31:58.5319169Z 	at org.gradle.workers.internal.NoIsolationWorkerFactory$1$1.create(NoIsolationWorkerFactory.java:66)
2026-01-07T09:31:58.5320447Z 	at org.gradle.workers.internal.NoIsolationWorkerFactory$1$1.create(NoIsolationWorkerFactory.java:62)
2026-01-07T09:31:58.5321745Z 	at org.gradle.internal.classloader.ClassLoaderUtils.executeInClassloader(ClassLoaderUtils.java:100)
2026-01-07T09:31:58.5323088Z 	at org.gradle.workers.internal.NoIsolationWorkerFactory$1.lambda$execute$0(NoIsolationWorkerFactory.java:62)
2026-01-07T09:31:58.5324215Z 	at org.gradle.workers.internal.AbstractWorker$1.call(AbstractWorker.java:44)
2026-01-07T09:31:58.5325145Z 	at org.gradle.workers.internal.AbstractWorker$1.call(AbstractWorker.java:41)
2026-01-07T09:31:58.5326977Z 	at org.gradle.internal.operations.DefaultBuildOperationRunner$CallableBuildOperationWorker.execute(DefaultBuildOperationRunner.java:204)
2026-01-07T09:31:58.5328855Z 	at org.gradle.internal.operations.DefaultBuildOperationRunner$CallableBuildOperationWorker.execute(DefaultBuildOperationRunner.java:199)
2026-01-07T09:31:58.5330494Z 	at org.gradle.internal.operations.DefaultBuildOperationRunner$2.execute(DefaultBuildOperationRunner.java:66)
2026-01-07T09:31:58.5331896Z 	at org.gradle.internal.operations.DefaultBuildOperationRunner$2.execute(DefaultBuildOperationRunner.java:59)
2026-01-07T09:31:58.5333340Z 	at org.gradle.internal.operations.DefaultBuildOperationRunner.execute(DefaultBuildOperationRunner.java:157)
2026-01-07T09:31:58.5334775Z 	at org.gradle.internal.operations.DefaultBuildOperationRunner.execute(DefaultBuildOperationRunner.java:59)
2026-01-07T09:31:58.5336351Z 	at org.gradle.internal.operations.DefaultBuildOperationRunner.call(DefaultBuildOperationRunner.java:53)
2026-01-07T09:31:58.5337781Z 	at org.gradle.internal.operations.DefaultBuildOperationExecutor.call(DefaultBuildOperationExecutor.java:73)
2026-01-07T09:31:58.5339222Z 	at org.gradle.workers.internal.AbstractWorker.executeWrappedInBuildOperation(AbstractWorker.java:41)
2026-01-07T09:31:58.5340526Z 	at org.gradle.workers.internal.NoIsolationWorkerFactory$1.execute(NoIsolationWorkerFactory.java:59)
2026-01-07T09:31:58.5341862Z 	at org.gradle.workers.internal.DefaultWorkerExecutor.lambda$submitWork$0(DefaultWorkerExecutor.java:169)
2026-01-07T09:31:58.5343653Z 	at org.gradle.internal.work.DefaultConditionalExecutionQueue$ExecutionRunner.runExecution(DefaultConditionalExecutionQueue.java:187)
2026-01-07T09:31:58.5345447Z 	at org.gradle.internal.work.DefaultConditionalExecutionQueue$ExecutionRunner.access$700(DefaultConditionalExecutionQueue.java:120)
2026-01-07T09:31:58.5347316Z 	at org.gradle.internal.work.DefaultConditionalExecutionQueue$ExecutionRunner$1.run(DefaultConditionalExecutionQueue.java:162)
2026-01-07T09:31:58.5348506Z 	at org.gradle.internal.Factories$1.create(Factories.java:31)
2026-01-07T09:31:58.5349498Z 	at org.gradle.internal.work.DefaultWorkerLeaseService.withLocks(DefaultWorkerLeaseService.java:249)
2026-01-07T09:31:58.5350873Z 	at org.gradle.internal.work.DefaultWorkerLeaseService.runAsWorkerThread(DefaultWorkerLeaseService.java:109)
2026-01-07T09:31:58.5352297Z 	at org.gradle.internal.work.DefaultWorkerLeaseService.runAsWorkerThread(DefaultWorkerLeaseService.java:114)
2026-01-07T09:31:58.5353879Z 	at org.gradle.internal.work.DefaultConditionalExecutionQueue$ExecutionRunner.runBatch(DefaultConditionalExecutionQueue.java:157)
2026-01-07T09:31:58.5355540Z 	at org.gradle.internal.work.DefaultConditionalExecutionQueue$ExecutionRunner.run(DefaultConditionalExecutionQueue.java:126)
2026-01-07T09:31:58.5356696Z 	... 2 more
2026-01-07T09:31:58.5356875Z 
2026-01-07T09:31:58.5356882Z 
2026-01-07T09:31:58.5357079Z * Get more help at https://help.gradle.org
2026-01-07T09:31:58.5357415Z 
2026-01-07T09:31:58.5357549Z BUILD FAILED in 26s
2026-01-07T09:31:58.5357917Z 23 actionable tasks: 23 executed
2026-01-07T09:31:59.0292152Z ##[error]Process completed with exit code 1.
2026-01-07T09:31:59.0400108Z Post job cleanup.
2026-01-07T09:31:59.2184245Z Post job cleanup.
2026-01-07T09:31:59.3119392Z [command]/usr/bin/git version
2026-01-07T09:31:59.3155317Z git version 2.52.0
2026-01-07T09:31:59.3199866Z Temporarily overriding HOME='/home/runner/work/_temp/5f799266-e10c-4174-b12a-ddb2cc7fac99' before making global git config changes
2026-01-07T09:31:59.3201166Z Adding repository directory to the temporary git global config as a safe directory
2026-01-07T09:31:59.3213934Z [command]/usr/bin/git config --global --add safe.directory /home/runner/work/GenAIAgent/GenAIAgent
2026-01-07T09:31:59.3247971Z [command]/usr/bin/git config --local --name-only --get-regexp core\.sshCommand
2026-01-07T09:31:59.3280080Z [command]/usr/bin/git submodule foreach --recursive sh -c "git config --local --name-only --get-regexp 'core\.sshCommand' && git config --local --unset-all 'core.sshCommand' || :"
2026-01-07T09:31:59.3507701Z [command]/usr/bin/git config --local --name-only --get-regexp http\.https\:\/\/github\.com\/\.extraheader
2026-01-07T09:31:59.3528680Z http.https://github.com/.extraheader
2026-01-07T09:31:59.3540790Z [command]/usr/bin/git config --local --unset-all http.https://github.com/.extraheader
2026-01-07T09:31:59.3570575Z [command]/usr/bin/git submodule foreach --recursive sh -c "git config --local --name-only --get-regexp 'http\.https\:\/\/github\.com\/\.extraheader' && git config --local --unset-all 'http.https://github.com/.extraheader' || :"
2026-01-07T09:31:59.3790275Z [command]/usr/bin/git config --local --name-only --get-regexp ^includeIf\.gitdir:
2026-01-07T09:31:59.3820219Z [command]/usr/bin/git submodule foreach --recursive git config --local --show-origin --name-only --get-regexp remote.origin.url
2026-01-07T09:31:59.4139080Z Cleaning up orphan processes
2026-01-07T09:31:59.4394332Z Terminate orphan process: pid (2181) (java)