2026-01-07T08:51:25.6153292Z Current runner version: '2.330.0'
2026-01-07T08:51:25.6177533Z ##[group]Runner Image Provisioner
2026-01-07T08:51:25.6178409Z Hosted Compute Agent
2026-01-07T08:51:25.6179037Z Version: 20251211.462
2026-01-07T08:51:25.6179652Z Commit: 6cbad8c2bb55d58165063d031ccabf57e2d2db61
2026-01-07T08:51:25.6180336Z Build Date: 2025-12-11T16:28:49Z
2026-01-07T08:51:25.6181429Z Worker ID: {3f5cd532-47d3-40c7-9200-c7a73f82fa16}
2026-01-07T08:51:25.6182103Z ##[endgroup]
2026-01-07T08:51:25.6182601Z ##[group]Operating System
2026-01-07T08:51:25.6183224Z Ubuntu
2026-01-07T08:51:25.6183694Z 24.04.3
2026-01-07T08:51:25.6184100Z LTS
2026-01-07T08:51:25.6184650Z ##[endgroup]
2026-01-07T08:51:25.6185147Z ##[group]Runner Image
2026-01-07T08:51:25.6185735Z Image: ubuntu-24.04
2026-01-07T08:51:25.6186272Z Version: 20251215.174.1
2026-01-07T08:51:25.6187253Z Included Software: https://github.com/actions/runner-images/blob/ubuntu24/20251215.174/images/ubuntu/Ubuntu2404-Readme.md
2026-01-07T08:51:25.6188889Z Image Release: https://github.com/actions/runner-images/releases/tag/ubuntu24%2F20251215.174
2026-01-07T08:51:25.6189840Z ##[endgroup]
2026-01-07T08:51:25.6191157Z ##[group]GITHUB_TOKEN Permissions
2026-01-07T08:51:25.6192973Z Contents: read
2026-01-07T08:51:25.6193559Z Metadata: read
2026-01-07T08:51:25.6194124Z Packages: read
2026-01-07T08:51:25.6194632Z ##[endgroup]
2026-01-07T08:51:25.6196876Z Secret source: Actions
2026-01-07T08:51:25.6197598Z Prepare workflow directory
2026-01-07T08:51:25.6520248Z Prepare all required actions
2026-01-07T08:51:25.6557242Z Getting action download info
2026-01-07T08:51:26.1549474Z Download action repository 'actions/checkout@v4' (SHA:34e114876b0b11c390a56381ad16ebd13914f8d5)
2026-01-07T08:51:26.2752552Z Download action repository 'actions/setup-java@v4' (SHA:c1e323688fd81a25caa38c78aa6df2d33d3e20d9)
2026-01-07T08:51:27.0363653Z Download action repository 'actions/upload-artifact@v4' (SHA:ea165f8d65b6e75b540449e92b4886f43607fa02)
2026-01-07T08:51:27.2511366Z Complete job name: build
2026-01-07T08:51:27.3215994Z ##[group]Run actions/checkout@v4
2026-01-07T08:51:27.3216888Z with:
2026-01-07T08:51:27.3217338Z   repository: xyraofficial/GenAIAgent
2026-01-07T08:51:27.3218078Z   token: ***
2026-01-07T08:51:27.3218503Z   ssh-strict: true
2026-01-07T08:51:27.3218944Z   ssh-user: git
2026-01-07T08:51:27.3219448Z   persist-credentials: true
2026-01-07T08:51:27.3219939Z   clean: true
2026-01-07T08:51:27.3220384Z   sparse-checkout-cone-mode: true
2026-01-07T08:51:27.3221060Z   fetch-depth: 1
2026-01-07T08:51:27.3221489Z   fetch-tags: false
2026-01-07T08:51:27.3221933Z   show-progress: true
2026-01-07T08:51:27.3222403Z   lfs: false
2026-01-07T08:51:27.3222836Z   submodules: false
2026-01-07T08:51:27.3223287Z   set-safe-directory: true
2026-01-07T08:51:27.3224081Z ##[endgroup]
2026-01-07T08:51:27.4318489Z Syncing repository: xyraofficial/GenAIAgent
2026-01-07T08:51:27.4320318Z ##[group]Getting Git version info
2026-01-07T08:51:27.4321543Z Working directory is '/home/runner/work/GenAIAgent/GenAIAgent'
2026-01-07T08:51:27.4322630Z [command]/usr/bin/git version
2026-01-07T08:51:27.4452338Z git version 2.52.0
2026-01-07T08:51:27.4480275Z ##[endgroup]
2026-01-07T08:51:27.4496896Z Temporarily overriding HOME='/home/runner/work/_temp/de3afda4-3708-41f3-bb2a-08321cae5d74' before making global git config changes
2026-01-07T08:51:27.4499359Z Adding repository directory to the temporary git global config as a safe directory
2026-01-07T08:51:27.4511896Z [command]/usr/bin/git config --global --add safe.directory /home/runner/work/GenAIAgent/GenAIAgent
2026-01-07T08:51:27.4552798Z Deleting the contents of '/home/runner/work/GenAIAgent/GenAIAgent'
2026-01-07T08:51:27.4556727Z ##[group]Initializing the repository
2026-01-07T08:51:27.4561504Z [command]/usr/bin/git init /home/runner/work/GenAIAgent/GenAIAgent
2026-01-07T08:51:27.4696094Z hint: Using 'master' as the name for the initial branch. This default branch name
2026-01-07T08:51:27.4697848Z hint: will change to "main" in Git 3.0. To configure the initial branch name
2026-01-07T08:51:27.4699637Z hint: to use in all of your new repositories, which will suppress this warning,
2026-01-07T08:51:27.4700405Z hint: call:
2026-01-07T08:51:27.4701472Z hint:
2026-01-07T08:51:27.4702037Z hint: 	git config --global init.defaultBranch <name>
2026-01-07T08:51:27.4702650Z hint:
2026-01-07T08:51:27.4703232Z hint: Names commonly chosen instead of 'master' are 'main', 'trunk' and
2026-01-07T08:51:27.4704156Z hint: 'development'. The just-created branch can be renamed via this command:
2026-01-07T08:51:27.4705228Z hint:
2026-01-07T08:51:27.4705820Z hint: 	git branch -m <name>
2026-01-07T08:51:27.4706342Z hint:
2026-01-07T08:51:27.4706969Z hint: Disable this message with "git config set advice.defaultBranchName false"
2026-01-07T08:51:27.4708066Z Initialized empty Git repository in /home/runner/work/GenAIAgent/GenAIAgent/.git/
2026-01-07T08:51:27.4711885Z [command]/usr/bin/git remote add origin https://github.com/xyraofficial/GenAIAgent
2026-01-07T08:51:27.4751371Z ##[endgroup]
2026-01-07T08:51:27.4752207Z ##[group]Disabling automatic garbage collection
2026-01-07T08:51:27.4755511Z [command]/usr/bin/git config --local gc.auto 0
2026-01-07T08:51:27.4788068Z ##[endgroup]
2026-01-07T08:51:27.4789598Z ##[group]Setting up auth
2026-01-07T08:51:27.4796337Z [command]/usr/bin/git config --local --name-only --get-regexp core\.sshCommand
2026-01-07T08:51:27.4828243Z [command]/usr/bin/git submodule foreach --recursive sh -c "git config --local --name-only --get-regexp 'core\.sshCommand' && git config --local --unset-all 'core.sshCommand' || :"
2026-01-07T08:51:27.5204391Z [command]/usr/bin/git config --local --name-only --get-regexp http\.https\:\/\/github\.com\/\.extraheader
2026-01-07T08:51:27.5237171Z [command]/usr/bin/git submodule foreach --recursive sh -c "git config --local --name-only --get-regexp 'http\.https\:\/\/github\.com\/\.extraheader' && git config --local --unset-all 'http.https://github.com/.extraheader' || :"
2026-01-07T08:51:27.5459293Z [command]/usr/bin/git config --local --name-only --get-regexp ^includeIf\.gitdir:
2026-01-07T08:51:27.5491484Z [command]/usr/bin/git submodule foreach --recursive git config --local --show-origin --name-only --get-regexp remote.origin.url
2026-01-07T08:51:27.5726404Z [command]/usr/bin/git config --local http.https://github.com/.extraheader AUTHORIZATION: basic ***
2026-01-07T08:51:27.5762586Z ##[endgroup]
2026-01-07T08:51:27.5764009Z ##[group]Fetching the repository
2026-01-07T08:51:27.5772350Z [command]/usr/bin/git -c protocol.version=2 fetch --no-tags --prune --no-recurse-submodules --depth=1 origin +2964395c186514a821208a8cf7ccc5fc5f0b2bd6:refs/remotes/origin/main
2026-01-07T08:51:28.0373845Z From https://github.com/xyraofficial/GenAIAgent
2026-01-07T08:51:28.0375250Z  * [new ref]         2964395c186514a821208a8cf7ccc5fc5f0b2bd6 -> origin/main
2026-01-07T08:51:28.0406801Z ##[endgroup]
2026-01-07T08:51:28.0407557Z ##[group]Determining the checkout info
2026-01-07T08:51:28.0409021Z ##[endgroup]
2026-01-07T08:51:28.0413987Z [command]/usr/bin/git sparse-checkout disable
2026-01-07T08:51:28.0454447Z [command]/usr/bin/git config --local --unset-all extensions.worktreeConfig
2026-01-07T08:51:28.0479253Z ##[group]Checking out the ref
2026-01-07T08:51:28.0483062Z [command]/usr/bin/git checkout --progress --force -B main refs/remotes/origin/main
2026-01-07T08:51:28.0587098Z Switched to a new branch 'main'
2026-01-07T08:51:28.0589016Z branch 'main' set up to track 'origin/main'.
2026-01-07T08:51:28.0596265Z ##[endgroup]
2026-01-07T08:51:28.0630192Z [command]/usr/bin/git log -1 --format=%H
2026-01-07T08:51:28.0652067Z 2964395c186514a821208a8cf7ccc5fc5f0b2bd6
2026-01-07T08:51:28.0917017Z ##[group]Run actions/setup-java@v4
2026-01-07T08:51:28.0917592Z with:
2026-01-07T08:51:28.0917976Z   java-version: 17
2026-01-07T08:51:28.0918409Z   distribution: temurin
2026-01-07T08:51:28.0918849Z   cache: gradle
2026-01-07T08:51:28.0919266Z   java-package: jdk
2026-01-07T08:51:28.0919694Z   check-latest: false
2026-01-07T08:51:28.0920129Z   server-id: github
2026-01-07T08:51:28.0920705Z   server-username: GITHUB_ACTOR
2026-01-07T08:51:28.0921431Z   server-password: GITHUB_TOKEN
2026-01-07T08:51:28.0921929Z   overwrite-settings: true
2026-01-07T08:51:28.0922412Z   job-status: success
2026-01-07T08:51:28.0923016Z   token: ***
2026-01-07T08:51:28.0923426Z ##[endgroup]
2026-01-07T08:51:28.2886276Z ##[group]Installed distributions
2026-01-07T08:51:28.2959056Z Resolved Java 17.0.17+10 from tool-cache
2026-01-07T08:51:28.2960160Z Setting Java 17.0.17+10 as the default
2026-01-07T08:51:28.2973694Z Creating toolchains.xml for JDK version 17 from temurin
2026-01-07T08:51:28.3051409Z Writing to /home/runner/.m2/toolchains.xml
2026-01-07T08:51:28.3052184Z 
2026-01-07T08:51:28.3052523Z Java configuration:
2026-01-07T08:51:28.3053759Z   Distribution: temurin
2026-01-07T08:51:28.3054797Z   Version: 17.0.17+10
2026-01-07T08:51:28.3056164Z   Path: /opt/hostedtoolcache/Java_Temurin-Hotspot_jdk/17.0.17-10/x64
2026-01-07T08:51:28.3056946Z 
2026-01-07T08:51:28.3057578Z ##[endgroup]
2026-01-07T08:51:28.3071474Z Creating settings.xml with server-id: github
2026-01-07T08:51:28.3076560Z Writing to /home/runner/.m2/settings.xml
2026-01-07T08:51:28.6728150Z gradle cache is not found
2026-01-07T08:51:28.6884592Z ##[group]Run chmod +x gradlew
2026-01-07T08:51:28.6885940Z [36;1mchmod +x gradlew[0m
2026-01-07T08:51:28.6927003Z shell: /usr/bin/bash -e {0}
2026-01-07T08:51:28.6928210Z env:
2026-01-07T08:51:28.6929651Z   JAVA_HOME: /opt/hostedtoolcache/Java_Temurin-Hotspot_jdk/17.0.17-10/x64
2026-01-07T08:51:28.6932233Z   JAVA_HOME_17_X64: /opt/hostedtoolcache/Java_Temurin-Hotspot_jdk/17.0.17-10/x64
2026-01-07T08:51:28.6934184Z ##[endgroup]
2026-01-07T08:51:28.7112815Z ##[group]Run ./gradlew assembleDebug --stacktrace
2026-01-07T08:51:28.7114351Z [36;1m./gradlew assembleDebug --stacktrace[0m
2026-01-07T08:51:28.7147517Z shell: /usr/bin/bash -e {0}
2026-01-07T08:51:28.7148587Z env:
2026-01-07T08:51:28.7149921Z   JAVA_HOME: /opt/hostedtoolcache/Java_Temurin-Hotspot_jdk/17.0.17-10/x64
2026-01-07T08:51:28.7152396Z   JAVA_HOME_17_X64: /opt/hostedtoolcache/Java_Temurin-Hotspot_jdk/17.0.17-10/x64
2026-01-07T08:51:28.7154667Z   SUPABASE_URL: ***
2026-01-07T08:51:28.7160092Z   SUPABASE_ANON_KEY: ***
2026-01-07T08:51:28.7164240Z   OPENAI_API_KEY: ***
2026-01-07T08:51:28.7165193Z ##[endgroup]
2026-01-07T08:51:28.9741092Z Downloading https://services.gradle.org/distributions/gradle-8.0-bin.zip
2026-01-07T08:51:31.4001554Z ...........10%............20%............30%............40%............50%............60%...........70%............80%............90%............100%
2026-01-07T08:51:32.4665678Z 
2026-01-07T08:51:32.4666949Z Welcome to Gradle 8.0!
2026-01-07T08:51:32.4667508Z 
2026-01-07T08:51:32.4671343Z For more details see https://docs.gradle.org/8.0/release-notes.html
2026-01-07T08:51:32.4672616Z 
2026-01-07T08:51:32.6609988Z Starting a Gradle Daemon (subsequent builds will be faster)
2026-01-07T08:52:29.3611567Z Checking the license for package Android SDK Build-Tools 30.0.3 in /usr/local/lib/android/sdk/licenses
2026-01-07T08:52:29.3614295Z License for package Android SDK Build-Tools 30.0.3 accepted.
2026-01-07T08:52:29.3616669Z Preparing "Install Android SDK Build-Tools 30.0.3 (revision: 30.0.3)".
2026-01-07T08:52:30.5608969Z "Install Android SDK Build-Tools 30.0.3 (revision: 30.0.3)" ready.
2026-01-07T08:52:30.5610127Z Installing Android SDK Build-Tools 30.0.3 in /usr/local/lib/android/sdk/build-tools/30.0.3
2026-01-07T08:52:30.5611369Z "Install Android SDK Build-Tools 30.0.3 (revision: 30.0.3)" complete.
2026-01-07T08:52:30.8608736Z "Install Android SDK Build-Tools 30.0.3 (revision: 30.0.3)" finished.
2026-01-07T08:52:30.8610304Z Checking the license for package Android SDK Platform 33 in /usr/local/lib/android/sdk/licenses
2026-01-07T08:52:30.8612633Z License for package Android SDK Platform 33 accepted.
2026-01-07T08:52:30.8613497Z Preparing "Install Android SDK Platform 33 (revision: 3)".
2026-01-07T08:52:33.7637370Z "Install Android SDK Platform 33 (revision: 3)" ready.
2026-01-07T08:52:33.7638960Z Installing Android SDK Platform 33 in /usr/local/lib/android/sdk/platforms/android-33
2026-01-07T08:52:33.7641084Z "Install Android SDK Platform 33 (revision: 3)" complete.
2026-01-07T08:52:33.7642234Z "Install Android SDK Platform 33 (revision: 3)" finished.
2026-01-07T08:52:34.0627641Z > Task :app:preBuild UP-TO-DATE
2026-01-07T08:52:34.0653043Z > Task :app:preDebugBuild UP-TO-DATE
2026-01-07T08:52:34.1620418Z > Task :app:mergeDebugNativeDebugMetadata NO-SOURCE
2026-01-07T08:52:34.1621906Z > Task :app:generateDebugBuildConfig
2026-01-07T08:52:49.2613070Z > Task :app:generateDebugResValues
2026-01-07T08:52:49.2617543Z > Task :app:checkDebugAarMetadata
2026-01-07T08:52:49.2621275Z > Task :app:mapDebugSourceSetPaths
2026-01-07T08:52:49.2624442Z > Task :app:generateDebugResources
2026-01-07T08:52:50.5610944Z > Task :app:packageDebugResources
2026-01-07T08:52:51.3609165Z > Task :app:createDebugCompatibleScreenManifests
2026-01-07T08:52:51.3609891Z > Task :app:extractDeepLinksDebug
2026-01-07T08:52:51.5608802Z > Task :app:parseDebugLocalResources
2026-01-07T08:52:51.7622377Z > Task :app:mergeDebugResources
2026-01-07T08:52:51.7631253Z > Task :app:processDebugMainManifest
2026-01-07T08:52:51.8625033Z > Task :app:processDebugManifest
2026-01-07T08:52:51.8626725Z > Task :app:javaPreCompileDebug
2026-01-07T08:52:51.8627156Z > Task :app:mergeDebugShaders
2026-01-07T08:52:51.8627592Z > Task :app:compileDebugShaders NO-SOURCE
2026-01-07T08:52:51.8628074Z > Task :app:generateDebugAssets UP-TO-DATE
2026-01-07T08:52:51.9649624Z > Task :app:mergeDebugAssets
2026-01-07T08:52:51.9671167Z > Task :app:compressDebugAssets
2026-01-07T08:52:51.9672233Z > Task :app:desugarDebugFileDependencies
2026-01-07T08:52:51.9672920Z > Task :app:processDebugJavaRes NO-SOURCE
2026-01-07T08:52:53.4608351Z > Task :app:mergeDebugJniLibFolders
2026-01-07T08:52:53.4614902Z > Task :app:checkDebugDuplicateClasses
2026-01-07T08:53:15.7612691Z > Task :app:processDebugManifestForPackage
2026-01-07T08:53:15.7615097Z > Task :app:mergeLibDexDebug
2026-01-07T08:53:17.9609846Z > Task :app:mergeDebugNativeLibs NO-SOURCE
2026-01-07T08:53:17.9611055Z > Task :app:stripDebugDebugSymbols NO-SOURCE
2026-01-07T08:53:18.5609755Z > Task :app:processDebugResources FAILED
2026-01-07T08:53:19.1608226Z > Task :app:mergeExtDexDebug
2026-01-07T08:53:19.2608321Z 
2026-01-07T08:53:19.2620077Z > Task :app:validateSigningDebug
2026-01-07T08:53:19.2695268Z FAILURE: Build failed with an exception.
2026-01-07T08:53:19.2699028Z 
2026-01-07T08:53:19.2699561Z * What went wrong:
2026-01-07T08:53:19.2700094Z Execution failed for task ':app:processDebugResources'.
2026-01-07T08:53:19.2732770Z > A failure occurred while executing com.android.build.gradle.internal.res.LinkApplicationAndroidResourcesTask$TaskAction
2026-01-07T08:53:19.2734326Z    > Android resource linking failed
2026-01-07T08:53:19.2744328Z      error: resource style/androidx.cardview.widget.CardView (aka com.genai.app:style/androidx.cardview.widget.CardView) not found.
2026-01-07T08:53:19.2745723Z      error: failed linking references.
2026-01-07T08:53:19.2746267Z 
2026-01-07T08:53:19.2746522Z 
2026-01-07T08:53:19.2746822Z * Try:
2026-01-07T08:53:19.2747477Z > Run with --info or --debug option to get more log output.
2026-01-07T08:53:19.2748271Z > Run with --scan to get full insights.
2026-01-07T08:53:19.2748827Z 
2026-01-07T08:53:19.2749143Z * Exception is:
2026-01-07T08:53:19.2750134Z org.gradle.api.tasks.TaskExecutionException: Execution failed for task ':app:processDebugResources'.
2026-01-07T08:53:19.2751938Z 	at org.gradle.api.internal.tasks.execution.ExecuteActionsTaskExecuter.lambda$executeIfValid$1(ExecuteActionsTaskExecuter.java:149)
2026-01-07T08:53:19.2753386Z 	at org.gradle.internal.Try$Failure.ifSuccessfulOrElse(Try.java:282)
2026-01-07T08:53:19.2754747Z 	at org.gradle.api.internal.tasks.execution.ExecuteActionsTaskExecuter.executeIfValid(ExecuteActionsTaskExecuter.java:147)
2026-01-07T08:53:19.2756464Z 	at org.gradle.api.internal.tasks.execution.ExecuteActionsTaskExecuter.execute(ExecuteActionsTaskExecuter.java:135)
2026-01-07T08:53:19.2758193Z 	at org.gradle.api.internal.tasks.execution.FinalizePropertiesTaskExecuter.execute(FinalizePropertiesTaskExecuter.java:46)
2026-01-07T08:53:19.2760440Z 	at org.gradle.api.internal.tasks.execution.ResolveTaskExecutionModeExecuter.execute(ResolveTaskExecutionModeExecuter.java:51)
2026-01-07T08:53:19.2762435Z 	at org.gradle.api.internal.tasks.execution.SkipTaskWithNoActionsExecuter.execute(SkipTaskWithNoActionsExecuter.java:57)
2026-01-07T08:53:19.2764229Z 	at org.gradle.api.internal.tasks.execution.SkipOnlyIfTaskExecuter.execute(SkipOnlyIfTaskExecuter.java:74)
2026-01-07T08:53:19.2769284Z 	at org.gradle.api.internal.tasks.execution.CatchExceptionTaskExecuter.execute(CatchExceptionTaskExecuter.java:36)
2026-01-07T08:53:19.2771562Z 	at org.gradle.api.internal.tasks.execution.EventFiringTaskExecuter$1.executeTask(EventFiringTaskExecuter.java:77)
2026-01-07T08:53:19.2775407Z 	at org.gradle.api.internal.tasks.execution.EventFiringTaskExecuter$1.call(EventFiringTaskExecuter.java:55)
2026-01-07T08:53:19.2776818Z 	at org.gradle.api.internal.tasks.execution.EventFiringTaskExecuter$1.call(EventFiringTaskExecuter.java:52)
2026-01-07T08:53:19.2778463Z 	at org.gradle.internal.operations.DefaultBuildOperationRunner$CallableBuildOperationWorker.execute(DefaultBuildOperationRunner.java:204)
2026-01-07T08:53:19.2780330Z 	at org.gradle.internal.operations.DefaultBuildOperationRunner$CallableBuildOperationWorker.execute(DefaultBuildOperationRunner.java:199)
2026-01-07T08:53:19.2800671Z 	at org.gradle.internal.operations.DefaultBuildOperationRunner$2.execute(DefaultBuildOperationRunner.java:66)
2026-01-07T08:53:19.2802931Z 	at org.gradle.internal.operations.DefaultBuildOperationRunner$2.execute(DefaultBuildOperationRunner.java:59)
2026-01-07T08:53:19.2804392Z 	at org.gradle.internal.operations.DefaultBuildOperationRunner.execute(DefaultBuildOperationRunner.java:157)
2026-01-07T08:53:19.2805885Z 	at org.gradle.internal.operations.DefaultBuildOperationRunner.execute(DefaultBuildOperationRunner.java:59)
2026-01-07T08:53:19.2807314Z 	at org.gradle.internal.operations.DefaultBuildOperationRunner.call(DefaultBuildOperationRunner.java:53)
2026-01-07T08:53:19.2808756Z 	at org.gradle.internal.operations.DefaultBuildOperationExecutor.call(DefaultBuildOperationExecutor.java:73)
2026-01-07T08:53:19.2810213Z 	at org.gradle.api.internal.tasks.execution.EventFiringTaskExecuter.execute(EventFiringTaskExecuter.java:52)
2026-01-07T08:53:19.2851823Z 	at org.gradle.execution.plan.LocalTaskNodeExecutor.execute(LocalTaskNodeExecutor.java:42)
2026-01-07T08:53:19.2853391Z 	at org.gradle.execution.taskgraph.DefaultTaskExecutionGraph$InvokeNodeExecutorsAction.execute(DefaultTaskExecutionGraph.java:338)
2026-01-07T08:53:19.2855171Z 	at org.gradle.execution.taskgraph.DefaultTaskExecutionGraph$InvokeNodeExecutorsAction.execute(DefaultTaskExecutionGraph.java:325)
2026-01-07T08:53:19.2857038Z 	at org.gradle.execution.taskgraph.DefaultTaskExecutionGraph$BuildOperationAwareExecutionAction.execute(DefaultTaskExecutionGraph.java:318)
2026-01-07T08:53:19.2858942Z 	at org.gradle.execution.taskgraph.DefaultTaskExecutionGraph$BuildOperationAwareExecutionAction.execute(DefaultTaskExecutionGraph.java:304)
2026-01-07T08:53:19.2880081Z 	at org.gradle.execution.plan.DefaultPlanExecutor$ExecutorWorker.execute(DefaultPlanExecutor.java:463)
2026-01-07T08:53:19.2881620Z 	at org.gradle.execution.plan.DefaultPlanExecutor$ExecutorWorker.run(DefaultPlanExecutor.java:380)
2026-01-07T08:53:19.2882998Z 	at org.gradle.internal.concurrent.ExecutorPolicy$CatchAndRecordFailures.onExecute(ExecutorPolicy.java:64)
2026-01-07T08:53:19.2884186Z 	at org.gradle.internal.concurrent.ManagedExecutorImpl$1.run(ManagedExecutorImpl.java:49)
2026-01-07T08:53:19.2886018Z Caused by: org.gradle.workers.internal.DefaultWorkerExecutor$WorkExecutionException: A failure occurred while executing com.android.build.gradle.internal.res.LinkApplicationAndroidResourcesTask$TaskAction
2026-01-07T08:53:19.2888091Z 	at org.gradle.workers.internal.DefaultWorkerExecutor$WorkItemExecution.waitForCompletion(DefaultWorkerExecutor.java:283)
2026-01-07T08:53:19.2889937Z 	at org.gradle.internal.work.DefaultAsyncWorkTracker.lambda$waitForItemsAndGatherFailures$2(DefaultAsyncWorkTracker.java:130)
2026-01-07T08:53:19.2891209Z 	at org.gradle.internal.Factories$1.create(Factories.java:31)
2026-01-07T08:53:19.2892177Z 	at org.gradle.internal.work.DefaultWorkerLeaseService.withoutLocks(DefaultWorkerLeaseService.java:321)
2026-01-07T08:53:19.2893458Z 	at org.gradle.internal.work.DefaultWorkerLeaseService.withoutLocks(DefaultWorkerLeaseService.java:304)
2026-01-07T08:53:19.2894762Z 	at org.gradle.internal.work.DefaultWorkerLeaseService.withoutLock(DefaultWorkerLeaseService.java:309)
2026-01-07T08:53:19.2896554Z 	at org.gradle.internal.work.DefaultAsyncWorkTracker.waitForItemsAndGatherFailures(DefaultAsyncWorkTracker.java:126)
2026-01-07T08:53:19.2898073Z 	at org.gradle.internal.work.DefaultAsyncWorkTracker.waitForItemsAndGatherFailures(DefaultAsyncWorkTracker.java:92)
2026-01-07T08:53:19.2899423Z 	at org.gradle.internal.work.DefaultAsyncWorkTracker.waitForAll(DefaultAsyncWorkTracker.java:78)
2026-01-07T08:53:19.2900815Z 	at org.gradle.internal.work.DefaultAsyncWorkTracker.waitForCompletion(DefaultAsyncWorkTracker.java:66)
2026-01-07T08:53:19.2901963Z 	at org.gradle.api.internal.tasks.execution.TaskExecution$3.run(TaskExecution.java:250)
2026-01-07T08:53:19.2903127Z 	at org.gradle.internal.operations.DefaultBuildOperationRunner$1.execute(DefaultBuildOperationRunner.java:29)
2026-01-07T08:53:19.2904466Z 	at org.gradle.internal.operations.DefaultBuildOperationRunner$1.execute(DefaultBuildOperationRunner.java:26)
2026-01-07T08:53:19.2906045Z 	at org.gradle.internal.operations.DefaultBuildOperationRunner$2.execute(DefaultBuildOperationRunner.java:66)
2026-01-07T08:53:19.2907306Z 	at org.gradle.internal.operations.DefaultBuildOperationRunner$2.execute(DefaultBuildOperationRunner.java:59)
2026-01-07T08:53:19.2908555Z 	at org.gradle.internal.operations.DefaultBuildOperationRunner.execute(DefaultBuildOperationRunner.java:157)
2026-01-07T08:53:19.2909771Z 	at org.gradle.internal.operations.DefaultBuildOperationRunner.execute(DefaultBuildOperationRunner.java:59)
2026-01-07T08:53:19.2971686Z 	at org.gradle.internal.operations.DefaultBuildOperationRunner.run(DefaultBuildOperationRunner.java:47)
2026-01-07T08:53:19.2973078Z 	at org.gradle.internal.operations.DefaultBuildOperationExecutor.run(DefaultBuildOperationExecutor.java:68)
2026-01-07T08:53:19.2974370Z 	at org.gradle.api.internal.tasks.execution.TaskExecution.executeAction(TaskExecution.java:227)
2026-01-07T08:53:19.2975721Z 	at org.gradle.api.internal.tasks.execution.TaskExecution.executeActions(TaskExecution.java:210)
2026-01-07T08:53:19.2977125Z 	at org.gradle.api.internal.tasks.execution.TaskExecution.executeWithPreviousOutputFiles(TaskExecution.java:193)
2026-01-07T08:53:19.2978397Z 	at org.gradle.api.internal.tasks.execution.TaskExecution.execute(TaskExecution.java:166)
2026-01-07T08:53:19.2979471Z 	at org.gradle.internal.execution.steps.ExecuteStep.executeInternal(ExecuteStep.java:93)
2026-01-07T08:53:19.2980408Z 	at org.gradle.internal.execution.steps.ExecuteStep.access$000(ExecuteStep.java:44)
2026-01-07T08:53:19.2981621Z 	at org.gradle.internal.execution.steps.ExecuteStep$1.call(ExecuteStep.java:57)
2026-01-07T08:53:19.2982568Z 	at org.gradle.internal.execution.steps.ExecuteStep$1.call(ExecuteStep.java:54)
2026-01-07T08:53:19.2983949Z 	at org.gradle.internal.operations.DefaultBuildOperationRunner$CallableBuildOperationWorker.execute(DefaultBuildOperationRunner.java:204)
2026-01-07T08:53:19.2985784Z 	at org.gradle.internal.operations.DefaultBuildOperationRunner$CallableBuildOperationWorker.execute(DefaultBuildOperationRunner.java:199)
2026-01-07T08:53:19.2987415Z 	at org.gradle.internal.operations.DefaultBuildOperationRunner$2.execute(DefaultBuildOperationRunner.java:66)
2026-01-07T08:53:19.2988825Z 	at org.gradle.internal.operations.DefaultBuildOperationRunner$2.execute(DefaultBuildOperationRunner.java:59)
2026-01-07T08:53:19.2990264Z 	at org.gradle.internal.operations.DefaultBuildOperationRunner.execute(DefaultBuildOperationRunner.java:157)
2026-01-07T08:53:19.2992471Z 	at org.gradle.internal.operations.DefaultBuildOperationRunner.execute(DefaultBuildOperationRunner.java:59)
2026-01-07T08:53:19.2993871Z 	at org.gradle.internal.operations.DefaultBuildOperationRunner.call(DefaultBuildOperationRunner.java:53)
2026-01-07T08:53:19.2995279Z 	at org.gradle.internal.operations.DefaultBuildOperationExecutor.call(DefaultBuildOperationExecutor.java:73)
2026-01-07T08:53:19.3032023Z 	at org.gradle.internal.execution.steps.ExecuteStep.execute(ExecuteStep.java:54)
2026-01-07T08:53:19.3032916Z 	at org.gradle.internal.execution.steps.ExecuteStep.execute(ExecuteStep.java:44)
2026-01-07T08:53:19.3033981Z 	at org.gradle.internal.execution.steps.RemovePreviousOutputsStep.execute(RemovePreviousOutputsStep.java:67)
2026-01-07T08:53:19.3035293Z 	at org.gradle.internal.execution.steps.RemovePreviousOutputsStep.execute(RemovePreviousOutputsStep.java:37)
2026-01-07T08:53:19.3036518Z 	at org.gradle.internal.execution.steps.CancelExecutionStep.execute(CancelExecutionStep.java:41)
2026-01-07T08:53:19.3037649Z 	at org.gradle.internal.execution.steps.TimeoutStep.executeWithoutTimeout(TimeoutStep.java:74)
2026-01-07T08:53:19.3038657Z 	at org.gradle.internal.execution.steps.TimeoutStep.execute(TimeoutStep.java:55)
2026-01-07T08:53:19.3039670Z 	at org.gradle.internal.execution.steps.CreateOutputsStep.execute(CreateOutputsStep.java:50)
2026-01-07T08:53:19.3040932Z 	at org.gradle.internal.execution.steps.CreateOutputsStep.execute(CreateOutputsStep.java:28)
2026-01-07T08:53:19.3042673Z 	at org.gradle.internal.execution.steps.CaptureStateAfterExecutionStep.executeDelegateBroadcastingChanges(CaptureStateAfterExecutionStep.java:100)
2026-01-07T08:53:19.3044373Z 	at org.gradle.internal.execution.steps.CaptureStateAfterExecutionStep.execute(CaptureStateAfterExecutionStep.java:72)
2026-01-07T08:53:19.3045822Z 	at org.gradle.internal.execution.steps.CaptureStateAfterExecutionStep.execute(CaptureStateAfterExecutionStep.java:50)
2026-01-07T08:53:19.3047148Z 	at org.gradle.internal.execution.steps.ResolveInputChangesStep.execute(ResolveInputChangesStep.java:40)
2026-01-07T08:53:19.3048390Z 	at org.gradle.internal.execution.steps.ResolveInputChangesStep.execute(ResolveInputChangesStep.java:29)
2026-01-07T08:53:19.3049566Z 	at org.gradle.internal.execution.steps.BuildCacheStep.executeWithoutCache(BuildCacheStep.java:166)
2026-01-07T08:53:19.3050811Z 	at org.gradle.internal.execution.steps.BuildCacheStep.lambda$execute$1(BuildCacheStep.java:70)
2026-01-07T08:53:19.3051625Z 	at org.gradle.internal.Either$Right.fold(Either.java:175)
2026-01-07T08:53:19.3052371Z 	at org.gradle.internal.execution.caching.CachingState.fold(CachingState.java:59)
2026-01-07T08:53:19.3053294Z 	at org.gradle.internal.execution.steps.BuildCacheStep.execute(BuildCacheStep.java:68)
2026-01-07T08:53:19.3054222Z 	at org.gradle.internal.execution.steps.BuildCacheStep.execute(BuildCacheStep.java:46)
2026-01-07T08:53:19.3055297Z 	at org.gradle.internal.execution.steps.StoreExecutionStateStep.execute(StoreExecutionStateStep.java:36)
2026-01-07T08:53:19.3056500Z 	at org.gradle.internal.execution.steps.StoreExecutionStateStep.execute(StoreExecutionStateStep.java:25)
2026-01-07T08:53:19.3057620Z 	at org.gradle.internal.execution.steps.RecordOutputsStep.execute(RecordOutputsStep.java:36)
2026-01-07T08:53:19.3058630Z 	at org.gradle.internal.execution.steps.RecordOutputsStep.execute(RecordOutputsStep.java:22)
2026-01-07T08:53:19.3059698Z 	at org.gradle.internal.execution.steps.SkipUpToDateStep.executeBecause(SkipUpToDateStep.java:91)
2026-01-07T08:53:19.3064601Z 	at org.gradle.internal.execution.steps.SkipUpToDateStep.lambda$execute$2(SkipUpToDateStep.java:55)
2026-01-07T08:53:19.3065711Z 	at org.gradle.internal.execution.steps.SkipUpToDateStep.execute(SkipUpToDateStep.java:55)
2026-01-07T08:53:19.3066722Z 	at org.gradle.internal.execution.steps.SkipUpToDateStep.execute(SkipUpToDateStep.java:37)
2026-01-07T08:53:19.3067742Z 	at org.gradle.internal.execution.steps.ResolveChangesStep.execute(ResolveChangesStep.java:65)
2026-01-07T08:53:19.3069023Z 	at org.gradle.internal.execution.steps.ResolveChangesStep.execute(ResolveChangesStep.java:36)
2026-01-07T08:53:19.3070375Z 	at org.gradle.internal.execution.steps.legacy.MarkSnapshottingInputsFinishedStep.execute(MarkSnapshottingInputsFinishedStep.java:37)
2026-01-07T08:53:19.3072872Z 	at org.gradle.internal.execution.steps.legacy.MarkSnapshottingInputsFinishedStep.execute(MarkSnapshottingInputsFinishedStep.java:27)
2026-01-07T08:53:19.3074459Z 	at org.gradle.internal.execution.steps.ResolveCachingStateStep.execute(ResolveCachingStateStep.java:76)
2026-01-07T08:53:19.3075690Z 	at org.gradle.internal.execution.steps.ResolveCachingStateStep.execute(ResolveCachingStateStep.java:37)
2026-01-07T08:53:19.3076849Z 	at org.gradle.internal.execution.steps.ValidateStep.execute(ValidateStep.java:94)
2026-01-07T08:53:19.3077855Z 	at org.gradle.internal.execution.steps.ValidateStep.execute(ValidateStep.java:49)
2026-01-07T08:53:19.3079121Z 	at org.gradle.internal.execution.steps.CaptureStateBeforeExecutionStep.execute(CaptureStateBeforeExecutionStep.java:71)
2026-01-07T08:53:19.3080876Z 	at org.gradle.internal.execution.steps.CaptureStateBeforeExecutionStep.execute(CaptureStateBeforeExecutionStep.java:45)
2026-01-07T08:53:19.3082373Z 	at org.gradle.internal.execution.steps.SkipEmptyWorkStep.executeWithNonEmptySources(SkipEmptyWorkStep.java:177)
2026-01-07T08:53:19.3083666Z 	at org.gradle.internal.execution.steps.SkipEmptyWorkStep.execute(SkipEmptyWorkStep.java:81)
2026-01-07T08:53:19.3084792Z 	at org.gradle.internal.execution.steps.SkipEmptyWorkStep.execute(SkipEmptyWorkStep.java:53)
2026-01-07T08:53:19.3086394Z 	at org.gradle.internal.execution.steps.RemoveUntrackedExecutionStateStep.execute(RemoveUntrackedExecutionStateStep.java:32)
2026-01-07T08:53:19.3088074Z 	at org.gradle.internal.execution.steps.RemoveUntrackedExecutionStateStep.execute(RemoveUntrackedExecutionStateStep.java:21)
2026-01-07T08:53:19.3089799Z 	at org.gradle.internal.execution.steps.legacy.MarkSnapshottingInputsStartedStep.execute(MarkSnapshottingInputsStartedStep.java:38)
2026-01-07T08:53:19.3091644Z 	at org.gradle.internal.execution.steps.LoadPreviousExecutionStateStep.execute(LoadPreviousExecutionStateStep.java:36)
2026-01-07T08:53:19.3093260Z 	at org.gradle.internal.execution.steps.LoadPreviousExecutionStateStep.execute(LoadPreviousExecutionStateStep.java:23)
2026-01-07T08:53:19.3094757Z 	at org.gradle.internal.execution.steps.CleanupStaleOutputsStep.execute(CleanupStaleOutputsStep.java:75)
2026-01-07T08:53:19.3096096Z 	at org.gradle.internal.execution.steps.CleanupStaleOutputsStep.execute(CleanupStaleOutputsStep.java:41)
2026-01-07T08:53:19.3097687Z 	at org.gradle.internal.execution.steps.AssignWorkspaceStep.lambda$execute$0(AssignWorkspaceStep.java:32)
2026-01-07T08:53:19.3098760Z 	at org.gradle.api.internal.tasks.execution.TaskExecution$4.withWorkspace(TaskExecution.java:287)
2026-01-07T08:53:19.3099801Z 	at org.gradle.internal.execution.steps.AssignWorkspaceStep.execute(AssignWorkspaceStep.java:30)
2026-01-07T08:53:19.3100978Z 	at org.gradle.internal.execution.steps.AssignWorkspaceStep.execute(AssignWorkspaceStep.java:21)
2026-01-07T08:53:19.3101993Z 	at org.gradle.internal.execution.steps.IdentityCacheStep.execute(IdentityCacheStep.java:37)
2026-01-07T08:53:19.3108200Z 	at org.gradle.internal.execution.steps.IdentityCacheStep.execute(IdentityCacheStep.java:27)
2026-01-07T08:53:19.3109369Z 	at org.gradle.internal.execution.steps.IdentifyStep.execute(IdentifyStep.java:42)
2026-01-07T08:53:19.3110413Z 	at org.gradle.internal.execution.steps.IdentifyStep.execute(IdentifyStep.java:31)
2026-01-07T08:53:19.3111766Z 	at org.gradle.internal.execution.impl.DefaultExecutionEngine$1.execute(DefaultExecutionEngine.java:64)
2026-01-07T08:53:19.3113246Z 	at org.gradle.api.internal.tasks.execution.ExecuteActionsTaskExecuter.executeIfValid(ExecuteActionsTaskExecuter.java:146)
2026-01-07T08:53:19.3114971Z 	at org.gradle.api.internal.tasks.execution.ExecuteActionsTaskExecuter.execute(ExecuteActionsTaskExecuter.java:135)
2026-01-07T08:53:19.3116526Z 	at org.gradle.api.internal.tasks.execution.FinalizePropertiesTaskExecuter.execute(FinalizePropertiesTaskExecuter.java:46)
2026-01-07T08:53:19.3118406Z 	at org.gradle.api.internal.tasks.execution.ResolveTaskExecutionModeExecuter.execute(ResolveTaskExecutionModeExecuter.java:51)
2026-01-07T08:53:19.3120027Z 	at org.gradle.api.internal.tasks.execution.SkipTaskWithNoActionsExecuter.execute(SkipTaskWithNoActionsExecuter.java:57)
2026-01-07T08:53:19.3121628Z 	at org.gradle.api.internal.tasks.execution.SkipOnlyIfTaskExecuter.execute(SkipOnlyIfTaskExecuter.java:74)
2026-01-07T08:53:19.3123017Z 	at org.gradle.api.internal.tasks.execution.CatchExceptionTaskExecuter.execute(CatchExceptionTaskExecuter.java:36)
2026-01-07T08:53:19.3124406Z 	at org.gradle.api.internal.tasks.execution.EventFiringTaskExecuter$1.executeTask(EventFiringTaskExecuter.java:77)
2026-01-07T08:53:19.3125741Z 	at org.gradle.api.internal.tasks.execution.EventFiringTaskExecuter$1.call(EventFiringTaskExecuter.java:55)
2026-01-07T08:53:19.3127041Z 	at org.gradle.api.internal.tasks.execution.EventFiringTaskExecuter$1.call(EventFiringTaskExecuter.java:52)
2026-01-07T08:53:19.3128583Z 	at org.gradle.internal.operations.DefaultBuildOperationRunner$CallableBuildOperationWorker.execute(DefaultBuildOperationRunner.java:204)
2026-01-07T08:53:19.3130362Z 	at org.gradle.internal.operations.DefaultBuildOperationRunner$CallableBuildOperationWorker.execute(DefaultBuildOperationRunner.java:199)
2026-01-07T08:53:19.3132076Z 	at org.gradle.internal.operations.DefaultBuildOperationRunner$2.execute(DefaultBuildOperationRunner.java:66)
2026-01-07T08:53:19.3133600Z 	at org.gradle.internal.operations.DefaultBuildOperationRunner$2.execute(DefaultBuildOperationRunner.java:59)
2026-01-07T08:53:19.3134986Z 	at org.gradle.internal.operations.DefaultBuildOperationRunner.execute(DefaultBuildOperationRunner.java:157)
2026-01-07T08:53:19.3136382Z 	at org.gradle.internal.operations.DefaultBuildOperationRunner.execute(DefaultBuildOperationRunner.java:59)
2026-01-07T08:53:19.3137720Z 	at org.gradle.internal.operations.DefaultBuildOperationRunner.call(DefaultBuildOperationRunner.java:53)
2026-01-07T08:53:19.3145170Z 	at org.gradle.internal.operations.DefaultBuildOperationExecutor.call(DefaultBuildOperationExecutor.java:73)
2026-01-07T08:53:19.3146621Z 	at org.gradle.api.internal.tasks.execution.EventFiringTaskExecuter.execute(EventFiringTaskExecuter.java:52)
2026-01-07T08:53:19.3147875Z 	at org.gradle.execution.plan.LocalTaskNodeExecutor.execute(LocalTaskNodeExecutor.java:42)
2026-01-07T08:53:19.3149343Z 	at org.gradle.execution.taskgraph.DefaultTaskExecutionGraph$InvokeNodeExecutorsAction.execute(DefaultTaskExecutionGraph.java:338)
2026-01-07T08:53:19.3151122Z 	at org.gradle.execution.taskgraph.DefaultTaskExecutionGraph$InvokeNodeExecutorsAction.execute(DefaultTaskExecutionGraph.java:325)
2026-01-07T08:53:19.3152698Z 	at org.gradle.execution.taskgraph.DefaultTaskExecutionGraph$BuildOperationAwareExecutionAction.execute(DefaultTaskExecutionGraph.java:318)
2026-01-07T08:53:19.3154339Z 	at org.gradle.execution.taskgraph.DefaultTaskExecutionGraph$BuildOperationAwareExecutionAction.execute(DefaultTaskExecutionGraph.java:304)
2026-01-07T08:53:19.3155710Z 	at org.gradle.execution.plan.DefaultPlanExecutor$ExecutorWorker.execute(DefaultPlanExecutor.java:463)
2026-01-07T08:53:19.3156778Z 	at org.gradle.execution.plan.DefaultPlanExecutor$ExecutorWorker.run(DefaultPlanExecutor.java:380)
2026-01-07T08:53:19.3157865Z 	at org.gradle.internal.concurrent.ExecutorPolicy$CatchAndRecordFailures.onExecute(ExecutorPolicy.java:64)
2026-01-07T08:53:19.3158920Z 	at org.gradle.internal.concurrent.ManagedExecutorImpl$1.run(ManagedExecutorImpl.java:49)
2026-01-07T08:53:19.3159901Z Caused by: com.android.builder.internal.aapt.v2.Aapt2Exception: Android resource linking failed
2026-01-07T08:53:19.3161244Z error: resource style/androidx.cardview.widget.CardView (aka com.genai.app:style/androidx.cardview.widget.CardView) not found.
2026-01-07T08:53:19.3162147Z error: failed linking references.
2026-01-07T08:53:19.3162403Z 
2026-01-07T08:53:19.3163186Z 	at com.android.builder.internal.aapt.v2.Aapt2Exception$Companion.create(Aapt2Exception.kt:45)
2026-01-07T08:53:19.3164213Z 	at com.android.builder.internal.aapt.v2.Aapt2Exception$Companion.create$default(Aapt2Exception.kt:33)
2026-01-07T08:53:19.3165217Z 	at com.android.builder.internal.aapt.v2.Aapt2DaemonImpl.doLink(Aapt2DaemonImpl.kt:188)
2026-01-07T08:53:19.3166094Z 	at com.android.builder.internal.aapt.v2.Aapt2Daemon.link(Aapt2Daemon.kt:124)
2026-01-07T08:53:19.3167264Z 	at com.android.builder.internal.aapt.v2.Aapt2DaemonManager$LeasedAaptDaemon.link(Aapt2DaemonManager.kt:176)
2026-01-07T08:53:19.3168810Z 	at com.android.builder.internal.aapt.v2.Aapt2DaemonManager$leasingAapt2Daemon$1.link(Aapt2DaemonManager.kt:199)
2026-01-07T08:53:19.3170764Z 	at com.android.build.gradle.internal.services.PartialInProcessResourceProcessor.link(PartialInProcessResourceProcessor.kt:51)
2026-01-07T08:53:19.3172895Z 	at com.android.build.gradle.internal.res.Aapt2ProcessResourcesRunnableKt.processResources(Aapt2ProcessResourcesRunnable.kt:74)
2026-01-07T08:53:19.3174689Z 	at com.android.build.gradle.internal.res.LinkApplicationAndroidResourcesTask$Companion.invokeAaptForSplit(LinkApplicationAndroidResourcesTask.kt:941)
2026-01-07T08:53:19.3176632Z 	at com.android.build.gradle.internal.res.LinkApplicationAndroidResourcesTask$Companion.access$invokeAaptForSplit(LinkApplicationAndroidResourcesTask.kt:791)
2026-01-07T08:53:19.3178448Z 	at com.android.build.gradle.internal.res.LinkApplicationAndroidResourcesTask$TaskAction.run(LinkApplicationAndroidResourcesTask.kt:422)
2026-01-07T08:53:19.3180172Z 	at com.android.build.gradle.internal.profile.ProfileAwareWorkAction.execute(ProfileAwareWorkAction.kt:74)
2026-01-07T08:53:19.3181554Z 	at org.gradle.workers.internal.DefaultWorkerServer.execute(DefaultWorkerServer.java:63)
2026-01-07T08:53:19.3182730Z 	at org.gradle.workers.internal.NoIsolationWorkerFactory$1$1.create(NoIsolationWorkerFactory.java:66)
2026-01-07T08:53:19.3183929Z 	at org.gradle.workers.internal.NoIsolationWorkerFactory$1$1.create(NoIsolationWorkerFactory.java:62)
2026-01-07T08:53:19.3185155Z 	at org.gradle.internal.classloader.ClassLoaderUtils.executeInClassloader(ClassLoaderUtils.java:100)
2026-01-07T08:53:19.3186404Z 	at org.gradle.workers.internal.NoIsolationWorkerFactory$1.lambda$execute$0(NoIsolationWorkerFactory.java:62)
2026-01-07T08:53:19.3187478Z 	at org.gradle.workers.internal.AbstractWorker$1.call(AbstractWorker.java:44)
2026-01-07T08:53:19.3188323Z 	at org.gradle.workers.internal.AbstractWorker$1.call(AbstractWorker.java:41)
2026-01-07T08:53:19.3189653Z 	at org.gradle.internal.operations.DefaultBuildOperationRunner$CallableBuildOperationWorker.execute(DefaultBuildOperationRunner.java:204)
2026-01-07T08:53:19.3191703Z 	at org.gradle.internal.operations.DefaultBuildOperationRunner$CallableBuildOperationWorker.execute(DefaultBuildOperationRunner.java:199)
2026-01-07T08:53:19.3193189Z 	at org.gradle.internal.operations.DefaultBuildOperationRunner$2.execute(DefaultBuildOperationRunner.java:66)
2026-01-07T08:53:19.3194468Z 	at org.gradle.internal.operations.DefaultBuildOperationRunner$2.execute(DefaultBuildOperationRunner.java:59)
2026-01-07T08:53:19.3199027Z 	at org.gradle.internal.operations.DefaultBuildOperationRunner.execute(DefaultBuildOperationRunner.java:157)
2026-01-07T08:53:19.3200349Z 	at org.gradle.internal.operations.DefaultBuildOperationRunner.execute(DefaultBuildOperationRunner.java:59)
2026-01-07T08:53:19.3201812Z 	at org.gradle.internal.operations.DefaultBuildOperationRunner.call(DefaultBuildOperationRunner.java:53)
2026-01-07T08:53:19.3203057Z 	at org.gradle.internal.operations.DefaultBuildOperationExecutor.call(DefaultBuildOperationExecutor.java:73)
2026-01-07T08:53:19.3204258Z 	at org.gradle.workers.internal.AbstractWorker.executeWrappedInBuildOperation(AbstractWorker.java:41)
2026-01-07T08:53:19.3205376Z 	at org.gradle.workers.internal.NoIsolationWorkerFactory$1.execute(NoIsolationWorkerFactory.java:59)
2026-01-07T08:53:19.3206493Z 	at org.gradle.workers.internal.DefaultWorkerExecutor.lambda$submitWork$0(DefaultWorkerExecutor.java:169)
2026-01-07T08:53:19.3208142Z 	at org.gradle.internal.work.DefaultConditionalExecutionQueue$ExecutionRunner.runExecution(DefaultConditionalExecutionQueue.java:187)
2026-01-07T08:53:19.3209648Z 	at org.gradle.internal.work.DefaultConditionalExecutionQueue$ExecutionRunner.access$700(DefaultConditionalExecutionQueue.java:120)
2026-01-07T08:53:19.3211322Z 	at org.gradle.internal.work.DefaultConditionalExecutionQueue$ExecutionRunner$1.run(DefaultConditionalExecutionQueue.java:162)
2026-01-07T08:53:19.3212406Z 	at org.gradle.internal.Factories$1.create(Factories.java:31)
2026-01-07T08:53:19.3213383Z 	at org.gradle.internal.work.DefaultWorkerLeaseService.withLocks(DefaultWorkerLeaseService.java:249)
2026-01-07T08:53:19.3214621Z 	at org.gradle.internal.work.DefaultWorkerLeaseService.runAsWorkerThread(DefaultWorkerLeaseService.java:109)
2026-01-07T08:53:19.3215953Z 	at org.gradle.internal.work.DefaultWorkerLeaseService.runAsWorkerThread(DefaultWorkerLeaseService.java:114)
2026-01-07T08:53:19.3217416Z 	at org.gradle.internal.work.DefaultConditionalExecutionQueue$ExecutionRunner.runBatch(DefaultConditionalExecutionQueue.java:157)
2026-01-07T08:53:19.3218911Z 	at org.gradle.internal.work.DefaultConditionalExecutionQueue$ExecutionRunner.run(DefaultConditionalExecutionQueue.java:126)
2026-01-07T08:53:19.3219852Z 	... 2 more
2026-01-07T08:53:19.3221273Z 	Suppressed: java.lang.NullPointerException: Parameter specified as non-null is null: method com.android.ide.common.resources.RelativeResourceUtils.getRelativeSourceSetPath, parameter resourceFile
2026-01-07T08:53:19.3223547Z 		at com.android.ide.common.resources.RelativeResourceUtils.getRelativeSourceSetPath(RelativeResourceUtils.kt)
2026-01-07T08:53:19.3224593Z 		at com.android.ide.common.blame.MergingLog.getPositionMap(MergingLog.java:229)
2026-01-07T08:53:19.3225387Z 		at com.android.ide.common.blame.MergingLog.find(MergingLog.java:213)
2026-01-07T08:53:19.3226318Z 		at com.android.build.gradle.internal.res.Aapt2ErrorUtils$rewriteLinkException$2.invoke(Aapt2ErrorUtils.kt:136)
2026-01-07T08:53:19.3227607Z 		at com.android.build.gradle.internal.res.Aapt2ErrorUtils$rewriteLinkException$2.invoke(Aapt2ErrorUtils.kt:133)
2026-01-07T08:53:19.3230786Z 		at com.android.build.gradle.internal.res.Aapt2ErrorUtils.rewritePositions(Aapt2ErrorUtils.kt:278)
2026-01-07T08:53:19.3232013Z 		at com.android.build.gradle.internal.res.Aapt2ErrorUtils.rewriteException(Aapt2ErrorUtils.kt:235)
2026-01-07T08:53:19.3233220Z 		at com.android.build.gradle.internal.res.Aapt2ErrorUtils.rewriteLinkException(Aapt2ErrorUtils.kt:133)
2026-01-07T08:53:19.3234661Z 		at com.android.build.gradle.internal.res.Aapt2ProcessResourcesRunnableKt.processResources(Aapt2ProcessResourcesRunnable.kt:76)
2026-01-07T08:53:19.3240290Z 		at com.android.build.gradle.internal.res.LinkApplicationAndroidResourcesTask$Companion.invokeAaptForSplit(LinkApplicationAndroidResourcesTask.kt:941)
2026-01-07T08:53:19.3245339Z 		at com.android.build.gradle.internal.res.LinkApplicationAndroidResourcesTask$Companion.access$invokeAaptForSplit(LinkApplicationAndroidResourcesTask.kt:791)
2026-01-07T08:53:19.3247215Z 		at com.android.build.gradle.internal.res.LinkApplicationAndroidResourcesTask$TaskAction.run(LinkApplicationAndroidResourcesTask.kt:422)
2026-01-07T08:53:19.3248719Z 		at com.android.build.gradle.internal.profile.ProfileAwareWorkAction.execute(ProfileAwareWorkAction.kt:74)
2026-01-07T08:53:19.3249835Z 		at org.gradle.workers.internal.DefaultWorkerServer.execute(DefaultWorkerServer.java:63)
2026-01-07T08:53:19.3251116Z 		at org.gradle.workers.internal.NoIsolationWorkerFactory$1$1.create(NoIsolationWorkerFactory.java:66)
2026-01-07T08:53:19.3252250Z 		at org.gradle.workers.internal.NoIsolationWorkerFactory$1$1.create(NoIsolationWorkerFactory.java:62)
2026-01-07T08:53:19.3253428Z 		at org.gradle.internal.classloader.ClassLoaderUtils.executeInClassloader(ClassLoaderUtils.java:100)
2026-01-07T08:53:19.3254629Z 		at org.gradle.workers.internal.NoIsolationWorkerFactory$1.lambda$execute$0(NoIsolationWorkerFactory.java:62)
2026-01-07T08:53:19.3256268Z 		at org.gradle.workers.internal.AbstractWorker$1.call(AbstractWorker.java:44)
2026-01-07T08:53:19.3257091Z 		at org.gradle.workers.internal.AbstractWorker$1.call(AbstractWorker.java:41)
2026-01-07T08:53:19.3258328Z 		at org.gradle.internal.operations.DefaultBuildOperationRunner$CallableBuildOperationWorker.execute(DefaultBuildOperationRunner.java:204)
2026-01-07T08:53:19.3259955Z 		at org.gradle.internal.operations.DefaultBuildOperationRunner$CallableBuildOperationWorker.execute(DefaultBuildOperationRunner.java:199)
2026-01-07T08:53:19.3261551Z 		at org.gradle.internal.operations.DefaultBuildOperationRunner$2.execute(DefaultBuildOperationRunner.java:66)
2026-01-07T08:53:19.3262783Z 		at org.gradle.internal.operations.DefaultBuildOperationRunner$2.execute(DefaultBuildOperationRunner.java:59)
2026-01-07T08:53:19.3264011Z 		at org.gradle.internal.operations.DefaultBuildOperationRunner.execute(DefaultBuildOperationRunner.java:157)
2026-01-07T08:53:19.3265236Z 		at org.gradle.internal.operations.DefaultBuildOperationRunner.execute(DefaultBuildOperationRunner.java:59)
2026-01-07T08:53:19.3266454Z 		at org.gradle.internal.operations.DefaultBuildOperationRunner.call(DefaultBuildOperationRunner.java:53)
2026-01-07T08:53:19.3267651Z 		at org.gradle.internal.operations.DefaultBuildOperationExecutor.call(DefaultBuildOperationExecutor.java:73)
2026-01-07T08:53:19.3268872Z 		at org.gradle.workers.internal.AbstractWorker.executeWrappedInBuildOperation(AbstractWorker.java:41)
2026-01-07T08:53:19.3270200Z 		at org.gradle.workers.internal.NoIsolationWorkerFactory$1.execute(NoIsolationWorkerFactory.java:59)
2026-01-07T08:53:19.3272338Z 		at org.gradle.workers.internal.DefaultWorkerExecutor.lambda$submitWork$0(DefaultWorkerExecutor.java:169)
2026-01-07T08:53:19.3274332Z 		at java.base/java.util.concurrent.FutureTask.run(FutureTask.java:264)
2026-01-07T08:53:19.3275531Z 		at org.gradle.internal.work.DefaultConditionalExecutionQueue$ExecutionRunner.runExecution(DefaultConditionalExecutionQueue.java:187)
2026-01-07T08:53:19.3277104Z 		at org.gradle.internal.work.DefaultConditionalExecutionQueue$ExecutionRunner.access$700(DefaultConditionalExecutionQueue.java:120)
2026-01-07T08:53:19.3278578Z 		at org.gradle.internal.work.DefaultConditionalExecutionQueue$ExecutionRunner$1.run(DefaultConditionalExecutionQueue.java:162)
2026-01-07T08:53:19.3279614Z 		at org.gradle.internal.Factories$1.create(Factories.java:31)
2026-01-07T08:53:19.3280919Z 		at org.gradle.internal.work.DefaultWorkerLeaseService.withLocks(DefaultWorkerLeaseService.java:249)
2026-01-07T08:53:19.3282232Z 		at org.gradle.internal.work.DefaultWorkerLeaseService.runAsWorkerThread(DefaultWorkerLeaseService.java:109)
2026-01-07T08:53:19.3283526Z 		at org.gradle.internal.work.DefaultWorkerLeaseService.runAsWorkerThread(DefaultWorkerLeaseService.java:114)
2026-01-07T08:53:19.3284866Z 		at org.gradle.internal.work.DefaultConditionalExecutionQueue$ExecutionRunner.runBatch(DefaultConditionalExecutionQueue.java:157)
2026-01-07T08:53:19.3286316Z 		at org.gradle.internal.work.DefaultConditionalExecutionQueue$ExecutionRunner.run(DefaultConditionalExecutionQueue.java:126)
2026-01-07T08:53:19.3287445Z 		at java.base/java.util.concurrent.Executors$RunnableAdapter.call(Executors.java:539)
2026-01-07T08:53:19.3301710Z 		at java.base/java.util.concurrent.FutureTask.run(FutureTask.java:264)
2026-01-07T08:53:19.3302669Z 		at org.gradle.internal.concurrent.ExecutorPolicy$CatchAndRecordFailures.onExecute(ExecutorPolicy.java:64)
2026-01-07T08:53:19.3303801Z 		at org.gradle.internal.concurrent.ManagedExecutorImpl$1.run(ManagedExecutorImpl.java:49)
2026-01-07T08:53:19.3304876Z 		at java.base/java.util.concurrent.ThreadPoolExecutor.runWorker(ThreadPoolExecutor.java:1136)
2026-01-07T08:53:19.3305970Z 		at java.base/java.util.concurrent.ThreadPoolExecutor$Worker.run(ThreadPoolExecutor.java:635)
2026-01-07T08:53:19.3306800Z 		at java.base/java.lang.Thread.run(Thread.java:840)
2026-01-07T08:53:19.3307330Z 
2026-01-07T08:53:19.3307338Z 
2026-01-07T08:53:19.3307540Z * Get more help at https://help.gradle.org
2026-01-07T08:53:19.3308132Z 
2026-01-07T08:53:19.3308270Z BUILD FAILED in 1m 50s
2026-01-07T08:53:19.3308654Z 23 actionable tasks: 23 executed
2026-01-07T08:53:19.7802993Z ##[error]Process completed with exit code 1.
2026-01-07T08:53:19.7910081Z Post job cleanup.
2026-01-07T08:53:19.9677913Z Post job cleanup.
2026-01-07T08:53:20.0623638Z [command]/usr/bin/git version
2026-01-07T08:53:20.0659527Z git version 2.52.0
2026-01-07T08:53:20.0706787Z Temporarily overriding HOME='/home/runner/work/_temp/3ca7bacc-06be-456b-9418-d2126978c4c3' before making global git config changes
2026-01-07T08:53:20.0708024Z Adding repository directory to the temporary git global config as a safe directory
2026-01-07T08:53:20.0713738Z [command]/usr/bin/git config --global --add safe.directory /home/runner/work/GenAIAgent/GenAIAgent
2026-01-07T08:53:20.0752108Z [command]/usr/bin/git config --local --name-only --get-regexp core\.sshCommand
2026-01-07T08:53:20.0784766Z [command]/usr/bin/git submodule foreach --recursive sh -c "git config --local --name-only --get-regexp 'core\.sshCommand' && git config --local --unset-all 'core.sshCommand' || :"
2026-01-07T08:53:20.1033962Z [command]/usr/bin/git config --local --name-only --get-regexp http\.https\:\/\/github\.com\/\.extraheader
2026-01-07T08:53:20.1057383Z http.https://github.com/.extraheader
2026-01-07T08:53:20.1071068Z [command]/usr/bin/git config --local --unset-all http.https://github.com/.extraheader
2026-01-07T08:53:20.1102574Z [command]/usr/bin/git submodule foreach --recursive sh -c "git config --local --name-only --get-regexp 'http\.https\:\/\/github\.com\/\.extraheader' && git config --local --unset-all 'http.https://github.com/.extraheader' || :"
2026-01-07T08:53:20.1341484Z [command]/usr/bin/git config --local --name-only --get-regexp ^includeIf\.gitdir:
2026-01-07T08:53:20.1375356Z [command]/usr/bin/git submodule foreach --recursive git config --local --show-origin --name-only --get-regexp remote.origin.url
2026-01-07T08:53:20.1715316Z Cleaning up orphan processes
2026-01-07T08:53:20.1966875Z Terminate orphan process: pid (2159) (java)