2026-01-07T09:29:02.6002670Z Current runner version: '2.330.0'
2026-01-07T09:29:02.6027178Z ##[group]Runner Image Provisioner
2026-01-07T09:29:02.6028305Z Hosted Compute Agent
2026-01-07T09:29:02.6029429Z Version: 20251211.462
2026-01-07T09:29:02.6030368Z Commit: 6cbad8c2bb55d58165063d031ccabf57e2d2db61
2026-01-07T09:29:02.6031482Z Build Date: 2025-12-11T16:28:49Z
2026-01-07T09:29:02.6032155Z Worker ID: {5ac93b0c-6330-4d50-a47e-f61e8849320e}
2026-01-07T09:29:02.6032820Z ##[endgroup]
2026-01-07T09:29:02.6033404Z ##[group]Operating System
2026-01-07T09:29:02.6033973Z Ubuntu
2026-01-07T09:29:02.6034414Z 24.04.3
2026-01-07T09:29:02.6034961Z LTS
2026-01-07T09:29:02.6035464Z ##[endgroup]
2026-01-07T09:29:02.6036393Z ##[group]Runner Image
2026-01-07T09:29:02.6037207Z Image: ubuntu-24.04
2026-01-07T09:29:02.6037752Z Version: 20251215.174.1
2026-01-07T09:29:02.6038861Z Included Software: https://github.com/actions/runner-images/blob/ubuntu24/20251215.174/images/ubuntu/Ubuntu2404-Readme.md
2026-01-07T09:29:02.6040485Z Image Release: https://github.com/actions/runner-images/releases/tag/ubuntu24%2F20251215.174
2026-01-07T09:29:02.6041626Z ##[endgroup]
2026-01-07T09:29:02.6042719Z ##[group]GITHUB_TOKEN Permissions
2026-01-07T09:29:02.6044875Z Contents: read
2026-01-07T09:29:02.6045459Z Metadata: read
2026-01-07T09:29:02.6045965Z Packages: read
2026-01-07T09:29:02.6046603Z ##[endgroup]
2026-01-07T09:29:02.6049197Z Secret source: Actions
2026-01-07T09:29:02.6049928Z Prepare workflow directory
2026-01-07T09:29:02.6363273Z Prepare all required actions
2026-01-07T09:29:02.6400989Z Getting action download info
2026-01-07T09:29:02.9649545Z Download action repository 'actions/checkout@v4' (SHA:34e114876b0b11c390a56381ad16ebd13914f8d5)
2026-01-07T09:29:03.0849255Z Download action repository 'actions/setup-java@v4' (SHA:c1e323688fd81a25caa38c78aa6df2d33d3e20d9)
2026-01-07T09:29:03.5402454Z Download action repository 'actions/upload-artifact@v4' (SHA:ea165f8d65b6e75b540449e92b4886f43607fa02)
2026-01-07T09:29:03.7678041Z Complete job name: build
2026-01-07T09:29:03.8442122Z ##[group]Run actions/checkout@v4
2026-01-07T09:29:03.8443318Z with:
2026-01-07T09:29:03.8444005Z   repository: xyraofficial/GenAIAgent
2026-01-07T09:29:03.8445165Z   token: ***
2026-01-07T09:29:03.8445824Z   ssh-strict: true
2026-01-07T09:29:03.8446511Z   ssh-user: git
2026-01-07T09:29:03.8447480Z   persist-credentials: true
2026-01-07T09:29:03.8448273Z   clean: true
2026-01-07T09:29:03.8448997Z   sparse-checkout-cone-mode: true
2026-01-07T09:29:03.8449864Z   fetch-depth: 1
2026-01-07T09:29:03.8450544Z   fetch-tags: false
2026-01-07T09:29:03.8451250Z   show-progress: true
2026-01-07T09:29:03.8451973Z   lfs: false
2026-01-07T09:29:03.8452632Z   submodules: false
2026-01-07T09:29:03.8453336Z   set-safe-directory: true
2026-01-07T09:29:03.8454378Z ##[endgroup]
2026-01-07T09:29:03.9511393Z Syncing repository: xyraofficial/GenAIAgent
2026-01-07T09:29:03.9513918Z ##[group]Getting Git version info
2026-01-07T09:29:03.9515252Z Working directory is '/home/runner/work/GenAIAgent/GenAIAgent'
2026-01-07T09:29:03.9517192Z [command]/usr/bin/git version
2026-01-07T09:29:03.9631415Z git version 2.52.0
2026-01-07T09:29:03.9658391Z ##[endgroup]
2026-01-07T09:29:03.9678512Z Temporarily overriding HOME='/home/runner/work/_temp/e26f98ff-fe93-491a-bb72-acc60e0d388b' before making global git config changes
2026-01-07T09:29:03.9681070Z Adding repository directory to the temporary git global config as a safe directory
2026-01-07T09:29:03.9684089Z [command]/usr/bin/git config --global --add safe.directory /home/runner/work/GenAIAgent/GenAIAgent
2026-01-07T09:29:03.9720529Z Deleting the contents of '/home/runner/work/GenAIAgent/GenAIAgent'
2026-01-07T09:29:03.9724040Z ##[group]Initializing the repository
2026-01-07T09:29:03.9729297Z [command]/usr/bin/git init /home/runner/work/GenAIAgent/GenAIAgent
2026-01-07T09:29:03.9811146Z hint: Using 'master' as the name for the initial branch. This default branch name
2026-01-07T09:29:03.9813230Z hint: will change to "main" in Git 3.0. To configure the initial branch name
2026-01-07T09:29:03.9815991Z hint: to use in all of your new repositories, which will suppress this warning,
2026-01-07T09:29:03.9818509Z hint: call:
2026-01-07T09:29:03.9819614Z hint:
2026-01-07T09:29:03.9821220Z hint: 	git config --global init.defaultBranch <name>
2026-01-07T09:29:03.9822996Z hint:
2026-01-07T09:29:03.9824602Z hint: Names commonly chosen instead of 'master' are 'main', 'trunk' and
2026-01-07T09:29:03.9827773Z hint: 'development'. The just-created branch can be renamed via this command:
2026-01-07T09:29:03.9830026Z hint:
2026-01-07T09:29:03.9831069Z hint: 	git branch -m <name>
2026-01-07T09:29:03.9832302Z hint:
2026-01-07T09:29:03.9833839Z hint: Disable this message with "git config set advice.defaultBranchName false"
2026-01-07T09:29:03.9835719Z Initialized empty Git repository in /home/runner/work/GenAIAgent/GenAIAgent/.git/
2026-01-07T09:29:03.9839430Z [command]/usr/bin/git remote add origin https://github.com/xyraofficial/GenAIAgent
2026-01-07T09:29:03.9862361Z ##[endgroup]
2026-01-07T09:29:03.9864550Z ##[group]Disabling automatic garbage collection
2026-01-07T09:29:03.9866578Z [command]/usr/bin/git config --local gc.auto 0
2026-01-07T09:29:03.9895166Z ##[endgroup]
2026-01-07T09:29:03.9897386Z ##[group]Setting up auth
2026-01-07T09:29:03.9902780Z [command]/usr/bin/git config --local --name-only --get-regexp core\.sshCommand
2026-01-07T09:29:03.9934312Z [command]/usr/bin/git submodule foreach --recursive sh -c "git config --local --name-only --get-regexp 'core\.sshCommand' && git config --local --unset-all 'core.sshCommand' || :"
2026-01-07T09:29:04.0255828Z [command]/usr/bin/git config --local --name-only --get-regexp http\.https\:\/\/github\.com\/\.extraheader
2026-01-07T09:29:04.0284040Z [command]/usr/bin/git submodule foreach --recursive sh -c "git config --local --name-only --get-regexp 'http\.https\:\/\/github\.com\/\.extraheader' && git config --local --unset-all 'http.https://github.com/.extraheader' || :"
2026-01-07T09:29:04.0494283Z [command]/usr/bin/git config --local --name-only --get-regexp ^includeIf\.gitdir:
2026-01-07T09:29:04.0524029Z [command]/usr/bin/git submodule foreach --recursive git config --local --show-origin --name-only --get-regexp remote.origin.url
2026-01-07T09:29:04.0742117Z [command]/usr/bin/git config --local http.https://github.com/.extraheader AUTHORIZATION: basic ***
2026-01-07T09:29:04.0772570Z ##[endgroup]
2026-01-07T09:29:04.0773772Z ##[group]Fetching the repository
2026-01-07T09:29:04.0781489Z [command]/usr/bin/git -c protocol.version=2 fetch --no-tags --prune --no-recurse-submodules --depth=1 origin +522738dbd34a44162be940da053f9b9ae1f6ceae:refs/remotes/origin/main
2026-01-07T09:29:04.2622601Z From https://github.com/xyraofficial/GenAIAgent
2026-01-07T09:29:04.2626286Z  * [new ref]         522738dbd34a44162be940da053f9b9ae1f6ceae -> origin/main
2026-01-07T09:29:04.2666114Z ##[endgroup]
2026-01-07T09:29:04.2668284Z ##[group]Determining the checkout info
2026-01-07T09:29:04.2670106Z ##[endgroup]
2026-01-07T09:29:04.2674332Z [command]/usr/bin/git sparse-checkout disable
2026-01-07T09:29:04.2718728Z [command]/usr/bin/git config --local --unset-all extensions.worktreeConfig
2026-01-07T09:29:04.2747715Z ##[group]Checking out the ref
2026-01-07T09:29:04.2752595Z [command]/usr/bin/git checkout --progress --force -B main refs/remotes/origin/main
2026-01-07T09:29:04.2848825Z Switched to a new branch 'main'
2026-01-07T09:29:04.2852188Z branch 'main' set up to track 'origin/main'.
2026-01-07T09:29:04.2859551Z ##[endgroup]
2026-01-07T09:29:04.2890838Z [command]/usr/bin/git log -1 --format=%H
2026-01-07T09:29:04.2912149Z 522738dbd34a44162be940da053f9b9ae1f6ceae
2026-01-07T09:29:04.3236240Z ##[group]Run actions/setup-java@v4
2026-01-07T09:29:04.3237520Z with:
2026-01-07T09:29:04.3238249Z   java-version: 17
2026-01-07T09:29:04.3239057Z   distribution: temurin
2026-01-07T09:29:04.3239900Z   cache: gradle
2026-01-07T09:29:04.3240685Z   java-package: jdk
2026-01-07T09:29:04.3241508Z   check-latest: false
2026-01-07T09:29:04.3242326Z   server-id: github
2026-01-07T09:29:04.3243156Z   server-username: GITHUB_ACTOR
2026-01-07T09:29:04.3244326Z   server-password: GITHUB_TOKEN
2026-01-07T09:29:04.3245331Z   overwrite-settings: true
2026-01-07T09:29:04.3246218Z   job-status: success
2026-01-07T09:29:04.3247414Z   token: ***
2026-01-07T09:29:04.3248142Z ##[endgroup]
2026-01-07T09:29:04.5186981Z ##[group]Installed distributions
2026-01-07T09:29:04.5256980Z Resolved Java 17.0.17+10 from tool-cache
2026-01-07T09:29:04.5258648Z Setting Java 17.0.17+10 as the default
2026-01-07T09:29:04.5277739Z Creating toolchains.xml for JDK version 17 from temurin
2026-01-07T09:29:04.5392114Z Writing to /home/runner/.m2/toolchains.xml
2026-01-07T09:29:04.5393493Z 
2026-01-07T09:29:04.5394189Z Java configuration:
2026-01-07T09:29:04.5395782Z   Distribution: temurin
2026-01-07T09:29:04.5397610Z   Version: 17.0.17+10
2026-01-07T09:29:04.5399363Z   Path: /opt/hostedtoolcache/Java_Temurin-Hotspot_jdk/17.0.17-10/x64
2026-01-07T09:29:04.5400289Z 
2026-01-07T09:29:04.5401748Z ##[endgroup]
2026-01-07T09:29:04.5416013Z Creating settings.xml with server-id: github
2026-01-07T09:29:04.5430882Z Writing to /home/runner/.m2/settings.xml
2026-01-07T09:29:04.7025926Z Cache hit for: setup-java-Linux-x64-gradle-0a874fa928f1b3996d454e0c984f838d02a3c6f50ba20bbeef7e799eda7b26fb
2026-01-07T09:29:05.7429081Z Received 226492416 of 412157577 (55.0%), 215.4 MBs/sec
2026-01-07T09:29:06.5523279Z Received 412157577 of 412157577 (100.0%), 216.8 MBs/sec
2026-01-07T09:29:06.5524311Z Cache Size: ~393 MB (412157577 B)
2026-01-07T09:29:06.5658006Z [command]/usr/bin/tar -xf /home/runner/work/_temp/ba5c61ba-fb17-47e3-8f4d-332c2b8d891d/cache.tzst -P -C /home/runner/work/GenAIAgent/GenAIAgent --use-compress-program unzstd
2026-01-07T09:29:07.9048667Z Cache restored successfully
2026-01-07T09:29:07.9842873Z Cache restored from key: setup-java-Linux-x64-gradle-0a874fa928f1b3996d454e0c984f838d02a3c6f50ba20bbeef7e799eda7b26fb
2026-01-07T09:29:08.0015628Z ##[group]Run chmod +x gradlew
2026-01-07T09:29:08.0016025Z [36;1mchmod +x gradlew[0m
2026-01-07T09:29:08.0055875Z shell: /usr/bin/bash -e {0}
2026-01-07T09:29:08.0056213Z env:
2026-01-07T09:29:08.0056571Z   JAVA_HOME: /opt/hostedtoolcache/Java_Temurin-Hotspot_jdk/17.0.17-10/x64
2026-01-07T09:29:08.0057354Z   JAVA_HOME_17_X64: /opt/hostedtoolcache/Java_Temurin-Hotspot_jdk/17.0.17-10/x64
2026-01-07T09:29:08.0057779Z ##[endgroup]
2026-01-07T09:29:08.0183300Z ##[group]Run ./gradlew assembleDebug --stacktrace
2026-01-07T09:29:08.0183757Z [36;1m./gradlew assembleDebug --stacktrace[0m
2026-01-07T09:29:08.0215205Z shell: /usr/bin/bash -e {0}
2026-01-07T09:29:08.0215499Z env:
2026-01-07T09:29:08.0215838Z   JAVA_HOME: /opt/hostedtoolcache/Java_Temurin-Hotspot_jdk/17.0.17-10/x64
2026-01-07T09:29:08.0216372Z   JAVA_HOME_17_X64: /opt/hostedtoolcache/Java_Temurin-Hotspot_jdk/17.0.17-10/x64
2026-01-07T09:29:08.0217281Z   SUPABASE_URL: ***
2026-01-07T09:29:08.0218540Z   SUPABASE_ANON_KEY: ***
2026-01-07T09:29:08.0219447Z   OPENAI_API_KEY: ***
2026-01-07T09:29:08.0219706Z ##[endgroup]
2026-01-07T09:29:10.0372265Z 
2026-01-07T09:29:10.0374107Z Welcome to Gradle 8.0!
2026-01-07T09:29:10.0374472Z 
2026-01-07T09:29:10.0376490Z For more details see https://docs.gradle.org/8.0/release-notes.html
2026-01-07T09:29:10.0377251Z 
2026-01-07T09:29:10.3308432Z Starting a Gradle Daemon (subsequent builds will be faster)
2026-01-07T09:29:21.3309861Z Checking the license for package Android SDK Build-Tools 30.0.3 in /usr/local/lib/android/sdk/licenses
2026-01-07T09:29:21.3318873Z License for package Android SDK Build-Tools 30.0.3 accepted.
2026-01-07T09:29:21.3322031Z Preparing "Install Android SDK Build-Tools 30.0.3 (revision: 30.0.3)".
2026-01-07T09:29:22.7306846Z "Install Android SDK Build-Tools 30.0.3 (revision: 30.0.3)" ready.
2026-01-07T09:29:22.7318410Z Installing Android SDK Build-Tools 30.0.3 in /usr/local/lib/android/sdk/build-tools/30.0.3
2026-01-07T09:29:22.7319931Z "Install Android SDK Build-Tools 30.0.3 (revision: 30.0.3)" complete.
2026-01-07T09:29:23.0308841Z "Install Android SDK Build-Tools 30.0.3 (revision: 30.0.3)" finished.
2026-01-07T09:29:23.0310887Z Checking the license for package Android SDK Platform 33 in /usr/local/lib/android/sdk/licenses
2026-01-07T09:29:23.0318122Z License for package Android SDK Platform 33 accepted.
2026-01-07T09:29:23.0318754Z Preparing "Install Android SDK Platform 33 (revision: 3)".
2026-01-07T09:29:25.6311655Z "Install Android SDK Platform 33 (revision: 3)" ready.
2026-01-07T09:29:25.6340338Z Installing Android SDK Platform 33 in /usr/local/lib/android/sdk/platforms/android-33
2026-01-07T09:29:25.6342028Z "Install Android SDK Platform 33 (revision: 3)" complete.
2026-01-07T09:29:25.6342829Z "Install Android SDK Platform 33 (revision: 3)" finished.
2026-01-07T09:29:25.9319301Z > Task :app:preBuild UP-TO-DATE
2026-01-07T09:29:25.9330620Z > Task :app:preDebugBuild UP-TO-DATE
2026-01-07T09:29:25.9332070Z > Task :app:mergeDebugNativeDebugMetadata NO-SOURCE
2026-01-07T09:29:26.0308636Z > Task :app:generateDebugBuildConfig
2026-01-07T09:29:26.4308517Z > Task :app:generateDebugResValues
2026-01-07T09:29:26.5305723Z > Task :app:checkDebugAarMetadata
2026-01-07T09:29:26.5330009Z > Task :app:mapDebugSourceSetPaths
2026-01-07T09:29:26.5338243Z > Task :app:generateDebugResources
2026-01-07T09:29:27.6336405Z > Task :app:packageDebugResources
2026-01-07T09:29:27.7307904Z > Task :app:createDebugCompatibleScreenManifests
2026-01-07T09:29:27.7315272Z > Task :app:extractDeepLinksDebug
2026-01-07T09:29:28.4306373Z > Task :app:parseDebugLocalResources
2026-01-07T09:29:28.6306183Z > Task :app:processDebugMainManifest
2026-01-07T09:29:28.7305686Z > Task :app:processDebugManifest
2026-01-07T09:29:28.8383854Z 
2026-01-07T09:29:28.8384294Z FAILURE: Build failed with an exception.
2026-01-07T09:29:28.8384656Z 
2026-01-07T09:29:28.8384792Z * What went wrong:
2026-01-07T09:29:28.8385200Z Execution failed for task ':app:mergeDebugResources'.
2026-01-07T09:29:28.8385733Z > Multiple task action failures occurred:
2026-01-07T09:29:28.8386554Z    > A failure occurred while executing com.android.build.gradle.internal.res.ResourceCompilerRunnable
2026-01-07T09:29:28.8388751Z       > Resource compilation failed (Failed to compile resource file: /home/runner/work/GenAIAgent/GenAIAgent/app/src/main/res/layout/item_message_user.xml: . Cause: javax.xml.stream.XMLStreamException: ParseError at [row,col]:[17,40]
2026-01-07T09:29:28.8391776Z         Message: http://www.w3.org/TR/1999/REC-xml-names-19990114#AttributePrefixUnbound?com.google.android.material.imageview.ShapeableImageView&app:shapeAppearanceOverlay&app). Check logs for more details.
2026-01-07T09:29:28.8393596Z    > A failure occurred while executing com.android.build.gradle.internal.res.ResourceCompilerRunnable
2026-01-07T09:29:28.8395547Z       > Resource compilation failed (Failed to compile resource file: /home/runner/work/GenAIAgent/GenAIAgent/app/src/main/res/layout/item_message_ai.xml: . Cause: javax.xml.stream.XMLStreamException: ParseError at [row,col]:[17,40]
2026-01-07T09:29:28.8398341Z         Message: http://www.w3.org/TR/1999/REC-xml-names-19990114#AttributePrefixUnbound?com.google.android.material.imageview.ShapeableImageView&app:shapeAppearanceOverlay&app). Check logs for more details.
2026-01-07T09:29:28.8399704Z 
2026-01-07T09:29:28.8399827Z * Try:
2026-01-07T09:29:28.8400252Z > Run with --info or --debug option to get more log output.
2026-01-07T09:29:28.8400838Z > Run with --scan to get full insights.
2026-01-07T09:29:28.8401160Z 
2026-01-07T09:29:28.8401291Z * Exception is:
2026-01-07T09:29:28.8402023Z org.gradle.api.tasks.TaskExecutionException: Execution failed for task ':app:mergeDebugResources'.
2026-01-07T09:29:28.8403513Z 	at org.gradle.api.internal.tasks.execution.ExecuteActionsTaskExecuter.lambda$executeIfValid$1(ExecuteActionsTaskExecuter.java:149)
2026-01-07T09:29:28.8404776Z 	at org.gradle.internal.Try$Failure.ifSuccessfulOrElse(Try.java:282)
2026-01-07T09:29:28.8405995Z 	at org.gradle.api.internal.tasks.execution.ExecuteActionsTaskExecuter.executeIfValid(ExecuteActionsTaskExecuter.java:147)
2026-01-07T09:29:28.8431524Z 	at org.gradle.api.internal.tasks.execution.ExecuteActionsTaskExecuter.execute(ExecuteActionsTaskExecuter.java:135)
2026-01-07T09:29:28.8433551Z 	at org.gradle.api.internal.tasks.execution.FinalizePropertiesTaskExecuter.execute(FinalizePropertiesTaskExecuter.java:46)
2026-01-07T09:29:28.8435272Z 	at org.gradle.api.internal.tasks.execution.ResolveTaskExecutionModeExecuter.execute(ResolveTaskExecutionModeExecuter.java:51)
2026-01-07T09:29:28.8437168Z 	at org.gradle.api.internal.tasks.execution.SkipTaskWithNoActionsExecuter.execute(SkipTaskWithNoActionsExecuter.java:57)
2026-01-07T09:29:28.8438703Z 	at org.gradle.api.internal.tasks.execution.SkipOnlyIfTaskExecuter.execute(SkipOnlyIfTaskExecuter.java:74)
2026-01-07T09:29:28.8440167Z 	at org.gradle.api.internal.tasks.execution.CatchExceptionTaskExecuter.execute(CatchExceptionTaskExecuter.java:36)
2026-01-07T09:29:28.8441662Z 	at org.gradle.api.internal.tasks.execution.EventFiringTaskExecuter$1.executeTask(EventFiringTaskExecuter.java:77)
2026-01-07T09:29:28.8443068Z 	at org.gradle.api.internal.tasks.execution.EventFiringTaskExecuter$1.call(EventFiringTaskExecuter.java:55)
2026-01-07T09:29:28.8444466Z 	at org.gradle.api.internal.tasks.execution.EventFiringTaskExecuter$1.call(EventFiringTaskExecuter.java:52)
2026-01-07T09:29:28.8446113Z 	at org.gradle.internal.operations.DefaultBuildOperationRunner$CallableBuildOperationWorker.execute(DefaultBuildOperationRunner.java:204)
2026-01-07T09:29:28.8448217Z 	at org.gradle.internal.operations.DefaultBuildOperationRunner$CallableBuildOperationWorker.execute(DefaultBuildOperationRunner.java:199)
2026-01-07T09:29:28.8449423Z > Task :app:javaPreCompileDebug
2026-01-07T09:29:28.8450548Z 	at org.gradle.internal.operations.DefaultBuildOperationRunner$2.execute(DefaultBuildOperationRunner.java:66)
2026-01-07T09:29:28.8451929Z 	at org.gradle.internal.operations.DefaultBuildOperationRunner$2.execute(DefaultBuildOperationRunner.java:59)
2026-01-07T09:29:28.8453331Z 	at org.gradle.internal.operations.DefaultBuildOperationRunner.execute(DefaultBuildOperationRunner.java:157)
2026-01-07T09:29:28.8454758Z 	at org.gradle.internal.operations.DefaultBuildOperationRunner.execute(DefaultBuildOperationRunner.java:59)
2026-01-07T09:29:28.8456137Z 	at org.gradle.internal.operations.DefaultBuildOperationRunner.call(DefaultBuildOperationRunner.java:53)
2026-01-07T09:29:28.8457981Z 	at org.gradle.internal.operations.DefaultBuildOperationExecutor.call(DefaultBuildOperationExecutor.java:73)
2026-01-07T09:29:28.8459450Z 	at org.gradle.api.internal.tasks.execution.EventFiringTaskExecuter.execute(EventFiringTaskExecuter.java:52)
2026-01-07T09:29:28.8460726Z 	at org.gradle.execution.plan.LocalTaskNodeExecutor.execute(LocalTaskNodeExecutor.java:42)
2026-01-07T09:29:28.8462164Z 	at org.gradle.execution.taskgraph.DefaultTaskExecutionGraph$InvokeNodeExecutorsAction.execute(DefaultTaskExecutionGraph.java:338)
2026-01-07T09:29:28.8463895Z 	at org.gradle.execution.taskgraph.DefaultTaskExecutionGraph$InvokeNodeExecutorsAction.execute(DefaultTaskExecutionGraph.java:325)
2026-01-07T09:29:28.8465685Z 	at org.gradle.execution.taskgraph.DefaultTaskExecutionGraph$BuildOperationAwareExecutionAction.execute(DefaultTaskExecutionGraph.java:318)
2026-01-07T09:29:28.8467763Z 	at org.gradle.execution.taskgraph.DefaultTaskExecutionGraph$BuildOperationAwareExecutionAction.execute(DefaultTaskExecutionGraph.java:304)
2026-01-07T09:29:28.8469372Z 	at org.gradle.execution.plan.DefaultPlanExecutor$ExecutorWorker.execute(DefaultPlanExecutor.java:463)
2026-01-07T09:29:28.8470610Z 	at org.gradle.execution.plan.DefaultPlanExecutor$ExecutorWorker.run(DefaultPlanExecutor.java:380)
2026-01-07T09:29:28.8471867Z 	at org.gradle.internal.concurrent.ExecutorPolicy$CatchAndRecordFailures.onExecute(ExecutorPolicy.java:64)
2026-01-07T09:29:28.8473065Z 	at org.gradle.internal.concurrent.ManagedExecutorImpl$1.run(ManagedExecutorImpl.java:49)
2026-01-07T09:29:28.8474430Z Caused by: org.gradle.api.internal.tasks.execution.TaskExecution$MultipleTaskActionFailures: Multiple task action failures occurred:
2026-01-07T09:29:28.8475844Z 	at org.gradle.api.internal.tasks.execution.TaskExecution$3.run(TaskExecution.java:265)
2026-01-07T09:29:28.8477470Z 	at org.gradle.internal.operations.DefaultBuildOperationRunner$1.execute(DefaultBuildOperationRunner.java:29)
2026-01-07T09:29:28.8478864Z 	at org.gradle.internal.operations.DefaultBuildOperationRunner$1.execute(DefaultBuildOperationRunner.java:26)
2026-01-07T09:29:28.8480245Z 	at org.gradle.internal.operations.DefaultBuildOperationRunner$2.execute(DefaultBuildOperationRunner.java:66)
2026-01-07T09:29:28.8481619Z 	at org.gradle.internal.operations.DefaultBuildOperationRunner$2.execute(DefaultBuildOperationRunner.java:59)
2026-01-07T09:29:28.8483008Z 	at org.gradle.internal.operations.DefaultBuildOperationRunner.execute(DefaultBuildOperationRunner.java:157)
2026-01-07T09:29:28.8484413Z 	at org.gradle.internal.operations.DefaultBuildOperationRunner.execute(DefaultBuildOperationRunner.java:59)
2026-01-07T09:29:28.8485786Z 	at org.gradle.internal.operations.DefaultBuildOperationRunner.run(DefaultBuildOperationRunner.java:47)
2026-01-07T09:29:28.8487279Z 	at org.gradle.internal.operations.DefaultBuildOperationExecutor.run(DefaultBuildOperationExecutor.java:68)
2026-01-07T09:29:28.8488613Z 	at org.gradle.api.internal.tasks.execution.TaskExecution.executeAction(TaskExecution.java:227)
2026-01-07T09:29:28.8489816Z 	at org.gradle.api.internal.tasks.execution.TaskExecution.executeActions(TaskExecution.java:210)
2026-01-07T09:29:28.8491201Z 	at org.gradle.api.internal.tasks.execution.TaskExecution.executeWithPreviousOutputFiles(TaskExecution.java:193)
2026-01-07T09:29:28.8492517Z 	at org.gradle.api.internal.tasks.execution.TaskExecution.execute(TaskExecution.java:166)
2026-01-07T09:29:28.8493621Z 	at org.gradle.internal.execution.steps.ExecuteStep.executeInternal(ExecuteStep.java:93)
2026-01-07T09:29:28.8494430Z > Task :app:mergeDebugShaders
2026-01-07T09:29:28.8494860Z > Task :app:mergeDebugResources FAILED
2026-01-07T09:29:28.8495475Z > Task :app:compileDebugShaders NO-SOURCE
2026-01-07T09:29:28.8496023Z > Task :app:processDebugManifestForPackage
2026-01-07T09:29:28.8497067Z 	at org.gradle.internal.execution.steps.ExecuteStep.access$000(ExecuteStep.java:44)
2026-01-07T09:29:28.8499312Z 	at org.gradle.internal.execution.steps.ExecuteStep$1.call(ExecuteStep.java:57)
2026-01-07T09:29:28.8507752Z 	at org.gradle.internal.execution.steps.ExecuteStep$1.call(ExecuteStep.java:54)
2026-01-07T09:29:28.8509526Z 	at org.gradle.internal.operations.DefaultBuildOperationRunner$CallableBuildOperationWorker.execute(DefaultBuildOperationRunner.java:204)
2026-01-07T09:29:28.8511583Z 	at org.gradle.internal.operations.DefaultBuildOperationRunner$CallableBuildOperationWorker.execute(DefaultBuildOperationRunner.java:199)
2026-01-07T09:29:28.8513372Z 	at org.gradle.internal.operations.DefaultBuildOperationRunner$2.execute(DefaultBuildOperationRunner.java:66)
2026-01-07T09:29:28.8514955Z 	at org.gradle.internal.operations.DefaultBuildOperationRunner$2.execute(DefaultBuildOperationRunner.java:59)
2026-01-07T09:29:28.8516553Z 	at org.gradle.internal.operations.DefaultBuildOperationRunner.execute(DefaultBuildOperationRunner.java:157)
2026-01-07T09:29:28.8518412Z 	at org.gradle.internal.operations.DefaultBuildOperationRunner.execute(DefaultBuildOperationRunner.java:59)
2026-01-07T09:29:28.8519881Z 	at org.gradle.internal.operations.DefaultBuildOperationRunner.call(DefaultBuildOperationRunner.java:53)
2026-01-07T09:29:28.8521294Z 	at org.gradle.internal.operations.DefaultBuildOperationExecutor.call(DefaultBuildOperationExecutor.java:73)
2026-01-07T09:29:28.8522663Z 	at org.gradle.internal.execution.steps.ExecuteStep.execute(ExecuteStep.java:54)
2026-01-07T09:29:28.8523766Z 	at org.gradle.internal.execution.steps.ExecuteStep.execute(ExecuteStep.java:44)
2026-01-07T09:29:28.8525079Z 	at org.gradle.internal.execution.steps.RemovePreviousOutputsStep.execute(RemovePreviousOutputsStep.java:67)
2026-01-07T09:29:28.8537855Z 	at org.gradle.internal.execution.steps.RemovePreviousOutputsStep.execute(RemovePreviousOutputsStep.java:37)
2026-01-07T09:29:28.8539515Z 	at org.gradle.internal.execution.steps.CancelExecutionStep.execute(CancelExecutionStep.java:41)
2026-01-07T09:29:28.8541219Z 	at org.gradle.internal.execution.steps.TimeoutStep.executeWithoutTimeout(TimeoutStep.java:74)
2026-01-07T09:29:28.8542535Z 	at org.gradle.internal.execution.steps.TimeoutStep.execute(TimeoutStep.java:55)
2026-01-07T09:29:28.8543708Z 	at org.gradle.internal.execution.steps.CreateOutputsStep.execute(CreateOutputsStep.java:50)
2026-01-07T09:29:28.8545079Z 	at org.gradle.internal.execution.steps.CreateOutputsStep.execute(CreateOutputsStep.java:28)
2026-01-07T09:29:28.8547015Z 	at org.gradle.internal.execution.steps.CaptureStateAfterExecutionStep.executeDelegateBroadcastingChanges(CaptureStateAfterExecutionStep.java:100)
2026-01-07T09:29:28.8549049Z 	at org.gradle.internal.execution.steps.CaptureStateAfterExecutionStep.execute(CaptureStateAfterExecutionStep.java:72)
2026-01-07T09:29:28.8550844Z 	at org.gradle.internal.execution.steps.CaptureStateAfterExecutionStep.execute(CaptureStateAfterExecutionStep.java:50)
2026-01-07T09:29:28.8552437Z 	at org.gradle.internal.execution.steps.ResolveInputChangesStep.execute(ResolveInputChangesStep.java:40)
2026-01-07T09:29:28.8554650Z 	at org.gradle.internal.execution.steps.ResolveInputChangesStep.execute(ResolveInputChangesStep.java:29)
2026-01-07T09:29:28.8555913Z 	at org.gradle.internal.execution.steps.BuildCacheStep.executeWithoutCache(BuildCacheStep.java:166)
2026-01-07T09:29:28.8557237Z 	at org.gradle.internal.execution.steps.BuildCacheStep.lambda$execute$1(BuildCacheStep.java:70)
2026-01-07T09:29:28.8558080Z 	at org.gradle.internal.Either$Right.fold(Either.java:175)
2026-01-07T09:29:28.8558846Z 	at org.gradle.internal.execution.caching.CachingState.fold(CachingState.java:59)
2026-01-07T09:29:28.8559811Z 	at org.gradle.internal.execution.steps.BuildCacheStep.execute(BuildCacheStep.java:68)
2026-01-07T09:29:28.8560794Z 	at org.gradle.internal.execution.steps.BuildCacheStep.execute(BuildCacheStep.java:46)
2026-01-07T09:29:28.8561908Z 	at org.gradle.internal.execution.steps.StoreExecutionStateStep.execute(StoreExecutionStateStep.java:36)
2026-01-07T09:29:28.8563151Z 	at org.gradle.internal.execution.steps.StoreExecutionStateStep.execute(StoreExecutionStateStep.java:25)
2026-01-07T09:29:28.8564516Z 	at org.gradle.internal.execution.steps.RecordOutputsStep.execute(RecordOutputsStep.java:36)
2026-01-07T09:29:28.8565605Z 	at org.gradle.internal.execution.steps.RecordOutputsStep.execute(RecordOutputsStep.java:22)
2026-01-07T09:29:28.8566873Z 	at org.gradle.internal.execution.steps.SkipUpToDateStep.executeBecause(SkipUpToDateStep.java:91)
2026-01-07T09:29:28.8568083Z 	at org.gradle.internal.execution.steps.SkipUpToDateStep.lambda$execute$2(SkipUpToDateStep.java:55)
2026-01-07T09:29:28.8569234Z 	at org.gradle.internal.execution.steps.SkipUpToDateStep.execute(SkipUpToDateStep.java:55)
2026-01-07T09:29:28.8570324Z 	at org.gradle.internal.execution.steps.SkipUpToDateStep.execute(SkipUpToDateStep.java:37)
2026-01-07T09:29:28.8571429Z 	at org.gradle.internal.execution.steps.ResolveChangesStep.execute(ResolveChangesStep.java:65)
2026-01-07T09:29:28.8572592Z 	at org.gradle.internal.execution.steps.ResolveChangesStep.execute(ResolveChangesStep.java:36)
2026-01-07T09:29:28.8574082Z 	at org.gradle.internal.execution.steps.legacy.MarkSnapshottingInputsFinishedStep.execute(MarkSnapshottingInputsFinishedStep.java:37)
2026-01-07T09:29:28.8575915Z 	at org.gradle.internal.execution.steps.legacy.MarkSnapshottingInputsFinishedStep.execute(MarkSnapshottingInputsFinishedStep.java:27)
2026-01-07T09:29:28.8619031Z 	at org.gradle.internal.execution.steps.ResolveCachingStateStep.execute(ResolveCachingStateStep.java:76)
2026-01-07T09:29:28.8620384Z 	at org.gradle.internal.execution.steps.ResolveCachingStateStep.execute(ResolveCachingStateStep.java:37)
2026-01-07T09:29:28.8621534Z 	at org.gradle.internal.execution.steps.ValidateStep.execute(ValidateStep.java:94)
2026-01-07T09:29:28.8622497Z 	at org.gradle.internal.execution.steps.ValidateStep.execute(ValidateStep.java:49)
2026-01-07T09:29:28.9305526Z 	at org.gradle.internal.execution.steps.CaptureStateBeforeExecutionStep.execute(CaptureStateBeforeExecutionStep.java:71)
2026-01-07T09:29:28.9320559Z 	at org.gradle.internal.execution.steps.CaptureStateBeforeExecutionStep.execute(CaptureStateBeforeExecutionStep.java:45)
2026-01-07T09:29:28.9342036Z 	at org.gradle.internal.execution.steps.SkipEmptyWorkStep.executeWithNonEmptySources(SkipEmptyWorkStep.java:177)
2026-01-07T09:29:28.9343410Z 	at org.gradle.internal.execution.steps.SkipEmptyWorkStep.execute(SkipEmptyWorkStep.java:81)
2026-01-07T09:29:28.9344576Z 	at org.gradle.internal.execution.steps.SkipEmptyWorkStep.execute(SkipEmptyWorkStep.java:53)
2026-01-07T09:29:28.9349660Z 	at org.gradle.internal.execution.steps.RemoveUntrackedExecutionStateStep.execute(RemoveUntrackedExecutionStateStep.java:32)
2026-01-07T09:29:28.9351427Z 	at org.gradle.internal.execution.steps.RemoveUntrackedExecutionStateStep.execute(RemoveUntrackedExecutionStateStep.java:21)
2026-01-07T09:29:28.9356426Z 	at org.gradle.internal.execution.steps.legacy.MarkSnapshottingInputsStartedStep.execute(MarkSnapshottingInputsStartedStep.java:38)
2026-01-07T09:29:28.9358384Z 	at org.gradle.internal.execution.steps.LoadPreviousExecutionStateStep.execute(LoadPreviousExecutionStateStep.java:36)
2026-01-07T09:29:28.9360008Z 	at org.gradle.internal.execution.steps.LoadPreviousExecutionStateStep.execute(LoadPreviousExecutionStateStep.java:23)
2026-01-07T09:29:28.9361513Z 	at org.gradle.internal.execution.steps.CleanupStaleOutputsStep.execute(CleanupStaleOutputsStep.java:75)
2026-01-07T09:29:28.9362884Z 	at org.gradle.internal.execution.steps.CleanupStaleOutputsStep.execute(CleanupStaleOutputsStep.java:41)
2026-01-07T09:29:28.9364295Z 	at org.gradle.internal.execution.steps.AssignWorkspaceStep.lambda$execute$0(AssignWorkspaceStep.java:32)
2026-01-07T09:29:28.9373907Z 	at org.gradle.api.internal.tasks.execution.TaskExecution$4.withWorkspace(TaskExecution.java:287)
2026-01-07T09:29:28.9375178Z 	at org.gradle.internal.execution.steps.AssignWorkspaceStep.execute(AssignWorkspaceStep.java:30)
2026-01-07T09:29:28.9376433Z 	at org.gradle.internal.execution.steps.AssignWorkspaceStep.execute(AssignWorkspaceStep.java:21)
2026-01-07T09:29:28.9377874Z 	at org.gradle.internal.execution.steps.IdentityCacheStep.execute(IdentityCacheStep.java:37)
2026-01-07T09:29:28.9379321Z 	at org.gradle.internal.execution.steps.IdentityCacheStep.execute(IdentityCacheStep.java:27)
2026-01-07T09:29:28.9380402Z 	at org.gradle.internal.execution.steps.IdentifyStep.execute(IdentifyStep.java:42)
2026-01-07T09:29:28.9381361Z 	at org.gradle.internal.execution.steps.IdentifyStep.execute(IdentifyStep.java:31)
2026-01-07T09:29:28.9382483Z 	at org.gradle.internal.execution.impl.DefaultExecutionEngine$1.execute(DefaultExecutionEngine.java:64)
2026-01-07T09:29:28.9383953Z 	at org.gradle.api.internal.tasks.execution.ExecuteActionsTaskExecuter.executeIfValid(ExecuteActionsTaskExecuter.java:146)
2026-01-07T09:29:28.9385544Z 	at org.gradle.api.internal.tasks.execution.ExecuteActionsTaskExecuter.execute(ExecuteActionsTaskExecuter.java:135)
2026-01-07T09:29:28.9387356Z 	at org.gradle.api.internal.tasks.execution.FinalizePropertiesTaskExecuter.execute(FinalizePropertiesTaskExecuter.java:46)
2026-01-07T09:29:28.9392632Z 	at org.gradle.api.internal.tasks.execution.ResolveTaskExecutionModeExecuter.execute(ResolveTaskExecutionModeExecuter.java:51)
2026-01-07T09:29:28.9394319Z 	at org.gradle.api.internal.tasks.execution.SkipTaskWithNoActionsExecuter.execute(SkipTaskWithNoActionsExecuter.java:57)
2026-01-07T09:29:28.9395710Z 	at org.gradle.api.internal.tasks.execution.SkipOnlyIfTaskExecuter.execute(SkipOnlyIfTaskExecuter.java:74)
2026-01-07T09:29:28.9397358Z 	at org.gradle.api.internal.tasks.execution.CatchExceptionTaskExecuter.execute(CatchExceptionTaskExecuter.java:36)
2026-01-07T09:29:28.9398848Z 	at org.gradle.api.internal.tasks.execution.EventFiringTaskExecuter$1.executeTask(EventFiringTaskExecuter.java:77)
2026-01-07T09:29:28.9400230Z 	at org.gradle.api.internal.tasks.execution.EventFiringTaskExecuter$1.call(EventFiringTaskExecuter.java:55)
2026-01-07T09:29:28.9401832Z 	at org.gradle.api.internal.tasks.execution.EventFiringTaskExecuter$1.call(EventFiringTaskExecuter.java:52)
2026-01-07T09:29:28.9403401Z 	at org.gradle.internal.operations.DefaultBuildOperationRunner$CallableBuildOperationWorker.execute(DefaultBuildOperationRunner.java:204)
2026-01-07T09:29:28.9405199Z 	at org.gradle.internal.operations.DefaultBuildOperationRunner$CallableBuildOperationWorker.execute(DefaultBuildOperationRunner.java:199)
2026-01-07T09:29:28.9406946Z 	at org.gradle.internal.operations.DefaultBuildOperationRunner$2.execute(DefaultBuildOperationRunner.java:66)
2026-01-07T09:29:28.9408341Z 	at org.gradle.internal.operations.DefaultBuildOperationRunner$2.execute(DefaultBuildOperationRunner.java:59)
2026-01-07T09:29:28.9409751Z 	at org.gradle.internal.operations.DefaultBuildOperationRunner.execute(DefaultBuildOperationRunner.java:157)
2026-01-07T09:29:28.9411138Z 	at org.gradle.internal.operations.DefaultBuildOperationRunner.execute(DefaultBuildOperationRunner.java:59)
2026-01-07T09:29:28.9412510Z 	at org.gradle.internal.operations.DefaultBuildOperationRunner.call(DefaultBuildOperationRunner.java:53)
2026-01-07T09:29:28.9413880Z 	at org.gradle.internal.operations.DefaultBuildOperationExecutor.call(DefaultBuildOperationExecutor.java:73)
2026-01-07T09:29:28.9415266Z 	at org.gradle.api.internal.tasks.execution.EventFiringTaskExecuter.execute(EventFiringTaskExecuter.java:52)
2026-01-07T09:29:28.9416527Z 	at org.gradle.execution.plan.LocalTaskNodeExecutor.execute(LocalTaskNodeExecutor.java:42)
2026-01-07T09:29:28.9419594Z 	at org.gradle.execution.taskgraph.DefaultTaskExecutionGraph$InvokeNodeExecutorsAction.execute(DefaultTaskExecutionGraph.java:338)
2026-01-07T09:29:28.9421317Z 	at org.gradle.execution.taskgraph.DefaultTaskExecutionGraph$InvokeNodeExecutorsAction.execute(DefaultTaskExecutionGraph.java:325)
2026-01-07T09:29:28.9423076Z 	at org.gradle.execution.taskgraph.DefaultTaskExecutionGraph$BuildOperationAwareExecutionAction.execute(DefaultTaskExecutionGraph.java:318)
2026-01-07T09:29:28.9424968Z 	at org.gradle.execution.taskgraph.DefaultTaskExecutionGraph$BuildOperationAwareExecutionAction.execute(DefaultTaskExecutionGraph.java:304)
2026-01-07T09:29:28.9426541Z 	at org.gradle.execution.plan.DefaultPlanExecutor$ExecutorWorker.execute(DefaultPlanExecutor.java:463)
2026-01-07T09:29:28.9428403Z 	at org.gradle.execution.plan.DefaultPlanExecutor$ExecutorWorker.run(DefaultPlanExecutor.java:380)
2026-01-07T09:29:28.9429730Z 	at org.gradle.internal.concurrent.ExecutorPolicy$CatchAndRecordFailures.onExecute(ExecutorPolicy.java:64)
2026-01-07T09:29:28.9430960Z 	at org.gradle.internal.concurrent.ManagedExecutorImpl$1.run(ManagedExecutorImpl.java:49)
2026-01-07T09:29:28.9432693Z Cause 1: org.gradle.workers.internal.DefaultWorkerExecutor$WorkExecutionException: A failure occurred while executing com.android.build.gradle.internal.res.ResourceCompilerRunnable
2026-01-07T09:29:28.9434660Z 	at org.gradle.workers.internal.DefaultWorkerExecutor$WorkItemExecution.waitForCompletion(DefaultWorkerExecutor.java:283)
2026-01-07T09:29:28.9436264Z 	at org.gradle.internal.work.DefaultAsyncWorkTracker.lambda$waitForItemsAndGatherFailures$2(DefaultAsyncWorkTracker.java:130)
2026-01-07T09:29:28.9437606Z 	at org.gradle.internal.Factories$1.create(Factories.java:31)
2026-01-07T09:29:28.9438609Z 	at org.gradle.internal.work.DefaultWorkerLeaseService.withoutLocks(DefaultWorkerLeaseService.java:321)
2026-01-07T09:29:28.9439913Z 	at org.gradle.internal.work.DefaultWorkerLeaseService.withoutLocks(DefaultWorkerLeaseService.java:304)
2026-01-07T09:29:28.9441249Z 	at org.gradle.internal.work.DefaultWorkerLeaseService.withoutLock(DefaultWorkerLeaseService.java:309)
2026-01-07T09:29:28.9442726Z 	at org.gradle.internal.work.DefaultAsyncWorkTracker.waitForItemsAndGatherFailures(DefaultAsyncWorkTracker.java:126)
2026-01-07T09:29:28.9446401Z 	at org.gradle.internal.work.DefaultAsyncWorkTracker.waitForItemsAndGatherFailures(DefaultAsyncWorkTracker.java:92)
2026-01-07T09:29:28.9449488Z 	at org.gradle.internal.work.DefaultAsyncWorkTracker.waitForAll(DefaultAsyncWorkTracker.java:78)
2026-01-07T09:29:28.9450915Z 	at org.gradle.internal.work.DefaultAsyncWorkTracker.waitForCompletion(DefaultAsyncWorkTracker.java:66)
2026-01-07T09:29:28.9452012Z 	at org.gradle.api.internal.tasks.execution.TaskExecution$3.run(TaskExecution.java:250)
2026-01-07T09:29:28.9453158Z 	at org.gradle.internal.operations.DefaultBuildOperationRunner$1.execute(DefaultBuildOperationRunner.java:29)
2026-01-07T09:29:28.9454472Z 	at org.gradle.internal.operations.DefaultBuildOperationRunner$1.execute(DefaultBuildOperationRunner.java:26)
2026-01-07T09:29:28.9455757Z 	at org.gradle.internal.operations.DefaultBuildOperationRunner$2.execute(DefaultBuildOperationRunner.java:66)
2026-01-07T09:29:28.9457199Z 	at org.gradle.internal.operations.DefaultBuildOperationRunner$2.execute(DefaultBuildOperationRunner.java:59)
2026-01-07T09:29:28.9458559Z 	at org.gradle.internal.operations.DefaultBuildOperationRunner.execute(DefaultBuildOperationRunner.java:157)
2026-01-07T09:29:28.9459873Z 	at org.gradle.internal.operations.DefaultBuildOperationRunner.execute(DefaultBuildOperationRunner.java:59)
2026-01-07T09:29:28.9461149Z 	at org.gradle.internal.operations.DefaultBuildOperationRunner.run(DefaultBuildOperationRunner.java:47)
2026-01-07T09:29:28.9462463Z 	at org.gradle.internal.operations.DefaultBuildOperationExecutor.run(DefaultBuildOperationExecutor.java:68)
2026-01-07T09:29:28.9463667Z 	at org.gradle.api.internal.tasks.execution.TaskExecution.executeAction(TaskExecution.java:227)
2026-01-07T09:29:28.9464780Z 	at org.gradle.api.internal.tasks.execution.TaskExecution.executeActions(TaskExecution.java:210)
2026-01-07T09:29:28.9466246Z 	at org.gradle.api.internal.tasks.execution.TaskExecution.executeWithPreviousOutputFiles(TaskExecution.java:193)
2026-01-07T09:29:28.9467604Z 	at org.gradle.api.internal.tasks.execution.TaskExecution.execute(TaskExecution.java:166)
2026-01-07T09:29:28.9468605Z 	at org.gradle.internal.execution.steps.ExecuteStep.executeInternal(ExecuteStep.java:93)
2026-01-07T09:29:28.9469729Z 	at org.gradle.internal.execution.steps.ExecuteStep.access$000(ExecuteStep.java:44)
2026-01-07T09:29:28.9470699Z 	at org.gradle.internal.execution.steps.ExecuteStep$1.call(ExecuteStep.java:57)
2026-01-07T09:29:28.9471832Z 	at org.gradle.internal.execution.steps.ExecuteStep$1.call(ExecuteStep.java:54)
2026-01-07T09:29:28.9473205Z 	at org.gradle.internal.operations.DefaultBuildOperationRunner$CallableBuildOperationWorker.execute(DefaultBuildOperationRunner.java:204)
2026-01-07T09:29:28.9477004Z 	at org.gradle.internal.operations.DefaultBuildOperationRunner$CallableBuildOperationWorker.execute(DefaultBuildOperationRunner.java:199)
2026-01-07T09:29:28.9479301Z 	at org.gradle.internal.operations.DefaultBuildOperationRunner$2.execute(DefaultBuildOperationRunner.java:66)
2026-01-07T09:29:28.9480682Z 	at org.gradle.internal.operations.DefaultBuildOperationRunner$2.execute(DefaultBuildOperationRunner.java:59)
2026-01-07T09:29:28.9482052Z 	at org.gradle.internal.operations.DefaultBuildOperationRunner.execute(DefaultBuildOperationRunner.java:157)
2026-01-07T09:29:28.9483447Z 	at org.gradle.internal.operations.DefaultBuildOperationRunner.execute(DefaultBuildOperationRunner.java:59)
2026-01-07T09:29:28.9515376Z 	at org.gradle.internal.operations.DefaultBuildOperationRunner.call(DefaultBuildOperationRunner.java:53)
2026-01-07T09:29:28.9516980Z 	at org.gradle.internal.operations.DefaultBuildOperationExecutor.call(DefaultBuildOperationExecutor.java:73)
2026-01-07T09:29:28.9518200Z 	at org.gradle.internal.execution.steps.ExecuteStep.execute(ExecuteStep.java:54)
2026-01-07T09:29:28.9519156Z 	at org.gradle.internal.execution.steps.ExecuteStep.execute(ExecuteStep.java:44)
2026-01-07T09:29:28.9520334Z 	at org.gradle.internal.execution.steps.RemovePreviousOutputsStep.execute(RemovePreviousOutputsStep.java:67)
2026-01-07T09:29:28.9521711Z 	at org.gradle.internal.execution.steps.RemovePreviousOutputsStep.execute(RemovePreviousOutputsStep.java:37)
2026-01-07T09:29:28.9523012Z 	at org.gradle.internal.execution.steps.CancelExecutionStep.execute(CancelExecutionStep.java:41)
2026-01-07T09:29:28.9524440Z 	at org.gradle.internal.execution.steps.TimeoutStep.executeWithoutTimeout(TimeoutStep.java:74)
2026-01-07T09:29:28.9525533Z 	at org.gradle.internal.execution.steps.TimeoutStep.execute(TimeoutStep.java:55)
2026-01-07T09:29:28.9526594Z 	at org.gradle.internal.execution.steps.CreateOutputsStep.execute(CreateOutputsStep.java:50)
2026-01-07T09:29:28.9557530Z 	at org.gradle.internal.execution.steps.CreateOutputsStep.execute(CreateOutputsStep.java:28)
2026-01-07T09:29:28.9559173Z 	at org.gradle.internal.execution.steps.CaptureStateAfterExecutionStep.executeDelegateBroadcastingChanges(CaptureStateAfterExecutionStep.java:100)
2026-01-07T09:29:28.9561009Z 	at org.gradle.internal.execution.steps.CaptureStateAfterExecutionStep.execute(CaptureStateAfterExecutionStep.java:72)
2026-01-07T09:29:28.9562583Z 	at org.gradle.internal.execution.steps.CaptureStateAfterExecutionStep.execute(CaptureStateAfterExecutionStep.java:50)
2026-01-07T09:29:28.9564032Z 	at org.gradle.internal.execution.steps.ResolveInputChangesStep.execute(ResolveInputChangesStep.java:40)
2026-01-07T09:29:28.9565412Z 	at org.gradle.internal.execution.steps.ResolveInputChangesStep.execute(ResolveInputChangesStep.java:29)
2026-01-07T09:29:28.9566898Z 	at org.gradle.internal.execution.steps.BuildCacheStep.executeWithoutCache(BuildCacheStep.java:166)
2026-01-07T09:29:28.9568130Z 	at org.gradle.internal.execution.steps.BuildCacheStep.lambda$execute$1(BuildCacheStep.java:70)
2026-01-07T09:29:28.9569036Z 	at org.gradle.internal.Either$Right.fold(Either.java:175)
2026-01-07T09:29:28.9569846Z 	at org.gradle.internal.execution.caching.CachingState.fold(CachingState.java:59)
2026-01-07T09:29:28.9570854Z 	at org.gradle.internal.execution.steps.BuildCacheStep.execute(BuildCacheStep.java:68)
2026-01-07T09:29:28.9571912Z 	at org.gradle.internal.execution.steps.BuildCacheStep.execute(BuildCacheStep.java:46)
2026-01-07T09:29:28.9573072Z 	at org.gradle.internal.execution.steps.StoreExecutionStateStep.execute(StoreExecutionStateStep.java:36)
2026-01-07T09:29:28.9574338Z 	at org.gradle.internal.execution.steps.StoreExecutionStateStep.execute(StoreExecutionStateStep.java:25)
2026-01-07T09:29:28.9575496Z 	at org.gradle.internal.execution.steps.RecordOutputsStep.execute(RecordOutputsStep.java:36)
2026-01-07T09:29:28.9576940Z 	at org.gradle.internal.execution.steps.RecordOutputsStep.execute(RecordOutputsStep.java:22)
2026-01-07T09:29:28.9578078Z 	at org.gradle.internal.execution.steps.SkipUpToDateStep.executeBecause(SkipUpToDateStep.java:91)
2026-01-07T09:29:28.9579229Z 	at org.gradle.internal.execution.steps.SkipUpToDateStep.lambda$execute$2(SkipUpToDateStep.java:55)
2026-01-07T09:29:28.9580348Z 	at org.gradle.internal.execution.steps.SkipUpToDateStep.execute(SkipUpToDateStep.java:55)
2026-01-07T09:29:28.9581488Z 	at org.gradle.internal.execution.steps.SkipUpToDateStep.execute(SkipUpToDateStep.java:37)
2026-01-07T09:29:28.9582640Z 	at org.gradle.internal.execution.steps.ResolveChangesStep.execute(ResolveChangesStep.java:65)
2026-01-07T09:29:28.9583828Z 	at org.gradle.internal.execution.steps.ResolveChangesStep.execute(ResolveChangesStep.java:36)
2026-01-07T09:29:28.9617706Z 	at org.gradle.internal.execution.steps.legacy.MarkSnapshottingInputsFinishedStep.execute(MarkSnapshottingInputsFinishedStep.java:37)
2026-01-07T09:29:28.9619582Z 	at org.gradle.internal.execution.steps.legacy.MarkSnapshottingInputsFinishedStep.execute(MarkSnapshottingInputsFinishedStep.java:27)
2026-01-07T09:29:28.9621177Z 	at org.gradle.internal.execution.steps.ResolveCachingStateStep.execute(ResolveCachingStateStep.java:76)
2026-01-07T09:29:28.9622557Z 	at org.gradle.internal.execution.steps.ResolveCachingStateStep.execute(ResolveCachingStateStep.java:37)
2026-01-07T09:29:28.9623758Z 	at org.gradle.internal.execution.steps.ValidateStep.execute(ValidateStep.java:94)
2026-01-07T09:29:28.9624763Z 	at org.gradle.internal.execution.steps.ValidateStep.execute(ValidateStep.java:49)
2026-01-07T09:29:28.9626084Z 	at org.gradle.internal.execution.steps.CaptureStateBeforeExecutionStep.execute(CaptureStateBeforeExecutionStep.java:71)
2026-01-07T09:29:28.9628247Z 	at org.gradle.internal.execution.steps.CaptureStateBeforeExecutionStep.execute(CaptureStateBeforeExecutionStep.java:45)
2026-01-07T09:29:28.9629839Z 	at org.gradle.internal.execution.steps.SkipEmptyWorkStep.executeWithNonEmptySources(SkipEmptyWorkStep.java:177)
2026-01-07T09:29:28.9631168Z 	at org.gradle.internal.execution.steps.SkipEmptyWorkStep.execute(SkipEmptyWorkStep.java:81)
2026-01-07T09:29:28.9632351Z 	at org.gradle.internal.execution.steps.SkipEmptyWorkStep.execute(SkipEmptyWorkStep.java:53)
2026-01-07T09:29:28.9633750Z 	at org.gradle.internal.execution.steps.RemoveUntrackedExecutionStateStep.execute(RemoveUntrackedExecutionStateStep.java:32)
2026-01-07T09:29:28.9635392Z 	at org.gradle.internal.execution.steps.RemoveUntrackedExecutionStateStep.execute(RemoveUntrackedExecutionStateStep.java:21)
2026-01-07T09:29:28.9637290Z 	at org.gradle.internal.execution.steps.legacy.MarkSnapshottingInputsStartedStep.execute(MarkSnapshottingInputsStartedStep.java:38)
2026-01-07T09:29:28.9639009Z 	at org.gradle.internal.execution.steps.LoadPreviousExecutionStateStep.execute(LoadPreviousExecutionStateStep.java:36)
2026-01-07T09:29:28.9640565Z 	at org.gradle.internal.execution.steps.LoadPreviousExecutionStateStep.execute(LoadPreviousExecutionStateStep.java:23)
2026-01-07T09:29:28.9641996Z 	at org.gradle.internal.execution.steps.CleanupStaleOutputsStep.execute(CleanupStaleOutputsStep.java:75)
2026-01-07T09:29:28.9643316Z 	at org.gradle.internal.execution.steps.CleanupStaleOutputsStep.execute(CleanupStaleOutputsStep.java:41)
2026-01-07T09:29:28.9644593Z 	at org.gradle.internal.execution.steps.AssignWorkspaceStep.lambda$execute$0(AssignWorkspaceStep.java:32)
2026-01-07T09:29:28.9645895Z 	at org.gradle.api.internal.tasks.execution.TaskExecution$4.withWorkspace(TaskExecution.java:287)
2026-01-07T09:29:28.9682324Z 	at org.gradle.internal.execution.steps.AssignWorkspaceStep.execute(AssignWorkspaceStep.java:30)
2026-01-07T09:29:28.9683645Z 	at org.gradle.internal.execution.steps.AssignWorkspaceStep.execute(AssignWorkspaceStep.java:21)
2026-01-07T09:29:28.9684881Z 	at org.gradle.internal.execution.steps.IdentityCacheStep.execute(IdentityCacheStep.java:37)
2026-01-07T09:29:28.9686339Z 	at org.gradle.internal.execution.steps.IdentityCacheStep.execute(IdentityCacheStep.java:27)
2026-01-07T09:29:28.9687695Z 	at org.gradle.internal.execution.steps.IdentifyStep.execute(IdentifyStep.java:42)
2026-01-07T09:29:28.9688735Z 	at org.gradle.internal.execution.steps.IdentifyStep.execute(IdentifyStep.java:31)
2026-01-07T09:29:28.9689908Z 	at org.gradle.internal.execution.impl.DefaultExecutionEngine$1.execute(DefaultExecutionEngine.java:64)
2026-01-07T09:29:28.9691413Z 	at org.gradle.api.internal.tasks.execution.ExecuteActionsTaskExecuter.executeIfValid(ExecuteActionsTaskExecuter.java:146)
2026-01-07T09:29:28.9693051Z 	at org.gradle.api.internal.tasks.execution.ExecuteActionsTaskExecuter.execute(ExecuteActionsTaskExecuter.java:135)
2026-01-07T09:29:28.9694660Z 	at org.gradle.api.internal.tasks.execution.FinalizePropertiesTaskExecuter.execute(FinalizePropertiesTaskExecuter.java:46)
2026-01-07T09:29:28.9696238Z 	at org.gradle.api.internal.tasks.execution.ResolveTaskExecutionModeExecuter.execute(ResolveTaskExecutionModeExecuter.java:51)
2026-01-07T09:29:28.9697982Z 	at org.gradle.api.internal.tasks.execution.SkipTaskWithNoActionsExecuter.execute(SkipTaskWithNoActionsExecuter.java:57)
2026-01-07T09:29:28.9699432Z 	at org.gradle.api.internal.tasks.execution.SkipOnlyIfTaskExecuter.execute(SkipOnlyIfTaskExecuter.java:74)
2026-01-07T09:29:28.9700814Z 	at org.gradle.api.internal.tasks.execution.CatchExceptionTaskExecuter.execute(CatchExceptionTaskExecuter.java:36)
2026-01-07T09:29:28.9702237Z 	at org.gradle.api.internal.tasks.execution.EventFiringTaskExecuter$1.executeTask(EventFiringTaskExecuter.java:77)
2026-01-07T09:29:28.9703622Z 	at org.gradle.api.internal.tasks.execution.EventFiringTaskExecuter$1.call(EventFiringTaskExecuter.java:55)
2026-01-07T09:29:28.9705175Z 	at org.gradle.api.internal.tasks.execution.EventFiringTaskExecuter$1.call(EventFiringTaskExecuter.java:52)
2026-01-07T09:29:28.9706920Z 	at org.gradle.internal.operations.DefaultBuildOperationRunner$CallableBuildOperationWorker.execute(DefaultBuildOperationRunner.java:204)
2026-01-07T09:29:28.9708654Z 	at org.gradle.internal.operations.DefaultBuildOperationRunner$CallableBuildOperationWorker.execute(DefaultBuildOperationRunner.java:199)
2026-01-07T09:29:28.9710209Z 	at org.gradle.internal.operations.DefaultBuildOperationRunner$2.execute(DefaultBuildOperationRunner.java:66)
2026-01-07T09:29:28.9711631Z 	at org.gradle.internal.operations.DefaultBuildOperationRunner$2.execute(DefaultBuildOperationRunner.java:59)
2026-01-07T09:29:28.9712996Z 	at org.gradle.internal.operations.DefaultBuildOperationRunner.execute(DefaultBuildOperationRunner.java:157)
2026-01-07T09:29:28.9714343Z 	at org.gradle.internal.operations.DefaultBuildOperationRunner.execute(DefaultBuildOperationRunner.java:59)
2026-01-07T09:29:28.9715666Z 	at org.gradle.internal.operations.DefaultBuildOperationRunner.call(DefaultBuildOperationRunner.java:53)
2026-01-07T09:29:28.9717255Z 	at org.gradle.internal.operations.DefaultBuildOperationExecutor.call(DefaultBuildOperationExecutor.java:73)
2026-01-07T09:29:28.9718728Z 	at org.gradle.api.internal.tasks.execution.EventFiringTaskExecuter.execute(EventFiringTaskExecuter.java:52)
2026-01-07T09:29:28.9720007Z 	at org.gradle.execution.plan.LocalTaskNodeExecutor.execute(LocalTaskNodeExecutor.java:42)
2026-01-07T09:29:28.9721446Z 	at org.gradle.execution.taskgraph.DefaultTaskExecutionGraph$InvokeNodeExecutorsAction.execute(DefaultTaskExecutionGraph.java:338)
2026-01-07T09:29:28.9723028Z 	at org.gradle.execution.taskgraph.DefaultTaskExecutionGraph$InvokeNodeExecutorsAction.execute(DefaultTaskExecutionGraph.java:325)
2026-01-07T09:29:28.9724725Z 	at org.gradle.execution.taskgraph.DefaultTaskExecutionGraph$BuildOperationAwareExecutionAction.execute(DefaultTaskExecutionGraph.java:318)
2026-01-07T09:29:28.9726584Z 	at org.gradle.execution.taskgraph.DefaultTaskExecutionGraph$BuildOperationAwareExecutionAction.execute(DefaultTaskExecutionGraph.java:304)
2026-01-07T09:29:28.9728487Z 	at org.gradle.execution.plan.DefaultPlanExecutor$ExecutorWorker.execute(DefaultPlanExecutor.java:463)
2026-01-07T09:29:28.9729929Z 	at org.gradle.execution.plan.DefaultPlanExecutor$ExecutorWorker.run(DefaultPlanExecutor.java:380)
2026-01-07T09:29:28.9731194Z 	at org.gradle.internal.concurrent.ExecutorPolicy$CatchAndRecordFailures.onExecute(ExecutorPolicy.java:64)
2026-01-07T09:29:28.9732369Z 	at org.gradle.internal.concurrent.ManagedExecutorImpl$1.run(ManagedExecutorImpl.java:49)
2026-01-07T09:29:28.9734747Z Caused by: com.android.aaptcompiler.ResourceCompilationException: Resource compilation failed (Failed to compile resource file: /home/runner/work/GenAIAgent/GenAIAgent/app/src/main/res/layout/item_message_user.xml: . Cause: javax.xml.stream.XMLStreamException: ParseError at [row,col]:[17,40]
2026-01-07T09:29:28.9738219Z Message: http://www.w3.org/TR/1999/REC-xml-names-19990114#AttributePrefixUnbound?com.google.android.material.imageview.ShapeableImageView&app:shapeAppearanceOverlay&app). Check logs for more details.
2026-01-07T09:29:28.9740033Z 	at com.android.aaptcompiler.ResourceCompiler.compileResource(ResourceCompiler.kt:129)
2026-01-07T09:29:28.9741411Z 	at com.android.build.gradle.internal.res.ResourceCompilerRunnable$Companion.compileSingleResource(ResourceCompilerRunnable.kt:34)
2026-01-07T09:29:28.9742922Z 	at com.android.build.gradle.internal.res.ResourceCompilerRunnable.run(ResourceCompilerRunnable.kt:15)
2026-01-07T09:29:28.9744306Z 	at com.android.build.gradle.internal.profile.ProfileAwareWorkAction.execute(ProfileAwareWorkAction.kt:74)
2026-01-07T09:29:28.9745535Z 	at org.gradle.workers.internal.DefaultWorkerServer.execute(DefaultWorkerServer.java:63)
2026-01-07T09:29:28.9746877Z 	at org.gradle.workers.internal.NoIsolationWorkerFactory$1$1.create(NoIsolationWorkerFactory.java:66)
2026-01-07T09:29:28.9748105Z 	at org.gradle.workers.internal.NoIsolationWorkerFactory$1$1.create(NoIsolationWorkerFactory.java:62)
2026-01-07T09:29:28.9749609Z 	at org.gradle.internal.classloader.ClassLoaderUtils.executeInClassloader(ClassLoaderUtils.java:100)
2026-01-07T09:29:28.9750980Z 	at org.gradle.workers.internal.NoIsolationWorkerFactory$1.lambda$execute$0(NoIsolationWorkerFactory.java:62)
2026-01-07T09:29:28.9752121Z 	at org.gradle.workers.internal.AbstractWorker$1.call(AbstractWorker.java:44)
2026-01-07T09:29:28.9753009Z 	at org.gradle.workers.internal.AbstractWorker$1.call(AbstractWorker.java:41)
2026-01-07T09:29:28.9754365Z 	at org.gradle.internal.operations.DefaultBuildOperationRunner$CallableBuildOperationWorker.execute(DefaultBuildOperationRunner.java:204)
2026-01-07T09:29:28.9756258Z 	at org.gradle.internal.operations.DefaultBuildOperationRunner$CallableBuildOperationWorker.execute(DefaultBuildOperationRunner.java:199)
2026-01-07T09:29:28.9758104Z 	at org.gradle.internal.operations.DefaultBuildOperationRunner$2.execute(DefaultBuildOperationRunner.java:66)
2026-01-07T09:29:28.9759556Z 	at org.gradle.internal.operations.DefaultBuildOperationRunner$2.execute(DefaultBuildOperationRunner.java:59)
2026-01-07T09:29:28.9760984Z 	at org.gradle.internal.operations.DefaultBuildOperationRunner.execute(DefaultBuildOperationRunner.java:157)
2026-01-07T09:29:28.9762433Z 	at org.gradle.internal.operations.DefaultBuildOperationRunner.execute(DefaultBuildOperationRunner.java:59)
2026-01-07T09:29:28.9763859Z 	at org.gradle.internal.operations.DefaultBuildOperationRunner.call(DefaultBuildOperationRunner.java:53)
2026-01-07T09:29:28.9765271Z 	at org.gradle.internal.operations.DefaultBuildOperationExecutor.call(DefaultBuildOperationExecutor.java:73)
2026-01-07T09:29:28.9766835Z 	at org.gradle.workers.internal.AbstractWorker.executeWrappedInBuildOperation(AbstractWorker.java:41)
2026-01-07T09:29:28.9768129Z 	at org.gradle.workers.internal.NoIsolationWorkerFactory$1.execute(NoIsolationWorkerFactory.java:59)
2026-01-07T09:29:28.9769411Z 	at org.gradle.workers.internal.DefaultWorkerExecutor.lambda$submitWork$0(DefaultWorkerExecutor.java:169)
2026-01-07T09:29:28.9770916Z 	at org.gradle.internal.work.DefaultConditionalExecutionQueue$ExecutionRunner.runExecution(DefaultConditionalExecutionQueue.java:187)
2026-01-07T09:29:28.9772805Z 	at org.gradle.internal.work.DefaultConditionalExecutionQueue$ExecutionRunner.access$700(DefaultConditionalExecutionQueue.java:120)
2026-01-07T09:29:28.9774464Z 	at org.gradle.internal.work.DefaultConditionalExecutionQueue$ExecutionRunner$1.run(DefaultConditionalExecutionQueue.java:162)
2026-01-07T09:29:28.9775592Z 	at org.gradle.internal.Factories$1.create(Factories.java:31)
2026-01-07T09:29:28.9776546Z 	at org.gradle.internal.work.DefaultWorkerLeaseService.withLocks(DefaultWorkerLeaseService.java:249)
2026-01-07T09:29:28.9778025Z 	at org.gradle.internal.work.DefaultWorkerLeaseService.runAsWorkerThread(DefaultWorkerLeaseService.java:109)
2026-01-07T09:29:28.9779403Z 	at org.gradle.internal.work.DefaultWorkerLeaseService.runAsWorkerThread(DefaultWorkerLeaseService.java:114)
2026-01-07T09:29:28.9780922Z 	at org.gradle.internal.work.DefaultConditionalExecutionQueue$ExecutionRunner.runBatch(DefaultConditionalExecutionQueue.java:157)
2026-01-07T09:29:28.9782564Z 	at org.gradle.internal.work.DefaultConditionalExecutionQueue$ExecutionRunner.run(DefaultConditionalExecutionQueue.java:126)
2026-01-07T09:29:28.9783551Z 	... 2 more
2026-01-07T09:29:28.9784771Z Caused by: com.android.aaptcompiler.ResourceCompilationException: Failed to compile resource file: /home/runner/work/GenAIAgent/GenAIAgent/app/src/main/res/layout/item_message_user.xml: 
2026-01-07T09:29:28.9786448Z 	at com.android.aaptcompiler.ResourceCompiler.compileXml(ResourceCompiler.kt:328)
2026-01-07T09:29:28.9787696Z 	at com.android.aaptcompiler.ResourceCompiler.access$compileXml(ResourceCompiler.kt:1)
2026-01-07T09:29:28.9788842Z 	at com.android.aaptcompiler.ResourceCompiler$getCompileMethod$2.invoke(ResourceCompiler.kt:149)
2026-01-07T09:29:28.9789992Z 	at com.android.aaptcompiler.ResourceCompiler$getCompileMethod$2.invoke(ResourceCompiler.kt:149)
2026-01-07T09:29:28.9791325Z 	at com.android.aaptcompiler.ResourceCompiler.compileResource(ResourceCompiler.kt:123)
2026-01-07T09:29:28.9792065Z 	... 32 more
2026-01-07T09:29:28.9792632Z Caused by: javax.xml.stream.XMLStreamException: ParseError at [row,col]:[17,40]
2026-01-07T09:29:28.9794115Z Message: http://www.w3.org/TR/1999/REC-xml-names-19990114#AttributePrefixUnbound?com.google.android.material.imageview.ShapeableImageView&app:shapeAppearanceOverlay&app
2026-01-07T09:29:28.9795802Z 	at java.xml/com.sun.org.apache.xerces.internal.impl.XMLStreamReaderImpl.next(XMLStreamReaderImpl.java:652)
2026-01-07T09:29:28.9797273Z 	at java.xml/com.sun.xml.internal.stream.XMLEventReaderImpl.nextEvent(XMLEventReaderImpl.java:83)
2026-01-07T09:29:28.9798382Z 	at com.android.aaptcompiler.XmlProcessor.processElement(XmlProcessor.kt:269)
2026-01-07T09:29:28.9799365Z 	at com.android.aaptcompiler.XmlProcessor.processElement$default(XmlProcessor.kt:185)
2026-01-07T09:29:28.9800305Z 	at com.android.aaptcompiler.XmlProcessor.process(XmlProcessor.kt:127)
2026-01-07T09:29:28.9801215Z 	at com.android.aaptcompiler.ResourceCompiler.compileXml(ResourceCompiler.kt:326)
2026-01-07T09:29:28.9801896Z 	... 36 more
2026-01-07T09:29:28.9803123Z Cause 2: org.gradle.workers.internal.DefaultWorkerExecutor$WorkExecutionException: A failure occurred while executing com.android.build.gradle.internal.res.ResourceCompilerRunnable
2026-01-07T09:29:28.9805002Z 	at org.gradle.workers.internal.DefaultWorkerExecutor$WorkItemExecution.waitForCompletion(DefaultWorkerExecutor.java:283)
2026-01-07T09:29:28.9806596Z 	at org.gradle.internal.work.DefaultAsyncWorkTracker.lambda$waitForItemsAndGatherFailures$2(DefaultAsyncWorkTracker.java:130)
2026-01-07T09:29:28.9807985Z 	at org.gradle.internal.Factories$1.create(Factories.java:31)
2026-01-07T09:29:28.9809021Z 	at org.gradle.internal.work.DefaultWorkerLeaseService.withoutLocks(DefaultWorkerLeaseService.java:321)
2026-01-07T09:29:28.9810357Z 	at org.gradle.internal.work.DefaultWorkerLeaseService.withoutLocks(DefaultWorkerLeaseService.java:304)
2026-01-07T09:29:28.9811677Z 	at org.gradle.internal.work.DefaultWorkerLeaseService.withoutLock(DefaultWorkerLeaseService.java:309)
2026-01-07T09:29:28.9813237Z 	at org.gradle.internal.work.DefaultAsyncWorkTracker.waitForItemsAndGatherFailures(DefaultAsyncWorkTracker.java:126)
2026-01-07T09:29:28.9814831Z 	at org.gradle.internal.work.DefaultAsyncWorkTracker.waitForItemsAndGatherFailures(DefaultAsyncWorkTracker.java:92)
2026-01-07T09:29:28.9816189Z 	at org.gradle.internal.work.DefaultAsyncWorkTracker.waitForAll(DefaultAsyncWorkTracker.java:78)
2026-01-07T09:29:28.9817696Z 	at org.gradle.internal.work.DefaultAsyncWorkTracker.waitForCompletion(DefaultAsyncWorkTracker.java:66)
2026-01-07T09:29:28.9819021Z 	at org.gradle.api.internal.tasks.execution.TaskExecution$3.run(TaskExecution.java:250)
2026-01-07T09:29:28.9820283Z 	at org.gradle.internal.operations.DefaultBuildOperationRunner$1.execute(DefaultBuildOperationRunner.java:29)
2026-01-07T09:29:28.9821736Z 	at org.gradle.internal.operations.DefaultBuildOperationRunner$1.execute(DefaultBuildOperationRunner.java:26)
2026-01-07T09:29:28.9823127Z 	at org.gradle.internal.operations.DefaultBuildOperationRunner$2.execute(DefaultBuildOperationRunner.java:66)
2026-01-07T09:29:28.9824525Z 	at org.gradle.internal.operations.DefaultBuildOperationRunner$2.execute(DefaultBuildOperationRunner.java:59)
2026-01-07T09:29:28.9825926Z 	at org.gradle.internal.operations.DefaultBuildOperationRunner.execute(DefaultBuildOperationRunner.java:157)
2026-01-07T09:29:28.9827581Z 	at org.gradle.internal.operations.DefaultBuildOperationRunner.execute(DefaultBuildOperationRunner.java:59)
2026-01-07T09:29:28.9828942Z 	at org.gradle.internal.operations.DefaultBuildOperationRunner.run(DefaultBuildOperationRunner.java:47)
2026-01-07T09:29:28.9830318Z 	at org.gradle.internal.operations.DefaultBuildOperationExecutor.run(DefaultBuildOperationExecutor.java:68)
2026-01-07T09:29:28.9831569Z 	at org.gradle.api.internal.tasks.execution.TaskExecution.executeAction(TaskExecution.java:227)
2026-01-07T09:29:28.9832939Z 	at org.gradle.api.internal.tasks.execution.TaskExecution.executeActions(TaskExecution.java:210)
2026-01-07T09:29:28.9834279Z 	at org.gradle.api.internal.tasks.execution.TaskExecution.executeWithPreviousOutputFiles(TaskExecution.java:193)
2026-01-07T09:29:28.9835561Z 	at org.gradle.api.internal.tasks.execution.TaskExecution.execute(TaskExecution.java:166)
2026-01-07T09:29:28.9836840Z 	at org.gradle.internal.execution.steps.ExecuteStep.executeInternal(ExecuteStep.java:93)
2026-01-07T09:29:28.9837912Z 	at org.gradle.internal.execution.steps.ExecuteStep.access$000(ExecuteStep.java:44)
2026-01-07T09:29:28.9838848Z 	at org.gradle.internal.execution.steps.ExecuteStep$1.call(ExecuteStep.java:57)
2026-01-07T09:29:28.9839767Z 	at org.gradle.internal.execution.steps.ExecuteStep$1.call(ExecuteStep.java:54)
2026-01-07T09:29:28.9841151Z 	at org.gradle.internal.operations.DefaultBuildOperationRunner$CallableBuildOperationWorker.execute(DefaultBuildOperationRunner.java:204)
2026-01-07T09:29:28.9842992Z 	at org.gradle.internal.operations.DefaultBuildOperationRunner$CallableBuildOperationWorker.execute(DefaultBuildOperationRunner.java:199)
2026-01-07T09:29:28.9844636Z 	at org.gradle.internal.operations.DefaultBuildOperationRunner$2.execute(DefaultBuildOperationRunner.java:66)
2026-01-07T09:29:28.9846004Z 	at org.gradle.internal.operations.DefaultBuildOperationRunner$2.execute(DefaultBuildOperationRunner.java:59)
2026-01-07T09:29:28.9847620Z 	at org.gradle.internal.operations.DefaultBuildOperationRunner.execute(DefaultBuildOperationRunner.java:157)
2026-01-07T09:29:28.9849016Z 	at org.gradle.internal.operations.DefaultBuildOperationRunner.execute(DefaultBuildOperationRunner.java:59)
2026-01-07T09:29:28.9850385Z 	at org.gradle.internal.operations.DefaultBuildOperationRunner.call(DefaultBuildOperationRunner.java:53)
2026-01-07T09:29:28.9851766Z 	at org.gradle.internal.operations.DefaultBuildOperationExecutor.call(DefaultBuildOperationExecutor.java:73)
2026-01-07T09:29:28.9852982Z 	at org.gradle.internal.execution.steps.ExecuteStep.execute(ExecuteStep.java:54)
2026-01-07T09:29:28.9853981Z 	at org.gradle.internal.execution.steps.ExecuteStep.execute(ExecuteStep.java:44)
2026-01-07T09:29:28.9855388Z 	at org.gradle.internal.execution.steps.RemovePreviousOutputsStep.execute(RemovePreviousOutputsStep.java:67)
2026-01-07T09:29:28.9857016Z 	at org.gradle.internal.execution.steps.RemovePreviousOutputsStep.execute(RemovePreviousOutputsStep.java:37)
2026-01-07T09:29:28.9858302Z 	at org.gradle.internal.execution.steps.CancelExecutionStep.execute(CancelExecutionStep.java:41)
2026-01-07T09:29:28.9859458Z 	at org.gradle.internal.execution.steps.TimeoutStep.executeWithoutTimeout(TimeoutStep.java:74)
2026-01-07T09:29:28.9860544Z 	at org.gradle.internal.execution.steps.TimeoutStep.execute(TimeoutStep.java:55)
2026-01-07T09:29:28.9861590Z 	at org.gradle.internal.execution.steps.CreateOutputsStep.execute(CreateOutputsStep.java:50)
2026-01-07T09:29:28.9862746Z 	at org.gradle.internal.execution.steps.CreateOutputsStep.execute(CreateOutputsStep.java:28)
2026-01-07T09:29:28.9864397Z 	at org.gradle.internal.execution.steps.CaptureStateAfterExecutionStep.executeDelegateBroadcastingChanges(CaptureStateAfterExecutionStep.java:100)
2026-01-07T09:29:28.9866256Z 	at org.gradle.internal.execution.steps.CaptureStateAfterExecutionStep.execute(CaptureStateAfterExecutionStep.java:72)
2026-01-07T09:29:28.9868076Z 	at org.gradle.internal.execution.steps.CaptureStateAfterExecutionStep.execute(CaptureStateAfterExecutionStep.java:50)
2026-01-07T09:29:28.9869570Z 	at org.gradle.internal.execution.steps.ResolveInputChangesStep.execute(ResolveInputChangesStep.java:40)
2026-01-07T09:29:28.9870927Z 	at org.gradle.internal.execution.steps.ResolveInputChangesStep.execute(ResolveInputChangesStep.java:29)
2026-01-07T09:29:28.9872250Z 	at org.gradle.internal.execution.steps.BuildCacheStep.executeWithoutCache(BuildCacheStep.java:166)
2026-01-07T09:29:28.9873479Z 	at org.gradle.internal.execution.steps.BuildCacheStep.lambda$execute$1(BuildCacheStep.java:70)
2026-01-07T09:29:28.9874748Z 	at org.gradle.internal.Either$Right.fold(Either.java:175)
2026-01-07T09:29:28.9875572Z 	at org.gradle.internal.execution.caching.CachingState.fold(CachingState.java:59)
2026-01-07T09:29:28.9876603Z 	at org.gradle.internal.execution.steps.BuildCacheStep.execute(BuildCacheStep.java:68)
2026-01-07T09:29:28.9877848Z 	at org.gradle.internal.execution.steps.BuildCacheStep.execute(BuildCacheStep.java:46)
2026-01-07T09:29:28.9879027Z 	at org.gradle.internal.execution.steps.StoreExecutionStateStep.execute(StoreExecutionStateStep.java:36)
2026-01-07T09:29:28.9880346Z 	at org.gradle.internal.execution.steps.StoreExecutionStateStep.execute(StoreExecutionStateStep.java:25)
2026-01-07T09:29:28.9881568Z 	at org.gradle.internal.execution.steps.RecordOutputsStep.execute(RecordOutputsStep.java:36)
2026-01-07T09:29:28.9882700Z 	at org.gradle.internal.execution.steps.RecordOutputsStep.execute(RecordOutputsStep.java:22)
2026-01-07T09:29:28.9883867Z 	at org.gradle.internal.execution.steps.SkipUpToDateStep.executeBecause(SkipUpToDateStep.java:91)
2026-01-07T09:29:28.9885088Z 	at org.gradle.internal.execution.steps.SkipUpToDateStep.lambda$execute$2(SkipUpToDateStep.java:55)
2026-01-07T09:29:28.9886070Z 	at java.base/java.util.Optional.orElseGet(Optional.java:364)
2026-01-07T09:29:28.9887162Z 	at org.gradle.internal.execution.steps.SkipUpToDateStep.execute(SkipUpToDateStep.java:55)
2026-01-07T09:29:28.9888310Z 	at org.gradle.internal.execution.steps.SkipUpToDateStep.execute(SkipUpToDateStep.java:37)
2026-01-07T09:29:28.9889436Z 	at org.gradle.internal.execution.steps.ResolveChangesStep.execute(ResolveChangesStep.java:65)
2026-01-07T09:29:28.9890599Z 	at org.gradle.internal.execution.steps.ResolveChangesStep.execute(ResolveChangesStep.java:36)
2026-01-07T09:29:28.9892095Z 	at org.gradle.internal.execution.steps.legacy.MarkSnapshottingInputsFinishedStep.execute(MarkSnapshottingInputsFinishedStep.java:37)
2026-01-07T09:29:28.9893929Z 	at org.gradle.internal.execution.steps.legacy.MarkSnapshottingInputsFinishedStep.execute(MarkSnapshottingInputsFinishedStep.java:27)
2026-01-07T09:29:28.9895528Z 	at org.gradle.internal.execution.steps.ResolveCachingStateStep.execute(ResolveCachingStateStep.java:76)
2026-01-07T09:29:28.9897300Z 	at org.gradle.internal.execution.steps.ResolveCachingStateStep.execute(ResolveCachingStateStep.java:37)
2026-01-07T09:29:28.9898500Z 	at org.gradle.internal.execution.steps.ValidateStep.execute(ValidateStep.java:94)
2026-01-07T09:29:28.9899587Z 	at org.gradle.internal.execution.steps.ValidateStep.execute(ValidateStep.java:49)
2026-01-07T09:29:28.9900894Z 	at org.gradle.internal.execution.steps.CaptureStateBeforeExecutionStep.execute(CaptureStateBeforeExecutionStep.java:71)
2026-01-07T09:29:28.9902543Z 	at org.gradle.internal.execution.steps.CaptureStateBeforeExecutionStep.execute(CaptureStateBeforeExecutionStep.java:45)
2026-01-07T09:29:28.9904037Z 	at org.gradle.internal.execution.steps.SkipEmptyWorkStep.executeWithNonEmptySources(SkipEmptyWorkStep.java:177)
2026-01-07T09:29:28.9905358Z 	at org.gradle.internal.execution.steps.SkipEmptyWorkStep.execute(SkipEmptyWorkStep.java:81)
2026-01-07T09:29:28.9906497Z 	at org.gradle.internal.execution.steps.SkipEmptyWorkStep.execute(SkipEmptyWorkStep.java:53)
2026-01-07T09:29:28.9908195Z 	at org.gradle.internal.execution.steps.RemoveUntrackedExecutionStateStep.execute(RemoveUntrackedExecutionStateStep.java:32)
2026-01-07T09:29:28.9909922Z 	at org.gradle.internal.execution.steps.RemoveUntrackedExecutionStateStep.execute(RemoveUntrackedExecutionStateStep.java:21)
2026-01-07T09:29:28.9911697Z 	at org.gradle.internal.execution.steps.legacy.MarkSnapshottingInputsStartedStep.execute(MarkSnapshottingInputsStartedStep.java:38)
2026-01-07T09:29:28.9913435Z 	at org.gradle.internal.execution.steps.LoadPreviousExecutionStateStep.execute(LoadPreviousExecutionStateStep.java:36)
2026-01-07T09:29:28.9915071Z 	at org.gradle.internal.execution.steps.LoadPreviousExecutionStateStep.execute(LoadPreviousExecutionStateStep.java:23)
2026-01-07T09:29:28.9917042Z 	at org.gradle.internal.execution.steps.CleanupStaleOutputsStep.execute(CleanupStaleOutputsStep.java:75)
2026-01-07T09:29:28.9918413Z 	at org.gradle.internal.execution.steps.CleanupStaleOutputsStep.execute(CleanupStaleOutputsStep.java:41)
2026-01-07T09:29:28.9919734Z 	at org.gradle.internal.execution.steps.AssignWorkspaceStep.lambda$execute$0(AssignWorkspaceStep.java:32)
2026-01-07T09:29:28.9921030Z 	at org.gradle.api.internal.tasks.execution.TaskExecution$4.withWorkspace(TaskExecution.java:287)
2026-01-07T09:29:28.9922252Z 	at org.gradle.internal.execution.steps.AssignWorkspaceStep.execute(AssignWorkspaceStep.java:30)
2026-01-07T09:29:28.9923502Z 	at org.gradle.internal.execution.steps.AssignWorkspaceStep.execute(AssignWorkspaceStep.java:21)
2026-01-07T09:29:28.9924671Z 	at org.gradle.internal.execution.steps.IdentityCacheStep.execute(IdentityCacheStep.java:37)
2026-01-07T09:29:28.9925805Z 	at org.gradle.internal.execution.steps.IdentityCacheStep.execute(IdentityCacheStep.java:27)
2026-01-07T09:29:28.9927083Z 	at org.gradle.internal.execution.steps.IdentifyStep.execute(IdentifyStep.java:42)
2026-01-07T09:29:28.9928156Z 	at org.gradle.internal.execution.steps.IdentifyStep.execute(IdentifyStep.java:31)
2026-01-07T09:29:28.9929275Z 	at org.gradle.internal.execution.impl.DefaultExecutionEngine$1.execute(DefaultExecutionEngine.java:64)
2026-01-07T09:29:28.9930741Z 	at org.gradle.api.internal.tasks.execution.ExecuteActionsTaskExecuter.executeIfValid(ExecuteActionsTaskExecuter.java:146)
2026-01-07T09:29:28.9932357Z 	at org.gradle.api.internal.tasks.execution.ExecuteActionsTaskExecuter.execute(ExecuteActionsTaskExecuter.java:135)
2026-01-07T09:29:28.9933928Z 	at org.gradle.api.internal.tasks.execution.FinalizePropertiesTaskExecuter.execute(FinalizePropertiesTaskExecuter.java:46)
2026-01-07T09:29:28.9935632Z 	at org.gradle.api.internal.tasks.execution.ResolveTaskExecutionModeExecuter.execute(ResolveTaskExecutionModeExecuter.java:51)
2026-01-07T09:29:28.9937486Z 	at org.gradle.api.internal.tasks.execution.SkipTaskWithNoActionsExecuter.execute(SkipTaskWithNoActionsExecuter.java:57)
2026-01-07T09:29:28.9939052Z 	at org.gradle.api.internal.tasks.execution.SkipOnlyIfTaskExecuter.execute(SkipOnlyIfTaskExecuter.java:74)
2026-01-07T09:29:28.9940750Z 	at org.gradle.api.internal.tasks.execution.CatchExceptionTaskExecuter.execute(CatchExceptionTaskExecuter.java:36)
2026-01-07T09:29:28.9942225Z 	at org.gradle.api.internal.tasks.execution.EventFiringTaskExecuter$1.executeTask(EventFiringTaskExecuter.java:77)
2026-01-07T09:29:28.9943601Z 	at org.gradle.api.internal.tasks.execution.EventFiringTaskExecuter$1.call(EventFiringTaskExecuter.java:55)
2026-01-07T09:29:28.9944932Z 	at org.gradle.api.internal.tasks.execution.EventFiringTaskExecuter$1.call(EventFiringTaskExecuter.java:52)
2026-01-07T09:29:28.9946543Z 	at org.gradle.internal.operations.DefaultBuildOperationRunner$CallableBuildOperationWorker.execute(DefaultBuildOperationRunner.java:204)
2026-01-07T09:29:28.9948575Z 	at org.gradle.internal.operations.DefaultBuildOperationRunner$CallableBuildOperationWorker.execute(DefaultBuildOperationRunner.java:199)
2026-01-07T09:29:28.9950211Z 	at org.gradle.internal.operations.DefaultBuildOperationRunner$2.execute(DefaultBuildOperationRunner.java:66)
2026-01-07T09:29:28.9951611Z 	at org.gradle.internal.operations.DefaultBuildOperationRunner$2.execute(DefaultBuildOperationRunner.java:59)
2026-01-07T09:29:28.9953003Z 	at org.gradle.internal.operations.DefaultBuildOperationRunner.execute(DefaultBuildOperationRunner.java:157)
2026-01-07T09:29:28.9954443Z 	at org.gradle.internal.operations.DefaultBuildOperationRunner.execute(DefaultBuildOperationRunner.java:59)
2026-01-07T09:29:28.9955835Z 	at org.gradle.internal.operations.DefaultBuildOperationRunner.call(DefaultBuildOperationRunner.java:53)
2026-01-07T09:29:28.9957438Z 	at org.gradle.internal.operations.DefaultBuildOperationExecutor.call(DefaultBuildOperationExecutor.java:73)
2026-01-07T09:29:28.9958897Z 	at org.gradle.api.internal.tasks.execution.EventFiringTaskExecuter.execute(EventFiringTaskExecuter.java:52)
2026-01-07T09:29:28.9960455Z 	at org.gradle.execution.plan.LocalTaskNodeExecutor.execute(LocalTaskNodeExecutor.java:42)
2026-01-07T09:29:28.9961923Z 	at org.gradle.execution.taskgraph.DefaultTaskExecutionGraph$InvokeNodeExecutorsAction.execute(DefaultTaskExecutionGraph.java:338)
2026-01-07T09:29:28.9963680Z 	at org.gradle.execution.taskgraph.DefaultTaskExecutionGraph$InvokeNodeExecutorsAction.execute(DefaultTaskExecutionGraph.java:325)
2026-01-07T09:29:28.9965538Z 	at org.gradle.execution.taskgraph.DefaultTaskExecutionGraph$BuildOperationAwareExecutionAction.execute(DefaultTaskExecutionGraph.java:318)
2026-01-07T09:29:28.9967640Z 	at org.gradle.execution.taskgraph.DefaultTaskExecutionGraph$BuildOperationAwareExecutionAction.execute(DefaultTaskExecutionGraph.java:304)
2026-01-07T09:29:28.9969251Z 	at org.gradle.execution.plan.DefaultPlanExecutor$ExecutorWorker.execute(DefaultPlanExecutor.java:463)
2026-01-07T09:29:28.9970481Z 	at org.gradle.execution.plan.DefaultPlanExecutor$ExecutorWorker.run(DefaultPlanExecutor.java:380)
2026-01-07T09:29:28.9971757Z 	at org.gradle.internal.concurrent.ExecutorPolicy$CatchAndRecordFailures.onExecute(ExecutorPolicy.java:64)
2026-01-07T09:29:28.9972972Z 	at org.gradle.internal.concurrent.ManagedExecutorImpl$1.run(ManagedExecutorImpl.java:49)
2026-01-07T09:29:28.9974117Z 	at java.base/java.util.concurrent.ThreadPoolExecutor.runWorker(ThreadPoolExecutor.java:1136)
2026-01-07T09:29:28.9975237Z 	at java.base/java.util.concurrent.ThreadPoolExecutor$Worker.run(ThreadPoolExecutor.java:635)
2026-01-07T09:29:28.9976097Z 	at java.base/java.lang.Thread.run(Thread.java:840)
2026-01-07T09:29:28.9978471Z Caused by: com.android.aaptcompiler.ResourceCompilationException: Resource compilation failed (Failed to compile resource file: /home/runner/work/GenAIAgent/GenAIAgent/app/src/main/res/layout/item_message_ai.xml: . Cause: javax.xml.stream.XMLStreamException: ParseError at [row,col]:[17,40]
2026-01-07T09:29:28.9981650Z Message: http://www.w3.org/TR/1999/REC-xml-names-19990114#AttributePrefixUnbound?com.google.android.material.imageview.ShapeableImageView&app:shapeAppearanceOverlay&app). Check logs for more details.
2026-01-07T09:29:28.9983510Z 	at com.android.aaptcompiler.ResourceCompiler.compileResource(ResourceCompiler.kt:129)
2026-01-07T09:29:28.9985189Z 	at com.android.build.gradle.internal.res.ResourceCompilerRunnable$Companion.compileSingleResource(ResourceCompilerRunnable.kt:34)
2026-01-07T09:29:28.9986560Z 	at com.android.build.gradle.internal.res.ResourceCompilerRunnable.run(ResourceCompilerRunnable.kt:15)
2026-01-07T09:29:28.9988112Z 	at com.android.build.gradle.internal.profile.ProfileAwareWorkAction.execute(ProfileAwareWorkAction.kt:74)
2026-01-07T09:29:28.9989355Z 	at org.gradle.workers.internal.DefaultWorkerServer.execute(DefaultWorkerServer.java:63)
2026-01-07T09:29:28.9990534Z 	at org.gradle.workers.internal.NoIsolationWorkerFactory$1$1.create(NoIsolationWorkerFactory.java:66)
2026-01-07T09:29:28.9991778Z 	at org.gradle.workers.internal.NoIsolationWorkerFactory$1$1.create(NoIsolationWorkerFactory.java:62)
2026-01-07T09:29:28.9993053Z 	at org.gradle.internal.classloader.ClassLoaderUtils.executeInClassloader(ClassLoaderUtils.java:100)
2026-01-07T09:29:28.9994382Z 	at org.gradle.workers.internal.NoIsolationWorkerFactory$1.lambda$execute$0(NoIsolationWorkerFactory.java:62)
2026-01-07T09:29:28.9995517Z 	at org.gradle.workers.internal.AbstractWorker$1.call(AbstractWorker.java:44)
2026-01-07T09:29:28.9996426Z 	at org.gradle.workers.internal.AbstractWorker$1.call(AbstractWorker.java:41)
2026-01-07T09:29:28.9997994Z 	at org.gradle.internal.operations.DefaultBuildOperationRunner$CallableBuildOperationWorker.execute(DefaultBuildOperationRunner.java:204)
2026-01-07T09:29:28.9999888Z 	at org.gradle.internal.operations.DefaultBuildOperationRunner$CallableBuildOperationWorker.execute(DefaultBuildOperationRunner.java:199)
2026-01-07T09:29:29.0001554Z 	at org.gradle.internal.operations.DefaultBuildOperationRunner$2.execute(DefaultBuildOperationRunner.java:66)
2026-01-07T09:29:29.0003287Z 	at org.gradle.internal.operations.DefaultBuildOperationRunner$2.execute(DefaultBuildOperationRunner.java:59)
2026-01-07T09:29:29.0004770Z 	at org.gradle.internal.operations.DefaultBuildOperationRunner.execute(DefaultBuildOperationRunner.java:157)
2026-01-07T09:29:29.0006247Z 	at org.gradle.internal.operations.DefaultBuildOperationRunner.execute(DefaultBuildOperationRunner.java:59)
2026-01-07T09:29:29.0007847Z 	at org.gradle.internal.operations.DefaultBuildOperationRunner.call(DefaultBuildOperationRunner.java:53)
2026-01-07T09:29:29.0009236Z 	at org.gradle.internal.operations.DefaultBuildOperationExecutor.call(DefaultBuildOperationExecutor.java:73)
2026-01-07T09:29:29.0010631Z 	at org.gradle.workers.internal.AbstractWorker.executeWrappedInBuildOperation(AbstractWorker.java:41)
2026-01-07T09:29:29.0011920Z 	at org.gradle.workers.internal.NoIsolationWorkerFactory$1.execute(NoIsolationWorkerFactory.java:59)
2026-01-07T09:29:29.0013214Z 	at org.gradle.workers.internal.DefaultWorkerExecutor.lambda$submitWork$0(DefaultWorkerExecutor.java:169)
2026-01-07T09:29:29.0014299Z 	at java.base/java.util.concurrent.FutureTask.run(FutureTask.java:264)
2026-01-07T09:29:29.0015564Z 	at org.gradle.internal.work.DefaultConditionalExecutionQueue$ExecutionRunner.runExecution(DefaultConditionalExecutionQueue.java:187)
2026-01-07T09:29:29.0017446Z 	at org.gradle.internal.work.DefaultConditionalExecutionQueue$ExecutionRunner.access$700(DefaultConditionalExecutionQueue.java:120)
2026-01-07T09:29:29.0019102Z 	at org.gradle.internal.work.DefaultConditionalExecutionQueue$ExecutionRunner$1.run(DefaultConditionalExecutionQueue.java:162)
2026-01-07T09:29:29.0020291Z 	at org.gradle.internal.Factories$1.create(Factories.java:31)
2026-01-07T09:29:29.0021281Z 	at org.gradle.internal.work.DefaultWorkerLeaseService.withLocks(DefaultWorkerLeaseService.java:249)
2026-01-07T09:29:29.0022607Z 	at org.gradle.internal.work.DefaultWorkerLeaseService.runAsWorkerThread(DefaultWorkerLeaseService.java:109)
2026-01-07T09:29:29.0024052Z 	at org.gradle.internal.work.DefaultWorkerLeaseService.runAsWorkerThread(DefaultWorkerLeaseService.java:114)
2026-01-07T09:29:29.0025601Z 	at org.gradle.internal.work.DefaultConditionalExecutionQueue$ExecutionRunner.runBatch(DefaultConditionalExecutionQueue.java:157)
2026-01-07T09:29:29.0027694Z 	at org.gradle.internal.work.DefaultConditionalExecutionQueue$ExecutionRunner.run(DefaultConditionalExecutionQueue.java:126)
2026-01-07T09:29:29.0028996Z 	at java.base/java.util.concurrent.Executors$RunnableAdapter.call(Executors.java:539)
2026-01-07T09:29:29.0029870Z 	at java.base/java.util.concurrent.FutureTask.run(FutureTask.java:264)
2026-01-07T09:29:29.0030448Z 	... 5 more
2026-01-07T09:29:29.0031687Z Caused by: com.android.aaptcompiler.ResourceCompilationException: Failed to compile resource file: /home/runner/work/GenAIAgent/GenAIAgent/app/src/main/res/layout/item_message_ai.xml: 
2026-01-07T09:29:29.0033351Z 	at com.android.aaptcompiler.ResourceCompiler.compileXml(ResourceCompiler.kt:328)
2026-01-07T09:29:29.0034427Z 	at com.android.aaptcompiler.ResourceCompiler.access$compileXml(ResourceCompiler.kt:1)
2026-01-07T09:29:29.0035634Z 	at com.android.aaptcompiler.ResourceCompiler$getCompileMethod$2.invoke(ResourceCompiler.kt:149)
2026-01-07T09:29:29.0037051Z 	at com.android.aaptcompiler.ResourceCompiler$getCompileMethod$2.invoke(ResourceCompiler.kt:149)
2026-01-07T09:29:29.0038217Z 	at com.android.aaptcompiler.ResourceCompiler.compileResource(ResourceCompiler.kt:123)
2026-01-07T09:29:29.0038977Z 	... 38 more
2026-01-07T09:29:29.0039544Z Caused by: javax.xml.stream.XMLStreamException: ParseError at [row,col]:[17,40]
2026-01-07T09:29:29.0041070Z Message: http://www.w3.org/TR/1999/REC-xml-names-19990114#AttributePrefixUnbound?com.google.android.material.imageview.ShapeableImageView&app:shapeAppearanceOverlay&app
2026-01-07T09:29:29.0042835Z 	at java.xml/com.sun.org.apache.xerces.internal.impl.XMLStreamReaderImpl.next(XMLStreamReaderImpl.java:652)
2026-01-07T09:29:29.0044105Z 	at java.xml/com.sun.xml.internal.stream.XMLEventReaderImpl.nextEvent(XMLEventReaderImpl.java:83)
2026-01-07T09:29:29.0045455Z 	at com.android.aaptcompiler.XmlProcessor.processElement(XmlProcessor.kt:269)
2026-01-07T09:29:29.0046468Z 	at com.android.aaptcompiler.XmlProcessor.processElement$default(XmlProcessor.kt:185)
2026-01-07T09:29:29.0047652Z 	at com.android.aaptcompiler.XmlProcessor.process(XmlProcessor.kt:127)
2026-01-07T09:29:29.0048592Z 	at com.android.aaptcompiler.ResourceCompiler.compileXml(ResourceCompiler.kt:326)
2026-01-07T09:29:29.0049317Z 	... 42 more
2026-01-07T09:29:29.0049508Z 
2026-01-07T09:29:29.0049516Z 
2026-01-07T09:29:29.0049725Z * Get more help at https://help.gradle.org
2026-01-07T09:29:29.0050065Z 
2026-01-07T09:29:29.0050202Z BUILD FAILED in 19s
2026-01-07T09:29:29.0050577Z 14 actionable tasks: 14 executed
2026-01-07T09:29:29.3608685Z ##[error]Process completed with exit code 1.
2026-01-07T09:29:29.3737894Z Post job cleanup.
2026-01-07T09:29:29.5453567Z Post job cleanup.
2026-01-07T09:29:29.6392399Z [command]/usr/bin/git version
2026-01-07T09:29:29.6432603Z git version 2.52.0
2026-01-07T09:29:29.6476578Z Temporarily overriding HOME='/home/runner/work/_temp/5129eb8f-3d0c-4585-bdac-13e2aaf78f58' before making global git config changes
2026-01-07T09:29:29.6478090Z Adding repository directory to the temporary git global config as a safe directory
2026-01-07T09:29:29.6489532Z [command]/usr/bin/git config --global --add safe.directory /home/runner/work/GenAIAgent/GenAIAgent
2026-01-07T09:29:29.6522513Z [command]/usr/bin/git config --local --name-only --get-regexp core\.sshCommand
2026-01-07T09:29:29.6554276Z [command]/usr/bin/git submodule foreach --recursive sh -c "git config --local --name-only --get-regexp 'core\.sshCommand' && git config --local --unset-all 'core.sshCommand' || :"
2026-01-07T09:29:29.6777633Z [command]/usr/bin/git config --local --name-only --get-regexp http\.https\:\/\/github\.com\/\.extraheader
2026-01-07T09:29:29.6797334Z http.https://github.com/.extraheader
2026-01-07T09:29:29.6809513Z [command]/usr/bin/git config --local --unset-all http.https://github.com/.extraheader
2026-01-07T09:29:29.6838105Z [command]/usr/bin/git submodule foreach --recursive sh -c "git config --local --name-only --get-regexp 'http\.https\:\/\/github\.com\/\.extraheader' && git config --local --unset-all 'http.https://github.com/.extraheader' || :"
2026-01-07T09:29:29.7051096Z [command]/usr/bin/git config --local --name-only --get-regexp ^includeIf\.gitdir:
2026-01-07T09:29:29.7080161Z [command]/usr/bin/git submodule foreach --recursive git config --local --show-origin --name-only --get-regexp remote.origin.url
2026-01-07T09:29:29.7398785Z Cleaning up orphan processes
2026-01-07T09:29:29.7685904Z Terminate orphan process: pid (2174) (java)