2026-01-07T10:34:18.9174244Z Current runner version: '2.330.0'
2026-01-07T10:34:18.9209501Z ##[group]Runner Image Provisioner
2026-01-07T10:34:18.9210619Z Hosted Compute Agent
2026-01-07T10:34:18.9211554Z Version: 20251211.462
2026-01-07T10:34:18.9212576Z Commit: 6cbad8c2bb55d58165063d031ccabf57e2d2db61
2026-01-07T10:34:18.9213666Z Build Date: 2025-12-11T16:28:49Z
2026-01-07T10:34:18.9214687Z Worker ID: {739e9ffe-16ac-401e-8bb0-da2ece62a23e}
2026-01-07T10:34:18.9215916Z ##[endgroup]
2026-01-07T10:34:18.9216892Z ##[group]Operating System
2026-01-07T10:34:18.9218188Z Ubuntu
2026-01-07T10:34:18.9218913Z 24.04.3
2026-01-07T10:34:18.9219738Z LTS
2026-01-07T10:34:18.9220705Z ##[endgroup]
2026-01-07T10:34:18.9221612Z ##[group]Runner Image
2026-01-07T10:34:18.9222471Z Image: ubuntu-24.04
2026-01-07T10:34:18.9223445Z Version: 20251215.174.1
2026-01-07T10:34:18.9225156Z Included Software: https://github.com/actions/runner-images/blob/ubuntu24/20251215.174/images/ubuntu/Ubuntu2404-Readme.md
2026-01-07T10:34:18.9228330Z Image Release: https://github.com/actions/runner-images/releases/tag/ubuntu24%2F20251215.174
2026-01-07T10:34:18.9230060Z ##[endgroup]
2026-01-07T10:34:18.9232044Z ##[group]GITHUB_TOKEN Permissions
2026-01-07T10:34:18.9234909Z Contents: read
2026-01-07T10:34:18.9235894Z Metadata: read
2026-01-07T10:34:18.9236976Z Packages: read
2026-01-07T10:34:18.9238088Z ##[endgroup]
2026-01-07T10:34:18.9240795Z Secret source: Actions
2026-01-07T10:34:18.9242405Z Prepare workflow directory
2026-01-07T10:34:18.9639328Z Prepare all required actions
2026-01-07T10:34:18.9694781Z Getting action download info
2026-01-07T10:34:19.3018749Z Download action repository 'actions/checkout@v4' (SHA:34e114876b0b11c390a56381ad16ebd13914f8d5)
2026-01-07T10:34:19.5364423Z Download action repository 'actions/setup-java@v4' (SHA:c1e323688fd81a25caa38c78aa6df2d33d3e20d9)
2026-01-07T10:34:19.9895587Z Download action repository 'actions/upload-artifact@v4' (SHA:ea165f8d65b6e75b540449e92b4886f43607fa02)
2026-01-07T10:34:20.1997864Z Complete job name: build
2026-01-07T10:34:20.2669462Z ##[group]Run actions/checkout@v4
2026-01-07T10:34:20.2670363Z with:
2026-01-07T10:34:20.2670801Z   repository: xyraofficial/GenAIAgent
2026-01-07T10:34:20.2671461Z   token: ***
2026-01-07T10:34:20.2671849Z   ssh-strict: true
2026-01-07T10:34:20.2672249Z   ssh-user: git
2026-01-07T10:34:20.2672665Z   persist-credentials: true
2026-01-07T10:34:20.2673125Z   clean: true
2026-01-07T10:34:20.2673537Z   sparse-checkout-cone-mode: true
2026-01-07T10:34:20.2674025Z   fetch-depth: 1
2026-01-07T10:34:20.2674426Z   fetch-tags: false
2026-01-07T10:34:20.2674838Z   show-progress: true
2026-01-07T10:34:20.2675253Z   lfs: false
2026-01-07T10:34:20.2675635Z   submodules: false
2026-01-07T10:34:20.2676056Z   set-safe-directory: true
2026-01-07T10:34:20.2676713Z ##[endgroup]
2026-01-07T10:34:20.3729509Z Syncing repository: xyraofficial/GenAIAgent
2026-01-07T10:34:20.3731216Z ##[group]Getting Git version info
2026-01-07T10:34:20.3731986Z Working directory is '/home/runner/work/GenAIAgent/GenAIAgent'
2026-01-07T10:34:20.3732965Z [command]/usr/bin/git version
2026-01-07T10:34:20.3800767Z git version 2.52.0
2026-01-07T10:34:20.3826365Z ##[endgroup]
2026-01-07T10:34:20.3840013Z Temporarily overriding HOME='/home/runner/work/_temp/6b59790d-7d55-4f87-b4c2-4cf1d8aa3fbf' before making global git config changes
2026-01-07T10:34:20.3842215Z Adding repository directory to the temporary git global config as a safe directory
2026-01-07T10:34:20.3851528Z [command]/usr/bin/git config --global --add safe.directory /home/runner/work/GenAIAgent/GenAIAgent
2026-01-07T10:34:20.3887776Z Deleting the contents of '/home/runner/work/GenAIAgent/GenAIAgent'
2026-01-07T10:34:20.3891266Z ##[group]Initializing the repository
2026-01-07T10:34:20.3894918Z [command]/usr/bin/git init /home/runner/work/GenAIAgent/GenAIAgent
2026-01-07T10:34:20.3994652Z hint: Using 'master' as the name for the initial branch. This default branch name
2026-01-07T10:34:20.3995954Z hint: will change to "main" in Git 3.0. To configure the initial branch name
2026-01-07T10:34:20.3997295Z hint: to use in all of your new repositories, which will suppress this warning,
2026-01-07T10:34:20.3998779Z hint: call:
2026-01-07T10:34:20.3999651Z hint:
2026-01-07T10:34:20.4000514Z hint: 	git config --global init.defaultBranch <name>
2026-01-07T10:34:20.4001593Z hint:
2026-01-07T10:34:20.4002360Z hint: Names commonly chosen instead of 'master' are 'main', 'trunk' and
2026-01-07T10:34:20.4003610Z hint: 'development'. The just-created branch can be renamed via this command:
2026-01-07T10:34:20.4004613Z hint:
2026-01-07T10:34:20.4005072Z hint: 	git branch -m <name>
2026-01-07T10:34:20.4005595Z hint:
2026-01-07T10:34:20.4006220Z hint: Disable this message with "git config set advice.defaultBranchName false"
2026-01-07T10:34:20.4007199Z Initialized empty Git repository in /home/runner/work/GenAIAgent/GenAIAgent/.git/
2026-01-07T10:34:20.4009427Z [command]/usr/bin/git remote add origin https://github.com/xyraofficial/GenAIAgent
2026-01-07T10:34:20.4043311Z ##[endgroup]
2026-01-07T10:34:20.4044557Z ##[group]Disabling automatic garbage collection
2026-01-07T10:34:20.4048692Z [command]/usr/bin/git config --local gc.auto 0
2026-01-07T10:34:20.4076081Z ##[endgroup]
2026-01-07T10:34:20.4077300Z ##[group]Setting up auth
2026-01-07T10:34:20.4083646Z [command]/usr/bin/git config --local --name-only --get-regexp core\.sshCommand
2026-01-07T10:34:20.4113934Z [command]/usr/bin/git submodule foreach --recursive sh -c "git config --local --name-only --get-regexp 'core\.sshCommand' && git config --local --unset-all 'core.sshCommand' || :"
2026-01-07T10:34:20.4435308Z [command]/usr/bin/git config --local --name-only --get-regexp http\.https\:\/\/github\.com\/\.extraheader
2026-01-07T10:34:20.4464603Z [command]/usr/bin/git submodule foreach --recursive sh -c "git config --local --name-only --get-regexp 'http\.https\:\/\/github\.com\/\.extraheader' && git config --local --unset-all 'http.https://github.com/.extraheader' || :"
2026-01-07T10:34:20.4679792Z [command]/usr/bin/git config --local --name-only --get-regexp ^includeIf\.gitdir:
2026-01-07T10:34:20.4708307Z [command]/usr/bin/git submodule foreach --recursive git config --local --show-origin --name-only --get-regexp remote.origin.url
2026-01-07T10:34:20.4936217Z [command]/usr/bin/git config --local http.https://github.com/.extraheader AUTHORIZATION: basic ***
2026-01-07T10:34:20.4968985Z ##[endgroup]
2026-01-07T10:34:20.4969779Z ##[group]Fetching the repository
2026-01-07T10:34:20.4976907Z [command]/usr/bin/git -c protocol.version=2 fetch --no-tags --prune --no-recurse-submodules --depth=1 origin +fb12c3744296a8301723c3edb8be287f21fae427:refs/remotes/origin/main
2026-01-07T10:34:20.7301990Z From https://github.com/xyraofficial/GenAIAgent
2026-01-07T10:34:20.7303637Z  * [new ref]         fb12c3744296a8301723c3edb8be287f21fae427 -> origin/main
2026-01-07T10:34:20.7335719Z ##[endgroup]
2026-01-07T10:34:20.7336981Z ##[group]Determining the checkout info
2026-01-07T10:34:20.7338959Z ##[endgroup]
2026-01-07T10:34:20.7343771Z [command]/usr/bin/git sparse-checkout disable
2026-01-07T10:34:20.7386454Z [command]/usr/bin/git config --local --unset-all extensions.worktreeConfig
2026-01-07T10:34:20.7415652Z ##[group]Checking out the ref
2026-01-07T10:34:20.7420976Z [command]/usr/bin/git checkout --progress --force -B main refs/remotes/origin/main
2026-01-07T10:34:20.7522585Z Switched to a new branch 'main'
2026-01-07T10:34:20.7524072Z branch 'main' set up to track 'origin/main'.
2026-01-07T10:34:20.7531910Z ##[endgroup]
2026-01-07T10:34:20.7564927Z [command]/usr/bin/git log -1 --format=%H
2026-01-07T10:34:20.7586321Z fb12c3744296a8301723c3edb8be287f21fae427
2026-01-07T10:34:20.7934034Z ##[group]Run actions/setup-java@v4
2026-01-07T10:34:20.7935098Z with:
2026-01-07T10:34:20.7935825Z   java-version: 17
2026-01-07T10:34:20.7936640Z   distribution: temurin
2026-01-07T10:34:20.7937659Z   cache: gradle
2026-01-07T10:34:20.7938454Z   java-package: jdk
2026-01-07T10:34:20.7939282Z   check-latest: false
2026-01-07T10:34:20.7940128Z   server-id: github
2026-01-07T10:34:20.7940969Z   server-username: GITHUB_ACTOR
2026-01-07T10:34:20.7942185Z   server-password: GITHUB_TOKEN
2026-01-07T10:34:20.7943179Z   overwrite-settings: true
2026-01-07T10:34:20.7944115Z   job-status: success
2026-01-07T10:34:20.7945230Z   token: ***
2026-01-07T10:34:20.7945992Z ##[endgroup]
2026-01-07T10:34:21.0001735Z ##[group]Installed distributions
2026-01-07T10:34:21.0069407Z Resolved Java 17.0.17+10 from tool-cache
2026-01-07T10:34:21.0070856Z Setting Java 17.0.17+10 as the default
2026-01-07T10:34:21.0082993Z Creating toolchains.xml for JDK version 17 from temurin
2026-01-07T10:34:21.0159172Z Writing to /home/runner/.m2/toolchains.xml
2026-01-07T10:34:21.0160286Z 
2026-01-07T10:34:21.0160933Z Java configuration:
2026-01-07T10:34:21.0162502Z   Distribution: temurin
2026-01-07T10:34:21.0164080Z   Version: 17.0.17+10
2026-01-07T10:34:21.0166480Z   Path: /opt/hostedtoolcache/Java_Temurin-Hotspot_jdk/17.0.17-10/x64
2026-01-07T10:34:21.0168717Z 
2026-01-07T10:34:21.0170172Z ##[endgroup]
2026-01-07T10:34:21.0188351Z Creating settings.xml with server-id: github
2026-01-07T10:34:21.0190472Z Writing to /home/runner/.m2/settings.xml
2026-01-07T10:34:21.2199722Z Cache hit for: setup-java-Linux-x64-gradle-0a874fa928f1b3996d454e0c984f838d02a3c6f50ba20bbeef7e799eda7b26fb
2026-01-07T10:34:22.3211168Z Received 134217728 of 412157577 (32.6%), 128.0 MBs/sec
2026-01-07T10:34:23.3229626Z Received 289406976 of 412157577 (70.2%), 137.9 MBs/sec
2026-01-07T10:34:23.9251185Z Received 412157577 of 412157577 (100.0%), 150.9 MBs/sec
2026-01-07T10:34:23.9252247Z Cache Size: ~393 MB (412157577 B)
2026-01-07T10:34:23.9293505Z [command]/usr/bin/tar -xf /home/runner/work/_temp/4cb482cd-1f2b-4855-b4a5-d31cab916ef4/cache.tzst -P -C /home/runner/work/GenAIAgent/GenAIAgent --use-compress-program unzstd
2026-01-07T10:34:25.2809044Z Cache restored successfully
2026-01-07T10:34:25.3597790Z Cache restored from key: setup-java-Linux-x64-gradle-0a874fa928f1b3996d454e0c984f838d02a3c6f50ba20bbeef7e799eda7b26fb
2026-01-07T10:34:25.3813960Z ##[group]Run chmod +x gradlew
2026-01-07T10:34:25.3814398Z [36;1mchmod +x gradlew[0m
2026-01-07T10:34:25.3853778Z shell: /usr/bin/bash -e {0}
2026-01-07T10:34:25.3854096Z env:
2026-01-07T10:34:25.3854445Z   JAVA_HOME: /opt/hostedtoolcache/Java_Temurin-Hotspot_jdk/17.0.17-10/x64
2026-01-07T10:34:25.3854975Z   JAVA_HOME_17_X64: /opt/hostedtoolcache/Java_Temurin-Hotspot_jdk/17.0.17-10/x64
2026-01-07T10:34:25.3855373Z ##[endgroup]
2026-01-07T10:34:25.3980918Z ##[group]Run ./gradlew assembleDebug --stacktrace
2026-01-07T10:34:25.3981412Z [36;1m./gradlew assembleDebug --stacktrace[0m
2026-01-07T10:34:25.4012027Z shell: /usr/bin/bash -e {0}
2026-01-07T10:34:25.4012313Z env:
2026-01-07T10:34:25.4012654Z   JAVA_HOME: /opt/hostedtoolcache/Java_Temurin-Hotspot_jdk/17.0.17-10/x64
2026-01-07T10:34:25.4013202Z   JAVA_HOME_17_X64: /opt/hostedtoolcache/Java_Temurin-Hotspot_jdk/17.0.17-10/x64
2026-01-07T10:34:25.4013874Z   SUPABASE_URL: ***
2026-01-07T10:34:25.4015139Z   SUPABASE_ANON_KEY: ***
2026-01-07T10:34:25.4016060Z   OPENAI_API_KEY: ***
2026-01-07T10:34:25.4016323Z ##[endgroup]
2026-01-07T10:34:26.1025888Z 
2026-01-07T10:34:26.1026439Z Welcome to Gradle 8.0!
2026-01-07T10:34:26.1026841Z 
2026-01-07T10:34:26.1029962Z For more details see https://docs.gradle.org/8.0/release-notes.html
2026-01-07T10:34:26.1030823Z 
2026-01-07T10:34:26.3039041Z Starting a Gradle Daemon (subsequent builds will be faster)
2026-01-07T10:34:36.7017116Z Checking the license for package Android SDK Build-Tools 30.0.3 in /usr/local/lib/android/sdk/licenses
2026-01-07T10:34:36.7021981Z License for package Android SDK Build-Tools 30.0.3 accepted.
2026-01-07T10:34:36.7033511Z Preparing "Install Android SDK Build-Tools 30.0.3 (revision: 30.0.3)".
2026-01-07T10:34:38.1012141Z "Install Android SDK Build-Tools 30.0.3 (revision: 30.0.3)" ready.
2026-01-07T10:34:38.1013286Z Installing Android SDK Build-Tools 30.0.3 in /usr/local/lib/android/sdk/build-tools/30.0.3
2026-01-07T10:34:38.1019895Z "Install Android SDK Build-Tools 30.0.3 (revision: 30.0.3)" complete.
2026-01-07T10:34:38.3011621Z "Install Android SDK Build-Tools 30.0.3 (revision: 30.0.3)" finished.
2026-01-07T10:34:38.3013189Z Checking the license for package Android SDK Platform 33 in /usr/local/lib/android/sdk/licenses
2026-01-07T10:34:38.3015718Z License for package Android SDK Platform 33 accepted.
2026-01-07T10:34:38.3016434Z Preparing "Install Android SDK Platform 33 (revision: 3)".
2026-01-07T10:34:41.1011854Z "Install Android SDK Platform 33 (revision: 3)" ready.
2026-01-07T10:34:41.1017732Z Installing Android SDK Platform 33 in /usr/local/lib/android/sdk/platforms/android-33
2026-01-07T10:34:41.1022555Z "Install Android SDK Platform 33 (revision: 3)" complete.
2026-01-07T10:34:41.1028150Z "Install Android SDK Platform 33 (revision: 3)" finished.
2026-01-07T10:34:41.4022805Z > Task :app:preBuild UP-TO-DATE
2026-01-07T10:34:41.4025149Z > Task :app:preDebugBuild UP-TO-DATE
2026-01-07T10:34:41.4026033Z > Task :app:mergeDebugNativeDebugMetadata NO-SOURCE
2026-01-07T10:34:41.5011867Z > Task :app:generateDebugBuildConfig
2026-01-07T10:34:41.9028463Z > Task :app:generateDebugResValues
2026-01-07T10:34:41.9029011Z > Task :app:checkDebugAarMetadata
2026-01-07T10:34:42.0015160Z > Task :app:mapDebugSourceSetPaths
2026-01-07T10:34:42.0062605Z > Task :app:generateDebugResources
2026-01-07T10:34:43.4011914Z > Task :app:packageDebugResources
2026-01-07T10:34:43.5041412Z > Task :app:createDebugCompatibleScreenManifests
2026-01-07T10:34:43.5042461Z > Task :app:extractDeepLinksDebug
2026-01-07T10:34:44.3026531Z > Task :app:parseDebugLocalResources
2026-01-07T10:34:44.4030446Z > Task :app:processDebugMainManifest
2026-01-07T10:34:44.5023990Z > Task :app:processDebugManifest
2026-01-07T10:34:44.6028480Z > Task :app:javaPreCompileDebug
2026-01-07T10:34:44.6040988Z > Task :app:mergeDebugShaders
2026-01-07T10:34:44.6041424Z > Task :app:mergeDebugResources
2026-01-07T10:34:44.6041857Z > Task :app:compileDebugShaders NO-SOURCE
2026-01-07T10:34:44.6042505Z > Task :app:generateDebugAssets UP-TO-DATE
2026-01-07T10:34:44.7018790Z > Task :app:mergeDebugAssets
2026-01-07T10:34:44.7019507Z > Task :app:compressDebugAssets
2026-01-07T10:34:44.7020288Z > Task :app:desugarDebugFileDependencies
2026-01-07T10:34:44.7020841Z > Task :app:processDebugJavaRes NO-SOURCE
2026-01-07T10:34:44.8020510Z > Task :app:mergeDebugJniLibFolders
2026-01-07T10:34:44.8021655Z > Task :app:checkDebugDuplicateClasses
2026-01-07T10:34:44.8026292Z > Task :app:mergeDebugNativeLibs NO-SOURCE
2026-01-07T10:34:45.0031100Z > Task :app:processDebugManifestForPackage
2026-01-07T10:34:45.2012376Z > Task :app:stripDebugDebugSymbols NO-SOURCE
2026-01-07T10:34:45.3038018Z > Task :app:mergeLibDexDebug
2026-01-07T10:34:46.8013593Z > Task :app:validateSigningDebug
2026-01-07T10:34:46.8018063Z > Task :app:writeDebugAppMetadata
2026-01-07T10:34:46.8021817Z > Task :app:processDebugResources
2026-01-07T10:34:46.8025685Z > Task :app:writeDebugSigningConfigVersions
2026-01-07T10:34:50.2031705Z > Task :app:mergeExtDexDebug
2026-01-07T10:34:57.3014546Z 
2026-01-07T10:34:57.3016024Z > Task :app:compileDebugKotlin
2026-01-07T10:34:57.3052236Z w: file:///home/runner/work/GenAIAgent/GenAIAgent/app/src/main/java/com/genai/app/MainActivity.kt:46:32 Condition 'drawerLayout != null' is always 'true'
2026-01-07T10:34:57.3079268Z w: file:///home/runner/work/GenAIAgent/GenAIAgent/app/src/main/java/com/genai/app/MainActivity.kt:91:19 'onBackPressed(): Unit' is deprecated. Overrides deprecated member in 'androidx.core.app.ComponentActivity'. Deprecated in Java
2026-01-07T10:34:58.6010792Z 
2026-01-07T10:34:58.6016600Z > Task :app:compileDebugJavaWithJavac
2026-01-07T10:34:59.5010802Z > Task :app:dexBuilderDebug
2026-01-07T10:34:59.6011812Z > Task :app:mergeDebugGlobalSynthetics
2026-01-07T10:34:59.8012855Z > Task :app:mergeProjectDexDebug
2026-01-07T10:35:00.1021564Z > Task :app:mergeDebugJavaResource
2026-01-07T10:35:00.6040562Z > Task :app:packageDebug
2026-01-07T10:35:00.6052200Z > Task :app:createDebugApkListingFileRedirect
2026-01-07T10:35:00.6071737Z > Task :app:assembleDebug
2026-01-07T10:35:00.6076868Z 
2026-01-07T10:35:00.6079245Z BUILD SUCCESSFUL in 34s
2026-01-07T10:35:00.6088288Z 33 actionable tasks: 33 executed
2026-01-07T10:35:00.9363946Z ##[group]Run keytool -list -v -keystore ~/.android/debug.keystore -alias androiddebugkey -storepass android -keypass android
2026-01-07T10:35:00.9364799Z [36;1mkeytool -list -v -keystore ~/.android/debug.keystore -alias androiddebugkey -storepass android -keypass android[0m
2026-01-07T10:35:00.9399622Z shell: /usr/bin/bash -e {0}
2026-01-07T10:35:00.9399863Z env:
2026-01-07T10:35:00.9400165Z   JAVA_HOME: /opt/hostedtoolcache/Java_Temurin-Hotspot_jdk/17.0.17-10/x64
2026-01-07T10:35:00.9400638Z   JAVA_HOME_17_X64: /opt/hostedtoolcache/Java_Temurin-Hotspot_jdk/17.0.17-10/x64
2026-01-07T10:35:00.9400987Z ##[endgroup]
2026-01-07T10:35:01.1964312Z Alias name: androiddebugkey
2026-01-07T10:35:01.2312265Z Creation date: Jan 7, 2026
2026-01-07T10:35:01.2338249Z Entry type: PrivateKeyEntry
2026-01-07T10:35:01.2339038Z Certificate chain length: 1
2026-01-07T10:35:01.2339784Z Certificate[1]:
2026-01-07T10:35:01.2473453Z Owner: C=US, O=Android, CN=Android Debug
2026-01-07T10:35:01.2477721Z Issuer: C=US, O=Android, CN=Android Debug
2026-01-07T10:35:01.2487276Z Serial number: 1
2026-01-07T10:35:01.2491577Z Valid from: Wed Jan 07 10:34:45 UTC 2026 until: Fri Dec 31 10:34:45 UTC 2055
2026-01-07T10:35:01.2504980Z Certificate fingerprints:
2026-01-07T10:35:01.2509222Z 	 SHA1: 4D:C7:8B:F5:D0:E6:6C:CC:B8:8B:45:02:E6:1F:5D:4D:BA:7F:D5:EE
2026-01-07T10:35:01.2511797Z 	 SHA256: C0:00:E8:48:92:B8:0F:70:8A:BA:82:32:E4:02:EC:F4:65:E7:8D:2C:4F:88:B0:99:1D:FB:41:63:F7:F7:FB:5E
2026-01-07T10:35:01.2515359Z Signature algorithm name: SHA256withRSA
2026-01-07T10:35:01.2518034Z Subject Public Key Algorithm: 2048-bit RSA key
2026-01-07T10:35:01.2520399Z Version: 1
2026-01-07T10:35:01.3357123Z ##[group]Run actions/upload-artifact@v4
2026-01-07T10:35:01.3357770Z with:
2026-01-07T10:35:01.3357964Z   name: app-debug
2026-01-07T10:35:01.3358199Z   path: app/build/outputs/apk/debug/app-debug.apk
2026-01-07T10:35:01.3358485Z   if-no-files-found: warn
2026-01-07T10:35:01.3358717Z   compression-level: 6
2026-01-07T10:35:01.3358921Z   overwrite: false
2026-01-07T10:35:01.3359120Z   include-hidden-files: false
2026-01-07T10:35:01.3359340Z env:
2026-01-07T10:35:01.3359615Z   JAVA_HOME: /opt/hostedtoolcache/Java_Temurin-Hotspot_jdk/17.0.17-10/x64
2026-01-07T10:35:01.3360067Z   JAVA_HOME_17_X64: /opt/hostedtoolcache/Java_Temurin-Hotspot_jdk/17.0.17-10/x64
2026-01-07T10:35:01.3360409Z ##[endgroup]
2026-01-07T10:35:01.5470763Z With the provided path, there will be 1 file uploaded
2026-01-07T10:35:01.5480862Z Artifact name is valid!
2026-01-07T10:35:01.5481409Z Root directory input is valid!
2026-01-07T10:35:01.6646411Z Beginning upload of artifact content to blob storage
2026-01-07T10:35:02.2842073Z Uploaded bytes 5178806
2026-01-07T10:35:02.3178359Z Finished uploading artifact content to blob storage!
2026-01-07T10:35:02.3181945Z SHA256 digest of uploaded artifact zip is cffd645324260784bb4b0fd9b702d15dd0939dab238f63eba8db888c2b96684a
2026-01-07T10:35:02.3183662Z Finalizing artifact upload
2026-01-07T10:35:02.4263595Z Artifact app-debug.zip successfully finalized. Artifact ID 5047988406
2026-01-07T10:35:02.4264927Z Artifact app-debug has been successfully uploaded! Final size is 5178806 bytes. Artifact ID is 5047988406
2026-01-07T10:35:02.4273052Z Artifact download URL: https://github.com/xyraofficial/GenAIAgent/actions/runs/20778552495/artifacts/5047988406
2026-01-07T10:35:02.4406109Z Post job cleanup.
2026-01-07T10:35:02.6040027Z Cache hit occurred on the primary key setup-java-Linux-x64-gradle-0a874fa928f1b3996d454e0c984f838d02a3c6f50ba20bbeef7e799eda7b26fb, not saving cache.
2026-01-07T10:35:02.6177977Z Post job cleanup.
2026-01-07T10:35:02.7120448Z [command]/usr/bin/git version
2026-01-07T10:35:02.7160584Z git version 2.52.0
2026-01-07T10:35:02.7204959Z Temporarily overriding HOME='/home/runner/work/_temp/4b4a361e-298e-4b22-b1db-4cbf11705bf6' before making global git config changes
2026-01-07T10:35:02.7206271Z Adding repository directory to the temporary git global config as a safe directory
2026-01-07T10:35:02.7219305Z [command]/usr/bin/git config --global --add safe.directory /home/runner/work/GenAIAgent/GenAIAgent
2026-01-07T10:35:02.7254492Z [command]/usr/bin/git config --local --name-only --get-regexp core\.sshCommand
2026-01-07T10:35:02.7287868Z [command]/usr/bin/git submodule foreach --recursive sh -c "git config --local --name-only --get-regexp 'core\.sshCommand' && git config --local --unset-all 'core.sshCommand' || :"
2026-01-07T10:35:02.7530492Z [command]/usr/bin/git config --local --name-only --get-regexp http\.https\:\/\/github\.com\/\.extraheader
2026-01-07T10:35:02.7553437Z http.https://github.com/.extraheader
2026-01-07T10:35:02.7565373Z [command]/usr/bin/git config --local --unset-all http.https://github.com/.extraheader
2026-01-07T10:35:02.7597953Z [command]/usr/bin/git submodule foreach --recursive sh -c "git config --local --name-only --get-regexp 'http\.https\:\/\/github\.com\/\.extraheader' && git config --local --unset-all 'http.https://github.com/.extraheader' || :"
2026-01-07T10:35:02.7822200Z [command]/usr/bin/git config --local --name-only --get-regexp ^includeIf\.gitdir:
2026-01-07T10:35:02.7852190Z [command]/usr/bin/git submodule foreach --recursive git config --local --show-origin --name-only --get-regexp remote.origin.url
2026-01-07T10:35:02.8169887Z Cleaning up orphan processes
2026-01-07T10:35:02.8465869Z Terminate orphan process: pid (2152) (java)
2026-01-07T10:35:02.8500831Z Terminate orphan process: pid (2320) (java)