2026-01-07T07:50:54.9809593Z Current runner version: '2.330.0'
2026-01-07T07:50:54.9833276Z ##[group]Runner Image Provisioner
2026-01-07T07:50:54.9834201Z Hosted Compute Agent
2026-01-07T07:50:54.9834789Z Version: 20251211.462
2026-01-07T07:50:54.9835373Z Commit: 6cbad8c2bb55d58165063d031ccabf57e2d2db61
2026-01-07T07:50:54.9836199Z Build Date: 2025-12-11T16:28:49Z
2026-01-07T07:50:54.9837173Z Worker ID: {4a339b0c-5af0-4be4-b3a4-79e9b586b7ec}
2026-01-07T07:50:54.9838286Z ##[endgroup]
2026-01-07T07:50:54.9838841Z ##[group]Operating System
2026-01-07T07:50:54.9839415Z Ubuntu
2026-01-07T07:50:54.9839965Z 24.04.3
2026-01-07T07:50:54.9840492Z LTS
2026-01-07T07:50:54.9840937Z ##[endgroup]
2026-01-07T07:50:54.9841490Z ##[group]Runner Image
2026-01-07T07:50:54.9842067Z Image: ubuntu-24.04
2026-01-07T07:50:54.9842655Z Version: 20251215.174.1
2026-01-07T07:50:54.9843743Z Included Software: https://github.com/actions/runner-images/blob/ubuntu24/20251215.174/images/ubuntu/Ubuntu2404-Readme.md
2026-01-07T07:50:54.9845270Z Image Release: https://github.com/actions/runner-images/releases/tag/ubuntu24%2F20251215.174
2026-01-07T07:50:54.9846397Z ##[endgroup]
2026-01-07T07:50:54.9847923Z ##[group]GITHUB_TOKEN Permissions
2026-01-07T07:50:54.9850100Z Contents: read
2026-01-07T07:50:54.9850686Z Metadata: read
2026-01-07T07:50:54.9851186Z Packages: read
2026-01-07T07:50:54.9851789Z ##[endgroup]
2026-01-07T07:50:54.9853764Z Secret source: Actions
2026-01-07T07:50:54.9854532Z Prepare workflow directory
2026-01-07T07:50:55.0177064Z Prepare all required actions
2026-01-07T07:50:55.0215435Z Getting action download info
2026-01-07T07:50:55.3572388Z Download action repository 'actions/checkout@v4' (SHA:34e114876b0b11c390a56381ad16ebd13914f8d5)
2026-01-07T07:50:55.4624832Z Download action repository 'actions/setup-java@v4' (SHA:c1e323688fd81a25caa38c78aa6df2d33d3e20d9)
2026-01-07T07:50:56.3011489Z Download action repository 'actions/upload-artifact@v4' (SHA:ea165f8d65b6e75b540449e92b4886f43607fa02)
2026-01-07T07:50:56.5169511Z Complete job name: build
2026-01-07T07:50:56.5874255Z ##[group]Run actions/checkout@v4
2026-01-07T07:50:56.5875161Z with:
2026-01-07T07:50:56.5875587Z   repository: xyraofficial/GenAIAgent
2026-01-07T07:50:56.5876269Z   token: ***
2026-01-07T07:50:56.5876968Z   ssh-strict: true
2026-01-07T07:50:56.5877409Z   ssh-user: git
2026-01-07T07:50:56.5877833Z   persist-credentials: true
2026-01-07T07:50:56.5878294Z   clean: true
2026-01-07T07:50:56.5878717Z   sparse-checkout-cone-mode: true
2026-01-07T07:50:56.5879203Z   fetch-depth: 1
2026-01-07T07:50:56.5879615Z   fetch-tags: false
2026-01-07T07:50:56.5880025Z   show-progress: true
2026-01-07T07:50:56.5880446Z   lfs: false
2026-01-07T07:50:56.5880840Z   submodules: false
2026-01-07T07:50:56.5881256Z   set-safe-directory: true
2026-01-07T07:50:56.5882300Z ##[endgroup]
2026-01-07T07:50:56.6976511Z Syncing repository: xyraofficial/GenAIAgent
2026-01-07T07:50:56.6979519Z ##[group]Getting Git version info
2026-01-07T07:50:56.6980868Z Working directory is '/home/runner/work/GenAIAgent/GenAIAgent'
2026-01-07T07:50:56.6982707Z [command]/usr/bin/git version
2026-01-07T07:50:56.7044458Z git version 2.52.0
2026-01-07T07:50:56.7071408Z ##[endgroup]
2026-01-07T07:50:56.7086516Z Temporarily overriding HOME='/home/runner/work/_temp/d898ead9-f6b5-497c-aad6-2b4b106f9b98' before making global git config changes
2026-01-07T07:50:56.7089209Z Adding repository directory to the temporary git global config as a safe directory
2026-01-07T07:50:56.7100251Z [command]/usr/bin/git config --global --add safe.directory /home/runner/work/GenAIAgent/GenAIAgent
2026-01-07T07:50:56.7137901Z Deleting the contents of '/home/runner/work/GenAIAgent/GenAIAgent'
2026-01-07T07:50:56.7141848Z ##[group]Initializing the repository
2026-01-07T07:50:56.7146345Z [command]/usr/bin/git init /home/runner/work/GenAIAgent/GenAIAgent
2026-01-07T07:50:56.7266215Z hint: Using 'master' as the name for the initial branch. This default branch name
2026-01-07T07:50:56.7267844Z hint: will change to "main" in Git 3.0. To configure the initial branch name
2026-01-07T07:50:56.7269169Z hint: to use in all of your new repositories, which will suppress this warning,
2026-01-07T07:50:56.7269870Z hint: call:
2026-01-07T07:50:56.7270539Z hint:
2026-01-07T07:50:56.7271467Z hint: 	git config --global init.defaultBranch <name>
2026-01-07T07:50:56.7272221Z hint:
2026-01-07T07:50:56.7273031Z hint: Names commonly chosen instead of 'master' are 'main', 'trunk' and
2026-01-07T07:50:56.7274728Z hint: 'development'. The just-created branch can be renamed via this command:
2026-01-07T07:50:56.7276063Z hint:
2026-01-07T07:50:56.7277026Z hint: 	git branch -m <name>
2026-01-07T07:50:56.7277924Z hint:
2026-01-07T07:50:56.7279058Z hint: Disable this message with "git config set advice.defaultBranchName false"
2026-01-07T07:50:56.7280864Z Initialized empty Git repository in /home/runner/work/GenAIAgent/GenAIAgent/.git/
2026-01-07T07:50:56.7285373Z [command]/usr/bin/git remote add origin https://github.com/xyraofficial/GenAIAgent
2026-01-07T07:50:56.7318908Z ##[endgroup]
2026-01-07T07:50:56.7320168Z ##[group]Disabling automatic garbage collection
2026-01-07T07:50:56.7323282Z [command]/usr/bin/git config --local gc.auto 0
2026-01-07T07:50:56.7352624Z ##[endgroup]
2026-01-07T07:50:56.7353898Z ##[group]Setting up auth
2026-01-07T07:50:56.7360192Z [command]/usr/bin/git config --local --name-only --get-regexp core\.sshCommand
2026-01-07T07:50:56.7390251Z [command]/usr/bin/git submodule foreach --recursive sh -c "git config --local --name-only --get-regexp 'core\.sshCommand' && git config --local --unset-all 'core.sshCommand' || :"
2026-01-07T07:50:56.7727172Z [command]/usr/bin/git config --local --name-only --get-regexp http\.https\:\/\/github\.com\/\.extraheader
2026-01-07T07:50:56.7756309Z [command]/usr/bin/git submodule foreach --recursive sh -c "git config --local --name-only --get-regexp 'http\.https\:\/\/github\.com\/\.extraheader' && git config --local --unset-all 'http.https://github.com/.extraheader' || :"
2026-01-07T07:50:56.7970885Z [command]/usr/bin/git config --local --name-only --get-regexp ^includeIf\.gitdir:
2026-01-07T07:50:56.8000793Z [command]/usr/bin/git submodule foreach --recursive git config --local --show-origin --name-only --get-regexp remote.origin.url
2026-01-07T07:50:56.8227373Z [command]/usr/bin/git config --local http.https://github.com/.extraheader AUTHORIZATION: basic ***
2026-01-07T07:50:56.8260496Z ##[endgroup]
2026-01-07T07:50:56.8261227Z ##[group]Fetching the repository
2026-01-07T07:50:56.8269499Z [command]/usr/bin/git -c protocol.version=2 fetch --no-tags --prune --no-recurse-submodules --depth=1 origin +d5137d1c9b8190a5afa84c36781e499c987d3ab8:refs/remotes/origin/main
2026-01-07T07:50:57.3243336Z From https://github.com/xyraofficial/GenAIAgent
2026-01-07T07:50:57.3244865Z  * [new ref]         d5137d1c9b8190a5afa84c36781e499c987d3ab8 -> origin/main
2026-01-07T07:50:57.3278069Z ##[endgroup]
2026-01-07T07:50:57.3280149Z ##[group]Determining the checkout info
2026-01-07T07:50:57.3282412Z ##[endgroup]
2026-01-07T07:50:57.3286139Z [command]/usr/bin/git sparse-checkout disable
2026-01-07T07:50:57.3326339Z [command]/usr/bin/git config --local --unset-all extensions.worktreeConfig
2026-01-07T07:50:57.3353163Z ##[group]Checking out the ref
2026-01-07T07:50:57.3357149Z [command]/usr/bin/git checkout --progress --force -B main refs/remotes/origin/main
2026-01-07T07:50:57.3556504Z Switched to a new branch 'main'
2026-01-07T07:50:57.3559581Z branch 'main' set up to track 'origin/main'.
2026-01-07T07:50:57.3568771Z ##[endgroup]
2026-01-07T07:50:57.3600926Z [command]/usr/bin/git log -1 --format=%H
2026-01-07T07:50:57.3622474Z d5137d1c9b8190a5afa84c36781e499c987d3ab8
2026-01-07T07:50:57.3973021Z ##[group]Run actions/setup-java@v4
2026-01-07T07:50:57.3974139Z with:
2026-01-07T07:50:57.3974916Z   java-version: 17
2026-01-07T07:50:57.3975818Z   distribution: temurin
2026-01-07T07:50:57.3976894Z   cache: gradle
2026-01-07T07:50:57.3977766Z   java-package: jdk
2026-01-07T07:50:57.3978669Z   check-latest: false
2026-01-07T07:50:57.3979586Z   server-id: github
2026-01-07T07:50:57.3980517Z   server-username: GITHUB_ACTOR
2026-01-07T07:50:57.3981919Z   server-password: GITHUB_TOKEN
2026-01-07T07:50:57.3982996Z   overwrite-settings: true
2026-01-07T07:50:57.3983989Z   job-status: success
2026-01-07T07:50:57.3985150Z   token: ***
2026-01-07T07:50:57.3985945Z ##[endgroup]
2026-01-07T07:50:57.5951480Z ##[group]Installed distributions
2026-01-07T07:50:57.6284667Z Resolved Java 17.0.17+10 from tool-cache
2026-01-07T07:50:57.6286993Z Setting Java 17.0.17+10 as the default
2026-01-07T07:50:57.6299744Z Creating toolchains.xml for JDK version 17 from temurin
2026-01-07T07:50:57.6376120Z Writing to /home/runner/.m2/toolchains.xml
2026-01-07T07:50:57.6377897Z 
2026-01-07T07:50:57.6378486Z Java configuration:
2026-01-07T07:50:57.6379847Z   Distribution: temurin
2026-01-07T07:50:57.6381192Z   Version: 17.0.17+10
2026-01-07T07:50:57.6382852Z   Path: /opt/hostedtoolcache/Java_Temurin-Hotspot_jdk/17.0.17-10/x64
2026-01-07T07:50:57.6384459Z 
2026-01-07T07:50:57.6385862Z ##[endgroup]
2026-01-07T07:50:57.6400043Z Creating settings.xml with server-id: github
2026-01-07T07:50:57.6402057Z Writing to /home/runner/.m2/settings.xml
2026-01-07T07:50:57.8674857Z gradle cache is not found
2026-01-07T07:50:57.8772681Z ##[group]Run chmod +x gradlew
2026-01-07T07:50:57.8773764Z [36;1mchmod +x gradlew[0m
2026-01-07T07:50:57.8815704Z shell: /usr/bin/bash -e {0}
2026-01-07T07:50:57.8816884Z env:
2026-01-07T07:50:57.8818042Z   JAVA_HOME: /opt/hostedtoolcache/Java_Temurin-Hotspot_jdk/17.0.17-10/x64
2026-01-07T07:50:57.8819979Z   JAVA_HOME_17_X64: /opt/hostedtoolcache/Java_Temurin-Hotspot_jdk/17.0.17-10/x64
2026-01-07T07:50:57.8821456Z ##[endgroup]
2026-01-07T07:50:57.8982341Z ##[group]Run ./gradlew build
2026-01-07T07:50:57.8983347Z [36;1m./gradlew build[0m
2026-01-07T07:50:57.9015959Z shell: /usr/bin/bash -e {0}
2026-01-07T07:50:57.9017046Z env:
2026-01-07T07:50:57.9018191Z   JAVA_HOME: /opt/hostedtoolcache/Java_Temurin-Hotspot_jdk/17.0.17-10/x64
2026-01-07T07:50:57.9020112Z   JAVA_HOME_17_X64: /opt/hostedtoolcache/Java_Temurin-Hotspot_jdk/17.0.17-10/x64
2026-01-07T07:50:57.9022000Z   SUPABASE_URL: ***
2026-01-07T07:50:57.9026864Z   SUPABASE_ANON_KEY: ***
2026-01-07T07:50:57.9030307Z   OPENAI_API_KEY: ***
2026-01-07T07:50:57.9031137Z ##[endgroup]
2026-01-07T07:50:59.7187500Z Downloading https://services.gradle.org/distributions/gradle-8.0-bin.zip
2026-01-07T07:51:02.7120972Z ...........10%............20%............30%............40%............50%............60%...........70%............80%............90%............100%
2026-01-07T07:51:03.8764994Z 
2026-01-07T07:51:03.8766511Z Welcome to Gradle 8.0!
2026-01-07T07:51:03.8767095Z 
2026-01-07T07:51:03.8769163Z For more details see https://docs.gradle.org/8.0/release-notes.html
2026-01-07T07:51:03.8769760Z 
2026-01-07T07:51:04.0709185Z Starting a Gradle Daemon (subsequent builds will be faster)
2026-01-07T07:52:17.6718113Z Checking the license for package Android SDK Build-Tools 30.0.3 in /usr/local/lib/android/sdk/licenses
2026-01-07T07:52:17.6724901Z License for package Android SDK Build-Tools 30.0.3 accepted.
2026-01-07T07:52:17.6725730Z Preparing "Install Android SDK Build-Tools 30.0.3 (revision: 30.0.3)".
2026-01-07T07:52:19.1706353Z "Install Android SDK Build-Tools 30.0.3 (revision: 30.0.3)" ready.
2026-01-07T07:52:19.1708114Z Installing Android SDK Build-Tools 30.0.3 in /usr/local/lib/android/sdk/build-tools/30.0.3
2026-01-07T07:52:19.1708868Z "Install Android SDK Build-Tools 30.0.3 (revision: 30.0.3)" complete.
2026-01-07T07:52:19.4705726Z "Install Android SDK Build-Tools 30.0.3 (revision: 30.0.3)" finished.
2026-01-07T07:52:19.4707136Z Checking the license for package Android SDK Platform 33 in /usr/local/lib/android/sdk/licenses
2026-01-07T07:52:19.4708251Z License for package Android SDK Platform 33 accepted.
2026-01-07T07:52:19.4709040Z Preparing "Install Android SDK Platform 33 (revision: 3)".
2026-01-07T07:52:22.2712976Z "Install Android SDK Platform 33 (revision: 3)" ready.
2026-01-07T07:52:22.2717075Z Installing Android SDK Platform 33 in /usr/local/lib/android/sdk/platforms/android-33
2026-01-07T07:52:22.2720578Z "Install Android SDK Platform 33 (revision: 3)" complete.
2026-01-07T07:52:22.2721245Z "Install Android SDK Platform 33 (revision: 3)" finished.
2026-01-07T07:52:23.0741499Z > Task :app:preBuild UP-TO-DATE
2026-01-07T07:52:23.0743514Z > Task :app:preDebugBuild UP-TO-DATE
2026-01-07T07:52:23.0752304Z > Task :app:mergeDebugNativeDebugMetadata NO-SOURCE
2026-01-07T07:52:23.1706997Z > Task :app:generateDebugBuildConfig
2026-01-07T07:52:45.4718487Z 
2026-01-07T07:52:45.4718963Z FAILURE: Build failed with an exception.
2026-01-07T07:52:45.4719373Z 
2026-01-07T07:52:45.4719650Z * What went wrong:
2026-01-07T07:52:45.4720205Z Execution failed for task ':app:checkDebugAarMetadata'.
2026-01-07T07:52:45.4721524Z > Configuration `:app:debugRuntimeClasspath` contains AndroidX dependencies, but the `android.useAndroidX` property is not enabled, which may cause runtime issues.
2026-01-07T07:52:45.4722899Z   Set `android.useAndroidX=true` in the `gradle.properties` file and retry.
2026-01-07T07:52:45.4723628Z   The following AndroidX dependencies are detected:
2026-01-07T07:52:45.4724320Z   :app:debugRuntimeClasspath -> androidx.appcompat:appcompat:1.6.1
2026-01-07T07:52:45.4725369Z   :app:debugRuntimeClasspath -> androidx.appcompat:appcompat:1.6.1 -> androidx.activity:activity:1.6.0
2026-01-07T07:52:45.4726844Z   :app:debugRuntimeClasspath -> com.google.android.material:material:1.9.0 -> androidx.annotation:annotation:1.3.0
2026-01-07T07:52:45.4728813Z   :app:debugRuntimeClasspath -> androidx.appcompat:appcompat:1.6.1 -> androidx.appcompat:appcompat-resources:1.6.1 -> androidx.collection:collection:1.1.0
2026-01-07T07:52:45.4729982Z > Task :app:checkDebugAarMetadata FAILED
2026-01-07T07:52:45.4730847Z   :app:debugRuntimeClasspath -> com.google.android.material:material:1.9.0 -> androidx.core:core:1.9.0
2026-01-07T07:52:45.4732147Z   :app:debugRuntimeClasspath -> com.google.android.material:material:1.9.0 -> androidx.annotation:annotation-experimental:1.3.0
2026-01-07T07:52:45.4733678Z   :app:debugRuntimeClasspath -> com.google.android.material:material:1.9.0 -> androidx.core:core:1.9.0 -> androidx.concurrent:concurrent-futures:1.0.0
2026-01-07T07:52:45.4735808Z   :app:debugRuntimeClasspath -> com.google.android.material:material:1.9.0 -> androidx.lifecycle:lifecycle-runtime:2.5.1
2026-01-07T07:52:45.4738577Z   :app:debugRuntimeClasspath -> androidx.appcompat:appcompat:1.6.1 -> androidx.savedstate:savedstate:1.2.0 -> androidx.arch.core:core-common:2.1.0
2026-01-07T07:52:45.4740844Z   :app:debugRuntimeClasspath -> com.google.android.material:material:1.9.0 -> androidx.lifecycle:lifecycle-runtime:2.5.1 -> androidx.arch.core:core-runtime:2.1.0
2026-01-07T07:52:45.4743049Z   :app:debugRuntimeClasspath -> androidx.appcompat:appcompat:1.6.1 -> androidx.savedstate:savedstate:1.2.0 -> androidx.lifecycle:lifecycle-common:2.5.1
2026-01-07T07:52:45.4745196Z   :app:debugRuntimeClasspath -> com.google.android.material:material:1.9.0 -> androidx.core:core:1.9.0 -> androidx.versionedparcelable:versionedparcelable:1.1.1
2026-01-07T07:52:45.4747220Z   :app:debugRuntimeClasspath -> androidx.appcompat:appcompat:1.6.1 -> androidx.core:core-ktx:1.9.0
2026-01-07T07:52:45.4748171Z 2 actionable tasks: 2 executed
2026-01-07T07:52:45.4749549Z   :app:debugRuntimeClasspath -> androidx.appcompat:appcompat:1.6.1 -> androidx.lifecycle:lifecycle-viewmodel:2.5.1
2026-01-07T07:52:45.4751774Z   :app:debugRuntimeClasspath -> com.google.android.material:material:1.9.0 -> androidx.fragment:fragment:1.3.6 -> androidx.lifecycle:lifecycle-viewmodel-savedstate:2.5.1
2026-01-07T07:52:45.4754303Z   :app:debugRuntimeClasspath -> com.google.android.material:material:1.9.0 -> androidx.fragment:fragment:1.3.6 -> androidx.lifecycle:lifecycle-livedata-core:2.5.1
2026-01-07T07:52:45.4756200Z   :app:debugRuntimeClasspath -> androidx.appcompat:appcompat:1.6.1 -> androidx.savedstate:savedstate:1.2.0
2026-01-07T07:52:45.4757862Z   :app:debugRuntimeClasspath -> androidx.appcompat:appcompat:1.6.1 -> androidx.activity:activity:1.6.0 -> androidx.tracing:tracing:1.0.0
2026-01-07T07:52:45.4759603Z   :app:debugRuntimeClasspath -> androidx.appcompat:appcompat:1.6.1 -> androidx.appcompat:appcompat-resources:1.6.1
2026-01-07T07:52:45.4760994Z   :app:debugRuntimeClasspath -> com.google.android.material:material:1.9.0 -> androidx.vectordrawable:vectordrawable:1.1.0
2026-01-07T07:52:45.4762718Z   :app:debugRuntimeClasspath -> androidx.appcompat:appcompat:1.6.1 -> androidx.appcompat:appcompat-resources:1.6.1 -> androidx.vectordrawable:vectordrawable-animated:1.1.0
2026-01-07T07:52:45.4765059Z   :app:debugRuntimeClasspath -> androidx.appcompat:appcompat:1.6.1 -> androidx.appcompat:appcompat-resources:1.6.1 -> androidx.vectordrawable:vectordrawable-animated:1.1.0 -> androidx.interpolator:interpolator:1.0.0
2026-01-07T07:52:45.4767293Z   :app:debugRuntimeClasspath -> androidx.appcompat:appcompat:1.6.1 -> androidx.cursoradapter:cursoradapter:1.0.0
2026-01-07T07:52:45.4768750Z   :app:debugRuntimeClasspath -> com.google.android.material:material:1.9.0 -> androidx.drawerlayout:drawerlayout:1.1.1
2026-01-07T07:52:45.4770426Z   :app:debugRuntimeClasspath -> com.google.android.material:material:1.9.0 -> androidx.drawerlayout:drawerlayout:1.1.1 -> androidx.customview:customview:1.1.0
2026-01-07T07:52:45.4771971Z   :app:debugRuntimeClasspath -> androidx.appcompat:appcompat:1.6.1 -> androidx.emoji2:emoji2:1.2.0
2026-01-07T07:52:45.4773418Z   :app:debugRuntimeClasspath -> androidx.appcompat:appcompat:1.6.1 -> androidx.emoji2:emoji2:1.2.0 -> androidx.lifecycle:lifecycle-process:2.4.1
2026-01-07T07:52:45.4775393Z   :app:debugRuntimeClasspath -> androidx.appcompat:appcompat:1.6.1 -> androidx.emoji2:emoji2:1.2.0 -> androidx.startup:startup-runtime:1.1.1
2026-01-07T07:52:45.4777136Z   :app:debugRuntimeClasspath -> androidx.appcompat:appcompat:1.6.1 -> androidx.emoji2:emoji2-views-helper:1.2.0
2026-01-07T07:52:45.4778508Z   :app:debugRuntimeClasspath -> com.google.android.material:material:1.9.0 -> androidx.fragment:fragment:1.3.6
2026-01-07T07:52:45.4780057Z   :app:debugRuntimeClasspath -> com.google.android.material:material:1.9.0 -> androidx.fragment:fragment:1.3.6 -> androidx.viewpager:viewpager:1.0.0
2026-01-07T07:52:45.4781763Z   :app:debugRuntimeClasspath -> com.google.android.material:material:1.9.0 -> androidx.fragment:fragment:1.3.6 -> androidx.loader:loader:1.0.0
2026-01-07T07:52:45.4783644Z   :app:debugRuntimeClasspath -> com.google.android.material:material:1.9.0 -> androidx.fragment:fragment:1.3.6 -> androidx.loader:loader:1.0.0 -> androidx.lifecycle:lifecycle-livedata:2.0.0
2026-01-07T07:52:45.4785544Z   :app:debugRuntimeClasspath -> androidx.appcompat:appcompat:1.6.1 -> androidx.resourceinspection:resourceinspection-annotation:1.0.1
2026-01-07T07:52:45.4787017Z   :app:debugRuntimeClasspath -> com.google.android.material:material:1.9.0
2026-01-07T07:52:45.4788112Z   :app:debugRuntimeClasspath -> com.google.android.material:material:1.9.0 -> androidx.cardview:cardview:1.0.0
2026-01-07T07:52:45.4789445Z   :app:debugRuntimeClasspath -> com.google.android.material:material:1.9.0 -> androidx.coordinatorlayout:coordinatorlayout:1.1.0
2026-01-07T07:52:45.4790873Z   :app:debugRuntimeClasspath -> com.google.android.material:material:1.9.0 -> androidx.constraintlayout:constraintlayout:2.0.1
2026-01-07T07:52:45.4792632Z   :app:debugRuntimeClasspath -> com.google.android.material:material:1.9.0 -> androidx.constraintlayout:constraintlayout:2.0.1 -> androidx.constraintlayout:constraintlayout-solver:2.0.1
2026-01-07T07:52:45.4794433Z   :app:debugRuntimeClasspath -> com.google.android.material:material:1.9.0 -> androidx.dynamicanimation:dynamicanimation:1.0.0
2026-01-07T07:52:45.4796181Z   :app:debugRuntimeClasspath -> com.google.android.material:material:1.9.0 -> androidx.dynamicanimation:dynamicanimation:1.0.0 -> androidx.legacy:legacy-support-core-utils:1.0.0
2026-01-07T07:52:45.4798642Z   :app:debugRuntimeClasspath -> com.google.android.material:material:1.9.0 -> androidx.dynamicanimation:dynamicanimation:1.0.0 -> androidx.legacy:legacy-support-core-utils:1.0.0 -> androidx.documentfile:documentfile:1.0.0
2026-01-07T07:52:45.4801475Z   :app:debugRuntimeClasspath -> com.google.android.material:material:1.9.0 -> androidx.dynamicanimation:dynamicanimation:1.0.0 -> androidx.legacy:legacy-support-core-utils:1.0.0 -> androidx.localbroadcastmanager:localbroadcastmanager:1.0.0
2026-01-07T07:52:45.4804055Z   :app:debugRuntimeClasspath -> com.google.android.material:material:1.9.0 -> androidx.dynamicanimation:dynamicanimation:1.0.0 -> androidx.legacy:legacy-support-core-utils:1.0.0 -> androidx.print:print:1.0.0
2026-01-07T07:52:45.4805945Z   :app:debugRuntimeClasspath -> com.google.android.material:material:1.9.0 -> androidx.recyclerview:recyclerview:1.1.0
2026-01-07T07:52:45.4807507Z   :app:debugRuntimeClasspath -> com.google.android.material:material:1.9.0 -> androidx.transition:transition:1.2.0
2026-01-07T07:52:45.4808821Z   :app:debugRuntimeClasspath -> com.google.android.material:material:1.9.0 -> androidx.viewpager2:viewpager2:1.0.0
2026-01-07T07:52:45.4809563Z 
2026-01-07T07:52:45.4809684Z * Try:
2026-01-07T07:52:45.4810093Z > Run with --stacktrace option to get the stack trace.
2026-01-07T07:52:45.4810706Z > Run with --info or --debug option to get more log output.
2026-01-07T07:52:45.4811230Z > Run with --scan to get full insights.
2026-01-07T07:52:45.4811539Z 
2026-01-07T07:52:45.4811746Z * Get more help at https://help.gradle.org
2026-01-07T07:52:45.4812089Z 
2026-01-07T07:52:45.4812221Z BUILD FAILED in 1m 46s
2026-01-07T07:52:45.8751341Z ##[error]Process completed with exit code 1.
2026-01-07T07:52:45.8863403Z Post job cleanup.
2026-01-07T07:52:46.0643689Z Post job cleanup.
2026-01-07T07:52:46.1676533Z [command]/usr/bin/git version
2026-01-07T07:52:46.1717476Z git version 2.52.0
2026-01-07T07:52:46.1763237Z Temporarily overriding HOME='/home/runner/work/_temp/ad80cfa3-2ce7-4f08-a370-2182cbf8e5ce' before making global git config changes
2026-01-07T07:52:46.1764772Z Adding repository directory to the temporary git global config as a safe directory
2026-01-07T07:52:46.1777691Z [command]/usr/bin/git config --global --add safe.directory /home/runner/work/GenAIAgent/GenAIAgent
2026-01-07T07:52:46.1814454Z [command]/usr/bin/git config --local --name-only --get-regexp core\.sshCommand
2026-01-07T07:52:46.1851054Z [command]/usr/bin/git submodule foreach --recursive sh -c "git config --local --name-only --get-regexp 'core\.sshCommand' && git config --local --unset-all 'core.sshCommand' || :"
2026-01-07T07:52:46.2101170Z [command]/usr/bin/git config --local --name-only --get-regexp http\.https\:\/\/github\.com\/\.extraheader
2026-01-07T07:52:46.2124540Z http.https://github.com/.extraheader
2026-01-07T07:52:46.2138035Z [command]/usr/bin/git config --local --unset-all http.https://github.com/.extraheader
2026-01-07T07:52:46.2171036Z [command]/usr/bin/git submodule foreach --recursive sh -c "git config --local --name-only --get-regexp 'http\.https\:\/\/github\.com\/\.extraheader' && git config --local --unset-all 'http.https://github.com/.extraheader' || :"
2026-01-07T07:52:46.2416607Z [command]/usr/bin/git config --local --name-only --get-regexp ^includeIf\.gitdir:
2026-01-07T07:52:46.2450089Z [command]/usr/bin/git submodule foreach --recursive git config --local --show-origin --name-only --get-regexp remote.origin.url
2026-01-07T07:52:46.2822638Z Cleaning up orphan processes
2026-01-07T07:52:46.3133837Z Terminate orphan process: pid (2161) (java)